Archive member included to satisfy reference by file (symbol)

C:/Program Files (x86)/Arm GNU Toolchain arm-none-eabi/14.2 rel1/bin/../lib/gcc/arm-none-eabi/14.2.1/thumb/v7e-m+fp/hard\libstdc++_nano.a(class_type_info.o)
                              build/pid.o (vtable for __cxxabiv1::__class_type_info)
C:/Program Files (x86)/Arm GNU Toolchain arm-none-eabi/14.2 rel1/bin/../lib/gcc/arm-none-eabi/14.2.1/thumb/v7e-m+fp/hard\libstdc++_nano.a(del_ops.o)
                              C:/Program Files (x86)/Arm GNU Toolchain arm-none-eabi/14.2 rel1/bin/../lib/gcc/arm-none-eabi/14.2.1/thumb/v7e-m+fp/hard\libstdc++_nano.a(class_type_info.o) (operator delete(void*, unsigned int))
C:/Program Files (x86)/Arm GNU Toolchain arm-none-eabi/14.2 rel1/bin/../lib/gcc/arm-none-eabi/14.2.1/thumb/v7e-m+fp/hard\libstdc++_nano.a(si_class_type_info.o)
                              build/oled_interface_ll.o (vtable for __cxxabiv1::__si_class_type_info)
C:/Program Files (x86)/Arm GNU Toolchain arm-none-eabi/14.2 rel1/bin/../lib/gcc/arm-none-eabi/14.2.1/thumb/v7e-m+fp/hard\libstdc++_nano.a(tinfo.o)
                              C:/Program Files (x86)/Arm GNU Toolchain arm-none-eabi/14.2 rel1/bin/../lib/gcc/arm-none-eabi/14.2.1/thumb/v7e-m+fp/hard\libstdc++_nano.a(class_type_info.o) (std::type_info::~type_info())
C:/Program Files (x86)/Arm GNU Toolchain arm-none-eabi/14.2 rel1/bin/../lib/gcc/arm-none-eabi/14.2.1/thumb/v7e-m+fp/hard\libstdc++_nano.a(vmi_class_type_info.o)
                              build/pid.o (vtable for __cxxabiv1::__vmi_class_type_info)
C:/Program Files (x86)/Arm GNU Toolchain arm-none-eabi/14.2 rel1/bin/../lib/gcc/arm-none-eabi/14.2.1/thumb/v7e-m+fp/hard\libstdc++_nano.a(del_op.o)
                              C:/Program Files (x86)/Arm GNU Toolchain arm-none-eabi/14.2 rel1/bin/../lib/gcc/arm-none-eabi/14.2.1/thumb/v7e-m+fp/hard\libstdc++_nano.a(del_ops.o) (operator delete(void*))
C:/Program Files (x86)/Arm GNU Toolchain arm-none-eabi/14.2 rel1/bin/../lib/gcc/arm-none-eabi/14.2.1/thumb/v7e-m+fp/hard\libgcc.a(_aeabi_uldivmod.o)
                              build/stm32g4xx_ll_lpuart.o (__aeabi_uldivmod)
C:/Program Files (x86)/Arm GNU Toolchain arm-none-eabi/14.2 rel1/bin/../lib/gcc/arm-none-eabi/14.2.1/thumb/v7e-m+fp/hard\libgcc.a(_udivmoddi4.o)
                              C:/Program Files (x86)/Arm GNU Toolchain arm-none-eabi/14.2 rel1/bin/../lib/gcc/arm-none-eabi/14.2.1/thumb/v7e-m+fp/hard\libgcc.a(_aeabi_uldivmod.o) (__udivmoddi4)
C:/Program Files (x86)/Arm GNU Toolchain arm-none-eabi/14.2 rel1/bin/../lib/gcc/arm-none-eabi/14.2.1/thumb/v7e-m+fp/hard\libgcc.a(unwind-arm.o)
                              build/stm32g4xx_ll_lptim.o (__aeabi_unwind_cpp_pr0)
C:/Program Files (x86)/Arm GNU Toolchain arm-none-eabi/14.2 rel1/bin/../lib/gcc/arm-none-eabi/14.2.1/thumb/v7e-m+fp/hard\libgcc.a(libunwind.o)
                              C:/Program Files (x86)/Arm GNU Toolchain arm-none-eabi/14.2 rel1/bin/../lib/gcc/arm-none-eabi/14.2.1/thumb/v7e-m+fp/hard\libgcc.a(unwind-arm.o) (restore_core_regs)
C:/Program Files (x86)/Arm GNU Toolchain arm-none-eabi/14.2 rel1/bin/../lib/gcc/arm-none-eabi/14.2.1/thumb/v7e-m+fp/hard\libgcc.a(pr-support.o)
                              C:/Program Files (x86)/Arm GNU Toolchain arm-none-eabi/14.2 rel1/bin/../lib/gcc/arm-none-eabi/14.2.1/thumb/v7e-m+fp/hard\libgcc.a(unwind-arm.o) (__gnu_unwind_execute)
C:/Program Files (x86)/Arm GNU Toolchain arm-none-eabi/14.2 rel1/bin/../lib/gcc/arm-none-eabi/14.2.1/thumb/v7e-m+fp/hard\libgcc.a(_dvmd_tls.o)
                              C:/Program Files (x86)/Arm GNU Toolchain arm-none-eabi/14.2 rel1/bin/../lib/gcc/arm-none-eabi/14.2.1/thumb/v7e-m+fp/hard\libgcc.a(_aeabi_uldivmod.o) (__aeabi_ldiv0)
C:/Program Files (x86)/Arm GNU Toolchain arm-none-eabi/14.2 rel1/bin/../lib/gcc/arm-none-eabi/14.2.1/thumb/v7e-m+fp/hard\libg_nano.a(libc_a-abort.o)
                              C:/Program Files (x86)/Arm GNU Toolchain arm-none-eabi/14.2 rel1/bin/../lib/gcc/arm-none-eabi/14.2.1/thumb/v7e-m+fp/hard\libgcc.a(unwind-arm.o) (abort)
C:/Program Files (x86)/Arm GNU Toolchain arm-none-eabi/14.2 rel1/bin/../lib/gcc/arm-none-eabi/14.2.1/thumb/v7e-m+fp/hard\libg_nano.a(libc_a-exit.o)
                              C:/Program Files (x86)/Arm GNU Toolchain arm-none-eabi/14.2 rel1/bin/../lib/gcc/arm-none-eabi/14.2.1/thumb/v7e-m+fp/hard/crt0.o (exit)
C:/Program Files (x86)/Arm GNU Toolchain arm-none-eabi/14.2 rel1/bin/../lib/gcc/arm-none-eabi/14.2.1/thumb/v7e-m+fp/hard\libg_nano.a(libc_a-malloc.o)
                              C:/Program Files (x86)/Arm GNU Toolchain arm-none-eabi/14.2 rel1/bin/../lib/gcc/arm-none-eabi/14.2.1/thumb/v7e-m+fp/hard\libstdc++_nano.a(del_op.o) (free)
C:/Program Files (x86)/Arm GNU Toolchain arm-none-eabi/14.2 rel1/bin/../lib/gcc/arm-none-eabi/14.2.1/thumb/v7e-m+fp/hard\libg_nano.a(libc_a-mallocr.o)
[...]
Memory Configuration

Name             Origin             Length             Attributes
CCMSRAM          0x10000000         0x00002800         xrw
RAM              0x20000000         0x00005800         xrw
ROM              0x08000000         0x00020000         xr
*default*        0x00000000         0xffffffff

Linker script and memory map

LOAD C:/Program Files (x86)/Arm GNU Toolchain arm-none-eabi/14.2 rel1/bin/../lib/gcc/arm-none-eabi/14.2.1/thumb/v7e-m+fp/hard/crti.o
LOAD C:/Program Files (x86)/Arm GNU Toolchain arm-none-eabi/14.2 rel1/bin/../lib/gcc/arm-none-eabi/14.2.1/thumb/v7e-m+fp/hard/crtbegin.o
LOAD C:/Program Files (x86)/Arm GNU Toolchain arm-none-eabi/14.2 rel1/bin/../lib/gcc/arm-none-eabi/14.2.1/thumb/v7e-m+fp/hard/crt0.o
LOAD build/stm32g4xx_ll_adc.o
LOAD build/stm32g4xx_ll_comp.o
LOAD build/stm32g4xx_ll_cordic.o
LOAD build/stm32g4xx_ll_crc.o
LOAD build/stm32g4xx_ll_crs.o
LOAD build/stm32g4xx_ll_dac.o
LOAD build/stm32g4xx_ll_dma.o
LOAD build/stm32g4xx_ll_exti.o
LOAD build/stm32g4xx_ll_fmac.o
LOAD build/stm32g4xx_ll_gpio.o
LOAD build/stm32g4xx_ll_hrtim.o
LOAD build/stm32g4xx_ll_i2c.o
LOAD build/stm32g4xx_ll_lptim.o
LOAD build/stm32g4xx_ll_lpuart.o
LOAD build/stm32g4xx_ll_opamp.o
LOAD build/stm32g4xx_ll_pwr.o
LOAD build/stm32g4xx_ll_rcc.o
LOAD build/stm32g4xx_ll_rng.o
LOAD build/stm32g4xx_ll_rtc.o
LOAD build/stm32g4xx_ll_spi.o
LOAD build/stm32g4xx_ll_tim.o
LOAD build/stm32g4xx_ll_ucpd.o
LOAD build/stm32g4xx_ll_usart.o
LOAD build/stm32g4xx_ll_utils.o
LOAD build/system_stm32g4xx.o
LOAD build/startup_stm32g431xx.o
LOAD build/syscall.o
LOAD build/interupt.o
LOAD build/main.o
LOAD build/oled_interface_ll.o
LOAD build/pid.o
LOAD build/oled.o
LOAD build/oled_canvas_char.o
LOAD build/oled_device_ssd1306.o
LOAD C:/Program Files (x86)/Arm GNU Toolchain arm-none-eabi/14.2 rel1/bin/../lib/gcc/arm-none-eabi/14.2.1/thumb/v7e-m+fp/hard\libstdc++_nano.a
LOAD C:/Program Files (x86)/Arm GNU Toolchain arm-none-eabi/14.2 rel1/bin/../lib/gcc/arm-none-eabi/14.2.1/thumb/v7e-m+fp/hard\libm.a
START GROUP
LOAD C:/Program Files (x86)/Arm GNU Toolchain arm-none-eabi/14.2 rel1/bin/../lib/gcc/arm-none-eabi/14.2.1/thumb/v7e-m+fp/hard\libgcc.a
LOAD C:/Program Files (x86)/Arm GNU Toolchain arm-none-eabi/14.2 rel1/bin/../lib/gcc/arm-none-eabi/14.2.1/thumb/v7e-m+fp/hard\libg_nano.a
LOAD C:/Program Files (x86)/Arm GNU Toolchain arm-none-eabi/14.2 rel1/bin/../lib/gcc/arm-none-eabi/14.2.1/thumb/v7e-m+fp/hard\libc_nano.a
END GROUP
START GROUP
LOAD C:/Program Files (x86)/Arm GNU Toolchain arm-none-eabi/14.2 rel1/bin/../lib/gcc/arm-none-eabi/14.2.1/thumb/v7e-m+fp/hard\libgcc.a
LOAD C:/Program Files (x86)/Arm GNU Toolchain arm-none-eabi/14.2 rel1/bin/../lib/gcc/arm-none-eabi/14.2.1/thumb/v7e-m+fp/hard\libc_nano.a
END GROUP
LOAD C:/Program Files (x86)/Arm GNU Toolchain arm-none-eabi/14.2 rel1/bin/../lib/gcc/arm-none-eabi/14.2.1/thumb/v7e-m+fp/hard/crtend.o
LOAD C:/Program Files (x86)/Arm GNU Toolchain arm-none-eabi/14.2 rel1/bin/../lib/gcc/arm-none-eabi/14.2.1/thumb/v7e-m+fp/hard/crtn.o
                0x20005800                        _estack = (ORIGIN (RAM) + LENGTH (RAM))
                0x00000200                        _Min_Heap_Size = 0x200
                0x00000400                        _Min_Stack_Size = 0x400

.isr_vector     0x08000000      0x1d8
                0x08000000                        . = ALIGN (0x4)
 *(.isr_vector)
 .isr_vector    0x08000000      0x1d8 build/startup_stm32g431xx.o
                0x08000000                g_pfnVectors
                0x080001d8                        . = ALIGN (0x4)

.text           0x080001e0     0x2d3c
                0x080001e0                        . = ALIGN (0x4)
 *(.text)
 .text          0x080001e0      0x1ac C:/Program Files (x86)/Arm GNU Toolchain arm-none-eabi/14.2 rel1/bin/../lib/gcc/arm-none-eabi/14.2.1/thumb/v7e-m+fp/hard\libgcc.a(libunwind.o)
                0x080001e0                __restore_core_regs
                0x080001e0                restore_core_regs
                0x080001f8                __gnu_Unwind_Restore_VFP
                0x08000200                __gnu_Unwind_Save_VFP
                0x08000208                __gnu_Unwind_Restore_VFP_D
                0x08000210                __gnu_Unwind_Save_VFP_D
                0x08000218                __gnu_Unwind_Restore_VFP_D_16_to_31
                0x08000220                __gnu_Unwind_Save_VFP_D_16_to_31
                0x08000228                __gnu_Unwind_Restore_WMMXD
                0x0800026c                __gnu_Unwind_Save_WMMXD
                0x080002b0                __gnu_Unwind_Restore_WMMXC
                0x080002c4                __gnu_Unwind_Save_WMMXC
                0x080002d8                ___Unwind_RaiseException
                0x080002d8                _Unwind_RaiseException
                0x080002fc                _Unwind_Resume
                0x080002fc                ___Unwind_Resume
                0x08000320                _Unwind_Resume_or_Rethrow
                0x08000320                ___Unwind_Resume_or_Rethrow
                0x08000344                _Unwind_ForcedUnwind
                0x08000344                ___Unwind_ForcedUnwind
                0x08000368                ___Unwind_Backtrace
                0x08000368                _Unwind_Backtrace
 .text          0x0800038c       0x14 C:/Program Files (x86)/Arm GNU Toolchain arm-none-eabi/14.2 rel1/bin/../lib/gcc/arm-none-eabi/14.2.1/thumb/v7e-m+fp/hard\libg_nano.a(libc_a-strcmp.o)
                0x0800038c                strcmp
 .text          0x080003a0       0xa0 C:/Program Files (x86)/Arm GNU Toolchain arm-none-eabi/14.2 rel1/bin/../lib/gcc/arm-none-eabi/14.2.1/thumb/v7e-m+fp/hard\libg_nano.a(libc_a-memchr.o)
                0x080003a0                memchr
 *(.text*)
 .text.deregister_tm_clones
                0x08000440       0x1c C:/Program Files (x86)/Arm GNU Toolchain arm-none-eabi/14.2 rel1/bin/../lib/gcc/arm-none-eabi/14.2.1/thumb/v7e-m+fp/hard/crtbegin.o
 .text.register_tm_clones
                0x0800045c       0x24 C:/Program Files (x86)/Arm GNU Toolchain arm-none-eabi/14.2 rel1/bin/../lib/gcc/arm-none-eabi/14.2.1/thumb/v7e-m+fp/hard/crtbegin.o
 .text.__do_global_dtors_aux
                0x08000480       0x28 C:/Program Files (x86)/Arm GNU Toolchain arm-none-eabi/14.2 rel1/bin/../lib/gcc/arm-none-eabi/14.2.1/thumb/v7e-m+fp/hard/crtbegin.o
 .text.frame_dummy
                0x080004a8       0x24 C:/Program Files (x86)/Arm GNU Toolchain arm-none-eabi/14.2 rel1/bin/../lib/gcc/arm-none-eabi/14.2.1/thumb/v7e-m+fp/hard/crtbegin.o
 .text.LL_GPIO_Init
                0x080004cc      0x138 build/stm32g4xx_ll_gpio.o
                0x080004cc                LL_GPIO_Init
 .text.SystemInit
                0x08000604       0x14 build/system_stm32g4xx.o
                0x08000604                SystemInit
 .text.Reset_Handler
                0x08000618       0x50 build/startup_stm32g431xx.o
                0x08000618                Reset_Handler
 .text.Default_Handler
                0x08000668        0x2 build/startup_stm32g431xx.o
                0x08000668                RTC_Alarm_IRQHandler
                0x08000668                EXTI2_IRQHandler
                0x08000668                TIM8_TRG_COM_IRQHandler
                0x08000668                TIM8_CC_IRQHandler
                0x08000668                DebugMon_Handler
                0x08000668                TIM1_CC_IRQHandler
                0x08000668                HardFault_Handler
                0x08000668                USB_HP_IRQHandler
                0x08000668                CORDIC_IRQHandler
                0x08000668                SysTick_Handler
                0x08000668                PendSV_Handler
                0x08000668                NMI_Handler
                0x08000668                EXTI3_IRQHandler
                0x08000668                I2C3_ER_IRQHandler
                0x08000668                EXTI0_IRQHandler
                0x08000668                I2C2_EV_IRQHandler
                0x08000668                FPU_IRQHandler
                0x08000668                FDCAN1_IT1_IRQHandler
                0x08000668                TIM1_UP_TIM16_IRQHandler
                0x08000668                UsageFault_Handler
                0x08000668                ADC1_2_IRQHandler
                0x08000668                SPI1_IRQHandler
                0x08000668                TIM6_DAC_IRQHandler
                0x08000668                TIM8_UP_IRQHandler
                0x08000668                DMA2_Channel2_IRQHandler
                0x08000668                DMA1_Channel4_IRQHandler
                0x08000668                USART3_IRQHandler
                0x08000668                TIM4_IRQHandler
                0x08000668                DMA2_Channel1_IRQHandler
                0x08000668                I2C1_EV_IRQHandler
                0x08000668                DMA1_Channel6_IRQHandler
                0x08000668                UART4_IRQHandler
                0x08000668                DMA2_Channel4_IRQHandler
                0x08000668                TIM3_IRQHandler
                0x08000668                RCC_IRQHandler
                0x08000668                Default_Handler
                0x08000668                RTC_TAMP_LSECSS_IRQHandler
                0x08000668                FMAC_IRQHandler
                0x08000668                EXTI15_10_IRQHandler
                0x08000668                UCPD1_IRQHandler
                0x08000668                I2C3_EV_IRQHandler
                0x08000668                EXTI9_5_IRQHandler
                0x08000668                RTC_WKUP_IRQHandler
                0x08000668                PVD_PVM_IRQHandler
                0x08000668                SPI2_IRQHandler
                0x08000668                MemManage_Handler
                0x08000668                SVC_Handler
                0x08000668                DMA2_Channel5_IRQHandler
                0x08000668                CRS_IRQHandler
                0x08000668                DMA1_Channel5_IRQHandler
                0x08000668                USB_LP_IRQHandler
                0x08000668                EXTI4_IRQHandler
                0x08000668                RNG_IRQHandler
                0x08000668                TIM1_TRG_COM_TIM17_IRQHandler
                0x08000668                DMA1_Channel3_IRQHandler
                0x08000668                WWDG_IRQHandler
                0x08000668                LPUART1_IRQHandler
                0x08000668                DMA2_Channel6_IRQHandler
                0x08000668                FDCAN1_IT0_IRQHandler
                0x08000668                TIM2_IRQHandler
                0x08000668                COMP1_2_3_IRQHandler
                0x08000668                EXTI1_IRQHandler
                0x08000668                USART2_IRQHandler
                0x08000668                I2C2_ER_IRQHandler
                0x08000668                DMA1_Channel2_IRQHandler
                0x08000668                TIM8_BRK_IRQHandler
                0x08000668                FLASH_IRQHandler
                0x08000668                BusFault_Handler
                0x08000668                USART1_IRQHandler
                0x08000668                SPI3_IRQHandler
                0x08000668                I2C1_ER_IRQHandler
                0x08000668                LPTIM1_IRQHandler
                0x08000668                DMAMUX_OVR_IRQHandler
                0x08000668                USBWakeUp_IRQHandler
                0x08000668                SAI1_IRQHandler
                0x08000668                DMA2_Channel3_IRQHandler
                0x08000668                COMP4_IRQHandler
                0x08000668                TIM1_BRK_TIM15_IRQHandler
 .text._getpid  0x0800066a        0x6 build/syscall.o
                0x0800066a                _getpid
 .text._kill    0x08000670        0x6 build/syscall.o
                0x08000670                _kill
 .text.unlikely._exit
                0x08000676        0x0 build/syscall.o
                0x08000676                _exit
 .text._sbrk    0x08000676        0x6 build/syscall.o
                0x08000676                _sbrk
 .text.TIM7_IRQHandler
                0x0800067c       0x28 build/interupt.o
                0x0800067c                TIM7_IRQHandler
 .text._Z11GPIO_Configv
                0x080006a4       0x90 build/main.o
                0x080006a4                GPIO_Config()
 .text._Z10Sys_Configv
                0x08000734       0x80 build/main.o
                0x08000734                Sys_Config()
 .text.startup.main
                0x080007b4       0xa4 build/main.o
                0x080007b4                main
 .text.DMA1_Channel1_IRQHandler
                0x08000858       0x1c build/main.o
                0x08000858                DMA1_Channel1_IRQHandler
 .text.startup._GLOBAL__sub_I_vol
                0x08000874       0x88 build/main.o
 .text.LL_DMA_SetPeriphRequest
                0x080008fc       0x24 build/oled_interface_ll.o
 .text.LL_AHB1_GRP1_EnableClock
                0x08000920       0x1c build/oled_interface_ll.o
 .text.LL_AHB2_GRP1_EnableClock
                0x0800093c       0x1c build/oled_interface_ll.o
 .text._ZN25oled_interface_spi_dma_ll11sendCommandEh
                0x08000958       0x32 build/oled_interface_ll.o
                0x08000958                oled_interface_spi_dma_ll::sendCommand(unsigned char)
 *fill*         0x0800098a        0x2 
 .text._ZN25oled_interface_spi_dma_ll8sendDataEPhm
                0x0800098c       0x54 build/oled_interface_ll.o
                0x0800098c                oled_interface_spi_dma_ll::sendData(unsigned char*, unsigned long)
 .text._ZN25oled_interface_spi_dma_ll16transferCompleteEv
                0x080009e0       0x10 build/oled_interface_ll.o
                0x080009e0                oled_interface_spi_dma_ll::transferComplete()
 .text._Z15gpio_clk_enablem
                0x080009f0       0x60 build/oled_interface_ll.o
                0x080009f0                gpio_clk_enable(unsigned long)
 .text._Z14spi_clk_enablem
                0x08000a50       0x68 build/oled_interface_ll.o
                0x08000a50                spi_clk_enable(unsigned long)
 .text._Z14dma_clk_enablemm
                0x08000ab8       0x68 build/oled_interface_ll.o
                0x08000ab8                dma_clk_enable(unsigned long, unsigned long)
 .text._ZN25oled_interface_spi_dma_llC2ERK10spi_configRK10dma_configP12GPIO_TypeDefm
                0x08000b20      0x1b4 build/oled_interface_ll.o
                0x08000b20                oled_interface_spi_dma_ll::oled_interface_spi_dma_ll(spi_config const&, dma_config const&, GPIO_TypeDef*, unsigned long)
                0x08000b20                oled_interface_spi_dma_ll::oled_interface_spi_dma_ll(spi_config const&, dma_config const&, GPIO_TypeDef*, unsigned long)
 .text._ZN5pid_t6updateEf
                0x08000cd4       0x7c build/pid.o
                0x08000cd4                pid_t::update(float)
 .text._ZN5pid_t9setTargetEf
                0x08000d50        0xc build/pid.o
                0x08000d50                pid_t::setTarget(float)
 .text._ZN5pid_tC2Efffff
                0x08000d5c       0x28 build/pid.o
                0x08000d5c                pid_t::pid_t(float, float, float, float, float)
                0x08000d5c                pid_t::pid_t(float, float, float, float, float)
 .text._ZN16oled_base_device5flushER16oled_base_canvas
                0x08000d84       0x20 build/oled.o
                0x08000d84                oled_base_device::flush(oled_base_canvas&)
 .text._ZN16oled_base_device13flushCompleteEv
                0x08000da4       0x18 build/oled.o
                0x08000da4                oled_base_device::flushComplete()
 .text._ZN16oled_canvas_char8showCharEttc
                0x08000dbc       0x74 build/oled_canvas_char.o
                0x08000dbc                oled_canvas_char::showChar(unsigned short, unsigned short, char)
 .text._ZN16oled_canvas_char10showStringEttPc
                0x08000e30       0x40 build/oled_canvas_char.o
                0x08000e30                oled_canvas_char::showString(unsigned short, unsigned short, char*)
 .text._ZN22oled_canvas_char_smallC2Ev
                0x08000e70       0x20 build/oled_canvas_char.o
                0x08000e70                oled_canvas_char_small::oled_canvas_char_small()
                0x08000e70                oled_canvas_char_small::oled_canvas_char_small()
 .text._ZN19oled_device_ssd130610initDeviceEv
                0x08000e90      0x1d4 build/oled_device_ssd1306.o
                0x08000e90                oled_device_ssd1306::initDevice()
 .text._ZN19oled_device_ssd130612selectDeviceEv
                0x08001064        0x8 build/oled_device_ssd1306.o
                0x08001064                oled_device_ssd1306::selectDevice()
 .text._ZN19oled_device_ssd130613releaseDeviceEv
                0x0800106c        0x8 build/oled_device_ssd1306.o
                0x0800106c                oled_device_ssd1306::releaseDevice()
 .text._ZN19oled_device_ssd130611resetDeviceEv
                0x08001074       0x3c build/oled_device_ssd1306.o
                0x08001074                oled_device_ssd1306::resetDevice()
 .text._ZN19oled_device_ssd1306C2EP19oled_base_interfaceP12GPIO_TypeDefmS3_m
                0x080010b0       0x5c build/oled_device_ssd1306.o
                0x080010b0                oled_device_ssd1306::oled_device_ssd1306(oled_base_interface*, GPIO_TypeDef*, unsigned long, GPIO_TypeDef*, unsigned long)
                0x080010b0                oled_device_ssd1306::oled_device_ssd1306(oled_base_interface*, GPIO_TypeDef*, unsigned long, GPIO_TypeDef*, unsigned long)
 .text._ZNK10__cxxabiv117__class_type_info11__do_upcastEPKS0_PPv
                0x0800110c       0x32 C:/Program Files (x86)/Arm GNU Toolchain arm-none-eabi/14.2 rel1/bin/../lib/gcc/arm-none-eabi/14.2.1/thumb/v7e-m+fp/hard\libstdc++_nano.a(class_type_info.o)
                0x0800110c                __cxxabiv1::__class_type_info::__do_upcast(__cxxabiv1::__class_type_info const*, void**) const
 .text._ZNK10__cxxabiv117__class_type_info20__do_find_public_srcEiPKvPKS0_S2_
                0x0800113e        0xc C:/Program Files (x86)/Arm GNU Toolchain arm-none-eabi/14.2 rel1/bin/../lib/gcc/arm-none-eabi/14.2.1/thumb/v7e-m+fp/hard\libstdc++_nano.a(class_type_info.o)
                0x0800113e                __cxxabiv1::__class_type_info::__do_find_public_src(int, void const*, __cxxabiv1::__class_type_info const*, void const*) const
 *fill*         0x0800114a        0x2 
 .text._ZN10__cxxabiv117__class_type_infoD2Ev
                0x0800114c       0x14 C:/Program Files (x86)/Arm GNU Toolchain arm-none-eabi/14.2 rel1/bin/../lib/gcc/arm-none-eabi/14.2.1/thumb/v7e-m+fp/hard\libstdc++_nano.a(class_type_info.o)
                0x0800114c                __cxxabiv1::__class_type_info::~__class_type_info()
                0x0800114c                __cxxabiv1::__class_type_info::~__class_type_info()
 .text._ZN10__cxxabiv117__class_type_infoD0Ev
                0x08001160       0x14 C:/Program Files (x86)/Arm GNU Toolchain arm-none-eabi/14.2 rel1/bin/../lib/gcc/arm-none-eabi/14.2.1/thumb/v7e-m+fp/hard\libstdc++_nano.a(class_type_info.o)
                0x08001160                __cxxabiv1::__class_type_info::~__class_type_info()
 .text._ZNK10__cxxabiv117__class_type_info12__do_dyncastEiNS0_10__sub_kindEPKS0_PKvS3_S5_RNS0_16__dyncast_resultE
                0x08001174       0x3e C:/Program Files (x86)/Arm GNU Toolchain arm-none-eabi/14.2 rel1/bin/../lib/gcc/arm-none-eabi/14.2.1/thumb/v7e-m+fp/hard\libstdc++_nano.a(class_type_info.o)
                0x08001174                __cxxabiv1::__class_type_info::__do_dyncast(int, __cxxabiv1::__class_type_info::__sub_kind, __cxxabiv1::__class_type_info const*, void const*, __cxxabiv1::__class_type_info const*, void const*, __cxxabiv1::__class_type_info::__dyncast_result&) const
 .text._ZNK10__cxxabiv117__class_type_info11__do_upcastEPKS0_PKvRNS0_15__upcast_resultE
                0x080011b2       0x18 C:/Program Files (x86)/Arm GNU Toolchain arm-none-eabi/14.2 rel1/bin/../lib/gcc/arm-none-eabi/14.2.1/thumb/v7e-m+fp/hard\libstdc++_nano.a(class_type_info.o)
                0x080011b2                __cxxabiv1::__class_type_info::__do_upcast(__cxxabiv1::__class_type_info const*, void const*, __cxxabiv1::__class_type_info::__upcast_result&) const
 .text._ZNK10__cxxabiv117__class_type_info10__do_catchEPKSt9type_infoPPvj
                0x080011ca       0x2a C:/Program Files (x86)/Arm GNU Toolchain arm-none-eabi/14.2 rel1/bin/../lib/gcc/arm-none-eabi/14.2.1/thumb/v7e-m+fp/hard\libstdc++_nano.a(class_type_info.o)
                0x080011ca                __cxxabiv1::__class_type_info::__do_catch(std::type_info const*, void**, unsigned int) const
 .text._ZdlPvj  0x080011f4        0x4 C:/Program Files (x86)/Arm GNU Toolchain arm-none-eabi/14.2 rel1/bin/../lib/gcc/arm-none-eabi/14.2.1/thumb/v7e-m+fp/hard\libstdc++_nano.a(del_ops.o)
                0x080011f4                operator delete(void*, unsigned int)
 .text._ZN10__cxxabiv120__si_class_type_infoD2Ev
                0x080011f8       0x14 C:/Program Files (x86)/Arm GNU Toolchain arm-none-eabi/14.2 rel1/bin/../lib/gcc/arm-none-eabi/14.2.1/thumb/v7e-m+fp/hard\libstdc++_nano.a(si_class_type_info.o)
                0x080011f8                __cxxabiv1::__si_class_type_info::~__si_class_type_info()
                0x080011f8                __cxxabiv1::__si_class_type_info::~__si_class_type_info()
 .text._ZN10__cxxabiv120__si_class_type_infoD0Ev
                0x0800120c       0x14 C:/Program Files (x86)/Arm GNU Toolchain arm-none-eabi/14.2 rel1/bin/../lib/gcc/arm-none-eabi/14.2.1/thumb/v7e-m+fp/hard\libstdc++_nano.a(si_class_type_info.o)
                0x0800120c                __cxxabiv1::__si_class_type_info::~__si_class_type_info()
 .text._ZNK10__cxxabiv120__si_class_type_info20__do_find_public_srcEiPKvPKNS_17__class_type_infoES2_
                0x08001220       0x3c C:/Program Files (x86)/Arm GNU Toolchain arm-none-eabi/14.2 rel1/bin/../lib/gcc/arm-none-eabi/14.2.1/thumb/v7e-m+fp/hard\libstdc++_nano.a(si_class_type_info.o)
                0x08001220                __cxxabiv1::__si_class_type_info::__do_find_public_src(int, void const*, __cxxabiv1::__class_type_info const*, void const*) const
 .text._ZNK10__cxxabiv120__si_class_type_info12__do_dyncastEiNS_17__class_type_info10__sub_kindEPKS1_PKvS4_S6_RNS1_16__dyncast_resultE
                0x0800125c       0x74 C:/Program Files (x86)/Arm GNU Toolchain arm-none-eabi/14.2 rel1/bin/../lib/gcc/arm-none-eabi/14.2.1/thumb/v7e-m+fp/hard\libstdc++_nano.a(si_class_type_info.o)
                0x0800125c                __cxxabiv1::__si_class_type_info::__do_dyncast(int, __cxxabiv1::__class_type_info::__sub_kind, __cxxabiv1::__class_type_info const*, void const*, __cxxabiv1::__class_type_info const*, void const*, __cxxabiv1::__class_type_info::__dyncast_result&) const
 .text._ZNK10__cxxabiv120__si_class_type_info11__do_upcastEPKNS_17__class_type_infoEPKvRNS1_15__upcast_resultE
                0x080012d0       0x2a C:/Program Files (x86)/Arm GNU Toolchain arm-none-eabi/14.2 rel1/bin/../lib/gcc/arm-none-eabi/14.2.1/thumb/v7e-m+fp/hard\libstdc++_nano.a(si_class_type_info.o)
                0x080012d0                __cxxabiv1::__si_class_type_info::__do_upcast(__cxxabiv1::__class_type_info const*, void const*, __cxxabiv1::__class_type_info::__upcast_result&) const
 .text._ZNSt9type_infoD2Ev
                0x080012fa        0x2 C:/Program Files (x86)/Arm GNU Toolchain arm-none-eabi/14.2 rel1/bin/../lib/gcc/arm-none-eabi/14.2.1/thumb/v7e-m+fp/hard\libstdc++_nano.a(tinfo.o)
                0x080012fa                std::type_info::~type_info()
                0x080012fa                std::type_info::~type_info()
 .text._ZNKSt9type_info14__is_pointer_pEv
                0x080012fc        0x4 C:/Program Files (x86)/Arm GNU Toolchain arm-none-eabi/14.2 rel1/bin/../lib/gcc/arm-none-eabi/14.2.1/thumb/v7e-m+fp/hard\libstdc++_nano.a(tinfo.o)
                0x080012fc                std::type_info::__is_pointer_p() const
                0x080012fc                std::type_info::__is_function_p() const
 .text._ZNKSt9type_infoeqERKS_
                0x08001300       0x2c C:/Program Files (x86)/Arm GNU Toolchain arm-none-eabi/14.2 rel1/bin/../lib/gcc/arm-none-eabi/14.2.1/thumb/v7e-m+fp/hard\libstdc++_nano.a(tinfo.o)
                0x08001300                std::type_info::operator==(std::type_info const&) const
                0x08001300                std::type_info::__equal(std::type_info const&) const
 .text._ZN10__cxxabiv121__vmi_class_type_infoD2Ev
                0x0800132c       0x14 C:/Program Files (x86)/Arm GNU Toolchain arm-none-eabi/14.2 rel1/bin/../lib/gcc/arm-none-eabi/14.2.1/thumb/v7e-m+fp/hard\libstdc++_nano.a(vmi_class_type_info.o)
                0x0800132c                __cxxabiv1::__vmi_class_type_info::~__vmi_class_type_info()
                0x0800132c                __cxxabiv1::__vmi_class_type_info::~__vmi_class_type_info()
 .text._ZN10__cxxabiv121__vmi_class_type_infoD0Ev
                0x08001340       0x14 C:/Program Files (x86)/Arm GNU Toolchain arm-none-eabi/14.2 rel1/bin/../lib/gcc/arm-none-eabi/14.2.1/thumb/v7e-m+fp/hard\libstdc++_nano.a(vmi_class_type_info.o)
                0x08001340                __cxxabiv1::__vmi_class_type_info::~__vmi_class_type_info()
 .text._ZNK10__cxxabiv121__vmi_class_type_info20__do_find_public_srcEiPKvPKNS_17__class_type_infoES2_
                0x08001354       0x6e C:/Program Files (x86)/Arm GNU Toolchain arm-none-eabi/14.2 rel1/bin/../lib/gcc/arm-none-eabi/14.2.1/thumb/v7e-m+fp/hard\libstdc++_nano.a(vmi_class_type_info.o)
                0x08001354                __cxxabiv1::__vmi_class_type_info::__do_find_public_src(int, void const*, __cxxabiv1::__class_type_info const*, void const*) const
 .text._ZNK10__cxxabiv117__class_type_info17__find_public_srcEiPKvPKS0_S2_
                0x080013c2       0x2c C:/Program Files (x86)/Arm GNU Toolchain arm-none-eabi/14.2 rel1/bin/../lib/gcc/arm-none-eabi/14.2.1/thumb/v7e-m+fp/hard\libstdc++_nano.a(vmi_class_type_info.o)
                0x080013c2                __cxxabiv1::__class_type_info::__find_public_src(int, void const*, __cxxabiv1::__class_type_info const*, void const*) const
 .text._ZNK10__cxxabiv121__vmi_class_type_info12__do_dyncastEiNS_17__class_type_info10__sub_kindEPKS1_PKvS4_S6_RNS1_16__dyncast_resultE
                0x080013ee      0x256 C:/Program Files (x86)/Arm GNU Toolchain arm-none-eabi/14.2 rel1/bin/../lib/gcc/arm-none-eabi/14.2.1/thumb/v7e-m+fp/hard\libstdc++_nano.a(vmi_class_type_info.o)
                0x080013ee                __cxxabiv1::__vmi_class_type_info::__do_dyncast(int, __cxxabiv1::__class_type_info::__sub_kind, __cxxabiv1::__class_type_info const*, void const*, __cxxabiv1::__class_type_info const*, void const*, __cxxabiv1::__class_type_info::__dyncast_result&) const
 .text._ZNK10__cxxabiv121__vmi_class_type_info11__do_upcastEPKNS_17__class_type_infoEPKvRNS1_15__upcast_resultE
                0x08001644      0x12a C:/Program Files (x86)/Arm GNU Toolchain arm-none-eabi/14.2 rel1/bin/../lib/gcc/arm-none-eabi/14.2.1/thumb/v7e-m+fp/hard\libstdc++_nano.a(vmi_class_type_info.o)
                0x08001644                __cxxabiv1::__vmi_class_type_info::__do_upcast(__cxxabiv1::__class_type_info const*, void const*, __cxxabiv1::__class_type_info::__upcast_result&) const
 .text._ZdlPv   0x0800176e        0x4 C:/Program Files (x86)/Arm GNU Toolchain arm-none-eabi/14.2 rel1/bin/../lib/gcc/arm-none-eabi/14.2.1/thumb/v7e-m+fp/hard\libstdc++_nano.a(del_op.o)
                0x0800176e                operator delete(void*)
 *fill*         0x08001772        0x2 
 .text.selfrel_offset31
                0x08001774       0x14 C:/Program Files (x86)/Arm GNU Toolchain arm-none-eabi/14.2 rel1/bin/../lib/gcc/arm-none-eabi/14.2.1/thumb/v7e-m+fp/hard\libgcc.a(unwind-arm.o)
 .text.search_EIT_table
                0x08001788       0x68 C:/Program Files (x86)/Arm GNU Toolchain arm-none-eabi/14.2 rel1/bin/../lib/gcc/arm-none-eabi/14.2.1/thumb/v7e-m+fp/hard\libgcc.a(unwind-arm.o)
 .text.__gnu_unwind_get_pr_addr
                0x080017f0       0x28 C:/Program Files (x86)/Arm GNU Toolchain arm-none-eabi/14.2 rel1/bin/../lib/gcc/arm-none-eabi/14.2.1/thumb/v7e-m+fp/hard\libgcc.a(unwind-arm.o)
 .text.get_eit_entry
                0x08001818       0x98 C:/Program Files (x86)/Arm GNU Toolchain arm-none-eabi/14.2 rel1/bin/../lib/gcc/arm-none-eabi/14.2.1/thumb/v7e-m+fp/hard\libgcc.a(unwind-arm.o)
 .text.restore_non_core_regs
                0x080018b0       0x58 C:/Program Files (x86)/Arm GNU Toolchain arm-none-eabi/14.2 rel1/bin/../lib/gcc/arm-none-eabi/14.2.1/thumb/v7e-m+fp/hard\libgcc.a(unwind-arm.o)
 .text._Unwind_decode_typeinfo_ptr.constprop.0
                0x08001908        0xc C:/Program Files (x86)/Arm GNU Toolchain arm-none-eabi/14.2 rel1/bin/../lib/gcc/arm-none-eabi/14.2.1/thumb/v7e-m+fp/hard\libgcc.a(unwind-arm.o)
 .text._Unwind_DebugHook
                0x08001914        0x4 C:/Program Files (x86)/Arm GNU Toolchain arm-none-eabi/14.2 rel1/bin/../lib/gcc/arm-none-eabi/14.2.1/thumb/v7e-m+fp/hard\libgcc.a(unwind-arm.o)
 .text.unwind_phase2
                0x08001918       0x3c C:/Program Files (x86)/Arm GNU Toolchain arm-none-eabi/14.2 rel1/bin/../lib/gcc/arm-none-eabi/14.2.1/thumb/v7e-m+fp/hard\libgcc.a(unwind-arm.o)
 .text.unwind_phase2_forced
                0x08001954       0xdc C:/Program Files (x86)/Arm GNU Toolchain arm-none-eabi/14.2 rel1/bin/../lib/gcc/arm-none-eabi/14.2.1/thumb/v7e-m+fp/hard\libgcc.a(unwind-arm.o)
 .text.__gnu_Unwind_RaiseException
                0x08001a30       0x6c C:/Program Files (x86)/Arm GNU Toolchain arm-none-eabi/14.2 rel1/bin/../lib/gcc/arm-none-eabi/14.2.1/thumb/v7e-m+fp/hard\libgcc.a(unwind-arm.o)
                0x08001a30                __gnu_Unwind_RaiseException
 .text.__gnu_Unwind_ForcedUnwind
                0x08001a9c       0x10 C:/Program Files (x86)/Arm GNU Toolchain arm-none-eabi/14.2 rel1/bin/../lib/gcc/arm-none-eabi/14.2.1/thumb/v7e-m+fp/hard\libgcc.a(unwind-arm.o)
                0x08001a9c                __gnu_Unwind_ForcedUnwind
 .text.__gnu_Unwind_Resume
                0x08001aac       0x44 C:/Program Files (x86)/Arm GNU Toolchain arm-none-eabi/14.2 rel1/bin/../lib/gcc/arm-none-eabi/14.2.1/thumb/v7e-m+fp/hard\libgcc.a(unwind-arm.o)
                0x08001aac                __gnu_Unwind_Resume
 .text.__gnu_Unwind_Resume_or_Rethrow
                0x08001af0       0x1c C:/Program Files (x86)/Arm GNU Toolchain arm-none-eabi/14.2 rel1/bin/../lib/gcc/arm-none-eabi/14.2.1/thumb/v7e-m+fp/hard\libgcc.a(unwind-arm.o)
                0x08001af0                __gnu_Unwind_Resume_or_Rethrow
 .text._Unwind_VRS_Get
                0x08001b0c       0x34 C:/Program Files (x86)/Arm GNU Toolchain arm-none-eabi/14.2 rel1/bin/../lib/gcc/arm-none-eabi/14.2.1/thumb/v7e-m+fp/hard\libgcc.a(unwind-arm.o)
                0x08001b0c                _Unwind_VRS_Get
 .text._Unwind_GetGR
                0x08001b40       0x1c C:/Program Files (x86)/Arm GNU Toolchain arm-none-eabi/14.2 rel1/bin/../lib/gcc/arm-none-eabi/14.2.1/thumb/v7e-m+fp/hard\libgcc.a(unwind-arm.o)
 .text._Unwind_VRS_Set
                0x08001b5c       0x34 C:/Program Files (x86)/Arm GNU Toolchain arm-none-eabi/14.2 rel1/bin/../lib/gcc/arm-none-eabi/14.2.1/thumb/v7e-m+fp/hard\libgcc.a(unwind-arm.o)
                0x08001b5c                _Unwind_VRS_Set
 .text._Unwind_SetGR
                0x08001b90       0x18 C:/Program Files (x86)/Arm GNU Toolchain arm-none-eabi/14.2 rel1/bin/../lib/gcc/arm-none-eabi/14.2.1/thumb/v7e-m+fp/hard\libgcc.a(unwind-arm.o)
 .text.__gnu_Unwind_Backtrace
                0x08001ba8       0x90 C:/Program Files (x86)/Arm GNU Toolchain arm-none-eabi/14.2 rel1/bin/../lib/gcc/arm-none-eabi/14.2.1/thumb/v7e-m+fp/hard\libgcc.a(unwind-arm.o)
                0x08001ba8                __gnu_Unwind_Backtrace
 .text.__gnu_unwind_pr_common
                0x08001c38      0x2a8 C:/Program Files (x86)/Arm GNU Toolchain arm-none-eabi/14.2 rel1/bin/../lib/gcc/arm-none-eabi/14.2.1/thumb/v7e-m+fp/hard\libgcc.a(unwind-arm.o)
 .text.__aeabi_unwind_cpp_pr0
                0x08001ee0        0x8 C:/Program Files (x86)/Arm GNU Toolchain arm-none-eabi/14.2 rel1/bin/../lib/gcc/arm-none-eabi/14.2.1/thumb/v7e-m+fp/hard\libgcc.a(unwind-arm.o)
                0x08001ee0                __aeabi_unwind_cpp_pr0
 .text.__aeabi_unwind_cpp_pr1
                0x08001ee8        0x8 C:/Program Files (x86)/Arm GNU Toolchain arm-none-eabi/14.2 rel1/bin/../lib/gcc/arm-none-eabi/14.2.1/thumb/v7e-m+fp/hard\libgcc.a(unwind-arm.o)
                0x08001ee8                __aeabi_unwind_cpp_pr1
 .text.__aeabi_unwind_cpp_pr2
                0x08001ef0        0x8 C:/Program Files (x86)/Arm GNU Toolchain arm-none-eabi/14.2 rel1/bin/../lib/gcc/arm-none-eabi/14.2.1/thumb/v7e-m+fp/hard\libgcc.a(unwind-arm.o)
                0x08001ef0                __aeabi_unwind_cpp_pr2
 .text._Unwind_VRS_Pop
                0x08001ef8      0x2ec C:/Program Files (x86)/Arm GNU Toolchain arm-none-eabi/14.2 rel1/bin/../lib/gcc/arm-none-eabi/14.2.1/thumb/v7e-m+fp/hard\libgcc.a(unwind-arm.o)
                0x08001ef8                _Unwind_VRS_Pop
 .text.next_unwind_byte
                0x080021e4       0x38 C:/Program Files (x86)/Arm GNU Toolchain arm-none-eabi/14.2 rel1/bin/../lib/gcc/arm-none-eabi/14.2.1/thumb/v7e-m+fp/hard\libgcc.a(pr-support.o)
 .text.__gnu_unwind_execute
                0x0800221c      0x300 C:/Program Files (x86)/Arm GNU Toolchain arm-none-eabi/14.2 rel1/bin/../lib/gcc/arm-none-eabi/14.2.1/thumb/v7e-m+fp/hard\libgcc.a(pr-support.o)
                0x0800221c                __gnu_unwind_execute
 .text.abort    0x0800251c        0xe C:/Program Files (x86)/Arm GNU Toolchain arm-none-eabi/14.2 rel1/bin/../lib/gcc/arm-none-eabi/14.2.1/thumb/v7e-m+fp/hard\libg_nano.a(libc_a-abort.o)
                0x0800251c                abort
 *fill*         0x0800252a        0x2 
 .text.free     0x0800252c       0x10 C:/Program Files (x86)/Arm GNU Toolchain arm-none-eabi/14.2 rel1/bin/../lib/gcc/arm-none-eabi/14.2.1/thumb/v7e-m+fp/hard\libg_nano.a(libc_a-malloc.o)
                0x0800252c                free
 .text.sbrk_aligned
                0x0800253c       0x44 C:/Program Files (x86)/Arm GNU Toolchain arm-none-eabi/14.2 rel1/bin/../lib/gcc/arm-none-eabi/14.2.1/thumb/v7e-m+fp/hard\libg_nano.a(libc_a-mallocr.o)
 .text._malloc_r
                0x08002580      0x100 C:/Program Files (x86)/Arm GNU Toolchain arm-none-eabi/14.2 rel1/bin/../lib/gcc/arm-none-eabi/14.2.1/thumb/v7e-m+fp/hard\libg_nano.a(libc_a-mallocr.o)
                0x08002580                _malloc_r
 .text.__malloc_lock
                0x08002680        0xc C:/Program Files (x86)/Arm GNU Toolchain arm-none-eabi/14.2 rel1/bin/../lib/gcc/arm-none-eabi/14.2.1/thumb/v7e-m+fp/hard\libg_nano.a(libc_a-mlock.o)
                0x08002680                __malloc_lock
 .text.__malloc_unlock
                0x0800268c        0xc C:/Program Files (x86)/Arm GNU Toolchain arm-none-eabi/14.2 rel1/bin/../lib/gcc/arm-none-eabi/14.2.1/thumb/v7e-m+fp/hard\libg_nano.a(libc_a-mlock.o)
                0x0800268c                __malloc_unlock
 .text.sprintf  0x08002698       0x44 C:/Program Files (x86)/Arm GNU Toolchain arm-none-eabi/14.2 rel1/bin/../lib/gcc/arm-none-eabi/14.2.1/thumb/v7e-m+fp/hard\libg_nano.a(libc_a-sprintf.o)
                0x08002698                siprintf
                0x08002698                sprintf
 .text.memset   0x080026dc       0x10 C:/Program Files (x86)/Arm GNU Toolchain arm-none-eabi/14.2 rel1/bin/../lib/gcc/arm-none-eabi/14.2.1/thumb/v7e-m+fp/hard\libg_nano.a(libc_a-memset.o)
                0x080026dc                memset
 .text._raise_r
                0x080026ec       0x50 C:/Program Files (x86)/Arm GNU Toolchain arm-none-eabi/14.2 rel1/bin/../lib/gcc/arm-none-eabi/14.2.1/thumb/v7e-m+fp/hard\libg_nano.a(libc_a-signal.o)
                0x080026ec                _raise_r
 .text.raise    0x0800273c       0x10 C:/Program Files (x86)/Arm GNU Toolchain arm-none-eabi/14.2 rel1/bin/../lib/gcc/arm-none-eabi/14.2.1/thumb/v7e-m+fp/hard\libg_nano.a(libc_a-signal.o)
                0x0800273c                raise
 .text._kill_r  0x0800274c       0x24 C:/Program Files (x86)/Arm GNU Toolchain arm-none-eabi/14.2 rel1/bin/../lib/gcc/arm-none-eabi/14.2.1/thumb/v7e-m+fp/hard\libg_nano.a(libc_a-signalr.o)
                0x0800274c                _kill_r
 .text._getpid_r
                0x08002770        0x4 C:/Program Files (x86)/Arm GNU Toolchain arm-none-eabi/14.2 rel1/bin/../lib/gcc/arm-none-eabi/14.2.1/thumb/v7e-m+fp/hard\libg_nano.a(libc_a-signalr.o)
                0x08002770                _getpid_r
 .text._sbrk_r  0x08002774       0x20 C:/Program Files (x86)/Arm GNU Toolchain arm-none-eabi/14.2 rel1/bin/../lib/gcc/arm-none-eabi/14.2.1/thumb/v7e-m+fp/hard\libg_nano.a(libc_a-sbrkr.o)
                0x08002774                _sbrk_r
 .text.__libc_init_array
                0x08002794       0x48 C:/Program Files (x86)/Arm GNU Toolchain arm-none-eabi/14.2 rel1/bin/../lib/gcc/arm-none-eabi/14.2.1/thumb/v7e-m+fp/hard\libg_nano.a(libc_a-init.o)
                0x08002794                __libc_init_array
 .text.__retarget_lock_acquire_recursive
                0x080027dc        0x2 C:/Program Files (x86)/Arm GNU Toolchain arm-none-eabi/14.2 rel1/bin/../lib/gcc/arm-none-eabi/14.2.1/thumb/v7e-m+fp/hard\libg_nano.a(libc_a-lock.o)
                0x080027dc                __retarget_lock_acquire_recursive
 .text.__retarget_lock_release_recursive
                0x080027de        0x2 C:/Program Files (x86)/Arm GNU Toolchain arm-none-eabi/14.2 rel1/bin/../lib/gcc/arm-none-eabi/14.2.1/thumb/v7e-m+fp/hard\libg_nano.a(libc_a-lock.o)
                0x080027de                __retarget_lock_release_recursive
 .text.memcpy   0x080027e0       0x1c C:/Program Files (x86)/Arm GNU Toolchain arm-none-eabi/14.2 rel1/bin/../lib/gcc/arm-none-eabi/14.2.1/thumb/v7e-m+fp/hard\libg_nano.a(libc_a-memcpy-stub.o)
                0x080027e0                memcpy
 .text._free_r  0x080027fc       0x94 C:/Program Files (x86)/Arm GNU Toolchain arm-none-eabi/14.2 rel1/bin/../lib/gcc/arm-none-eabi/14.2.1/thumb/v7e-m+fp/hard\libg_nano.a(libc_a-freer.o)
                0x080027fc                _free_r
 .text.__ssputs_r
                0x08002890       0xc0 C:/Program Files (x86)/Arm GNU Toolchain arm-none-eabi/14.2 rel1/bin/../lib/gcc/arm-none-eabi/14.2.1/thumb/v7e-m+fp/hard\libg_nano.a(libc_a-nano-svfprintf.o)
                0x08002890                __ssputs_r
 .text._svfprintf_r
                0x08002950      0x1f8 C:/Program Files (x86)/Arm GNU Toolchain arm-none-eabi/14.2 rel1/bin/../lib/gcc/arm-none-eabi/14.2.1/thumb/v7e-m+fp/hard\libg_nano.a(libc_a-nano-svfprintf.o)
                0x08002950                _svfiprintf_r
                0x08002950                _svfprintf_r
 .text._printf_common
                0x08002b48       0xda C:/Program Files (x86)/Arm GNU Toolchain arm-none-eabi/14.2 rel1/bin/../lib/gcc/arm-none-eabi/14.2.1/thumb/v7e-m+fp/hard\libg_nano.a(libc_a-nano-vfprintf_i.o)
                0x08002b48                _printf_common
 *fill*         0x08002c22        0x2 
 .text._printf_i
                0x08002c24      0x240 C:/Program Files (x86)/Arm GNU Toolchain arm-none-eabi/14.2 rel1/bin/../lib/gcc/arm-none-eabi/14.2.1/thumb/v7e-m+fp/hard\libg_nano.a(libc_a-nano-vfprintf_i.o)
                0x08002c24                _printf_i
 .text.memmove  0x08002e64       0x32 C:/Program Files (x86)/Arm GNU Toolchain arm-none-eabi/14.2 rel1/bin/../lib/gcc/arm-none-eabi/14.2.1/thumb/v7e-m+fp/hard\libg_nano.a(libc_a-memmove.o)
                0x08002e64                memmove
 .text._realloc_r
                0x08002e96       0x5c C:/Program Files (x86)/Arm GNU Toolchain arm-none-eabi/14.2 rel1/bin/../lib/gcc/arm-none-eabi/14.2.1/thumb/v7e-m+fp/hard\libg_nano.a(libc_a-reallocr.o)
                0x08002e96                _realloc_r
 .text._malloc_usable_size_r
                0x08002ef2       0x10 C:/Program Files (x86)/Arm GNU Toolchain arm-none-eabi/14.2 rel1/bin/../lib/gcc/arm-none-eabi/14.2.1/thumb/v7e-m+fp/hard\libg_nano.a(libc_a-msizer.o)
                0x08002ef2                _malloc_usable_size_r
 *(.glue_7)
 .glue_7        0x08002f02        0x0 linker stubs
 *(.glue_7t)
 .glue_7t       0x08002f02        0x0 linker stubs
 *(.eh_frame)
 *fill*         0x08002f02        0x2 
 .eh_frame      0x08002f04        0x0 C:/Program Files (x86)/Arm GNU Toolchain arm-none-eabi/14.2 rel1/bin/../lib/gcc/arm-none-eabi/14.2.1/thumb/v7e-m+fp/hard/crtbegin.o
 *(.init)
 .init          0x08002f04        0x4 C:/Program Files (x86)/Arm GNU Toolchain arm-none-eabi/14.2 rel1/bin/../lib/gcc/arm-none-eabi/14.2.1/thumb/v7e-m+fp/hard/crti.o
                0x08002f04                _init
 .init          0x08002f08        0x8 C:/Program Files (x86)/Arm GNU Toolchain arm-none-eabi/14.2 rel1/bin/../lib/gcc/arm-none-eabi/14.2.1/thumb/v7e-m+fp/hard/crtn.o
 *(.fini)
 .fini          0x08002f10        0x4 C:/Program Files (x86)/Arm GNU Toolchain arm-none-eabi/14.2 rel1/bin/../lib/gcc/arm-none-eabi/14.2.1/thumb/v7e-m+fp/hard/crti.o
                0x08002f10                _fini
 .fini          0x08002f14        0x8 C:/Program Files (x86)/Arm GNU Toolchain arm-none-eabi/14.2 rel1/bin/../lib/gcc/arm-none-eabi/14.2.1/thumb/v7e-m+fp/hard/crtn.o
                0x08002f1c                        . = ALIGN (0x4)
                0x08002f1c                        _etext = .

.vfp11_veneer   0x08002f1c        0x0
 .vfp11_veneer  0x08002f1c        0x0 linker stubs

.v4_bx          0x08002f1c        0x0
 .v4_bx         0x08002f1c        0x0 linker stubs

.iplt           0x08002f1c        0x0
 .iplt          0x08002f1c        0x0 C:/Program Files (x86)/Arm GNU Toolchain arm-none-eabi/14.2 rel1/bin/../lib/gcc/arm-none-eabi/14.2.1/thumb/v7e-m+fp/hard/crtbegin.o

.rodata         0x08002f1c      0x8cc
                0x08002f1c                        . = ALIGN (0x4)
 *(.rodata)
 *(.rodata*)
 .rodata.main.str1.1
                0x08002f1c       0x53 build/main.o
                                 0x2c (size before relaxing)
 .rodata._ZTS25oled_interface_spi_dma_ll
                0x08002f6f       0x1c build/oled_interface_ll.o
                0x08002f6f                typeinfo name for oled_interface_spi_dma_ll
 *fill*         0x08002f8b        0x1 
 .rodata._ZTI25oled_interface_spi_dma_ll
                0x08002f8c        0xc build/oled_interface_ll.o
                0x08002f8c                typeinfo for oled_interface_spi_dma_ll
 .rodata._ZTV25oled_interface_spi_dma_ll
                0x08002f98       0x14 build/oled_interface_ll.o
                0x08002f98                vtable for oled_interface_spi_dma_ll
 .rodata._ZL18CHANNEL_OFFSET_TAB
                0x08002fac        0x6 build/oled_interface_ll.o
 .rodata._ZTS8i_base_t
                0x08002fb2        0xa build/pid.o
                0x08002fb2                typeinfo name for i_base_t
 .rodata._ZTI8i_base_t
                0x08002fbc        0x8 build/pid.o
                0x08002fbc                typeinfo for i_base_t
 .rodata._ZTS8p_base_t
                0x08002fc4        0xa build/pid.o
                0x08002fc4                typeinfo name for p_base_t
 *fill*         0x08002fce        0x2 
 .rodata._ZTI8p_base_t
                0x08002fd0        0x8 build/pid.o
                0x08002fd0                typeinfo for p_base_t
 .rodata._ZTS8d_base_t
                0x08002fd8        0xa build/pid.o
                0x08002fd8                typeinfo name for d_base_t
 *fill*         0x08002fe2        0x2 
 .rodata._ZTI8d_base_t
                0x08002fe4        0x8 build/pid.o
                0x08002fe4                typeinfo for d_base_t
 .rodata._ZTS10pid_base_t
                0x08002fec        0xd build/pid.o
                0x08002fec                typeinfo name for pid_base_t
 *fill*         0x08002ff9        0x3 
 .rodata._ZTI10pid_base_t
                0x08002ffc        0x8 build/pid.o
                0x08002ffc                typeinfo for pid_base_t
 .rodata._ZTS5pid_t
                0x08003004        0x7 build/pid.o
                0x08003004                typeinfo name for pid_t
 *fill*         0x0800300b        0x1 
 .rodata._ZTI5pid_t
                0x0800300c       0x30 build/pid.o
                0x0800300c                typeinfo for pid_t
 .rodata._ZTV5pid_t
                0x0800303c       0x10 build/pid.o
                0x0800303c                vtable for pid_t
 .rodata._ZTS19oled_base_interface
                0x0800304c       0x16 build/oled.o
                0x0800304c                typeinfo name for oled_base_interface
 *fill*         0x08003062        0x2 
 .rodata._ZTI19oled_base_interface
                0x08003064        0x8 build/oled.o
                0x08003064                typeinfo for oled_base_interface
 .rodata._ZL13OLED_F8x16_LE
                0x0800306c      0x5f0 build/oled_canvas_char.o
 .rodata._ZTS16oled_base_device
                0x0800365c       0x13 build/oled_device_ssd1306.o
                0x0800365c                typeinfo name for oled_base_device
 *fill*         0x0800366f        0x1 
 .rodata._ZTI16oled_base_device
                0x08003670        0x8 build/oled_device_ssd1306.o
                0x08003670                typeinfo for oled_base_device
 .rodata._ZTS19oled_device_ssd1306
                0x08003678       0x16 build/oled_device_ssd1306.o
                0x08003678                typeinfo name for oled_device_ssd1306
 *fill*         0x0800368e        0x2 
 .rodata._ZTI19oled_device_ssd1306
                0x08003690        0xc build/oled_device_ssd1306.o
                0x08003690                typeinfo for oled_device_ssd1306
 .rodata._ZTV19oled_device_ssd1306
                0x0800369c       0x18 build/oled_device_ssd1306.o
                0x0800369c                vtable for oled_device_ssd1306
 .rodata._ZTSN10__cxxabiv117__class_type_infoE
                0x080036b4       0x22 C:/Program Files (x86)/Arm GNU Toolchain arm-none-eabi/14.2 rel1/bin/../lib/gcc/arm-none-eabi/14.2.1/thumb/v7e-m+fp/hard\libstdc++_nano.a(class_type_info.o)
                0x080036b4                typeinfo name for __cxxabiv1::__class_type_info
 *fill*         0x080036d6        0x2 
 .rodata._ZTIN10__cxxabiv117__class_type_infoE
                0x080036d8        0xc C:/Program Files (x86)/Arm GNU Toolchain arm-none-eabi/14.2 rel1/bin/../lib/gcc/arm-none-eabi/14.2.1/thumb/v7e-m+fp/hard\libstdc++_nano.a(class_type_info.o)
                0x080036d8                typeinfo for __cxxabiv1::__class_type_info
 .rodata._ZTVN10__cxxabiv117__class_type_infoE
                0x080036e4       0x2c C:/Program Files (x86)/Arm GNU Toolchain arm-none-eabi/14.2 rel1/bin/../lib/gcc/arm-none-eabi/14.2.1/thumb/v7e-m+fp/hard\libstdc++_nano.a(class_type_info.o)
                0x080036e4                vtable for __cxxabiv1::__class_type_info
 .rodata._ZTSN10__cxxabiv120__si_class_type_infoE
                0x08003710       0x25 C:/Program Files (x86)/Arm GNU Toolchain arm-none-eabi/14.2 rel1/bin/../lib/gcc/arm-none-eabi/14.2.1/thumb/v7e-m+fp/hard\libstdc++_nano.a(si_class_type_info.o)
                0x08003710                typeinfo name for __cxxabiv1::__si_class_type_info
 *fill*         0x08003735        0x3 
 .rodata._ZTIN10__cxxabiv120__si_class_type_infoE
                0x08003738        0xc C:/Program Files (x86)/Arm GNU Toolchain arm-none-eabi/14.2 rel1/bin/../lib/gcc/arm-none-eabi/14.2.1/thumb/v7e-m+fp/hard\libstdc++_nano.a(si_class_type_info.o)
                0x08003738                typeinfo for __cxxabiv1::__si_class_type_info
 .rodata._ZTVN10__cxxabiv120__si_class_type_infoE
                0x08003744       0x2c C:/Program Files (x86)/Arm GNU Toolchain arm-none-eabi/14.2 rel1/bin/../lib/gcc/arm-none-eabi/14.2.1/thumb/v7e-m+fp/hard\libstdc++_nano.a(si_class_type_info.o)
                0x08003744                vtable for __cxxabiv1::__si_class_type_info
 .rodata._ZTSSt9type_info
                0x08003770        0xd C:/Program Files (x86)/Arm GNU Toolchain arm-none-eabi/14.2 rel1/bin/../lib/gcc/arm-none-eabi/14.2.1/thumb/v7e-m+fp/hard\libstdc++_nano.a(tinfo.o)
                0x08003770                typeinfo name for std::type_info
 *fill*         0x0800377d        0x3 
 .rodata._ZTISt9type_info
                0x08003780        0x8 C:/Program Files (x86)/Arm GNU Toolchain arm-none-eabi/14.2 rel1/bin/../lib/gcc/arm-none-eabi/14.2.1/thumb/v7e-m+fp/hard\libstdc++_nano.a(tinfo.o)
                0x08003780                typeinfo for std::type_info
 .rodata._ZTSN10__cxxabiv121__vmi_class_type_infoE
                0x08003788       0x26 C:/Program Files (x86)/Arm GNU Toolchain arm-none-eabi/14.2 rel1/bin/../lib/gcc/arm-none-eabi/14.2.1/thumb/v7e-m+fp/hard\libstdc++_nano.a(vmi_class_type_info.o)
                0x08003788                typeinfo name for __cxxabiv1::__vmi_class_type_info
 *fill*         0x080037ae        0x2 
 .rodata._ZTIN10__cxxabiv121__vmi_class_type_infoE
                0x080037b0        0xc C:/Program Files (x86)/Arm GNU Toolchain arm-none-eabi/14.2 rel1/bin/../lib/gcc/arm-none-eabi/14.2.1/thumb/v7e-m+fp/hard\libstdc++_nano.a(vmi_class_type_info.o)
                0x080037b0                typeinfo for __cxxabiv1::__vmi_class_type_info
 .rodata._ZTVN10__cxxabiv121__vmi_class_type_infoE
                0x080037bc       0x2c C:/Program Files (x86)/Arm GNU Toolchain arm-none-eabi/14.2 rel1/bin/../lib/gcc/arm-none-eabi/14.2.1/thumb/v7e-m+fp/hard\libstdc++_nano.a(vmi_class_type_info.o)
                0x080037bc                vtable for __cxxabiv1::__vmi_class_type_info
 .rodata._svfprintf_r.str1.1
                0x080037e8       0x11 C:/Program Files (x86)/Arm GNU Toolchain arm-none-eabi/14.2 rel1/bin/../lib/gcc/arm-none-eabi/14.2.1/thumb/v7e-m+fp/hard\libg_nano.a(libc_a-nano-svfprintf.o)
 .rodata._printf_i.str1.1
                0x080037e8       0x22 C:/Program Files (x86)/Arm GNU Toolchain arm-none-eabi/14.2 rel1/bin/../lib/gcc/arm-none-eabi/14.2.1/thumb/v7e-m+fp/hard\libg_nano.a(libc_a-nano-vfprintf_i.o)
                0x0800380c                        . = ALIGN (0x4)

.ARM.extab      0x080037e8       0x18
                0x080037e8                        . = ALIGN (0x4)
 *(.ARM.extab* .gnu.linkonce.armextab.*)
 .ARM.extab.text._Z11GPIO_Configv
                0x080037e8        0x0 build/main.o
 .ARM.extab.text._Z10Sys_Configv
                0x080037e8        0x0 build/main.o
 .ARM.extab.text._ZN5pid_t6updateEf
                0x080037e8        0xc build/pid.o
 .ARM.extab.text.__gnu_Unwind_Resume_or_Rethrow
                0x080037f4        0xc C:/Program Files (x86)/Arm GNU Toolchain arm-none-eabi/14.2 rel1/bin/../lib/gcc/arm-none-eabi/14.2.1/thumb/v7e-m+fp/hard\libgcc.a(unwind-arm.o)
                0x08003800                        . = ALIGN (0x4)

.ARM            0x08003800       0xf0
                0x08003800                        . = ALIGN (0x4)
                0x08003800                        __exidx_start = .
 *(.ARM.exidx*)
 .ARM.exidx     0x08003800        0x8 C:/Program Files (x86)/Arm GNU Toolchain arm-none-eabi/14.2 rel1/bin/../lib/gcc/arm-none-eabi/14.2.1/thumb/v7e-m+fp/hard\libg_nano.a(libc_a-strcmp.o)
 .ARM.exidx     0x08003808        0x0 C:/Program Files (x86)/Arm GNU Toolchain arm-none-eabi/14.2 rel1/bin/../lib/gcc/arm-none-eabi/14.2.1/thumb/v7e-m+fp/hard\libg_nano.a(libc_a-memchr.o)
                                  0x8 (size before relaxing)
 .ARM.exidx.text.LL_GPIO_Init
                0x08003808        0x0 build/stm32g4xx_ll_gpio.o
                                  0x8 (size before relaxing)
 .ARM.exidx.text.SystemInit
                0x08003808        0x0 build/system_stm32g4xx.o
                                  0x8 (size before relaxing)
 .ARM.exidx.text._getpid
                0x08003808        0x0 build/syscall.o
                                  0x8 (size before relaxing)
 .ARM.exidx.text._kill
                0x08003808        0x0 build/syscall.o
                                  0x8 (size before relaxing)
 .ARM.exidx.text.unlikely._exit
                0x08003808        0x0 build/syscall.o
                                  0x8 (size before relaxing)
 .ARM.exidx.text._sbrk
                0x08003808        0x0 build/syscall.o
                                  0x8 (size before relaxing)
 .ARM.exidx.text.TIM7_IRQHandler
                0x08003808        0x0 build/interupt.o
                                  0x8 (size before relaxing)
 .ARM.exidx.text._Z11GPIO_Configv
                0x08003808        0x0 build/main.o
                                  0x8 (size before relaxing)
 .ARM.exidx.text._Z10Sys_Configv
                0x08003808        0x0 build/main.o
                                  0x8 (size before relaxing)
 .ARM.exidx.text.startup.main
                0x08003808        0x8 build/main.o
 .ARM.exidx.text.DMA1_Channel1_IRQHandler
                0x08003810        0x8 build/main.o
 .ARM.exidx.text.startup._GLOBAL__sub_I_vol
                0x08003818        0x0 build/main.o
                                  0x8 (size before relaxing)
 .ARM.exidx.text.LL_DMA_SetPeriphRequest
                0x08003818        0x0 build/oled_interface_ll.o
                                  0x8 (size before relaxing)
 .ARM.exidx.text.LL_AHB1_GRP1_EnableClock
                0x08003818        0x0 build/oled_interface_ll.o
                                  0x8 (size before relaxing)
 .ARM.exidx.text.LL_AHB2_GRP1_EnableClock
                0x08003818        0x0 build/oled_interface_ll.o
                                  0x8 (size before relaxing)
 .ARM.exidx.text._ZN25oled_interface_spi_dma_ll11sendCommandEh
                0x08003818        0x0 build/oled_interface_ll.o
                                  0x8 (size before relaxing)
 .ARM.exidx.text._ZN25oled_interface_spi_dma_ll8sendDataEPhm
                0x08003818        0x0 build/oled_interface_ll.o
                                  0x8 (size before relaxing)
 .ARM.exidx.text._ZN25oled_interface_spi_dma_ll16transferCompleteEv
                0x08003818        0x0 build/oled_interface_ll.o
                                  0x8 (size before relaxing)
 .ARM.exidx.text._Z15gpio_clk_enablem
                0x08003818        0x0 build/oled_interface_ll.o
                                  0x8 (size before relaxing)
 .ARM.exidx.text._Z14spi_clk_enablem
                0x08003818        0x0 build/oled_interface_ll.o
                                  0x8 (size before relaxing)
 .ARM.exidx.text._Z14dma_clk_enablemm
                0x08003818        0x0 build/oled_interface_ll.o
                                  0x8 (size before relaxing)
 .ARM.exidx.text._ZN25oled_interface_spi_dma_llC2ERK10spi_configRK10dma_configP12GPIO_TypeDefm
                0x08003818        0x8 build/oled_interface_ll.o
 .ARM.exidx.text._ZN5pid_t6updateEf
                0x08003820        0x8 build/pid.o
 .ARM.exidx.text._ZN5pid_t9setTargetEf
                0x08003828        0x8 build/pid.o
 .ARM.exidx.text._ZN5pid_tC2Efffff
                0x08003830        0x0 build/pid.o
                                  0x8 (size before relaxing)
 .ARM.exidx.text._ZN16oled_base_device5flushER16oled_base_canvas
                0x08003830        0x8 build/oled.o
 .ARM.exidx.text._ZN16oled_base_device13flushCompleteEv
                0x08003838        0x8 build/oled.o
 .ARM.exidx.text._ZN16oled_canvas_char8showCharEttc
                0x08003840        0x8 build/oled_canvas_char.o
 .ARM.exidx.text._ZN16oled_canvas_char10showStringEttPc
                0x08003848        0x0 build/oled_canvas_char.o
                                  0x8 (size before relaxing)
 .ARM.exidx.text._ZN22oled_canvas_char_smallC2Ev
                0x08003848        0x0 build/oled_canvas_char.o
                                  0x8 (size before relaxing)
 .ARM.exidx.text._ZN19oled_device_ssd130610initDeviceEv
                0x08003848        0x8 build/oled_device_ssd1306.o
 .ARM.exidx.text._ZN19oled_device_ssd130612selectDeviceEv
                0x08003850        0x8 build/oled_device_ssd1306.o
 .ARM.exidx.text._ZN19oled_device_ssd130613releaseDeviceEv
                0x08003858        0x0 build/oled_device_ssd1306.o
                                  0x8 (size before relaxing)
 .ARM.exidx.text._ZN19oled_device_ssd130611resetDeviceEv
                0x08003858        0x0 build/oled_device_ssd1306.o
                                  0x8 (size before relaxing)
 .ARM.exidx.text._ZN19oled_device_ssd1306C2EP19oled_base_interfaceP12GPIO_TypeDefmS3_m
                0x08003858       0x10 build/oled_device_ssd1306.o
                                  0x8 (size before relaxing)
 .ARM.exidx.text.selfrel_offset31
                0x08003868        0x0 C:/Program Files (x86)/Arm GNU Toolchain arm-none-eabi/14.2 rel1/bin/../lib/gcc/arm-none-eabi/14.2.1/thumb/v7e-m+fp/hard\libgcc.a(unwind-arm.o)
                                  0x8 (size before relaxing)
 .ARM.exidx.text.search_EIT_table
                0x08003868        0x0 C:/Program Files (x86)/Arm GNU Toolchain arm-none-eabi/14.2 rel1/bin/../lib/gcc/arm-none-eabi/14.2.1/thumb/v7e-m+fp/hard\libgcc.a(unwind-arm.o)
                                  0x8 (size before relaxing)
 .ARM.exidx.text.__gnu_unwind_get_pr_addr
                0x08003868        0x0 C:/Program Files (x86)/Arm GNU Toolchain arm-none-eabi/14.2 rel1/bin/../lib/gcc/arm-none-eabi/14.2.1/thumb/v7e-m+fp/hard\libgcc.a(unwind-arm.o)
                                  0x8 (size before relaxing)
 .ARM.exidx.text.get_eit_entry
                0x08003868        0x8 C:/Program Files (x86)/Arm GNU Toolchain arm-none-eabi/14.2 rel1/bin/../lib/gcc/arm-none-eabi/14.2.1/thumb/v7e-m+fp/hard\libgcc.a(unwind-arm.o)
 .ARM.exidx.text.restore_non_core_regs
                0x08003870        0x8 C:/Program Files (x86)/Arm GNU Toolchain arm-none-eabi/14.2 rel1/bin/../lib/gcc/arm-none-eabi/14.2.1/thumb/v7e-m+fp/hard\libgcc.a(unwind-arm.o)
 .ARM.exidx.text._Unwind_decode_typeinfo_ptr.constprop.0
                0x08003878        0x8 C:/Program Files (x86)/Arm GNU Toolchain arm-none-eabi/14.2 rel1/bin/../lib/gcc/arm-none-eabi/14.2.1/thumb/v7e-m+fp/hard\libgcc.a(unwind-arm.o)
 .ARM.exidx.text._Unwind_DebugHook
                0x08003880        0x0 C:/Program Files (x86)/Arm GNU Toolchain arm-none-eabi/14.2 rel1/bin/../lib/gcc/arm-none-eabi/14.2.1/thumb/v7e-m+fp/hard\libgcc.a(unwind-arm.o)
                                  0x8 (size before relaxing)
 .ARM.exidx.text.unwind_phase2
                0x08003880        0x8 C:/Program Files (x86)/Arm GNU Toolchain arm-none-eabi/14.2 rel1/bin/../lib/gcc/arm-none-eabi/14.2.1/thumb/v7e-m+fp/hard\libgcc.a(unwind-arm.o)
 .ARM.exidx.text.unwind_phase2_forced
                0x08003888        0x8 C:/Program Files (x86)/Arm GNU Toolchain arm-none-eabi/14.2 rel1/bin/../lib/gcc/arm-none-eabi/14.2.1/thumb/v7e-m+fp/hard\libgcc.a(unwind-arm.o)
 .ARM.exidx.text.__gnu_Unwind_RaiseException
                0x08003890        0x8 C:/Program Files (x86)/Arm GNU Toolchain arm-none-eabi/14.2 rel1/bin/../lib/gcc/arm-none-eabi/14.2.1/thumb/v7e-m+fp/hard\libgcc.a(unwind-arm.o)
 .ARM.exidx.text.__gnu_Unwind_ForcedUnwind
                0x08003898        0x8 C:/Program Files (x86)/Arm GNU Toolchain arm-none-eabi/14.2 rel1/bin/../lib/gcc/arm-none-eabi/14.2.1/thumb/v7e-m+fp/hard\libgcc.a(unwind-arm.o)
 .ARM.exidx.text.__gnu_Unwind_Resume
                0x080038a0        0x8 C:/Program Files (x86)/Arm GNU Toolchain arm-none-eabi/14.2 rel1/bin/../lib/gcc/arm-none-eabi/14.2.1/thumb/v7e-m+fp/hard\libgcc.a(unwind-arm.o)
 .ARM.exidx.text.__gnu_Unwind_Resume_or_Rethrow
                0x080038a8        0x8 C:/Program Files (x86)/Arm GNU Toolchain arm-none-eabi/14.2 rel1/bin/../lib/gcc/arm-none-eabi/14.2.1/thumb/v7e-m+fp/hard\libgcc.a(unwind-arm.o)
 .ARM.exidx.text._Unwind_VRS_Get
                0x080038b0        0x8 C:/Program Files (x86)/Arm GNU Toolchain arm-none-eabi/14.2 rel1/bin/../lib/gcc/arm-none-eabi/14.2.1/thumb/v7e-m+fp/hard\libgcc.a(unwind-arm.o)
 .ARM.exidx.text._Unwind_GetGR
                0x080038b8        0x0 C:/Program Files (x86)/Arm GNU Toolchain arm-none-eabi/14.2 rel1/bin/../lib/gcc/arm-none-eabi/14.2.1/thumb/v7e-m+fp/hard\libgcc.a(unwind-arm.o)
                                  0x8 (size before relaxing)
 .ARM.exidx.text._Unwind_VRS_Set
                0x080038b8        0x0 C:/Program Files (x86)/Arm GNU Toolchain arm-none-eabi/14.2 rel1/bin/../lib/gcc/arm-none-eabi/14.2.1/thumb/v7e-m+fp/hard\libgcc.a(unwind-arm.o)
                                  0x8 (size before relaxing)
 .ARM.exidx.text._Unwind_SetGR
                0x080038b8        0x0 C:/Program Files (x86)/Arm GNU Toolchain arm-none-eabi/14.2 rel1/bin/../lib/gcc/arm-none-eabi/14.2.1/thumb/v7e-m+fp/hard\libgcc.a(unwind-arm.o)
                                  0x8 (size before relaxing)
 .ARM.exidx.text.__gnu_Unwind_Backtrace
                0x080038b8        0x8 C:/Program Files (x86)/Arm GNU Toolchain arm-none-eabi/14.2 rel1/bin/../lib/gcc/arm-none-eabi/14.2.1/thumb/v7e-m+fp/hard\libgcc.a(unwind-arm.o)
 .ARM.exidx.text.__gnu_unwind_pr_common
                0x080038c0        0x8 C:/Program Files (x86)/Arm GNU Toolchain arm-none-eabi/14.2 rel1/bin/../lib/gcc/arm-none-eabi/14.2.1/thumb/v7e-m+fp/hard\libgcc.a(unwind-arm.o)
 .ARM.exidx.text.__aeabi_unwind_cpp_pr0
                0x080038c8        0x8 C:/Program Files (x86)/Arm GNU Toolchain arm-none-eabi/14.2 rel1/bin/../lib/gcc/arm-none-eabi/14.2.1/thumb/v7e-m+fp/hard\libgcc.a(unwind-arm.o)
 .ARM.exidx.text.__aeabi_unwind_cpp_pr1
                0x080038d0        0x0 C:/Program Files (x86)/Arm GNU Toolchain arm-none-eabi/14.2 rel1/bin/../lib/gcc/arm-none-eabi/14.2.1/thumb/v7e-m+fp/hard\libgcc.a(unwind-arm.o)
                                  0x8 (size before relaxing)
 .ARM.exidx.text.__aeabi_unwind_cpp_pr2
                0x080038d0        0x0 C:/Program Files (x86)/Arm GNU Toolchain arm-none-eabi/14.2 rel1/bin/../lib/gcc/arm-none-eabi/14.2.1/thumb/v7e-m+fp/hard\libgcc.a(unwind-arm.o)
                                  0x8 (size before relaxing)
 .ARM.exidx.text._Unwind_VRS_Pop
                0x080038d0        0x8 C:/Program Files (x86)/Arm GNU Toolchain arm-none-eabi/14.2 rel1/bin/../lib/gcc/arm-none-eabi/14.2.1/thumb/v7e-m+fp/hard\libgcc.a(unwind-arm.o)
 .ARM.exidx.text.next_unwind_byte
                0x080038d8        0x8 C:/Program Files (x86)/Arm GNU Toolchain arm-none-eabi/14.2 rel1/bin/../lib/gcc/arm-none-eabi/14.2.1/thumb/v7e-m+fp/hard\libgcc.a(pr-support.o)
 .ARM.exidx.text.__gnu_unwind_execute
                0x080038e0       0x10 C:/Program Files (x86)/Arm GNU Toolchain arm-none-eabi/14.2 rel1/bin/../lib/gcc/arm-none-eabi/14.2.1/thumb/v7e-m+fp/hard\libgcc.a(pr-support.o)
                                  0x8 (size before relaxing)
                0x080038f0                        __exidx_end = .
                0x080038f0                        . = ALIGN (0x4)

.preinit_array  0x080038f0        0x0
                0x080038f0                        . = ALIGN (0x4)
                0x080038f0                        PROVIDE (__preinit_array_start = .)
 *(.preinit_array*)
                0x080038f0                        PROVIDE (__preinit_array_end = .)
                0x080038f0                        . = ALIGN (0x4)

.init_array     0x080038f0        0x8
                0x080038f0                        . = ALIGN (0x4)
                0x080038f0                        PROVIDE (__init_array_start = .)
 *(SORT_BY_NAME(.init_array.*))
 *(.init_array*)
 .init_array    0x080038f0        0x4 C:/Program Files (x86)/Arm GNU Toolchain arm-none-eabi/14.2 rel1/bin/../lib/gcc/arm-none-eabi/14.2.1/thumb/v7e-m+fp/hard/crtbegin.o
 .init_array    0x080038f4        0x4 build/main.o
                0x080038f8                        PROVIDE (__init_array_end = .)
                0x080038f8                        . = ALIGN (0x4)

.fini_array     0x080038f8        0x4
                0x080038f8                        . = ALIGN (0x4)
                [!provide]                        PROVIDE (__fini_array_start = .)
 *(SORT_BY_NAME(.fini_array.*))
 *(.fini_array*)
 .fini_array    0x080038f8        0x4 C:/Program Files (x86)/Arm GNU Toolchain arm-none-eabi/14.2 rel1/bin/../lib/gcc/arm-none-eabi/14.2.1/thumb/v7e-m+fp/hard/crtbegin.o
                [!provide]                        PROVIDE (__fini_array_end = .)
                0x080038fc                        . = ALIGN (0x4)
                0x080038fc                        _sidata = LOADADDR (.data)

.rel.dyn        0x080038fc        0x0
 .rel.iplt      0x080038fc        0x0 C:/Program Files (x86)/Arm GNU Toolchain arm-none-eabi/14.2 rel1/bin/../lib/gcc/arm-none-eabi/14.2.1/thumb/v7e-m+fp/hard/crtbegin.o

.data           0x20000000       0x50 load address 0x080038fc
                0x20000000                        . = ALIGN (0x4)
                0x20000000                        _sdata = .
 *(.data)
 *(.data*)
 .data._impure_ptr
                0x20000000        0x4 C:/Program Files (x86)/Arm GNU Toolchain arm-none-eabi/14.2 rel1/bin/../lib/gcc/arm-none-eabi/14.2.1/thumb/v7e-m+fp/hard\libg_nano.a(libc_a-impure.o)
                0x20000000                _impure_ptr
 .data._impure_data
                0x20000004       0x4c C:/Program Files (x86)/Arm GNU Toolchain arm-none-eabi/14.2 rel1/bin/../lib/gcc/arm-none-eabi/14.2.1/thumb/v7e-m+fp/hard\libg_nano.a(libc_a-impure.o)
                0x20000004                _impure_data
                0x20000050                        . = ALIGN (0x4)
                0x20000050                        _edata = .

.tm_clone_table
                0x20000050        0x0 load address 0x0800394c
 .tm_clone_table
                0x20000050        0x0 C:/Program Files (x86)/Arm GNU Toolchain arm-none-eabi/14.2 rel1/bin/../lib/gcc/arm-none-eabi/14.2.1/thumb/v7e-m+fp/hard/crtbegin.o
 .tm_clone_table
                0x20000050        0x0 C:/Program Files (x86)/Arm GNU Toolchain arm-none-eabi/14.2 rel1/bin/../lib/gcc/arm-none-eabi/14.2.1/thumb/v7e-m+fp/hard/crtend.o

.igot.plt       0x20000050        0x0 load address 0x0800394c
 .igot.plt      0x20000050        0x0 C:/Program Files (x86)/Arm GNU Toolchain arm-none-eabi/14.2 rel1/bin/../lib/gcc/arm-none-eabi/14.2.1/thumb/v7e-m+fp/hard/crtbegin.o
                0x20000050                        . = ALIGN (0x4)

.bss            0x20000050      0x9d0 load address 0x0800394c
                0x20000050                        _sbss = .
                0x20000050                        __bss_start__ = _sbss
 *(.bss)
 *(.bss*)
 .bss.completed.1
                0x20000050        0x1 C:/Program Files (x86)/Arm GNU Toolchain arm-none-eabi/14.2 rel1/bin/../lib/gcc/arm-none-eabi/14.2.1/thumb/v7e-m+fp/hard/crtbegin.o
 *fill*         0x20000051        0x3 
 .bss.object.0  0x20000054       0x18 C:/Program Files (x86)/Arm GNU Toolchain arm-none-eabi/14.2 rel1/bin/../lib/gcc/arm-none-eabi/14.2.1/thumb/v7e-m+fp/hard/crtbegin.o
 .bss.oled_device
                0x2000006c       0x18 build/main.o
                0x2000006c                oled_device
 .bss.canvas    0x20000084      0x40c build/main.o
                0x20000084                canvas
 .bss.oled_interface
                0x20000490      0x424 build/main.o
                0x20000490                oled_interface
 .bss.vol       0x200008b4       0x24 build/main.o
                0x200008b4                vol
 .bss.__malloc_sbrk_start
                0x200008d8        0x4 C:/Program Files (x86)/Arm GNU Toolchain arm-none-eabi/14.2 rel1/bin/../lib/gcc/arm-none-eabi/14.2.1/thumb/v7e-m+fp/hard\libg_nano.a(libc_a-mallocr.o)
                0x200008d8                __malloc_sbrk_start
 .bss.__malloc_free_list
                0x200008dc        0x4 C:/Program Files (x86)/Arm GNU Toolchain arm-none-eabi/14.2 rel1/bin/../lib/gcc/arm-none-eabi/14.2.1/thumb/v7e-m+fp/hard\libg_nano.a(libc_a-mallocr.o)
                0x200008dc                __malloc_free_list
 .bss.__sf      0x200008e0      0x138 C:/Program Files (x86)/Arm GNU Toolchain arm-none-eabi/14.2 rel1/bin/../lib/gcc/arm-none-eabi/14.2.1/thumb/v7e-m+fp/hard\libg_nano.a(libc_a-findfp.o)
                0x200008e0                __sf
 .bss.errno     0x20000a18        0x4 C:/Program Files (x86)/Arm GNU Toolchain arm-none-eabi/14.2 rel1/bin/../lib/gcc/arm-none-eabi/14.2.1/thumb/v7e-m+fp/hard\libg_nano.a(libc_a-reent.o)
                0x20000a18                errno
 .bss.__lock___malloc_recursive_mutex
                0x20000a1c        0x1 C:/Program Files (x86)/Arm GNU Toolchain arm-none-eabi/14.2 rel1/bin/../lib/gcc/arm-none-eabi/14.2.1/thumb/v7e-m+fp/hard\libg_nano.a(libc_a-lock.o)
                0x20000a1c                __lock___malloc_recursive_mutex
 *(COMMON)
                0x20000a20                        . = ALIGN (0x4)
 *fill*         0x20000a1d        0x3 
                0x20000a20                        _ebss = .
                0x20000a20                        __bss_end__ = _ebss

._user_heap_stack
                0x20000a20      0x600 load address 0x0800394c
                0x20000a20                        . = ALIGN (0x8)
                [!provide]                        PROVIDE (end = .)
                [!provide]                        PROVIDE (_end = .)
                0x20000c20                        . = (. + _Min_Heap_Size)
 *fill*         0x20000a20      0x200 
                0x20001020                        . = (. + _Min_Stack_Size)
 *fill*         0x20000c20      0x400 
                0x20001020                        . = ALIGN (0x8)

/DISCARD/
 libc.a(*)
 libm.a(*)
 libgcc.a(*)

.ARM.attributes
                0x00000000       0x2e
 *(.ARM.attributes)
 .ARM.attributes
                0x00000000       0x22 C:/Program Files (x86)/Arm GNU Toolchain arm-none-eabi/14.2 rel1/bin/../lib/gcc/arm-none-eabi/14.2.1/thumb/v7e-m+fp/hard/crti.o
 .ARM.attributes
                0x00000022       0x34 C:/Program Files (x86)/Arm GNU Toolchain arm-none-eabi/14.2 rel1/bin/../lib/gcc/arm-none-eabi/14.2.1/thumb/v7e-m+fp/hard/crtbegin.o
 .ARM.attributes
                0x00000056       0x32 build/stm32g4xx_ll_gpio.o
 .ARM.attributes
                0x00000088       0x32 build/system_stm32g4xx.o
 .ARM.attributes
                0x000000ba       0x21 build/startup_stm32g431xx.o
 .ARM.attributes
                0x000000db       0x32 build/syscall.o
 .ARM.attributes
                0x0000010d       0x32 build/interupt.o
 .ARM.attributes
                0x0000013f       0x32 build/main.o
 .ARM.attributes
                0x00000171       0x32 build/oled_interface_ll.o
 .ARM.attributes
                0x000001a3       0x32 build/pid.o
 .ARM.attributes
                0x000001d5       0x32 build/oled.o
 .ARM.attributes
                0x00000207       0x32 build/oled_canvas_char.o
 .ARM.attributes
                0x00000239       0x32 build/oled_device_ssd1306.o
 .ARM.attributes
                0x0000026b       0x34 C:/Program Files (x86)/Arm GNU Toolchain arm-none-eabi/14.2 rel1/bin/../lib/gcc/arm-none-eabi/14.2.1/thumb/v7e-m+fp/hard\libstdc++_nano.a(class_type_info.o)
 .ARM.attributes
                0x0000029f       0x34 C:/Program Files (x86)/Arm GNU Toolchain arm-none-eabi/14.2 rel1/bin/../lib/gcc/arm-none-eabi/14.2.1/thumb/v7e-m+fp/hard\libstdc++_nano.a(del_ops.o)
 .ARM.attributes
                0x000002d3       0x34 C:/Program Files (x86)/Arm GNU Toolchain arm-none-eabi/14.2 rel1/bin/../lib/gcc/arm-none-eabi/14.2.1/thumb/v7e-m+fp/hard\libstdc++_nano.a(si_class_type_info.o)
 .ARM.attributes
                0x00000307       0x34 C:/Program Files (x86)/Arm GNU Toolchain arm-none-eabi/14.2 rel1/bin/../lib/gcc/arm-none-eabi/14.2.1/thumb/v7e-m+fp/hard\libstdc++_nano.a(tinfo.o)
 .ARM.attributes
                0x0000033b       0x34 C:/Program Files (x86)/Arm GNU Toolchain arm-none-eabi/14.2 rel1/bin/../lib/gcc/arm-none-eabi/14.2.1/thumb/v7e-m+fp/hard\libstdc++_nano.a(vmi_class_type_info.o)
 .ARM.attributes
                0x0000036f       0x34 C:/Program Files (x86)/Arm GNU Toolchain arm-none-eabi/14.2 rel1/bin/../lib/gcc/arm-none-eabi/14.2.1/thumb/v7e-m+fp/hard\libstdc++_nano.a(del_op.o)
 .ARM.attributes
                0x000003a3       0x34 C:/Program Files (x86)/Arm GNU Toolchain arm-none-eabi/14.2 rel1/bin/../lib/gcc/arm-none-eabi/14.2.1/thumb/v7e-m+fp/hard\libgcc.a(unwind-arm.o)
 .ARM.attributes
                0x000003d7       0x22 C:/Program Files (x86)/Arm GNU Toolchain arm-none-eabi/14.2 rel1/bin/../lib/gcc/arm-none-eabi/14.2.1/thumb/v7e-m+fp/hard\libgcc.a(libunwind.o)
 .ARM.attributes
                0x000003f9       0x34 C:/Program Files (x86)/Arm GNU Toolchain arm-none-eabi/14.2 rel1/bin/../lib/gcc/arm-none-eabi/14.2.1/thumb/v7e-m+fp/hard\libgcc.a(pr-support.o)
 .ARM.attributes
                0x0000042d       0x34 C:/Program Files (x86)/Arm GNU Toolchain arm-none-eabi/14.2 rel1/bin/../lib/gcc/arm-none-eabi/14.2.1/thumb/v7e-m+fp/hard\libg_nano.a(libc_a-abort.o)
 .ARM.attributes
                0x00000461       0x34 C:/Program Files (x86)/Arm GNU Toolchain arm-none-eabi/14.2 rel1/bin/../lib/gcc/arm-none-eabi/14.2.1/thumb/v7e-m+fp/hard\libg_nano.a(libc_a-malloc.o)
 .ARM.attributes
                0x00000495       0x34 C:/Program Files (x86)/Arm GNU Toolchain arm-none-eabi/14.2 rel1/bin/../lib/gcc/arm-none-eabi/14.2.1/thumb/v7e-m+fp/hard\libg_nano.a(libc_a-mallocr.o)
 .ARM.attributes
                0x000004c9       0x34 C:/Program Files (x86)/Arm GNU Toolchain arm-none-eabi/14.2 rel1/bin/../lib/gcc/arm-none-eabi/14.2.1/thumb/v7e-m+fp/hard\libg_nano.a(libc_a-mlock.o)
 .ARM.attributes
                0x000004fd       0x34 C:/Program Files (x86)/Arm GNU Toolchain arm-none-eabi/14.2 rel1/bin/../lib/gcc/arm-none-eabi/14.2.1/thumb/v7e-m+fp/hard\libg_nano.a(libc_a-findfp.o)
 .ARM.attributes
                0x00000531       0x34 C:/Program Files (x86)/Arm GNU Toolchain arm-none-eabi/14.2 rel1/bin/../lib/gcc/arm-none-eabi/14.2.1/thumb/v7e-m+fp/hard\libg_nano.a(libc_a-sprintf.o)
 .ARM.attributes
                0x00000565       0x34 C:/Program Files (x86)/Arm GNU Toolchain arm-none-eabi/14.2 rel1/bin/../lib/gcc/arm-none-eabi/14.2.1/thumb/v7e-m+fp/hard\libg_nano.a(libc_a-memset.o)
 .ARM.attributes
                0x00000599       0x34 C:/Program Files (x86)/Arm GNU Toolchain arm-none-eabi/14.2 rel1/bin/../lib/gcc/arm-none-eabi/14.2.1/thumb/v7e-m+fp/hard\libg_nano.a(libc_a-signal.o)
 .ARM.attributes
                0x000005cd       0x34 C:/Program Files (x86)/Arm GNU Toolchain arm-none-eabi/14.2 rel1/bin/../lib/gcc/arm-none-eabi/14.2.1/thumb/v7e-m+fp/hard\libg_nano.a(libc_a-reent.o)
 .ARM.attributes
                0x00000601       0x34 C:/Program Files (x86)/Arm GNU Toolchain arm-none-eabi/14.2 rel1/bin/../lib/gcc/arm-none-eabi/14.2.1/thumb/v7e-m+fp/hard\libg_nano.a(libc_a-impure.o)
 .ARM.attributes
                0x00000635       0x34 C:/Program Files (x86)/Arm GNU Toolchain arm-none-eabi/14.2 rel1/bin/../lib/gcc/arm-none-eabi/14.2.1/thumb/v7e-m+fp/hard\libg_nano.a(libc_a-signalr.o)
 .ARM.attributes
                0x00000669       0x34 C:/Program Files (x86)/Arm GNU Toolchain arm-none-eabi/14.2 rel1/bin/../lib/gcc/arm-none-eabi/14.2.1/thumb/v7e-m+fp/hard\libg_nano.a(libc_a-sbrkr.o)
 .ARM.attributes
                0x0000069d       0x34 C:/Program Files (x86)/Arm GNU Toolchain arm-none-eabi/14.2 rel1/bin/../lib/gcc/arm-none-eabi/14.2.1/thumb/v7e-m+fp/hard\libg_nano.a(libc_a-init.o)
 .ARM.attributes
                0x000006d1       0x34 C:/Program Files (x86)/Arm GNU Toolchain arm-none-eabi/14.2 rel1/bin/../lib/gcc/arm-none-eabi/14.2.1/thumb/v7e-m+fp/hard\libg_nano.a(libc_a-lock.o)
 .ARM.attributes
                0x00000705       0x20 C:/Program Files (x86)/Arm GNU Toolchain arm-none-eabi/14.2 rel1/bin/../lib/gcc/arm-none-eabi/14.2.1/thumb/v7e-m+fp/hard\libg_nano.a(libc_a-strcmp.o)
 .ARM.attributes
                0x00000725       0x34 C:/Program Files (x86)/Arm GNU Toolchain arm-none-eabi/14.2 rel1/bin/../lib/gcc/arm-none-eabi/14.2.1/thumb/v7e-m+fp/hard\libg_nano.a(libc_a-memcpy-stub.o)
 .ARM.attributes
                0x00000759       0x34 C:/Program Files (x86)/Arm GNU Toolchain arm-none-eabi/14.2 rel1/bin/../lib/gcc/arm-none-eabi/14.2.1/thumb/v7e-m+fp/hard\libg_nano.a(libc_a-freer.o)
 .ARM.attributes
                0x0000078d       0x34 C:/Program Files (x86)/Arm GNU Toolchain arm-none-eabi/14.2 rel1/bin/../lib/gcc/arm-none-eabi/14.2.1/thumb/v7e-m+fp/hard\libg_nano.a(libc_a-nano-svfprintf.o)
 .ARM.attributes
                0x000007c1       0x34 C:/Program Files (x86)/Arm GNU Toolchain arm-none-eabi/14.2 rel1/bin/../lib/gcc/arm-none-eabi/14.2.1/thumb/v7e-m+fp/hard\libg_nano.a(libc_a-nano-vfprintf_i.o)
 .ARM.attributes
                0x000007f5       0x34 C:/Program Files (x86)/Arm GNU Toolchain arm-none-eabi/14.2 rel1/bin/../lib/gcc/arm-none-eabi/14.2.1/thumb/v7e-m+fp/hard\libg_nano.a(libc_a-memmove.o)
 .ARM.attributes
                0x00000829       0x1c C:/Program Files (x86)/Arm GNU Toolchain arm-none-eabi/14.2 rel1/bin/../lib/gcc/arm-none-eabi/14.2.1/thumb/v7e-m+fp/hard\libg_nano.a(libc_a-memchr.o)
 .ARM.attributes
                0x00000845       0x34 C:/Program Files (x86)/Arm GNU Toolchain arm-none-eabi/14.2 rel1/bin/../lib/gcc/arm-none-eabi/14.2.1/thumb/v7e-m+fp/hard\libg_nano.a(libc_a-reallocr.o)
 .ARM.attributes
                0x00000879       0x34 C:/Program Files (x86)/Arm GNU Toolchain arm-none-eabi/14.2 rel1/bin/../lib/gcc/arm-none-eabi/14.2.1/thumb/v7e-m+fp/hard\libg_nano.a(libc_a-msizer.o)
 .ARM.attributes
                0x000008ad       0x34 C:/Program Files (x86)/Arm GNU Toolchain arm-none-eabi/14.2 rel1/bin/../lib/gcc/arm-none-eabi/14.2.1/thumb/v7e-m+fp/hard/crtend.o
 .ARM.attributes
                0x000008e1       0x22 C:/Program Files (x86)/Arm GNU Toolchain arm-none-eabi/14.2 rel1/bin/../lib/gcc/arm-none-eabi/14.2.1/thumb/v7e-m+fp/hard/crtn.o
OUTPUT(bin/main.elf elf32-littlearm)
LOAD linker stubs
LOAD C:/Program Files (x86)/Arm GNU Toolchain arm-none-eabi/14.2 rel1/bin/../lib/gcc/arm-none-eabi/14.2.1/thumb/v7e-m+fp/hard\libc.a
LOAD C:/Program Files (x86)/Arm GNU Toolchain arm-none-eabi/14.2 rel1/bin/../lib/gcc/arm-none-eabi/14.2.1/thumb/v7e-m+fp/hard\libm.a
LOAD C:/Program Files (x86)/Arm GNU Toolchain arm-none-eabi/14.2 rel1/bin/../lib/gcc/arm-none-eabi/14.2.1/thumb/v7e-m+fp/hard\libgcc.a

.debug_info     0x00000000     0x6e1f
 .debug_info    0x00000000      0xd36 build/stm32g4xx_ll_gpio.o
 .debug_info    0x00000d36      0x619 build/system_stm32g4xx.o
 .debug_info    0x0000134f       0x30 build/startup_stm32g431xx.o
 .debug_info    0x0000137f      0x230 build/syscall.o
 .debug_info    0x000015af      0x4d5 build/interupt.o
 .debug_info    0x00001a84     0x1a2a build/main.o
 .debug_info    0x000034ae     0x220c build/oled_interface_ll.o
 .debug_info    0x000056ba      0x4d8 build/pid.o
 .debug_info    0x00005b92      0x37d build/oled.o
 .debug_info    0x00005f0f      0x424 build/oled_canvas_char.o
 .debug_info    0x00006333      0xaec build/oled_device_ssd1306.o

.debug_abbrev   0x00000000     0x1d16
 .debug_abbrev  0x00000000      0x2be build/stm32g4xx_ll_gpio.o
 .debug_abbrev  0x000002be      0x147 build/system_stm32g4xx.o
 .debug_abbrev  0x00000405       0x24 build/startup_stm32g431xx.o
 .debug_abbrev  0x00000429      0x100 build/syscall.o
 .debug_abbrev  0x00000529      0x17e build/interupt.o
 .debug_abbrev  0x000006a7      0x518 build/main.o
 .debug_abbrev  0x00000bbf      0x60a build/oled_interface_ll.o
 .debug_abbrev  0x000011c9      0x2ba build/pid.o
 .debug_abbrev  0x00001483      0x258 build/oled.o
 .debug_abbrev  0x000016db      0x206 build/oled_canvas_char.o
 .debug_abbrev  0x000018e1      0x435 build/oled_device_ssd1306.o

.debug_loclists
                0x00000000     0x1702
 .debug_loclists
                0x00000000      0x41c build/stm32g4xx_ll_gpio.o
 .debug_loclists
                0x0000041c       0x7e build/system_stm32g4xx.o
 .debug_loclists
                0x0000049a       0xba build/syscall.o
 .debug_loclists
                0x00000554       0x50 build/interupt.o
 .debug_loclists
                0x000005a4      0x27a build/main.o
 .debug_loclists
                0x0000081e      0x77b build/oled_interface_ll.o
 .debug_loclists
                0x00000f99       0xac build/pid.o
 .debug_loclists
                0x00001045       0x7c build/oled.o
 .debug_loclists
                0x000010c1      0x1f8 build/oled_canvas_char.o
 .debug_loclists
                0x000012b9      0x449 build/oled_device_ssd1306.o

.debug_aranges  0x00000000      0x298
 .debug_aranges
                0x00000000       0x38 build/stm32g4xx_ll_gpio.o
 .debug_aranges
                0x00000038       0x28 build/system_stm32g4xx.o
 .debug_aranges
                0x00000060       0x28 build/startup_stm32g431xx.o
 .debug_aranges
                0x00000088       0x58 build/syscall.o
 .debug_aranges
                0x000000e0       0x20 build/interupt.o
 .debug_aranges
                0x00000100       0x40 build/main.o
 .debug_aranges
                0x00000140       0x68 build/oled_interface_ll.o
 .debug_aranges
                0x000001a8       0x40 build/pid.o
 .debug_aranges
                0x000001e8       0x38 build/oled.o
 .debug_aranges
                0x00000220       0x38 build/oled_canvas_char.o
 .debug_aranges
                0x00000258       0x40 build/oled_device_ssd1306.o

.debug_rnglists
                0x00000000      0x358
 .debug_rnglists
                0x00000000       0x75 build/stm32g4xx_ll_gpio.o
 .debug_rnglists
                0x00000075       0x19 build/system_stm32g4xx.o
 .debug_rnglists
                0x0000008e       0x19 build/startup_stm32g431xx.o
 .debug_rnglists
                0x000000a7       0x3d build/syscall.o
 .debug_rnglists
                0x000000e4       0x13 build/interupt.o
 .debug_rnglists
                0x000000f7       0x8a build/main.o
 .debug_rnglists
                0x00000181      0x103 build/oled_interface_ll.o
 .debug_rnglists
                0x00000284       0x2b build/pid.o
 .debug_rnglists
                0x000002af       0x25 build/oled.o
 .debug_rnglists
                0x000002d4       0x31 build/oled_canvas_char.o
 .debug_rnglists
                0x00000305       0x53 build/oled_device_ssd1306.o

.debug_line     0x00000000     0x304d
 .debug_line    0x00000000      0x7f7 build/stm32g4xx_ll_gpio.o
 .debug_line    0x000007f7      0x25f build/system_stm32g4xx.o
 .debug_line    0x00000a56       0x7b build/startup_stm32g431xx.o
 .debug_line    0x00000ad1      0x17a build/syscall.o
 .debug_line    0x00000c4b      0x1fa build/interupt.o
 .debug_line    0x00000e45      0x81a build/main.o
 .debug_line    0x0000165f      0xd2f build/oled_interface_ll.o
 .debug_line    0x0000238e      0x185 build/pid.o
 .debug_line    0x00002513      0x291 build/oled.o
 .debug_line    0x000027a4      0x3d4 build/oled_canvas_char.o
 .debug_line    0x00002b78      0x4d5 build/oled_device_ssd1306.o

.debug_str      0x00000000     0x1e55
 .debug_str     0x00000000     0x1e55 build/stm32g4xx_ll_gpio.o
                                0x4c4 (size before relaxing)
 .debug_str     0x00001e55      0x411 build/system_stm32g4xx.o
 .debug_str     0x00001e55       0x4f build/startup_stm32g431xx.o
 .debug_str     0x00001e55      0x1a7 build/syscall.o
 .debug_str     0x00001e55      0x2df build/interupt.o
 .debug_str     0x00001e55      0xc5a build/main.o
 .debug_str     0x00001e55     0x120a build/oled_interface_ll.o
 .debug_str     0x00001e55      0x2c8 build/pid.o
 .debug_str     0x00001e55      0x389 build/oled.o
 .debug_str     0x00001e55      0x361 build/oled_canvas_char.o
 .debug_str     0x00001e55      0x71b build/oled_device_ssd1306.o

.comment        0x00000000       0x45
 .comment       0x00000000       0x45 build/stm32g4xx_ll_gpio.o
                                 0x46 (size before relaxing)
 .comment       0x00000045       0x46 build/system_stm32g4xx.o
 .comment       0x00000045       0x46 build/syscall.o
 .comment       0x00000045       0x46 build/interupt.o
 .comment       0x00000045       0x46 build/main.o
 .comment       0x00000045       0x46 build/oled_interface_ll.o
 .comment       0x00000045       0x46 build/pid.o
 .comment       0x00000045       0x46 build/oled.o
 .comment       0x00000045       0x46 build/oled_canvas_char.o
 .comment       0x00000045       0x46 build/oled_device_ssd1306.o

.debug_frame    0x00000000     0x1344
 .debug_frame   0x00000000       0x70 build/stm32g4xx_ll_gpio.o
 .debug_frame   0x00000070       0x38 build/system_stm32g4xx.o
 .debug_frame   0x000000a8       0x90 build/syscall.o
 .debug_frame   0x00000138       0x20 build/interupt.o
 .debug_frame   0x00000158       0x84 build/main.o
 .debug_frame   0x000001dc       0xfc build/oled_interface_ll.o
 .debug_frame   0x000002d8       0x78 build/pid.o
 .debug_frame   0x00000350       0x68 build/oled.o
 .debug_frame   0x000003b8       0x7c build/oled_canvas_char.o
 .debug_frame   0x00000434       0xa0 build/oled_device_ssd1306.o
 .debug_frame   0x000004d4       0xd8 C:/Program Files (x86)/Arm GNU Toolchain arm-none-eabi/14.2 rel1/bin/../lib/gcc/arm-none-eabi/14.2.1/thumb/v7e-m+fp/hard\libstdc++_nano.a(class_type_info.o)
 .debug_frame   0x000005ac       0x20 C:/Program Files (x86)/Arm GNU Toolchain arm-none-eabi/14.2 rel1/bin/../lib/gcc/arm-none-eabi/14.2.1/thumb/v7e-m+fp/hard\libstdc++_nano.a(del_ops.o)
 .debug_frame   0x000005cc       0xd4 C:/Program Files (x86)/Arm GNU Toolchain arm-none-eabi/14.2 rel1/bin/../lib/gcc/arm-none-eabi/14.2.1/thumb/v7e-m+fp/hard\libstdc++_nano.a(si_class_type_info.o)
 .debug_frame   0x000006a0       0x80 C:/Program Files (x86)/Arm GNU Toolchain arm-none-eabi/14.2 rel1/bin/../lib/gcc/arm-none-eabi/14.2.1/thumb/v7e-m+fp/hard\libstdc++_nano.a(tinfo.o)
 .debug_frame   0x00000720       0xfc C:/Program Files (x86)/Arm GNU Toolchain arm-none-eabi/14.2 rel1/bin/../lib/gcc/arm-none-eabi/14.2.1/thumb/v7e-m+fp/hard\libstdc++_nano.a(vmi_class_type_info.o)
 .debug_frame   0x0000081c       0x20 C:/Program Files (x86)/Arm GNU Toolchain arm-none-eabi/14.2 rel1/bin/../lib/gcc/arm-none-eabi/14.2.1/thumb/v7e-m+fp/hard\libstdc++_nano.a(del_op.o)
 .debug_frame   0x0000083c      0x2cc C:/Program Files (x86)/Arm GNU Toolchain arm-none-eabi/14.2 rel1/bin/../lib/gcc/arm-none-eabi/14.2.1/thumb/v7e-m+fp/hard\libgcc.a(unwind-arm.o)
 .debug_frame   0x00000b08      0x104 C:/Program Files (x86)/Arm GNU Toolchain arm-none-eabi/14.2 rel1/bin/../lib/gcc/arm-none-eabi/14.2.1/thumb/v7e-m+fp/hard\libgcc.a(pr-support.o)
 .debug_frame   0x00000c0c       0x28 C:/Program Files (x86)/Arm GNU Toolchain arm-none-eabi/14.2 rel1/bin/../lib/gcc/arm-none-eabi/14.2.1/thumb/v7e-m+fp/hard\libg_nano.a(libc_a-abort.o)
 .debug_frame   0x00000c34       0x30 C:/Program Files (x86)/Arm GNU Toolchain arm-none-eabi/14.2 rel1/bin/../lib/gcc/arm-none-eabi/14.2.1/thumb/v7e-m+fp/hard\libg_nano.a(libc_a-malloc.o)
 .debug_frame   0x00000c64       0x50 C:/Program Files (x86)/Arm GNU Toolchain arm-none-eabi/14.2 rel1/bin/../lib/gcc/arm-none-eabi/14.2.1/thumb/v7e-m+fp/hard\libg_nano.a(libc_a-mallocr.o)
 .debug_frame   0x00000cb4       0x30 C:/Program Files (x86)/Arm GNU Toolchain arm-none-eabi/14.2 rel1/bin/../lib/gcc/arm-none-eabi/14.2.1/thumb/v7e-m+fp/hard\libg_nano.a(libc_a-mlock.o)
 .debug_frame   0x00000ce4      0x144 C:/Program Files (x86)/Arm GNU Toolchain arm-none-eabi/14.2 rel1/bin/../lib/gcc/arm-none-eabi/14.2.1/thumb/v7e-m+fp/hard\libg_nano.a(libc_a-findfp.o)
 .debug_frame   0x00000e28       0x74 C:/Program Files (x86)/Arm GNU Toolchain arm-none-eabi/14.2 rel1/bin/../lib/gcc/arm-none-eabi/14.2.1/thumb/v7e-m+fp/hard\libg_nano.a(libc_a-sprintf.o)
 .debug_frame   0x00000e9c       0x20 C:/Program Files (x86)/Arm GNU Toolchain arm-none-eabi/14.2 rel1/bin/../lib/gcc/arm-none-eabi/14.2.1/thumb/v7e-m+fp/hard\libg_nano.a(libc_a-memset.o)
 .debug_frame   0x00000ebc       0xcc C:/Program Files (x86)/Arm GNU Toolchain arm-none-eabi/14.2 rel1/bin/../lib/gcc/arm-none-eabi/14.2.1/thumb/v7e-m+fp/hard\libg_nano.a(libc_a-signal.o)
 .debug_frame   0x00000f88       0x38 C:/Program Files (x86)/Arm GNU Toolchain arm-none-eabi/14.2 rel1/bin/../lib/gcc/arm-none-eabi/14.2.1/thumb/v7e-m+fp/hard\libg_nano.a(libc_a-reent.o)
 .debug_frame   0x00000fc0       0x3c C:/Program Files (x86)/Arm GNU Toolchain arm-none-eabi/14.2 rel1/bin/../lib/gcc/arm-none-eabi/14.2.1/thumb/v7e-m+fp/hard\libg_nano.a(libc_a-signalr.o)
 .debug_frame   0x00000ffc       0x2c C:/Program Files (x86)/Arm GNU Toolchain arm-none-eabi/14.2 rel1/bin/../lib/gcc/arm-none-eabi/14.2.1/thumb/v7e-m+fp/hard\libg_nano.a(libc_a-sbrkr.o)
 .debug_frame   0x00001028       0x2c C:/Program Files (x86)/Arm GNU Toolchain arm-none-eabi/14.2 rel1/bin/../lib/gcc/arm-none-eabi/14.2.1/thumb/v7e-m+fp/hard\libg_nano.a(libc_a-init.o)
 .debug_frame   0x00001054       0xb0 C:/Program Files (x86)/Arm GNU Toolchain arm-none-eabi/14.2 rel1/bin/../lib/gcc/arm-none-eabi/14.2.1/thumb/v7e-m+fp/hard\libg_nano.a(libc_a-lock.o)
 .debug_frame   0x00001104       0x20 C:/Program Files (x86)/Arm GNU Toolchain arm-none-eabi/14.2 rel1/bin/../lib/gcc/arm-none-eabi/14.2.1/thumb/v7e-m+fp/hard\libg_nano.a(libc_a-strcmp.o)
 .debug_frame   0x00001124       0x28 C:/Program Files (x86)/Arm GNU Toolchain arm-none-eabi/14.2 rel1/bin/../lib/gcc/arm-none-eabi/14.2.1/thumb/v7e-m+fp/hard\libg_nano.a(libc_a-memcpy-stub.o)
 .debug_frame   0x0000114c       0x38 C:/Program Files (x86)/Arm GNU Toolchain arm-none-eabi/14.2 rel1/bin/../lib/gcc/arm-none-eabi/14.2.1/thumb/v7e-m+fp/hard\libg_nano.a(libc_a-freer.o)
 .debug_frame   0x00001184       0x90 C:/Program Files (x86)/Arm GNU Toolchain arm-none-eabi/14.2 rel1/bin/../lib/gcc/arm-none-eabi/14.2.1/thumb/v7e-m+fp/hard\libg_nano.a(libc_a-nano-svfprintf.o)
 .debug_frame   0x00001214       0x60 C:/Program Files (x86)/Arm GNU Toolchain arm-none-eabi/14.2 rel1/bin/../lib/gcc/arm-none-eabi/14.2.1/thumb/v7e-m+fp/hard\libg_nano.a(libc_a-nano-vfprintf_i.o)
 .debug_frame   0x00001274       0x28 C:/Program Files (x86)/Arm GNU Toolchain arm-none-eabi/14.2 rel1/bin/../lib/gcc/arm-none-eabi/14.2.1/thumb/v7e-m+fp/hard\libg_nano.a(libc_a-memmove.o)
 .debug_frame   0x0000129c       0x4c C:/Program Files (x86)/Arm GNU Toolchain arm-none-eabi/14.2 rel1/bin/../lib/gcc/arm-none-eabi/14.2.1/thumb/v7e-m+fp/hard\libg_nano.a(libc_a-memchr.o)
 .debug_frame   0x000012e8       0x3c C:/Program Files (x86)/Arm GNU Toolchain arm-none-eabi/14.2 rel1/bin/../lib/gcc/arm-none-eabi/14.2.1/thumb/v7e-m+fp/hard\libg_nano.a(libc_a-reallocr.o)
 .debug_frame   0x00001324       0x20 C:/Program Files (x86)/Arm GNU Toolchain arm-none-eabi/14.2 rel1/bin/../lib/gcc/arm-none-eabi/14.2.1/thumb/v7e-m+fp/hard\libg_nano.a(libc_a-msizer.o)

.debug_line_str
                0x00000000      0x1fb
 .debug_line_str
                0x00000000      0x1fb build/startup_stm32g431xx.o
                                 0x33 (size before relaxing)
 .debug_line_str
                0x000001fb       0xd1 C:/Program Files (x86)/Arm GNU Toolchain arm-none-eabi/14.2 rel1/bin/../lib/gcc/arm-none-eabi/14.2.1/thumb/v7e-m+fp/hard\libgcc.a(libunwind.o)
 .debug_line_str
                0x000001fb       0xee C:/Program Files (x86)/Arm GNU Toolchain arm-none-eabi/14.2 rel1/bin/../lib/gcc/arm-none-eabi/14.2.1/thumb/v7e-m+fp/hard\libg_nano.a(libc_a-strcmp.o)
 .debug_line_str
                0x000001fb       0xe5 C:/Program Files (x86)/Arm GNU Toolchain arm-none-eabi/14.2 rel1/bin/../lib/gcc/arm-none-eabi/14.2.1/thumb/v7e-m+fp/hard\libg_nano.a(libc_a-memchr.o)
