Archive member included to satisfy reference by file (symbol)

C:/Program Files (x86)/Arm GNU Toolchain arm-none-eabi/14.2 rel1/bin/../lib/gcc/arm-none-eabi/14.2.1/thumb/v7e-m+fp/hard\libstdc++_nano.a(class_type_info.o)
                              build/pid.o (vtable for __cxxabiv1::__class_type_info)
C:/Program Files (x86)/Arm GNU Toolchain arm-none-eabi/14.2 rel1/bin/../lib/gcc/arm-none-eabi/14.2.1/thumb/v7e-m+fp/hard\libstdc++_nano.a(del_ops.o)
                              C:/Program Files (x86)/Arm GNU Toolchain arm-none-eabi/14.2 rel1/bin/../lib/gcc/arm-none-eabi/14.2.1/thumb/v7e-m+fp/hard\libstdc++_nano.a(class_type_info.o) (operator delete(void*, unsigned int))
C:/Program Files (x86)/Arm GNU Toolchain arm-none-eabi/14.2 rel1/bin/../lib/gcc/arm-none-eabi/14.2.1/thumb/v7e-m+fp/hard\libstdc++_nano.a(si_class_type_info.o)
                              build/oled_interface_ll.o (vtable for __cxxabiv1::__si_class_type_info)
C:/Program Files (x86)/Arm GNU Toolchain arm-none-eabi/14.2 rel1/bin/../lib/gcc/arm-none-eabi/14.2.1/thumb/v7e-m+fp/hard\libstdc++_nano.a(tinfo.o)
                              C:/Program Files (x86)/Arm GNU Toolchain arm-none-eabi/14.2 rel1/bin/../lib/gcc/arm-none-eabi/14.2.1/thumb/v7e-m+fp/hard\libstdc++_nano.a(class_type_info.o) (std::type_info::~type_info())
C:/Program Files (x86)/Arm GNU Toolchain arm-none-eabi/14.2 rel1/bin/../lib/gcc/arm-none-eabi/14.2.1/thumb/v7e-m+fp/hard\libstdc++_nano.a(vmi_class_type_info.o)
                              build/pid.o (vtable for __cxxabiv1::__vmi_class_type_info)
C:/Program Files (x86)/Arm GNU Toolchain arm-none-eabi/14.2 rel1/bin/../lib/gcc/arm-none-eabi/14.2.1/thumb/v7e-m+fp/hard\libstdc++_nano.a(del_op.o)
                              C:/Program Files (x86)/Arm GNU Toolchain arm-none-eabi/14.2 rel1/bin/../lib/gcc/arm-none-eabi/14.2.1/thumb/v7e-m+fp/hard\libstdc++_nano.a(del_ops.o) (operator delete(void*))
C:/Program Files (x86)/Arm GNU Toolchain arm-none-eabi/14.2 rel1/bin/../lib/gcc/arm-none-eabi/14.2.1/thumb/v7e-m+fp/hard\libm.a(libm_a-wf_pow.o)
                              build/main.o (powf)
C:/Program Files (x86)/Arm GNU Toolchain arm-none-eabi/14.2 rel1/bin/../lib/gcc/arm-none-eabi/14.2.1/thumb/v7e-m+fp/hard\libm.a(libm_a-wf_sqrt.o)
                              build/main.o (sqrtf)
C:/Program Files (x86)/Arm GNU Toolchain arm-none-eabi/14.2 rel1/bin/../lib/gcc/arm-none-eabi/14.2.1/thumb/v7e-m+fp/hard\libm.a(libm_a-sf_finite.o)
                              C:/Program Files (x86)/Arm GNU Toolchain arm-none-eabi/14.2 rel1/bin/../lib/gcc/arm-none-eabi/14.2.1/thumb/v7e-m+fp/hard\libm.a(libm_a-wf_pow.o) (finitef)
C:/Program Files (x86)/Arm GNU Toolchain arm-none-eabi/14.2 rel1/bin/../lib/gcc/arm-none-eabi/14.2.1/thumb/v7e-m+fp/hard\libm.a(libm_a-ef_sqrt.o)
                              C:/Program Files (x86)/Arm GNU Toolchain arm-none-eabi/14.2 rel1/bin/../lib/gcc/arm-none-eabi/14.2.1/thumb/v7e-m+fp/hard\libm.a(libm_a-wf_sqrt.o) (__ieee754_sqrtf)
C:/Program Files (x86)/Arm GNU Toolchain arm-none-eabi/14.2 rel1/bin/../lib/gcc/arm-none-eabi/14.2.1/thumb/v7e-m+fp/hard\libm.a(libm_a-ef_pow.o)
                              C:/Program Files (x86)/Arm GNU Toolchain arm-none-eabi/14.2 rel1/bin/../lib/gcc/arm-none-eabi/14.2.1/thumb/v7e-m+fp/hard\libm.a(libm_a-wf_pow.o) (__ieee754_powf)
C:/Program Files (x86)/Arm GNU Toolchain arm-none-eabi/14.2 rel1/bin/../lib/gcc/arm-none-eabi/14.2.1/thumb/v7e-m+fp/hard\libm.a(libm_a-sf_fabs.o)
                              C:/Program Files (x86)/Arm GNU Toolchain arm-none-eabi/14.2 rel1/bin/../lib/gcc/arm-none-eabi/14.2.1/thumb/v7e-m+fp/hard\libm.a(libm_a-ef_pow.o) (fabsf)
C:/Program Files (x86)/Arm GNU Toolchain arm-none-eabi/14.2 rel1/bin/../lib/gcc/arm-none-eabi/14.2.1/thumb/v7e-m+fp/hard\libm.a(libm_a-sf_scalbn.o)
                              C:/Program Files (x86)/Arm GNU Toolchain arm-none-eabi/14.2 rel1/bin/../lib/gcc/arm-none-eabi/14.2.1/thumb/v7e-m+fp/hard\libm.a(libm_a-ef_pow.o) (scalbnf)
C:/Program Files (x86)/Arm GNU Toolchain arm-none-eabi/14.2 rel1/bin/../lib/gcc/arm-none-eabi/14.2.1/thumb/v7e-m+fp/hard\libm.a(libm_a-math_errf.o)
                              C:/Program Files (x86)/Arm GNU Toolchain arm-none-eabi/14.2 rel1/bin/../lib/gcc/arm-none-eabi/14.2.1/thumb/v7e-m+fp/hard\libm.a(libm_a-ef_pow.o) (__math_uflowf)
C:/Program Files (x86)/Arm GNU Toolchain arm-none-eabi/14.2 rel1/bin/../lib/gcc/arm-none-eabi/14.2.1/thumb/v7e-m+fp/hard\libgcc.a(_arm_muldf3.o)
                              build/printf.o (__aeabi_dmul)
C:/Program Files (x86)/Arm GNU Toolchain arm-none-eabi/14.2 rel1/bin/../lib/gcc/arm-none-eabi/14.2.1/thumb/v7e-m+fp/hard\libgcc.a(_arm_addsubdf3.o)
                              build/printf.o (__aeabi_dsub)
C:/Program Files (x86)/Arm GNU Toolchain arm-none-eabi/14.2 rel1/bin/../lib/gcc/arm-none-eabi/14.2.1/thumb/v7e-m+fp/hard\libgcc.a(_arm_muldivdf3.o)
                              build/printf.o (__aeabi_ddiv)
[...]
Memory Configuration

Name             Origin             Length             Attributes
CCMSRAM          0x10000000         0x00002800         xrw
RAM              0x20000000         0x00005800         xrw
ROM              0x08000000         0x00020000         xr
*default*        0x00000000         0xffffffff

Linker script and memory map

LOAD C:/Program Files (x86)/Arm GNU Toolchain arm-none-eabi/14.2 rel1/bin/../lib/gcc/arm-none-eabi/14.2.1/thumb/v7e-m+fp/hard/crti.o
LOAD C:/Program Files (x86)/Arm GNU Toolchain arm-none-eabi/14.2 rel1/bin/../lib/gcc/arm-none-eabi/14.2.1/thumb/v7e-m+fp/hard/crtbegin.o
LOAD C:/Program Files (x86)/Arm GNU Toolchain arm-none-eabi/14.2 rel1/bin/../lib/gcc/arm-none-eabi/14.2.1/thumb/v7e-m+fp/hard/crt0.o
LOAD driver/cmsis/dsp/lib\libarm_cortexM4lf_math.a
LOAD build/stm32g4xx_ll_adc.o
LOAD build/stm32g4xx_ll_comp.o
LOAD build/stm32g4xx_ll_cordic.o
LOAD build/stm32g4xx_ll_crc.o
LOAD build/stm32g4xx_ll_crs.o
LOAD build/stm32g4xx_ll_dac.o
LOAD build/stm32g4xx_ll_dma.o
LOAD build/stm32g4xx_ll_exti.o
LOAD build/stm32g4xx_ll_fmac.o
LOAD build/stm32g4xx_ll_gpio.o
LOAD build/stm32g4xx_ll_hrtim.o
LOAD build/stm32g4xx_ll_i2c.o
LOAD build/stm32g4xx_ll_lptim.o
LOAD build/stm32g4xx_ll_lpuart.o
LOAD build/stm32g4xx_ll_opamp.o
LOAD build/stm32g4xx_ll_pwr.o
LOAD build/stm32g4xx_ll_rcc.o
LOAD build/stm32g4xx_ll_rng.o
LOAD build/stm32g4xx_ll_rtc.o
LOAD build/stm32g4xx_ll_spi.o
LOAD build/stm32g4xx_ll_tim.o
LOAD build/stm32g4xx_ll_ucpd.o
LOAD build/stm32g4xx_ll_usart.o
LOAD build/stm32g4xx_ll_utils.o
LOAD build/system_stm32g4xx.o
LOAD build/startup_stm32g431xx.o
LOAD build/syscall.o
LOAD build/interupt.o
LOAD build/main.o
LOAD build/oled_interface_ll.o
LOAD build/pid.o
LOAD build/printf.o
LOAD build/oled.o
LOAD build/oled_canvas_char.o
LOAD build/oled_device_ssd1306.o
LOAD C:/Program Files (x86)/Arm GNU Toolchain arm-none-eabi/14.2 rel1/bin/../lib/gcc/arm-none-eabi/14.2.1/thumb/v7e-m+fp/hard\libstdc++_nano.a
LOAD C:/Program Files (x86)/Arm GNU Toolchain arm-none-eabi/14.2 rel1/bin/../lib/gcc/arm-none-eabi/14.2.1/thumb/v7e-m+fp/hard\libm.a
START GROUP
LOAD C:/Program Files (x86)/Arm GNU Toolchain arm-none-eabi/14.2 rel1/bin/../lib/gcc/arm-none-eabi/14.2.1/thumb/v7e-m+fp/hard\libgcc.a
LOAD C:/Program Files (x86)/Arm GNU Toolchain arm-none-eabi/14.2 rel1/bin/../lib/gcc/arm-none-eabi/14.2.1/thumb/v7e-m+fp/hard\libg_nano.a
LOAD C:/Program Files (x86)/Arm GNU Toolchain arm-none-eabi/14.2 rel1/bin/../lib/gcc/arm-none-eabi/14.2.1/thumb/v7e-m+fp/hard\libc_nano.a
END GROUP
START GROUP
LOAD C:/Program Files (x86)/Arm GNU Toolchain arm-none-eabi/14.2 rel1/bin/../lib/gcc/arm-none-eabi/14.2.1/thumb/v7e-m+fp/hard\libgcc.a
LOAD C:/Program Files (x86)/Arm GNU Toolchain arm-none-eabi/14.2 rel1/bin/../lib/gcc/arm-none-eabi/14.2.1/thumb/v7e-m+fp/hard\libc_nano.a
END GROUP
LOAD C:/Program Files (x86)/Arm GNU Toolchain arm-none-eabi/14.2 rel1/bin/../lib/gcc/arm-none-eabi/14.2.1/thumb/v7e-m+fp/hard/crtend.o
LOAD C:/Program Files (x86)/Arm GNU Toolchain arm-none-eabi/14.2 rel1/bin/../lib/gcc/arm-none-eabi/14.2.1/thumb/v7e-m+fp/hard/crtn.o
                0x20005800                        _estack = (ORIGIN (RAM) + LENGTH (RAM))
                0x00000200                        _Min_Heap_Size = 0x200
                0x00000400                        _Min_Stack_Size = 0x400

.isr_vector     0x08000000      0x1d8
                0x08000000                        . = ALIGN (0x4)
 *(.isr_vector)
 .isr_vector    0x08000000      0x1d8 build/startup_stm32g431xx.o
                0x08000000                g_pfnVectors
                0x080001d8                        . = ALIGN (0x4)

.text           0x080001d8     0x556c
                0x080001d8                        . = ALIGN (0x4)
 *(.text)
 .text          0x080001d8      0x378 C:/Program Files (x86)/Arm GNU Toolchain arm-none-eabi/14.2 rel1/bin/../lib/gcc/arm-none-eabi/14.2.1/thumb/v7e-m+fp/hard\libgcc.a(_arm_addsubdf3.o)
                0x080001d8                __aeabi_drsub
                0x080001e0                __aeabi_dsub
                0x080001e0                __subdf3
                0x080001e4                __aeabi_dadd
                0x080001e4                __adddf3
                0x0800045c                __floatunsidf
                0x0800045c                __aeabi_ui2d
                0x0800047c                __floatsidf
                0x0800047c                __aeabi_i2d
                0x080004a0                __aeabi_f2d
                0x080004a0                __extendsfdf2
                0x080004e4                __floatundidf
                0x080004e4                __aeabi_ul2d
                0x080004f4                __floatdidf
                0x080004f4                __aeabi_l2d
 .text          0x08000550      0x424 C:/Program Files (x86)/Arm GNU Toolchain arm-none-eabi/14.2 rel1/bin/../lib/gcc/arm-none-eabi/14.2.1/thumb/v7e-m+fp/hard\libgcc.a(_arm_muldivdf3.o)
                0x08000550                __aeabi_dmul
                0x08000550                __muldf3
                0x080007a4                __divdf3
                0x080007a4                __aeabi_ddiv
 .text          0x08000974      0x110 C:/Program Files (x86)/Arm GNU Toolchain arm-none-eabi/14.2 rel1/bin/../lib/gcc/arm-none-eabi/14.2.1/thumb/v7e-m+fp/hard\libgcc.a(_arm_cmpdf2.o)
                0x08000974                __gtdf2
                0x08000974                __gedf2
                0x0800097c                __ltdf2
                0x0800097c                __ledf2
                0x08000984                __nedf2
                0x08000984                __eqdf2
                0x08000984                __cmpdf2
                0x08000a00                __aeabi_cdrcmple
                0x08000a10                __aeabi_cdcmpeq
                0x08000a10                __aeabi_cdcmple
                0x08000a20                __aeabi_dcmpeq
                0x08000a34                __aeabi_dcmplt
                0x08000a48                __aeabi_dcmple
                0x08000a5c                __aeabi_dcmpge
                0x08000a70                __aeabi_dcmpgt
 .text          0x08000a84       0x50 C:/Program Files (x86)/Arm GNU Toolchain arm-none-eabi/14.2 rel1/bin/../lib/gcc/arm-none-eabi/14.2.1/thumb/v7e-m+fp/hard\libgcc.a(_arm_fixdfsi.o)
                0x08000a84                __aeabi_d2iz
                0x08000a84                __fixdfsi
 .text          0x08000ad4       0x40 C:/Program Files (x86)/Arm GNU Toolchain arm-none-eabi/14.2 rel1/bin/../lib/gcc/arm-none-eabi/14.2.1/thumb/v7e-m+fp/hard\libgcc.a(_arm_fixunsdfsi.o)
                0x08000ad4                __aeabi_d2uiz
                0x08000ad4                __fixunsdfsi
 .text          0x08000b14      0x21c C:/Program Files (x86)/Arm GNU Toolchain arm-none-eabi/14.2 rel1/bin/../lib/gcc/arm-none-eabi/14.2.1/thumb/v7e-m+fp/hard\libgcc.a(_arm_addsubsf3.o)
                0x08000b14                __aeabi_frsub
                0x08000b1c                __subsf3
                0x08000b1c                __aeabi_fsub
                0x08000b20                __aeabi_fadd
                0x08000b20                __addsf3
                0x08000c80                __aeabi_ui2f
                0x08000c80                __floatunsisf
                0x08000c88                __aeabi_i2f
                0x08000c88                __floatsisf
                0x08000ca4                __aeabi_ul2f
                0x08000ca4                __floatundisf
                0x08000cb4                __aeabi_l2f
                0x08000cb4                __floatdisf
 .text          0x08000d30       0x30 C:/Program Files (x86)/Arm GNU Toolchain arm-none-eabi/14.2 rel1/bin/../lib/gcc/arm-none-eabi/14.2.1/thumb/v7e-m+fp/hard\libgcc.a(_aeabi_uldivmod.o)
                0x08000d30                __aeabi_uldivmod
 .text          0x08000d60      0x1ac C:/Program Files (x86)/Arm GNU Toolchain arm-none-eabi/14.2 rel1/bin/../lib/gcc/arm-none-eabi/14.2.1/thumb/v7e-m+fp/hard\libgcc.a(libunwind.o)
                0x08000d60                __restore_core_regs
                0x08000d60                restore_core_regs
                0x08000d78                __gnu_Unwind_Restore_VFP
                0x08000d80                __gnu_Unwind_Save_VFP
                0x08000d88                __gnu_Unwind_Restore_VFP_D
                0x08000d90                __gnu_Unwind_Save_VFP_D
                0x08000d98                __gnu_Unwind_Restore_VFP_D_16_to_31
                0x08000da0                __gnu_Unwind_Save_VFP_D_16_to_31
                0x08000da8                __gnu_Unwind_Restore_WMMXD
                0x08000dec                __gnu_Unwind_Save_WMMXD
                0x08000e30                __gnu_Unwind_Restore_WMMXC
                0x08000e44                __gnu_Unwind_Save_WMMXC
                0x08000e58                ___Unwind_RaiseException
                0x08000e58                _Unwind_RaiseException
                0x08000e7c                _Unwind_Resume
                0x08000e7c                ___Unwind_Resume
                0x08000ea0                _Unwind_Resume_or_Rethrow
                0x08000ea0                ___Unwind_Resume_or_Rethrow
                0x08000ec4                _Unwind_ForcedUnwind
                0x08000ec4                ___Unwind_ForcedUnwind
                0x08000ee8                ___Unwind_Backtrace
                0x08000ee8                _Unwind_Backtrace
 .text          0x08000f0c        0x4 C:/Program Files (x86)/Arm GNU Toolchain arm-none-eabi/14.2 rel1/bin/../lib/gcc/arm-none-eabi/14.2.1/thumb/v7e-m+fp/hard\libgcc.a(_dvmd_tls.o)
                0x08000f0c                __aeabi_idiv0
                0x08000f0c                __aeabi_ldiv0
 .text          0x08000f10       0x14 C:/Program Files (x86)/Arm GNU Toolchain arm-none-eabi/14.2 rel1/bin/../lib/gcc/arm-none-eabi/14.2.1/thumb/v7e-m+fp/hard\libg_nano.a(libc_a-strcmp.o)
                0x08000f10                strcmp
 *(.text*)
 .text.deregister_tm_clones
                0x08000f24       0x1c C:/Program Files (x86)/Arm GNU Toolchain arm-none-eabi/14.2 rel1/bin/../lib/gcc/arm-none-eabi/14.2.1/thumb/v7e-m+fp/hard/crtbegin.o
 .text.register_tm_clones
                0x08000f40       0x24 C:/Program Files (x86)/Arm GNU Toolchain arm-none-eabi/14.2 rel1/bin/../lib/gcc/arm-none-eabi/14.2.1/thumb/v7e-m+fp/hard/crtbegin.o
 .text.__do_global_dtors_aux
                0x08000f64       0x28 C:/Program Files (x86)/Arm GNU Toolchain arm-none-eabi/14.2 rel1/bin/../lib/gcc/arm-none-eabi/14.2.1/thumb/v7e-m+fp/hard/crtbegin.o
 .text.frame_dummy
                0x08000f8c       0x24 C:/Program Files (x86)/Arm GNU Toolchain arm-none-eabi/14.2 rel1/bin/../lib/gcc/arm-none-eabi/14.2.1/thumb/v7e-m+fp/hard/crtbegin.o
 .text.LL_ADC_CommonInit
                0x08000fb0       0x40 build/stm32g4xx_ll_adc.o
                0x08000fb0                LL_ADC_CommonInit
 .text.LL_ADC_Init
                0x08000ff0       0x2a build/stm32g4xx_ll_adc.o
                0x08000ff0                LL_ADC_Init
 *fill*         0x0800101a        0x2 
 .text.LL_ADC_REG_Init
                0x0800101c       0x48 build/stm32g4xx_ll_adc.o
                0x0800101c                LL_ADC_REG_Init
 .text.LL_GPIO_Init
                0x08001064      0x138 build/stm32g4xx_ll_gpio.o
                0x08001064                LL_GPIO_Init
 .text.LL_TIM_Init
                0x0800119c       0x98 build/stm32g4xx_ll_tim.o
                0x0800119c                LL_TIM_Init
 .text.LL_TIM_OC_Init
                0x08001234      0x328 build/stm32g4xx_ll_tim.o
                0x08001234                LL_TIM_OC_Init
 .text.SystemInit
                0x0800155c       0x14 build/system_stm32g4xx.o
                0x0800155c                SystemInit
 .text.Reset_Handler
                0x08001570       0x50 build/startup_stm32g431xx.o
                0x08001570                Reset_Handler
 .text.Default_Handler
                0x080015c0        0x2 build/startup_stm32g431xx.o
                0x080015c0                RTC_Alarm_IRQHandler
                0x080015c0                EXTI2_IRQHandler
                0x080015c0                TIM8_TRG_COM_IRQHandler
                0x080015c0                TIM8_CC_IRQHandler
                0x080015c0                DebugMon_Handler
                0x080015c0                TIM1_CC_IRQHandler
                0x080015c0                HardFault_Handler
                0x080015c0                USB_HP_IRQHandler
                0x080015c0                CORDIC_IRQHandler
                0x080015c0                SysTick_Handler
                0x080015c0                PendSV_Handler
                0x080015c0                NMI_Handler
                0x080015c0                EXTI3_IRQHandler
                0x080015c0                I2C3_ER_IRQHandler
                0x080015c0                EXTI0_IRQHandler
                0x080015c0                I2C2_EV_IRQHandler
                0x080015c0                FPU_IRQHandler
                0x080015c0                FDCAN1_IT1_IRQHandler
                0x080015c0                UsageFault_Handler
                0x080015c0                ADC1_2_IRQHandler
                0x080015c0                SPI1_IRQHandler
                0x080015c0                TIM6_DAC_IRQHandler
                0x080015c0                TIM8_UP_IRQHandler
                0x080015c0                DMA2_Channel2_IRQHandler
                0x080015c0                DMA1_Channel4_IRQHandler
                0x080015c0                USART3_IRQHandler
                0x080015c0                TIM4_IRQHandler
                0x080015c0                DMA2_Channel1_IRQHandler
                0x080015c0                I2C1_EV_IRQHandler
                0x080015c0                DMA1_Channel6_IRQHandler
                0x080015c0                UART4_IRQHandler
                0x080015c0                DMA2_Channel4_IRQHandler
                0x080015c0                TIM3_IRQHandler
                0x080015c0                RCC_IRQHandler
                0x080015c0                Default_Handler
                0x080015c0                RTC_TAMP_LSECSS_IRQHandler
                0x080015c0                FMAC_IRQHandler
                0x080015c0                EXTI15_10_IRQHandler
                0x080015c0                UCPD1_IRQHandler
                0x080015c0                I2C3_EV_IRQHandler
                0x080015c0                EXTI9_5_IRQHandler
                0x080015c0                RTC_WKUP_IRQHandler
                0x080015c0                PVD_PVM_IRQHandler
                0x080015c0                SPI2_IRQHandler
                0x080015c0                MemManage_Handler
                0x080015c0                SVC_Handler
                0x080015c0                DMA2_Channel5_IRQHandler
                0x080015c0                CRS_IRQHandler
                0x080015c0                DMA1_Channel5_IRQHandler
                0x080015c0                USB_LP_IRQHandler
                0x080015c0                EXTI4_IRQHandler
                0x080015c0                RNG_IRQHandler
                0x080015c0                TIM1_TRG_COM_TIM17_IRQHandler
                0x080015c0                DMA1_Channel3_IRQHandler
                0x080015c0                WWDG_IRQHandler
                0x080015c0                LPUART1_IRQHandler
                0x080015c0                DMA2_Channel6_IRQHandler
                0x080015c0                FDCAN1_IT0_IRQHandler
                0x080015c0                TIM2_IRQHandler
                0x080015c0                COMP1_2_3_IRQHandler
                0x080015c0                EXTI1_IRQHandler
                0x080015c0                USART2_IRQHandler
                0x080015c0                I2C2_ER_IRQHandler
                0x080015c0                TIM8_BRK_IRQHandler
                0x080015c0                FLASH_IRQHandler
                0x080015c0                BusFault_Handler
                0x080015c0                USART1_IRQHandler
                0x080015c0                SPI3_IRQHandler
                0x080015c0                I2C1_ER_IRQHandler
                0x080015c0                LPTIM1_IRQHandler
                0x080015c0                DMAMUX_OVR_IRQHandler
                0x080015c0                USBWakeUp_IRQHandler
                0x080015c0                SAI1_IRQHandler
                0x080015c0                DMA2_Channel3_IRQHandler
                0x080015c0                COMP4_IRQHandler
                0x080015c0                TIM1_BRK_TIM15_IRQHandler
 .text._getpid  0x080015c2        0x6 build/syscall.o
                0x080015c2                _getpid
 .text._kill    0x080015c8        0x6 build/syscall.o
                0x080015c8                _kill
 .text._exit    0x080015ce        0x2 build/syscall.o
                0x080015ce                _exit
 .text.TIM7_IRQHandler
                0x080015d0       0x28 build/interupt.o
                0x080015d0                TIM7_IRQHandler
 .text.LL_AHB2_GRP1_EnableClock
                0x080015f8       0x1c build/main.o
 .text.LL_GPIO_SetPinMode
                0x08001614       0x2a build/main.o
 .text.LL_GPIO_SetPinPull.constprop.0
                0x0800163e       0x26 build/main.o
 .text.LL_GPIO_SetPinSpeed.constprop.0
                0x08001664       0x2c build/main.o
 .text._Z10ADC_ConfigPt
                0x08001690      0x2a0 build/main.o
                0x08001690                ADC_Config(unsigned short*)
 .text._Z10PWM_Configv
                0x08001930       0xd4 build/main.o
                0x08001930                PWM_Config()
 .text._Z11GPIO_Configv
                0x08001a04       0x58 build/main.o
                0x08001a04                GPIO_Config()
 .text._Z10Sys_Configv
                0x08001a5c       0x9c build/main.o
                0x08001a5c                Sys_Config()
 .text.startup.main
                0x08001af8       0x70 build/main.o
                0x08001af8                main
 .text._Z12calc_comparei
                0x08001b68       0x3c build/main.o
                0x08001b68                calc_compare(int)
 .text.DMA1_Channel1_IRQHandler
                0x08001ba4       0x24 build/main.o
                0x08001ba4                DMA1_Channel1_IRQHandler
 .text.DMA1_Channel2_IRQHandler
                0x08001bc8      0x258 build/main.o
                0x08001bc8                DMA1_Channel2_IRQHandler
 .text.TIM1_UP_TIM16_IRQHandler
                0x08001e20       0x34 build/main.o
                0x08001e20                TIM1_UP_TIM16_IRQHandler
 .text.startup._GLOBAL__sub_I_vol
                0x08001e54       0x88 build/main.o
 .text.LL_DMA_SetPeriphRequest
                0x08001edc       0x24 build/oled_interface_ll.o
 .text.LL_AHB1_GRP1_EnableClock
                0x08001f00       0x1c build/oled_interface_ll.o
 .text.LL_AHB2_GRP1_EnableClock
                0x08001f1c       0x1c build/oled_interface_ll.o
 .text._ZN25oled_interface_spi_dma_ll11sendCommandEh
                0x08001f38       0x32 build/oled_interface_ll.o
                0x08001f38                oled_interface_spi_dma_ll::sendCommand(unsigned char)
 *fill*         0x08001f6a        0x2 
 .text._ZN25oled_interface_spi_dma_ll8sendDataEPhm
                0x08001f6c       0x54 build/oled_interface_ll.o
                0x08001f6c                oled_interface_spi_dma_ll::sendData(unsigned char*, unsigned long)
 .text._ZN25oled_interface_spi_dma_ll16transferCompleteEv
                0x08001fc0       0x10 build/oled_interface_ll.o
                0x08001fc0                oled_interface_spi_dma_ll::transferComplete()
 .text._Z15gpio_clk_enablem
                0x08001fd0       0x60 build/oled_interface_ll.o
                0x08001fd0                gpio_clk_enable(unsigned long)
 .text._Z14spi_clk_enablem
                0x08002030       0x68 build/oled_interface_ll.o
                0x08002030                spi_clk_enable(unsigned long)
 .text._Z14dma_clk_enablemm
                0x08002098       0x68 build/oled_interface_ll.o
                0x08002098                dma_clk_enable(unsigned long, unsigned long)
 .text._ZN25oled_interface_spi_dma_llC2ERK10spi_configRK10dma_configP12GPIO_TypeDefm
                0x08002100      0x1b4 build/oled_interface_ll.o
                0x08002100                oled_interface_spi_dma_ll::oled_interface_spi_dma_ll(spi_config const&, dma_config const&, GPIO_TypeDef*, unsigned long)
                0x08002100                oled_interface_spi_dma_ll::oled_interface_spi_dma_ll(spi_config const&, dma_config const&, GPIO_TypeDef*, unsigned long)
 .text._ZN3pid6updateEf
                0x080022b4       0x7c build/pid.o
                0x080022b4                pid::update(float)
 .text._ZN3pid9setTargetEf
                0x08002330        0xc build/pid.o
                0x08002330                pid::setTarget(float)
 .text._ZN3pidC2Efffff
                0x0800233c       0x28 build/pid.o
                0x0800233c                pid::pid(float, float, float, float, float)
                0x0800233c                pid::pid(float, float, float, float, float)
 .text._ZL11_out_buffercPvjj
                0x08002364        0x8 build/printf.o
 .text._ZL9_out_nullcPvjj
                0x0800236c        0x2 build/printf.o
 .text._ZL8_out_revPFvcPvjjEPcjjPKcjjj
                0x0800236e       0x88 build/printf.o
 .text._ZL12_ntoa_formatPFvcPvjjEPcjjS2_jbjjjj
                0x080023f6      0x114 build/printf.o
 .text._ZL10_ntoa_longPFvcPvjjEPcjjmbmjjj
                0x0800250a       0x84 build/printf.o
 .text._ZL15_ntoa_long_longPFvcPvjjEPcjjybyjjj
                0x0800258e       0xa0 build/printf.o
 *fill*         0x0800262e        0x2 
 .text._ZL5_ftoaPFvcPvjjEPcjjdjjj
                0x08002630      0x2dc build/printf.o
 *fill*         0x0800290c        0x4 
 .text._ZL5_etoaPFvcPvjjEPcjjdjjj
                0x08002910      0x374 build/printf.o
 .text._ZL10_vsnprintfPFvcPvjjEPcjPKcSt9__va_list
                0x08002c84      0x4fc build/printf.o
 .text.sprintf_
                0x08003180       0x28 build/printf.o
                0x08003180                sprintf_
 .text._ZN16oled_base_device5flushER16oled_base_canvas
                0x080031a8       0x28 build/oled.o
                0x080031a8                oled_base_device::flush(oled_base_canvas&)
 .text._ZN16oled_base_device13flushCompleteEv
                0x080031d0       0x18 build/oled.o
                0x080031d0                oled_base_device::flushComplete()
 .text._ZN16oled_canvas_char8showCharEttc
                0x080031e8       0x74 build/oled_canvas_char.o
                0x080031e8                oled_canvas_char::showChar(unsigned short, unsigned short, char)
 .text._ZN16oled_canvas_char10showStringEttPKc
                0x0800325c       0x40 build/oled_canvas_char.o
                0x0800325c                oled_canvas_char::showString(unsigned short, unsigned short, char const*)
 .text._ZN22oled_canvas_char_smallC2Ev
                0x0800329c       0x20 build/oled_canvas_char.o
                0x0800329c                oled_canvas_char_small::oled_canvas_char_small()
                0x0800329c                oled_canvas_char_small::oled_canvas_char_small()
 .text._ZN19oled_device_ssd130610initDeviceEv
                0x080032bc      0x1d4 build/oled_device_ssd1306.o
                0x080032bc                oled_device_ssd1306::initDevice()
 .text._ZN19oled_device_ssd130612selectDeviceEv
                0x08003490        0x8 build/oled_device_ssd1306.o
                0x08003490                oled_device_ssd1306::selectDevice()
 .text._ZN19oled_device_ssd130613releaseDeviceEv
                0x08003498        0x8 build/oled_device_ssd1306.o
                0x08003498                oled_device_ssd1306::releaseDevice()
 .text._ZN19oled_device_ssd130611resetDeviceEv
                0x080034a0       0x3c build/oled_device_ssd1306.o
                0x080034a0                oled_device_ssd1306::resetDevice()
 .text._ZN19oled_device_ssd1306C2EP19oled_base_interfaceP12GPIO_TypeDefmS3_m
                0x080034dc       0x5c build/oled_device_ssd1306.o
                0x080034dc                oled_device_ssd1306::oled_device_ssd1306(oled_base_interface*, GPIO_TypeDef*, unsigned long, GPIO_TypeDef*, unsigned long)
                0x080034dc                oled_device_ssd1306::oled_device_ssd1306(oled_base_interface*, GPIO_TypeDef*, unsigned long, GPIO_TypeDef*, unsigned long)
 .text._ZNK10__cxxabiv117__class_type_info11__do_upcastEPKS0_PPv
                0x08003538       0x32 C:/Program Files (x86)/Arm GNU Toolchain arm-none-eabi/14.2 rel1/bin/../lib/gcc/arm-none-eabi/14.2.1/thumb/v7e-m+fp/hard\libstdc++_nano.a(class_type_info.o)
                0x08003538                __cxxabiv1::__class_type_info::__do_upcast(__cxxabiv1::__class_type_info const*, void**) const
 .text._ZNK10__cxxabiv117__class_type_info20__do_find_public_srcEiPKvPKS0_S2_
                0x0800356a        0xc C:/Program Files (x86)/Arm GNU Toolchain arm-none-eabi/14.2 rel1/bin/../lib/gcc/arm-none-eabi/14.2.1/thumb/v7e-m+fp/hard\libstdc++_nano.a(class_type_info.o)
                0x0800356a                __cxxabiv1::__class_type_info::__do_find_public_src(int, void const*, __cxxabiv1::__class_type_info const*, void const*) const
 *fill*         0x08003576        0x2 
 .text._ZN10__cxxabiv117__class_type_infoD2Ev
                0x08003578       0x14 C:/Program Files (x86)/Arm GNU Toolchain arm-none-eabi/14.2 rel1/bin/../lib/gcc/arm-none-eabi/14.2.1/thumb/v7e-m+fp/hard\libstdc++_nano.a(class_type_info.o)
                0x08003578                __cxxabiv1::__class_type_info::~__class_type_info()
                0x08003578                __cxxabiv1::__class_type_info::~__class_type_info()
 .text._ZN10__cxxabiv117__class_type_infoD0Ev
                0x0800358c       0x14 C:/Program Files (x86)/Arm GNU Toolchain arm-none-eabi/14.2 rel1/bin/../lib/gcc/arm-none-eabi/14.2.1/thumb/v7e-m+fp/hard\libstdc++_nano.a(class_type_info.o)
                0x0800358c                __cxxabiv1::__class_type_info::~__class_type_info()
 .text._ZNK10__cxxabiv117__class_type_info12__do_dyncastEiNS0_10__sub_kindEPKS0_PKvS3_S5_RNS0_16__dyncast_resultE
                0x080035a0       0x3e C:/Program Files (x86)/Arm GNU Toolchain arm-none-eabi/14.2 rel1/bin/../lib/gcc/arm-none-eabi/14.2.1/thumb/v7e-m+fp/hard\libstdc++_nano.a(class_type_info.o)
                0x080035a0                __cxxabiv1::__class_type_info::__do_dyncast(int, __cxxabiv1::__class_type_info::__sub_kind, __cxxabiv1::__class_type_info const*, void const*, __cxxabiv1::__class_type_info const*, void const*, __cxxabiv1::__class_type_info::__dyncast_result&) const
 .text._ZNK10__cxxabiv117__class_type_info11__do_upcastEPKS0_PKvRNS0_15__upcast_resultE
                0x080035de       0x18 C:/Program Files (x86)/Arm GNU Toolchain arm-none-eabi/14.2 rel1/bin/../lib/gcc/arm-none-eabi/14.2.1/thumb/v7e-m+fp/hard\libstdc++_nano.a(class_type_info.o)
                0x080035de                __cxxabiv1::__class_type_info::__do_upcast(__cxxabiv1::__class_type_info const*, void const*, __cxxabiv1::__class_type_info::__upcast_result&) const
 .text._ZNK10__cxxabiv117__class_type_info10__do_catchEPKSt9type_infoPPvj
                0x080035f6       0x2a C:/Program Files (x86)/Arm GNU Toolchain arm-none-eabi/14.2 rel1/bin/../lib/gcc/arm-none-eabi/14.2.1/thumb/v7e-m+fp/hard\libstdc++_nano.a(class_type_info.o)
                0x080035f6                __cxxabiv1::__class_type_info::__do_catch(std::type_info const*, void**, unsigned int) const
 .text._ZdlPvj  0x08003620        0x4 C:/Program Files (x86)/Arm GNU Toolchain arm-none-eabi/14.2 rel1/bin/../lib/gcc/arm-none-eabi/14.2.1/thumb/v7e-m+fp/hard\libstdc++_nano.a(del_ops.o)
                0x08003620                operator delete(void*, unsigned int)
 .text._ZN10__cxxabiv120__si_class_type_infoD2Ev
                0x08003624       0x14 C:/Program Files (x86)/Arm GNU Toolchain arm-none-eabi/14.2 rel1/bin/../lib/gcc/arm-none-eabi/14.2.1/thumb/v7e-m+fp/hard\libstdc++_nano.a(si_class_type_info.o)
                0x08003624                __cxxabiv1::__si_class_type_info::~__si_class_type_info()
                0x08003624                __cxxabiv1::__si_class_type_info::~__si_class_type_info()
 .text._ZN10__cxxabiv120__si_class_type_infoD0Ev
                0x08003638       0x14 C:/Program Files (x86)/Arm GNU Toolchain arm-none-eabi/14.2 rel1/bin/../lib/gcc/arm-none-eabi/14.2.1/thumb/v7e-m+fp/hard\libstdc++_nano.a(si_class_type_info.o)
                0x08003638                __cxxabiv1::__si_class_type_info::~__si_class_type_info()
 .text._ZNK10__cxxabiv120__si_class_type_info20__do_find_public_srcEiPKvPKNS_17__class_type_infoES2_
                0x0800364c       0x3c C:/Program Files (x86)/Arm GNU Toolchain arm-none-eabi/14.2 rel1/bin/../lib/gcc/arm-none-eabi/14.2.1/thumb/v7e-m+fp/hard\libstdc++_nano.a(si_class_type_info.o)
                0x0800364c                __cxxabiv1::__si_class_type_info::__do_find_public_src(int, void const*, __cxxabiv1::__class_type_info const*, void const*) const
 .text._ZNK10__cxxabiv120__si_class_type_info12__do_dyncastEiNS_17__class_type_info10__sub_kindEPKS1_PKvS4_S6_RNS1_16__dyncast_resultE
                0x08003688       0x74 C:/Program Files (x86)/Arm GNU Toolchain arm-none-eabi/14.2 rel1/bin/../lib/gcc/arm-none-eabi/14.2.1/thumb/v7e-m+fp/hard\libstdc++_nano.a(si_class_type_info.o)
                0x08003688                __cxxabiv1::__si_class_type_info::__do_dyncast(int, __cxxabiv1::__class_type_info::__sub_kind, __cxxabiv1::__class_type_info const*, void const*, __cxxabiv1::__class_type_info const*, void const*, __cxxabiv1::__class_type_info::__dyncast_result&) const
 .text._ZNK10__cxxabiv120__si_class_type_info11__do_upcastEPKNS_17__class_type_infoEPKvRNS1_15__upcast_resultE
                0x080036fc       0x2a C:/Program Files (x86)/Arm GNU Toolchain arm-none-eabi/14.2 rel1/bin/../lib/gcc/arm-none-eabi/14.2.1/thumb/v7e-m+fp/hard\libstdc++_nano.a(si_class_type_info.o)
                0x080036fc                __cxxabiv1::__si_class_type_info::__do_upcast(__cxxabiv1::__class_type_info const*, void const*, __cxxabiv1::__class_type_info::__upcast_result&) const
 .text._ZNSt9type_infoD2Ev
                0x08003726        0x2 C:/Program Files (x86)/Arm GNU Toolchain arm-none-eabi/14.2 rel1/bin/../lib/gcc/arm-none-eabi/14.2.1/thumb/v7e-m+fp/hard\libstdc++_nano.a(tinfo.o)
                0x08003726                std::type_info::~type_info()
                0x08003726                std::type_info::~type_info()
 .text._ZNKSt9type_info14__is_pointer_pEv
                0x08003728        0x4 C:/Program Files (x86)/Arm GNU Toolchain arm-none-eabi/14.2 rel1/bin/../lib/gcc/arm-none-eabi/14.2.1/thumb/v7e-m+fp/hard\libstdc++_nano.a(tinfo.o)
                0x08003728                std::type_info::__is_pointer_p() const
                0x08003728                std::type_info::__is_function_p() const
 .text._ZNKSt9type_infoeqERKS_
                0x0800372c       0x2c C:/Program Files (x86)/Arm GNU Toolchain arm-none-eabi/14.2 rel1/bin/../lib/gcc/arm-none-eabi/14.2.1/thumb/v7e-m+fp/hard\libstdc++_nano.a(tinfo.o)
                0x0800372c                std::type_info::operator==(std::type_info const&) const
                0x0800372c                std::type_info::__equal(std::type_info const&) const
 .text._ZN10__cxxabiv121__vmi_class_type_infoD2Ev
                0x08003758       0x14 C:/Program Files (x86)/Arm GNU Toolchain arm-none-eabi/14.2 rel1/bin/../lib/gcc/arm-none-eabi/14.2.1/thumb/v7e-m+fp/hard\libstdc++_nano.a(vmi_class_type_info.o)
                0x08003758                __cxxabiv1::__vmi_class_type_info::~__vmi_class_type_info()
                0x08003758                __cxxabiv1::__vmi_class_type_info::~__vmi_class_type_info()
 .text._ZN10__cxxabiv121__vmi_class_type_infoD0Ev
                0x0800376c       0x14 C:/Program Files (x86)/Arm GNU Toolchain arm-none-eabi/14.2 rel1/bin/../lib/gcc/arm-none-eabi/14.2.1/thumb/v7e-m+fp/hard\libstdc++_nano.a(vmi_class_type_info.o)
                0x0800376c                __cxxabiv1::__vmi_class_type_info::~__vmi_class_type_info()
 .text._ZNK10__cxxabiv121__vmi_class_type_info20__do_find_public_srcEiPKvPKNS_17__class_type_infoES2_
                0x08003780       0x6e C:/Program Files (x86)/Arm GNU Toolchain arm-none-eabi/14.2 rel1/bin/../lib/gcc/arm-none-eabi/14.2.1/thumb/v7e-m+fp/hard\libstdc++_nano.a(vmi_class_type_info.o)
                0x08003780                __cxxabiv1::__vmi_class_type_info::__do_find_public_src(int, void const*, __cxxabiv1::__class_type_info const*, void const*) const
 .text._ZNK10__cxxabiv117__class_type_info17__find_public_srcEiPKvPKS0_S2_
                0x080037ee       0x2c C:/Program Files (x86)/Arm GNU Toolchain arm-none-eabi/14.2 rel1/bin/../lib/gcc/arm-none-eabi/14.2.1/thumb/v7e-m+fp/hard\libstdc++_nano.a(vmi_class_type_info.o)
                0x080037ee                __cxxabiv1::__class_type_info::__find_public_src(int, void const*, __cxxabiv1::__class_type_info const*, void const*) const
 .text._ZNK10__cxxabiv121__vmi_class_type_info12__do_dyncastEiNS_17__class_type_info10__sub_kindEPKS1_PKvS4_S6_RNS1_16__dyncast_resultE
                0x0800381a      0x256 C:/Program Files (x86)/Arm GNU Toolchain arm-none-eabi/14.2 rel1/bin/../lib/gcc/arm-none-eabi/14.2.1/thumb/v7e-m+fp/hard\libstdc++_nano.a(vmi_class_type_info.o)
                0x0800381a                __cxxabiv1::__vmi_class_type_info::__do_dyncast(int, __cxxabiv1::__class_type_info::__sub_kind, __cxxabiv1::__class_type_info const*, void const*, __cxxabiv1::__class_type_info const*, void const*, __cxxabiv1::__class_type_info::__dyncast_result&) const
 .text._ZNK10__cxxabiv121__vmi_class_type_info11__do_upcastEPKNS_17__class_type_infoEPKvRNS1_15__upcast_resultE
                0x08003a70      0x12a C:/Program Files (x86)/Arm GNU Toolchain arm-none-eabi/14.2 rel1/bin/../lib/gcc/arm-none-eabi/14.2.1/thumb/v7e-m+fp/hard\libstdc++_nano.a(vmi_class_type_info.o)
                0x08003a70                __cxxabiv1::__vmi_class_type_info::__do_upcast(__cxxabiv1::__class_type_info const*, void const*, __cxxabiv1::__class_type_info::__upcast_result&) const
 .text._ZdlPv   0x08003b9a        0x4 C:/Program Files (x86)/Arm GNU Toolchain arm-none-eabi/14.2 rel1/bin/../lib/gcc/arm-none-eabi/14.2.1/thumb/v7e-m+fp/hard\libstdc++_nano.a(del_op.o)
                0x08003b9a                operator delete(void*)
 *fill*         0x08003b9e        0x2 
 .text.powf     0x08003ba0       0xbc C:/Program Files (x86)/Arm GNU Toolchain arm-none-eabi/14.2 rel1/bin/../lib/gcc/arm-none-eabi/14.2.1/thumb/v7e-m+fp/hard\libm.a(libm_a-wf_pow.o)
                0x08003ba0                powf
 .text.sqrtf    0x08003c5c       0x44 C:/Program Files (x86)/Arm GNU Toolchain arm-none-eabi/14.2 rel1/bin/../lib/gcc/arm-none-eabi/14.2.1/thumb/v7e-m+fp/hard\libm.a(libm_a-wf_sqrt.o)
                0x08003c5c                sqrtf
 .text.finitef  0x08003ca0       0x14 C:/Program Files (x86)/Arm GNU Toolchain arm-none-eabi/14.2 rel1/bin/../lib/gcc/arm-none-eabi/14.2.1/thumb/v7e-m+fp/hard\libm.a(libm_a-sf_finite.o)
                0x08003ca0                finitef
 .text.__ieee754_sqrtf
                0x08003cb4        0x8 C:/Program Files (x86)/Arm GNU Toolchain arm-none-eabi/14.2 rel1/bin/../lib/gcc/arm-none-eabi/14.2.1/thumb/v7e-m+fp/hard\libm.a(libm_a-ef_sqrt.o)
                0x08003cb4                __ieee754_sqrtf
 .text.__ieee754_powf
                0x08003cbc      0x6b8 C:/Program Files (x86)/Arm GNU Toolchain arm-none-eabi/14.2 rel1/bin/../lib/gcc/arm-none-eabi/14.2.1/thumb/v7e-m+fp/hard\libm.a(libm_a-ef_pow.o)
                0x08003cbc                __ieee754_powf
 .text.fabsf    0x08004374       0x10 C:/Program Files (x86)/Arm GNU Toolchain arm-none-eabi/14.2 rel1/bin/../lib/gcc/arm-none-eabi/14.2.1/thumb/v7e-m+fp/hard\libm.a(libm_a-sf_fabs.o)
                0x08004374                fabsf
 .text.scalbnf  0x08004384       0xdc C:/Program Files (x86)/Arm GNU Toolchain arm-none-eabi/14.2 rel1/bin/../lib/gcc/arm-none-eabi/14.2.1/thumb/v7e-m+fp/hard\libm.a(libm_a-sf_scalbn.o)
                0x08004384                scalbnf
 .text.with_errnof
                0x08004460       0x1c C:/Program Files (x86)/Arm GNU Toolchain arm-none-eabi/14.2 rel1/bin/../lib/gcc/arm-none-eabi/14.2.1/thumb/v7e-m+fp/hard\libm.a(libm_a-math_errf.o)
 .text.xflowf   0x0800447c       0x20 C:/Program Files (x86)/Arm GNU Toolchain arm-none-eabi/14.2 rel1/bin/../lib/gcc/arm-none-eabi/14.2.1/thumb/v7e-m+fp/hard\libm.a(libm_a-math_errf.o)
 .text.__math_uflowf
                0x0800449c        0xc C:/Program Files (x86)/Arm GNU Toolchain arm-none-eabi/14.2 rel1/bin/../lib/gcc/arm-none-eabi/14.2.1/thumb/v7e-m+fp/hard\libm.a(libm_a-math_errf.o)
                0x0800449c                __math_uflowf
 .text.__math_oflowf
                0x080044a8        0xc C:/Program Files (x86)/Arm GNU Toolchain arm-none-eabi/14.2 rel1/bin/../lib/gcc/arm-none-eabi/14.2.1/thumb/v7e-m+fp/hard\libm.a(libm_a-math_errf.o)
                0x080044a8                __math_oflowf
 .text.__udivmoddi4
                0x080044b4      0x2f8 C:/Program Files (x86)/Arm GNU Toolchain arm-none-eabi/14.2 rel1/bin/../lib/gcc/arm-none-eabi/14.2.1/thumb/v7e-m+fp/hard\libgcc.a(_udivmoddi4.o)
                0x080044b4                __udivmoddi4
 .text.selfrel_offset31
                0x080047ac       0x14 C:/Program Files (x86)/Arm GNU Toolchain arm-none-eabi/14.2 rel1/bin/../lib/gcc/arm-none-eabi/14.2.1/thumb/v7e-m+fp/hard\libgcc.a(unwind-arm.o)
 .text.search_EIT_table
                0x080047c0       0x68 C:/Program Files (x86)/Arm GNU Toolchain arm-none-eabi/14.2 rel1/bin/../lib/gcc/arm-none-eabi/14.2.1/thumb/v7e-m+fp/hard\libgcc.a(unwind-arm.o)
 .text.__gnu_unwind_get_pr_addr
                0x08004828       0x28 C:/Program Files (x86)/Arm GNU Toolchain arm-none-eabi/14.2 rel1/bin/../lib/gcc/arm-none-eabi/14.2.1/thumb/v7e-m+fp/hard\libgcc.a(unwind-arm.o)
 .text.get_eit_entry
                0x08004850       0x98 C:/Program Files (x86)/Arm GNU Toolchain arm-none-eabi/14.2 rel1/bin/../lib/gcc/arm-none-eabi/14.2.1/thumb/v7e-m+fp/hard\libgcc.a(unwind-arm.o)
 .text.restore_non_core_regs
                0x080048e8       0x58 C:/Program Files (x86)/Arm GNU Toolchain arm-none-eabi/14.2 rel1/bin/../lib/gcc/arm-none-eabi/14.2.1/thumb/v7e-m+fp/hard\libgcc.a(unwind-arm.o)
 .text._Unwind_decode_typeinfo_ptr.constprop.0
                0x08004940        0xc C:/Program Files (x86)/Arm GNU Toolchain arm-none-eabi/14.2 rel1/bin/../lib/gcc/arm-none-eabi/14.2.1/thumb/v7e-m+fp/hard\libgcc.a(unwind-arm.o)
 .text._Unwind_DebugHook
                0x0800494c        0x4 C:/Program Files (x86)/Arm GNU Toolchain arm-none-eabi/14.2 rel1/bin/../lib/gcc/arm-none-eabi/14.2.1/thumb/v7e-m+fp/hard\libgcc.a(unwind-arm.o)
 .text.unwind_phase2
                0x08004950       0x3c C:/Program Files (x86)/Arm GNU Toolchain arm-none-eabi/14.2 rel1/bin/../lib/gcc/arm-none-eabi/14.2.1/thumb/v7e-m+fp/hard\libgcc.a(unwind-arm.o)
 .text.unwind_phase2_forced
                0x0800498c       0xdc C:/Program Files (x86)/Arm GNU Toolchain arm-none-eabi/14.2 rel1/bin/../lib/gcc/arm-none-eabi/14.2.1/thumb/v7e-m+fp/hard\libgcc.a(unwind-arm.o)
 .text.__gnu_Unwind_RaiseException
                0x08004a68       0x6c C:/Program Files (x86)/Arm GNU Toolchain arm-none-eabi/14.2 rel1/bin/../lib/gcc/arm-none-eabi/14.2.1/thumb/v7e-m+fp/hard\libgcc.a(unwind-arm.o)
                0x08004a68                __gnu_Unwind_RaiseException
 .text.__gnu_Unwind_ForcedUnwind
                0x08004ad4       0x10 C:/Program Files (x86)/Arm GNU Toolchain arm-none-eabi/14.2 rel1/bin/../lib/gcc/arm-none-eabi/14.2.1/thumb/v7e-m+fp/hard\libgcc.a(unwind-arm.o)
                0x08004ad4                __gnu_Unwind_ForcedUnwind
 .text.__gnu_Unwind_Resume
                0x08004ae4       0x44 C:/Program Files (x86)/Arm GNU Toolchain arm-none-eabi/14.2 rel1/bin/../lib/gcc/arm-none-eabi/14.2.1/thumb/v7e-m+fp/hard\libgcc.a(unwind-arm.o)
                0x08004ae4                __gnu_Unwind_Resume
 .text.__gnu_Unwind_Resume_or_Rethrow
                0x08004b28       0x1c C:/Program Files (x86)/Arm GNU Toolchain arm-none-eabi/14.2 rel1/bin/../lib/gcc/arm-none-eabi/14.2.1/thumb/v7e-m+fp/hard\libgcc.a(unwind-arm.o)
                0x08004b28                __gnu_Unwind_Resume_or_Rethrow
 .text._Unwind_VRS_Get
                0x08004b44       0x34 C:/Program Files (x86)/Arm GNU Toolchain arm-none-eabi/14.2 rel1/bin/../lib/gcc/arm-none-eabi/14.2.1/thumb/v7e-m+fp/hard\libgcc.a(unwind-arm.o)
                0x08004b44                _Unwind_VRS_Get
 .text._Unwind_GetGR
                0x08004b78       0x1c C:/Program Files (x86)/Arm GNU Toolchain arm-none-eabi/14.2 rel1/bin/../lib/gcc/arm-none-eabi/14.2.1/thumb/v7e-m+fp/hard\libgcc.a(unwind-arm.o)
 .text._Unwind_VRS_Set
                0x08004b94       0x34 C:/Program Files (x86)/Arm GNU Toolchain arm-none-eabi/14.2 rel1/bin/../lib/gcc/arm-none-eabi/14.2.1/thumb/v7e-m+fp/hard\libgcc.a(unwind-arm.o)
                0x08004b94                _Unwind_VRS_Set
 .text._Unwind_SetGR
                0x08004bc8       0x18 C:/Program Files (x86)/Arm GNU Toolchain arm-none-eabi/14.2 rel1/bin/../lib/gcc/arm-none-eabi/14.2.1/thumb/v7e-m+fp/hard\libgcc.a(unwind-arm.o)
 .text.__gnu_Unwind_Backtrace
                0x08004be0       0x90 C:/Program Files (x86)/Arm GNU Toolchain arm-none-eabi/14.2 rel1/bin/../lib/gcc/arm-none-eabi/14.2.1/thumb/v7e-m+fp/hard\libgcc.a(unwind-arm.o)
                0x08004be0                __gnu_Unwind_Backtrace
 .text.__gnu_unwind_pr_common
                0x08004c70      0x2a8 C:/Program Files (x86)/Arm GNU Toolchain arm-none-eabi/14.2 rel1/bin/../lib/gcc/arm-none-eabi/14.2.1/thumb/v7e-m+fp/hard\libgcc.a(unwind-arm.o)
 .text.__aeabi_unwind_cpp_pr0
                0x08004f18        0x8 C:/Program Files (x86)/Arm GNU Toolchain arm-none-eabi/14.2 rel1/bin/../lib/gcc/arm-none-eabi/14.2.1/thumb/v7e-m+fp/hard\libgcc.a(unwind-arm.o)
                0x08004f18                __aeabi_unwind_cpp_pr0
 .text.__aeabi_unwind_cpp_pr1
                0x08004f20        0x8 C:/Program Files (x86)/Arm GNU Toolchain arm-none-eabi/14.2 rel1/bin/../lib/gcc/arm-none-eabi/14.2.1/thumb/v7e-m+fp/hard\libgcc.a(unwind-arm.o)
                0x08004f20                __aeabi_unwind_cpp_pr1
 .text.__aeabi_unwind_cpp_pr2
                0x08004f28        0x8 C:/Program Files (x86)/Arm GNU Toolchain arm-none-eabi/14.2 rel1/bin/../lib/gcc/arm-none-eabi/14.2.1/thumb/v7e-m+fp/hard\libgcc.a(unwind-arm.o)
                0x08004f28                __aeabi_unwind_cpp_pr2
 .text._Unwind_VRS_Pop
                0x08004f30      0x2ec C:/Program Files (x86)/Arm GNU Toolchain arm-none-eabi/14.2 rel1/bin/../lib/gcc/arm-none-eabi/14.2.1/thumb/v7e-m+fp/hard\libgcc.a(unwind-arm.o)
                0x08004f30                _Unwind_VRS_Pop
 .text.next_unwind_byte
                0x0800521c       0x38 C:/Program Files (x86)/Arm GNU Toolchain arm-none-eabi/14.2 rel1/bin/../lib/gcc/arm-none-eabi/14.2.1/thumb/v7e-m+fp/hard\libgcc.a(pr-support.o)
 .text.__gnu_unwind_execute
                0x08005254      0x300 C:/Program Files (x86)/Arm GNU Toolchain arm-none-eabi/14.2 rel1/bin/../lib/gcc/arm-none-eabi/14.2.1/thumb/v7e-m+fp/hard\libgcc.a(pr-support.o)
                0x08005254                __gnu_unwind_execute
 .text.abort    0x08005554        0xe C:/Program Files (x86)/Arm GNU Toolchain arm-none-eabi/14.2 rel1/bin/../lib/gcc/arm-none-eabi/14.2.1/thumb/v7e-m+fp/hard\libg_nano.a(libc_a-abort.o)
                0x08005554                abort
 *fill*         0x08005562        0x2 
 .text.free     0x08005564       0x10 C:/Program Files (x86)/Arm GNU Toolchain arm-none-eabi/14.2 rel1/bin/../lib/gcc/arm-none-eabi/14.2.1/thumb/v7e-m+fp/hard\libg_nano.a(libc_a-malloc.o)
                0x08005564                free
 .text.__malloc_lock
                0x08005574        0xc C:/Program Files (x86)/Arm GNU Toolchain arm-none-eabi/14.2 rel1/bin/../lib/gcc/arm-none-eabi/14.2.1/thumb/v7e-m+fp/hard\libg_nano.a(libc_a-mlock.o)
                0x08005574                __malloc_lock
 .text.__malloc_unlock
                0x08005580        0xc C:/Program Files (x86)/Arm GNU Toolchain arm-none-eabi/14.2 rel1/bin/../lib/gcc/arm-none-eabi/14.2.1/thumb/v7e-m+fp/hard\libg_nano.a(libc_a-mlock.o)
                0x08005580                __malloc_unlock
 .text.memset   0x0800558c       0x10 C:/Program Files (x86)/Arm GNU Toolchain arm-none-eabi/14.2 rel1/bin/../lib/gcc/arm-none-eabi/14.2.1/thumb/v7e-m+fp/hard\libg_nano.a(libc_a-memset.o)
                0x0800558c                memset
 .text._raise_r
                0x0800559c       0x50 C:/Program Files (x86)/Arm GNU Toolchain arm-none-eabi/14.2 rel1/bin/../lib/gcc/arm-none-eabi/14.2.1/thumb/v7e-m+fp/hard\libg_nano.a(libc_a-signal.o)
                0x0800559c                _raise_r
 .text.raise    0x080055ec       0x10 C:/Program Files (x86)/Arm GNU Toolchain arm-none-eabi/14.2 rel1/bin/../lib/gcc/arm-none-eabi/14.2.1/thumb/v7e-m+fp/hard\libg_nano.a(libc_a-signal.o)
                0x080055ec                raise
 .text._kill_r  0x080055fc       0x24 C:/Program Files (x86)/Arm GNU Toolchain arm-none-eabi/14.2 rel1/bin/../lib/gcc/arm-none-eabi/14.2.1/thumb/v7e-m+fp/hard\libg_nano.a(libc_a-signalr.o)
                0x080055fc                _kill_r
 .text._getpid_r
                0x08005620        0x4 C:/Program Files (x86)/Arm GNU Toolchain arm-none-eabi/14.2 rel1/bin/../lib/gcc/arm-none-eabi/14.2.1/thumb/v7e-m+fp/hard\libg_nano.a(libc_a-signalr.o)
                0x08005620                _getpid_r
 .text.__errno  0x08005624        0xc C:/Program Files (x86)/Arm GNU Toolchain arm-none-eabi/14.2 rel1/bin/../lib/gcc/arm-none-eabi/14.2.1/thumb/v7e-m+fp/hard\libg_nano.a(libc_a-errno.o)
                0x08005624                __errno
 .text.__libc_init_array
                0x08005630       0x48 C:/Program Files (x86)/Arm GNU Toolchain arm-none-eabi/14.2 rel1/bin/../lib/gcc/arm-none-eabi/14.2.1/thumb/v7e-m+fp/hard\libg_nano.a(libc_a-init.o)
                0x08005630                __libc_init_array
 .text.__retarget_lock_acquire_recursive
                0x08005678        0x2 C:/Program Files (x86)/Arm GNU Toolchain arm-none-eabi/14.2 rel1/bin/../lib/gcc/arm-none-eabi/14.2.1/thumb/v7e-m+fp/hard\libg_nano.a(libc_a-lock.o)
                0x08005678                __retarget_lock_acquire_recursive
 .text.__retarget_lock_release_recursive
                0x0800567a        0x2 C:/Program Files (x86)/Arm GNU Toolchain arm-none-eabi/14.2 rel1/bin/../lib/gcc/arm-none-eabi/14.2.1/thumb/v7e-m+fp/hard\libg_nano.a(libc_a-lock.o)
                0x0800567a                __retarget_lock_release_recursive
 .text.memcpy   0x0800567c       0x1c C:/Program Files (x86)/Arm GNU Toolchain arm-none-eabi/14.2 rel1/bin/../lib/gcc/arm-none-eabi/14.2.1/thumb/v7e-m+fp/hard\libg_nano.a(libc_a-memcpy-stub.o)
                0x0800567c                memcpy
 .text._free_r  0x08005698       0x94 C:/Program Files (x86)/Arm GNU Toolchain arm-none-eabi/14.2 rel1/bin/../lib/gcc/arm-none-eabi/14.2.1/thumb/v7e-m+fp/hard\libg_nano.a(libc_a-freer.o)
                0x08005698                _free_r
 *(.glue_7)
 .glue_7        0x0800572c        0x0 linker stubs
 *(.glue_7t)
 .glue_7t       0x0800572c        0x0 linker stubs
 *(.eh_frame)
 .eh_frame      0x0800572c        0x0 C:/Program Files (x86)/Arm GNU Toolchain arm-none-eabi/14.2 rel1/bin/../lib/gcc/arm-none-eabi/14.2.1/thumb/v7e-m+fp/hard/crtbegin.o
 *(.init)
 .init          0x0800572c        0x4 C:/Program Files (x86)/Arm GNU Toolchain arm-none-eabi/14.2 rel1/bin/../lib/gcc/arm-none-eabi/14.2.1/thumb/v7e-m+fp/hard/crti.o
                0x0800572c                _init
 .init          0x08005730        0x8 C:/Program Files (x86)/Arm GNU Toolchain arm-none-eabi/14.2 rel1/bin/../lib/gcc/arm-none-eabi/14.2.1/thumb/v7e-m+fp/hard/crtn.o
 *(.fini)
 .fini          0x08005738        0x4 C:/Program Files (x86)/Arm GNU Toolchain arm-none-eabi/14.2 rel1/bin/../lib/gcc/arm-none-eabi/14.2.1/thumb/v7e-m+fp/hard/crti.o
                0x08005738                _fini
 .fini          0x0800573c        0x8 C:/Program Files (x86)/Arm GNU Toolchain arm-none-eabi/14.2 rel1/bin/../lib/gcc/arm-none-eabi/14.2.1/thumb/v7e-m+fp/hard/crtn.o
                0x08005744                        . = ALIGN (0x4)
                0x08005744                        _etext = .

.vfp11_veneer   0x08005744        0x0
 .vfp11_veneer  0x08005744        0x0 linker stubs

.v4_bx          0x08005744        0x0
 .v4_bx         0x08005744        0x0 linker stubs

.iplt           0x08005744        0x0
 .iplt          0x08005744        0x0 C:/Program Files (x86)/Arm GNU Toolchain arm-none-eabi/14.2 rel1/bin/../lib/gcc/arm-none-eabi/14.2.1/thumb/v7e-m+fp/hard/crtbegin.o

.rodata         0x08005748      0xc14
                0x08005748                        . = ALIGN (0x4)
 *(.rodata)
 *(.rodata*)
 .rodata.DMA1_Channel2_IRQHandler.str1.1
                0x08005748       0x26 build/main.o
                                 0x14 (size before relaxing)
 *fill*         0x0800576e        0x2 
 .rodata._ZL9cos_table
                0x08005770      0x320 build/main.o
 .rodata._ZTS25oled_interface_spi_dma_ll
                0x08005a90       0x1c build/oled_interface_ll.o
                0x08005a90                typeinfo name for oled_interface_spi_dma_ll
 .rodata._ZTI25oled_interface_spi_dma_ll
                0x08005aac        0xc build/oled_interface_ll.o
                0x08005aac                typeinfo for oled_interface_spi_dma_ll
 .rodata._ZTV25oled_interface_spi_dma_ll
                0x08005ab8       0x14 build/oled_interface_ll.o
                0x08005ab8                vtable for oled_interface_spi_dma_ll
 .rodata._ZL18CHANNEL_OFFSET_TAB
                0x08005acc        0x6 build/oled_interface_ll.o
 .rodata._ZTS8i_base_t
                0x08005ad2        0xa build/pid.o
                0x08005ad2                typeinfo name for i_base_t
 .rodata._ZTI8i_base_t
                0x08005adc        0x8 build/pid.o
                0x08005adc                typeinfo for i_base_t
 .rodata._ZTS8p_base_t
                0x08005ae4        0xa build/pid.o
                0x08005ae4                typeinfo name for p_base_t
 *fill*         0x08005aee        0x2 
 .rodata._ZTI8p_base_t
                0x08005af0        0x8 build/pid.o
                0x08005af0                typeinfo for p_base_t
 .rodata._ZTS8d_base_t
                0x08005af8        0xa build/pid.o
                0x08005af8                typeinfo name for d_base_t
 *fill*         0x08005b02        0x2 
 .rodata._ZTI8d_base_t
                0x08005b04        0x8 build/pid.o
                0x08005b04                typeinfo for d_base_t
 .rodata._ZTS10pid_base_t
                0x08005b0c        0xd build/pid.o
                0x08005b0c                typeinfo name for pid_base_t
 *fill*         0x08005b19        0x3 
 .rodata._ZTI10pid_base_t
                0x08005b1c        0x8 build/pid.o
                0x08005b1c                typeinfo for pid_base_t
 .rodata._ZTS3pid
                0x08005b24        0x5 build/pid.o
                0x08005b24                typeinfo name for pid
 *fill*         0x08005b29        0x3 
 .rodata._ZTI3pid
                0x08005b2c       0x30 build/pid.o
                0x08005b2c                typeinfo for pid
 .rodata._ZTV3pid
                0x08005b5c       0x10 build/pid.o
                0x08005b5c                vtable for pid
 .rodata._ZL5_ftoaPFvcPvjjEPcjjdjjj.str1.1
                0x08005b6c       0x12 build/printf.o
 *fill*         0x08005b6c        0x4 
 .rodata._ZZL5_ftoaPFvcPvjjEPcjjdjjjE5pow10
                0x08005b70       0x50 build/printf.o
 .rodata._ZTS19oled_base_interface
                0x08005bc0       0x16 build/oled.o
                0x08005bc0                typeinfo name for oled_base_interface
 *fill*         0x08005bd6        0x2 
 .rodata._ZTI19oled_base_interface
                0x08005bd8        0x8 build/oled.o
                0x08005bd8                typeinfo for oled_base_interface
 .rodata._ZL13OLED_F8x16_LE
                0x08005be0      0x5f0 build/oled_canvas_char.o
 .rodata._ZTS16oled_base_device
                0x080061d0       0x13 build/oled_device_ssd1306.o
                0x080061d0                typeinfo name for oled_base_device
 *fill*         0x080061e3        0x1 
 .rodata._ZTI16oled_base_device
                0x080061e4        0x8 build/oled_device_ssd1306.o
                0x080061e4                typeinfo for oled_base_device
 .rodata._ZTS19oled_device_ssd1306
                0x080061ec       0x16 build/oled_device_ssd1306.o
                0x080061ec                typeinfo name for oled_device_ssd1306
 *fill*         0x08006202        0x2 
 .rodata._ZTI19oled_device_ssd1306
                0x08006204        0xc build/oled_device_ssd1306.o
                0x08006204                typeinfo for oled_device_ssd1306
 .rodata._ZTV19oled_device_ssd1306
                0x08006210       0x18 build/oled_device_ssd1306.o
                0x08006210                vtable for oled_device_ssd1306
 .rodata._ZTSN10__cxxabiv117__class_type_infoE
                0x08006228       0x22 C:/Program Files (x86)/Arm GNU Toolchain arm-none-eabi/14.2 rel1/bin/../lib/gcc/arm-none-eabi/14.2.1/thumb/v7e-m+fp/hard\libstdc++_nano.a(class_type_info.o)
                0x08006228                typeinfo name for __cxxabiv1::__class_type_info
 *fill*         0x0800624a        0x2 
 .rodata._ZTIN10__cxxabiv117__class_type_infoE
                0x0800624c        0xc C:/Program Files (x86)/Arm GNU Toolchain arm-none-eabi/14.2 rel1/bin/../lib/gcc/arm-none-eabi/14.2.1/thumb/v7e-m+fp/hard\libstdc++_nano.a(class_type_info.o)
                0x0800624c                typeinfo for __cxxabiv1::__class_type_info
 .rodata._ZTVN10__cxxabiv117__class_type_infoE
                0x08006258       0x2c C:/Program Files (x86)/Arm GNU Toolchain arm-none-eabi/14.2 rel1/bin/../lib/gcc/arm-none-eabi/14.2.1/thumb/v7e-m+fp/hard\libstdc++_nano.a(class_type_info.o)
                0x08006258                vtable for __cxxabiv1::__class_type_info
 .rodata._ZTSN10__cxxabiv120__si_class_type_infoE
                0x08006284       0x25 C:/Program Files (x86)/Arm GNU Toolchain arm-none-eabi/14.2 rel1/bin/../lib/gcc/arm-none-eabi/14.2.1/thumb/v7e-m+fp/hard\libstdc++_nano.a(si_class_type_info.o)
                0x08006284                typeinfo name for __cxxabiv1::__si_class_type_info
 *fill*         0x080062a9        0x3 
 .rodata._ZTIN10__cxxabiv120__si_class_type_infoE
                0x080062ac        0xc C:/Program Files (x86)/Arm GNU Toolchain arm-none-eabi/14.2 rel1/bin/../lib/gcc/arm-none-eabi/14.2.1/thumb/v7e-m+fp/hard\libstdc++_nano.a(si_class_type_info.o)
                0x080062ac                typeinfo for __cxxabiv1::__si_class_type_info
 .rodata._ZTVN10__cxxabiv120__si_class_type_infoE
                0x080062b8       0x2c C:/Program Files (x86)/Arm GNU Toolchain arm-none-eabi/14.2 rel1/bin/../lib/gcc/arm-none-eabi/14.2.1/thumb/v7e-m+fp/hard\libstdc++_nano.a(si_class_type_info.o)
                0x080062b8                vtable for __cxxabiv1::__si_class_type_info
 .rodata._ZTSSt9type_info
                0x080062e4        0xd C:/Program Files (x86)/Arm GNU Toolchain arm-none-eabi/14.2 rel1/bin/../lib/gcc/arm-none-eabi/14.2.1/thumb/v7e-m+fp/hard\libstdc++_nano.a(tinfo.o)
                0x080062e4                typeinfo name for std::type_info
 *fill*         0x080062f1        0x3 
 .rodata._ZTISt9type_info
                0x080062f4        0x8 C:/Program Files (x86)/Arm GNU Toolchain arm-none-eabi/14.2 rel1/bin/../lib/gcc/arm-none-eabi/14.2.1/thumb/v7e-m+fp/hard\libstdc++_nano.a(tinfo.o)
                0x080062f4                typeinfo for std::type_info
 .rodata._ZTSN10__cxxabiv121__vmi_class_type_infoE
                0x080062fc       0x26 C:/Program Files (x86)/Arm GNU Toolchain arm-none-eabi/14.2 rel1/bin/../lib/gcc/arm-none-eabi/14.2.1/thumb/v7e-m+fp/hard\libstdc++_nano.a(vmi_class_type_info.o)
                0x080062fc                typeinfo name for __cxxabiv1::__vmi_class_type_info
 *fill*         0x08006322        0x2 
 .rodata._ZTIN10__cxxabiv121__vmi_class_type_infoE
                0x08006324        0xc C:/Program Files (x86)/Arm GNU Toolchain arm-none-eabi/14.2 rel1/bin/../lib/gcc/arm-none-eabi/14.2.1/thumb/v7e-m+fp/hard\libstdc++_nano.a(vmi_class_type_info.o)
                0x08006324                typeinfo for __cxxabiv1::__vmi_class_type_info
 .rodata._ZTVN10__cxxabiv121__vmi_class_type_infoE
                0x08006330       0x2c C:/Program Files (x86)/Arm GNU Toolchain arm-none-eabi/14.2 rel1/bin/../lib/gcc/arm-none-eabi/14.2.1/thumb/v7e-m+fp/hard\libstdc++_nano.a(vmi_class_type_info.o)
                0x08006330                vtable for __cxxabiv1::__vmi_class_type_info
                0x0800635c                        . = ALIGN (0x4)

.ARM.extab      0x0800635c       0x30
                0x0800635c                        . = ALIGN (0x4)
 *(.ARM.extab* .gnu.linkonce.armextab.*)
 .ARM.extab.text.LL_GPIO_SetPinPull.constprop.0
                0x0800635c        0x0 build/main.o
 .ARM.extab.text.LL_GPIO_SetPinSpeed.constprop.0
                0x0800635c        0x0 build/main.o
 .ARM.extab.text._Z10ADC_ConfigPt
                0x0800635c        0x0 build/main.o
 .ARM.extab.text._Z10PWM_Configv
                0x0800635c        0x0 build/main.o
 .ARM.extab.text._Z11GPIO_Configv
                0x0800635c        0x0 build/main.o
 .ARM.extab.text._Z10Sys_Configv
                0x0800635c        0x0 build/main.o
 .ARM.extab.text.DMA1_Channel2_IRQHandler
                0x0800635c        0xc build/main.o
 .ARM.extab.text._ZN3pid6updateEf
                0x08006368        0xc build/pid.o
 .ARM.extab.text.sprintf_
                0x08006374        0xc build/printf.o
 .ARM.extab.text.__gnu_Unwind_Resume_or_Rethrow
                0x08006380        0xc C:/Program Files (x86)/Arm GNU Toolchain arm-none-eabi/14.2 rel1/bin/../lib/gcc/arm-none-eabi/14.2.1/thumb/v7e-m+fp/hard\libgcc.a(unwind-arm.o)
                0x0800638c                        . = ALIGN (0x4)

.ARM            0x0800638c      0x158
                0x0800638c                        . = ALIGN (0x4)
                0x0800638c                        __exidx_start = .
 *(.ARM.exidx*)
 .ARM.exidx     0x0800638c        0x8 C:/Program Files (x86)/Arm GNU Toolchain arm-none-eabi/14.2 rel1/bin/../lib/gcc/arm-none-eabi/14.2.1/thumb/v7e-m+fp/hard\libg_nano.a(libc_a-strcmp.o)
 .ARM.exidx.text.LL_ADC_CommonInit
                0x08006394        0x0 build/stm32g4xx_ll_adc.o
                                  0x8 (size before relaxing)
 .ARM.exidx.text.LL_ADC_Init
                0x08006394        0x0 build/stm32g4xx_ll_adc.o
                                  0x8 (size before relaxing)
 .ARM.exidx.text.LL_ADC_REG_Init
                0x08006394        0x0 build/stm32g4xx_ll_adc.o
                                  0x8 (size before relaxing)
 .ARM.exidx.text.LL_GPIO_Init
                0x08006394        0x0 build/stm32g4xx_ll_gpio.o
                                  0x8 (size before relaxing)
 .ARM.exidx.text.LL_TIM_Init
                0x08006394        0x0 build/stm32g4xx_ll_tim.o
                                  0x8 (size before relaxing)
 .ARM.exidx.text.LL_TIM_OC_Init
                0x08006394        0x0 build/stm32g4xx_ll_tim.o
                                  0x8 (size before relaxing)
 .ARM.exidx.text.SystemInit
                0x08006394        0x0 build/system_stm32g4xx.o
                                  0x8 (size before relaxing)
 .ARM.exidx.text._getpid
                0x08006394        0x0 build/syscall.o
                                  0x8 (size before relaxing)
 .ARM.exidx.text._kill
                0x08006394        0x0 build/syscall.o
                                  0x8 (size before relaxing)
 .ARM.exidx.text._exit
                0x08006394        0x0 build/syscall.o
                                  0x8 (size before relaxing)
 .ARM.exidx.text.TIM7_IRQHandler
                0x08006394        0x0 build/interupt.o
                                  0x8 (size before relaxing)
 .ARM.exidx.text.LL_AHB2_GRP1_EnableClock
                0x08006394        0x0 build/main.o
                                  0x8 (size before relaxing)
 .ARM.exidx.text.LL_GPIO_SetPinMode
                0x08006394        0x0 build/main.o
                                  0x8 (size before relaxing)
 .ARM.exidx.text.LL_GPIO_SetPinPull.constprop.0
                0x08006394        0x0 build/main.o
                                  0x8 (size before relaxing)
 .ARM.exidx.text.LL_GPIO_SetPinSpeed.constprop.0
                0x08006394        0x0 build/main.o
                                  0x8 (size before relaxing)
 .ARM.exidx.text._Z10ADC_ConfigPt
                0x08006394        0x8 build/main.o
 .ARM.exidx.text._Z10PWM_Configv
                0x0800639c        0x8 build/main.o
 .ARM.exidx.text._Z11GPIO_Configv
                0x080063a4        0x8 build/main.o
 .ARM.exidx.text._Z10Sys_Configv
                0x080063ac        0x0 build/main.o
                                  0x8 (size before relaxing)
 .ARM.exidx.text.startup.main
                0x080063ac        0x8 build/main.o
 .ARM.exidx.text._Z12calc_comparei
                0x080063b4        0x8 build/main.o
 .ARM.exidx.text.DMA1_Channel1_IRQHandler
                0x080063bc        0x0 build/main.o
                                  0x8 (size before relaxing)
 .ARM.exidx.text.DMA1_Channel2_IRQHandler
                0x080063bc        0x8 build/main.o
 .ARM.exidx.text.TIM1_UP_TIM16_IRQHandler
                0x080063c4        0x8 build/main.o
 .ARM.exidx.text.startup._GLOBAL__sub_I_vol
                0x080063cc        0x0 build/main.o
                                  0x8 (size before relaxing)
 .ARM.exidx.text.LL_DMA_SetPeriphRequest
                0x080063cc        0x0 build/oled_interface_ll.o
                                  0x8 (size before relaxing)
 .ARM.exidx.text.LL_AHB1_GRP1_EnableClock
                0x080063cc        0x0 build/oled_interface_ll.o
                                  0x8 (size before relaxing)
 .ARM.exidx.text.LL_AHB2_GRP1_EnableClock
                0x080063cc        0x0 build/oled_interface_ll.o
                                  0x8 (size before relaxing)
 .ARM.exidx.text._ZN25oled_interface_spi_dma_ll11sendCommandEh
                0x080063cc        0x0 build/oled_interface_ll.o
                                  0x8 (size before relaxing)
 .ARM.exidx.text._ZN25oled_interface_spi_dma_ll8sendDataEPhm
                0x080063cc        0x0 build/oled_interface_ll.o
                                  0x8 (size before relaxing)
 .ARM.exidx.text._ZN25oled_interface_spi_dma_ll16transferCompleteEv
                0x080063cc        0x0 build/oled_interface_ll.o
                                  0x8 (size before relaxing)
 .ARM.exidx.text._Z15gpio_clk_enablem
                0x080063cc        0x0 build/oled_interface_ll.o
                                  0x8 (size before relaxing)
 .ARM.exidx.text._Z14spi_clk_enablem
                0x080063cc        0x0 build/oled_interface_ll.o
                                  0x8 (size before relaxing)
 .ARM.exidx.text._Z14dma_clk_enablemm
                0x080063cc        0x0 build/oled_interface_ll.o
                                  0x8 (size before relaxing)
 .ARM.exidx.text._ZN25oled_interface_spi_dma_llC2ERK10spi_configRK10dma_configP12GPIO_TypeDefm
                0x080063cc        0x8 build/oled_interface_ll.o
 .ARM.exidx.text._ZN3pid6updateEf
                0x080063d4        0x8 build/pid.o
 .ARM.exidx.text._ZN3pid9setTargetEf
                0x080063dc        0x8 build/pid.o
 .ARM.exidx.text._ZN3pidC2Efffff
                0x080063e4        0x0 build/pid.o
                                  0x8 (size before relaxing)
 .ARM.exidx.text._ZL11_out_buffercPvjj
                0x080063e4        0x0 build/printf.o
                                  0x8 (size before relaxing)
 .ARM.exidx.text._ZL9_out_nullcPvjj
                0x080063e4        0x0 build/printf.o
                                  0x8 (size before relaxing)
 .ARM.exidx.text._ZL8_out_revPFvcPvjjEPcjjPKcjjj
                0x080063e4        0x8 build/printf.o
 .ARM.exidx.text._ZL12_ntoa_formatPFvcPvjjEPcjjS2_jbjjjj
                0x080063ec        0x8 build/printf.o
 .ARM.exidx.text._ZL10_ntoa_longPFvcPvjjEPcjjmbmjjj
                0x080063f4        0x8 build/printf.o
 .ARM.exidx.text._ZL15_ntoa_long_longPFvcPvjjEPcjjybyjjj
                0x080063fc        0x8 build/printf.o
 .ARM.exidx.text._ZL5_ftoaPFvcPvjjEPcjjdjjj
                0x08006404        0x8 build/printf.o
 .ARM.exidx.text._ZL5_etoaPFvcPvjjEPcjjdjjj
                0x0800640c        0x8 build/printf.o
 .ARM.exidx.text._ZL10_vsnprintfPFvcPvjjEPcjPKcSt9__va_list
                0x08006414        0x8 build/printf.o
 .ARM.exidx.text.sprintf_
                0x0800641c        0x8 build/printf.o
 .ARM.exidx.text._ZN16oled_base_device5flushER16oled_base_canvas
                0x08006424        0x8 build/oled.o
 .ARM.exidx.text._ZN16oled_base_device13flushCompleteEv
                0x0800642c        0x8 build/oled.o
 .ARM.exidx.text._ZN16oled_canvas_char8showCharEttc
                0x08006434        0x8 build/oled_canvas_char.o
 .ARM.exidx.text._ZN16oled_canvas_char10showStringEttPKc
                0x0800643c        0x0 build/oled_canvas_char.o
                                  0x8 (size before relaxing)
 .ARM.exidx.text._ZN22oled_canvas_char_smallC2Ev
                0x0800643c        0x0 build/oled_canvas_char.o
                                  0x8 (size before relaxing)
 .ARM.exidx.text._ZN19oled_device_ssd130610initDeviceEv
                0x0800643c        0x8 build/oled_device_ssd1306.o
 .ARM.exidx.text._ZN19oled_device_ssd130612selectDeviceEv
                0x08006444        0x8 build/oled_device_ssd1306.o
 .ARM.exidx.text._ZN19oled_device_ssd130613releaseDeviceEv
                0x0800644c        0x0 build/oled_device_ssd1306.o
                                  0x8 (size before relaxing)
 .ARM.exidx.text._ZN19oled_device_ssd130611resetDeviceEv
                0x0800644c        0x0 build/oled_device_ssd1306.o
                                  0x8 (size before relaxing)
 .ARM.exidx.text._ZN19oled_device_ssd1306C2EP19oled_base_interfaceP12GPIO_TypeDefmS3_m
                0x0800644c       0x10 build/oled_device_ssd1306.o
                                  0x8 (size before relaxing)
 .ARM.exidx.text.__udivmoddi4
                0x0800645c        0x0 C:/Program Files (x86)/Arm GNU Toolchain arm-none-eabi/14.2 rel1/bin/../lib/gcc/arm-none-eabi/14.2.1/thumb/v7e-m+fp/hard\libgcc.a(_udivmoddi4.o)
                                  0x8 (size before relaxing)
 .ARM.exidx.text.selfrel_offset31
                0x0800645c        0x0 C:/Program Files (x86)/Arm GNU Toolchain arm-none-eabi/14.2 rel1/bin/../lib/gcc/arm-none-eabi/14.2.1/thumb/v7e-m+fp/hard\libgcc.a(unwind-arm.o)
                                  0x8 (size before relaxing)
 .ARM.exidx.text.search_EIT_table
                0x0800645c        0x0 C:/Program Files (x86)/Arm GNU Toolchain arm-none-eabi/14.2 rel1/bin/../lib/gcc/arm-none-eabi/14.2.1/thumb/v7e-m+fp/hard\libgcc.a(unwind-arm.o)
                                  0x8 (size before relaxing)
 .ARM.exidx.text.__gnu_unwind_get_pr_addr
                0x0800645c        0x0 C:/Program Files (x86)/Arm GNU Toolchain arm-none-eabi/14.2 rel1/bin/../lib/gcc/arm-none-eabi/14.2.1/thumb/v7e-m+fp/hard\libgcc.a(unwind-arm.o)
                                  0x8 (size before relaxing)
 .ARM.exidx.text.get_eit_entry
                0x0800645c        0x8 C:/Program Files (x86)/Arm GNU Toolchain arm-none-eabi/14.2 rel1/bin/../lib/gcc/arm-none-eabi/14.2.1/thumb/v7e-m+fp/hard\libgcc.a(unwind-arm.o)
 .ARM.exidx.text.restore_non_core_regs
                0x08006464        0x8 C:/Program Files (x86)/Arm GNU Toolchain arm-none-eabi/14.2 rel1/bin/../lib/gcc/arm-none-eabi/14.2.1/thumb/v7e-m+fp/hard\libgcc.a(unwind-arm.o)
 .ARM.exidx.text._Unwind_decode_typeinfo_ptr.constprop.0
                0x0800646c        0x8 C:/Program Files (x86)/Arm GNU Toolchain arm-none-eabi/14.2 rel1/bin/../lib/gcc/arm-none-eabi/14.2.1/thumb/v7e-m+fp/hard\libgcc.a(unwind-arm.o)
 .ARM.exidx.text._Unwind_DebugHook
                0x08006474        0x0 C:/Program Files (x86)/Arm GNU Toolchain arm-none-eabi/14.2 rel1/bin/../lib/gcc/arm-none-eabi/14.2.1/thumb/v7e-m+fp/hard\libgcc.a(unwind-arm.o)
                                  0x8 (size before relaxing)
 .ARM.exidx.text.unwind_phase2
                0x08006474        0x8 C:/Program Files (x86)/Arm GNU Toolchain arm-none-eabi/14.2 rel1/bin/../lib/gcc/arm-none-eabi/14.2.1/thumb/v7e-m+fp/hard\libgcc.a(unwind-arm.o)
 .ARM.exidx.text.unwind_phase2_forced
                0x0800647c        0x8 C:/Program Files (x86)/Arm GNU Toolchain arm-none-eabi/14.2 rel1/bin/../lib/gcc/arm-none-eabi/14.2.1/thumb/v7e-m+fp/hard\libgcc.a(unwind-arm.o)
 .ARM.exidx.text.__gnu_Unwind_RaiseException
                0x08006484        0x8 C:/Program Files (x86)/Arm GNU Toolchain arm-none-eabi/14.2 rel1/bin/../lib/gcc/arm-none-eabi/14.2.1/thumb/v7e-m+fp/hard\libgcc.a(unwind-arm.o)
 .ARM.exidx.text.__gnu_Unwind_ForcedUnwind
                0x0800648c        0x8 C:/Program Files (x86)/Arm GNU Toolchain arm-none-eabi/14.2 rel1/bin/../lib/gcc/arm-none-eabi/14.2.1/thumb/v7e-m+fp/hard\libgcc.a(unwind-arm.o)
 .ARM.exidx.text.__gnu_Unwind_Resume
                0x08006494        0x8 C:/Program Files (x86)/Arm GNU Toolchain arm-none-eabi/14.2 rel1/bin/../lib/gcc/arm-none-eabi/14.2.1/thumb/v7e-m+fp/hard\libgcc.a(unwind-arm.o)
 .ARM.exidx.text.__gnu_Unwind_Resume_or_Rethrow
                0x0800649c        0x8 C:/Program Files (x86)/Arm GNU Toolchain arm-none-eabi/14.2 rel1/bin/../lib/gcc/arm-none-eabi/14.2.1/thumb/v7e-m+fp/hard\libgcc.a(unwind-arm.o)
 .ARM.exidx.text._Unwind_VRS_Get
                0x080064a4        0x8 C:/Program Files (x86)/Arm GNU Toolchain arm-none-eabi/14.2 rel1/bin/../lib/gcc/arm-none-eabi/14.2.1/thumb/v7e-m+fp/hard\libgcc.a(unwind-arm.o)
 .ARM.exidx.text._Unwind_GetGR
                0x080064ac        0x0 C:/Program Files (x86)/Arm GNU Toolchain arm-none-eabi/14.2 rel1/bin/../lib/gcc/arm-none-eabi/14.2.1/thumb/v7e-m+fp/hard\libgcc.a(unwind-arm.o)
                                  0x8 (size before relaxing)
 .ARM.exidx.text._Unwind_VRS_Set
                0x080064ac        0x0 C:/Program Files (x86)/Arm GNU Toolchain arm-none-eabi/14.2 rel1/bin/../lib/gcc/arm-none-eabi/14.2.1/thumb/v7e-m+fp/hard\libgcc.a(unwind-arm.o)
                                  0x8 (size before relaxing)
 .ARM.exidx.text._Unwind_SetGR
                0x080064ac        0x0 C:/Program Files (x86)/Arm GNU Toolchain arm-none-eabi/14.2 rel1/bin/../lib/gcc/arm-none-eabi/14.2.1/thumb/v7e-m+fp/hard\libgcc.a(unwind-arm.o)
                                  0x8 (size before relaxing)
 .ARM.exidx.text.__gnu_Unwind_Backtrace
                0x080064ac        0x8 C:/Program Files (x86)/Arm GNU Toolchain arm-none-eabi/14.2 rel1/bin/../lib/gcc/arm-none-eabi/14.2.1/thumb/v7e-m+fp/hard\libgcc.a(unwind-arm.o)
 .ARM.exidx.text.__gnu_unwind_pr_common
                0x080064b4        0x8 C:/Program Files (x86)/Arm GNU Toolchain arm-none-eabi/14.2 rel1/bin/../lib/gcc/arm-none-eabi/14.2.1/thumb/v7e-m+fp/hard\libgcc.a(unwind-arm.o)
 .ARM.exidx.text.__aeabi_unwind_cpp_pr0
                0x080064bc        0x8 C:/Program Files (x86)/Arm GNU Toolchain arm-none-eabi/14.2 rel1/bin/../lib/gcc/arm-none-eabi/14.2.1/thumb/v7e-m+fp/hard\libgcc.a(unwind-arm.o)
 .ARM.exidx.text.__aeabi_unwind_cpp_pr1
                0x080064c4        0x0 C:/Program Files (x86)/Arm GNU Toolchain arm-none-eabi/14.2 rel1/bin/../lib/gcc/arm-none-eabi/14.2.1/thumb/v7e-m+fp/hard\libgcc.a(unwind-arm.o)
                                  0x8 (size before relaxing)
 .ARM.exidx.text.__aeabi_unwind_cpp_pr2
                0x080064c4        0x0 C:/Program Files (x86)/Arm GNU Toolchain arm-none-eabi/14.2 rel1/bin/../lib/gcc/arm-none-eabi/14.2.1/thumb/v7e-m+fp/hard\libgcc.a(unwind-arm.o)
                                  0x8 (size before relaxing)
 .ARM.exidx.text._Unwind_VRS_Pop
                0x080064c4        0x8 C:/Program Files (x86)/Arm GNU Toolchain arm-none-eabi/14.2 rel1/bin/../lib/gcc/arm-none-eabi/14.2.1/thumb/v7e-m+fp/hard\libgcc.a(unwind-arm.o)
 .ARM.exidx.text.next_unwind_byte
                0x080064cc        0x8 C:/Program Files (x86)/Arm GNU Toolchain arm-none-eabi/14.2 rel1/bin/../lib/gcc/arm-none-eabi/14.2.1/thumb/v7e-m+fp/hard\libgcc.a(pr-support.o)
 .ARM.exidx.text.__gnu_unwind_execute
                0x080064d4       0x10 C:/Program Files (x86)/Arm GNU Toolchain arm-none-eabi/14.2 rel1/bin/../lib/gcc/arm-none-eabi/14.2.1/thumb/v7e-m+fp/hard\libgcc.a(pr-support.o)
                                  0x8 (size before relaxing)
                0x080064e4                        __exidx_end = .
                0x080064e4                        . = ALIGN (0x4)

.preinit_array  0x080064e4        0x0
                0x080064e4                        . = ALIGN (0x4)
                0x080064e4                        PROVIDE (__preinit_array_start = .)
 *(.preinit_array*)
                0x080064e4                        PROVIDE (__preinit_array_end = .)
                0x080064e4                        . = ALIGN (0x4)

.init_array     0x080064e4        0x8
                0x080064e4                        . = ALIGN (0x4)
                0x080064e4                        PROVIDE (__init_array_start = .)
 *(SORT_BY_NAME(.init_array.*))
 *(.init_array*)
 .init_array    0x080064e4        0x4 C:/Program Files (x86)/Arm GNU Toolchain arm-none-eabi/14.2 rel1/bin/../lib/gcc/arm-none-eabi/14.2.1/thumb/v7e-m+fp/hard/crtbegin.o
 .init_array    0x080064e8        0x4 build/main.o
                0x080064ec                        PROVIDE (__init_array_end = .)
                0x080064ec                        . = ALIGN (0x4)

.fini_array     0x080064ec        0x4
                0x080064ec                        . = ALIGN (0x4)
                [!provide]                        PROVIDE (__fini_array_start = .)
 *(SORT_BY_NAME(.fini_array.*))
 *(.fini_array*)
 .fini_array    0x080064ec        0x4 C:/Program Files (x86)/Arm GNU Toolchain arm-none-eabi/14.2 rel1/bin/../lib/gcc/arm-none-eabi/14.2.1/thumb/v7e-m+fp/hard/crtbegin.o
                [!provide]                        PROVIDE (__fini_array_end = .)
                0x080064f0                        . = ALIGN (0x4)
                0x080064f0                        _sidata = LOADADDR (.data)

.rel.dyn        0x080064f0        0x0
 .rel.iplt      0x080064f0        0x0 C:/Program Files (x86)/Arm GNU Toolchain arm-none-eabi/14.2 rel1/bin/../lib/gcc/arm-none-eabi/14.2.1/thumb/v7e-m+fp/hard/crtbegin.o

.data           0x20000000       0x64 load address 0x080064f0
                0x20000000                        . = ALIGN (0x4)
                0x20000000                        _sdata = .
 *(.data)
 *(.data*)
 .data._ZZ24DMA1_Channel2_IRQHandlerE5_temp
                0x20000000       0x10 build/main.o
 .data._ZZ24DMA1_Channel2_IRQHandlerE7vol_min
                0x20000010        0x2 build/main.o
 *fill*         0x20000012        0x2 
 .data._impure_ptr
                0x20000014        0x4 C:/Program Files (x86)/Arm GNU Toolchain arm-none-eabi/14.2 rel1/bin/../lib/gcc/arm-none-eabi/14.2.1/thumb/v7e-m+fp/hard\libg_nano.a(libc_a-impure.o)
                0x20000014                _impure_ptr
 .data._impure_data
                0x20000018       0x4c C:/Program Files (x86)/Arm GNU Toolchain arm-none-eabi/14.2 rel1/bin/../lib/gcc/arm-none-eabi/14.2.1/thumb/v7e-m+fp/hard\libg_nano.a(libc_a-impure.o)
                0x20000018                _impure_data
                0x20000064                        . = ALIGN (0x4)
                0x20000064                        _edata = .

.tm_clone_table
                0x20000064        0x0 load address 0x08006554
 .tm_clone_table
                0x20000064        0x0 C:/Program Files (x86)/Arm GNU Toolchain arm-none-eabi/14.2 rel1/bin/../lib/gcc/arm-none-eabi/14.2.1/thumb/v7e-m+fp/hard/crtbegin.o
 .tm_clone_table
                0x20000064        0x0 C:/Program Files (x86)/Arm GNU Toolchain arm-none-eabi/14.2 rel1/bin/../lib/gcc/arm-none-eabi/14.2.1/thumb/v7e-m+fp/hard/crtend.o

.igot.plt       0x20000064        0x0 load address 0x08006554
 .igot.plt      0x20000064        0x0 C:/Program Files (x86)/Arm GNU Toolchain arm-none-eabi/14.2 rel1/bin/../lib/gcc/arm-none-eabi/14.2.1/thumb/v7e-m+fp/hard/crtbegin.o
                0x20000064                        . = ALIGN (0x4)

.bss            0x20000064      0x9f4 load address 0x08006554
                0x20000064                        _sbss = .
                0x20000064                        __bss_start__ = _sbss
 *(.bss)
 *(.bss*)
 .bss.completed.1
                0x20000064        0x1 C:/Program Files (x86)/Arm GNU Toolchain arm-none-eabi/14.2 rel1/bin/../lib/gcc/arm-none-eabi/14.2.1/thumb/v7e-m+fp/hard/crtbegin.o
 *fill*         0x20000065        0x3 
 .bss.object.0  0x20000068       0x18 C:/Program Files (x86)/Arm GNU Toolchain arm-none-eabi/14.2 rel1/bin/../lib/gcc/arm-none-eabi/14.2.1/thumb/v7e-m+fp/hard/crtbegin.o
 .bss._ZZ24TIM1_UP_TIM16_IRQHandlerE5count
                0x20000080        0x4 build/main.o
 .bss._ZZ24DMA1_Channel2_IRQHandlerE5count
                0x20000084        0x2 build/main.o
 *fill*         0x20000086        0x2 
 .bss._ZZ24DMA1_Channel2_IRQHandlerE7cur_squ
                0x20000088        0x4 build/main.o
 .bss._ZZ24DMA1_Channel2_IRQHandlerE7vol_squ
                0x2000008c        0x4 build/main.o
 .bss._ZZ24DMA1_Channel2_IRQHandlerE7vol_max
                0x20000090        0x2 build/main.o
 .bss.adc_buffer
                0x20000092        0x4 build/main.o
                0x20000092                adc_buffer
 *fill*         0x20000096        0x2 
 .bss.oled_device
                0x20000098       0x18 build/main.o
                0x20000098                oled_device
 .bss.canvas    0x200000b0      0x40c build/main.o
                0x200000b0                canvas
 .bss.oled_interface
                0x200004bc      0x424 build/main.o
                0x200004bc                oled_interface
 .bss.buffer    0x200008e0       0x10 build/main.o
                0x200008e0                buffer
 .bss.vol       0x200008f0       0x24 build/main.o
                0x200008f0                vol
 .bss.__malloc_free_list
                0x20000914        0x4 C:/Program Files (x86)/Arm GNU Toolchain arm-none-eabi/14.2 rel1/bin/../lib/gcc/arm-none-eabi/14.2.1/thumb/v7e-m+fp/hard\libg_nano.a(libc_a-mallocr.o)
                0x20000914                __malloc_free_list
 .bss.__sf      0x20000918      0x138 C:/Program Files (x86)/Arm GNU Toolchain arm-none-eabi/14.2 rel1/bin/../lib/gcc/arm-none-eabi/14.2.1/thumb/v7e-m+fp/hard\libg_nano.a(libc_a-findfp.o)
                0x20000918                __sf
 .bss.errno     0x20000a50        0x4 C:/Program Files (x86)/Arm GNU Toolchain arm-none-eabi/14.2 rel1/bin/../lib/gcc/arm-none-eabi/14.2.1/thumb/v7e-m+fp/hard\libg_nano.a(libc_a-reent.o)
                0x20000a50                errno
 .bss.__lock___malloc_recursive_mutex
                0x20000a54        0x1 C:/Program Files (x86)/Arm GNU Toolchain arm-none-eabi/14.2 rel1/bin/../lib/gcc/arm-none-eabi/14.2.1/thumb/v7e-m+fp/hard\libg_nano.a(libc_a-lock.o)
                0x20000a54                __lock___malloc_recursive_mutex
 *(COMMON)
                0x20000a58                        . = ALIGN (0x4)
 *fill*         0x20000a55        0x3 
                0x20000a58                        _ebss = .
                0x20000a58                        __bss_end__ = _ebss

._user_heap_stack
                0x20000a58      0x600 load address 0x08006554
                0x20000a58                        . = ALIGN (0x8)
                [!provide]                        PROVIDE (end = .)
                [!provide]                        PROVIDE (_end = .)
                0x20000c58                        . = (. + _Min_Heap_Size)
 *fill*         0x20000a58      0x200 
                0x20001058                        . = (. + _Min_Stack_Size)
 *fill*         0x20000c58      0x400 
                0x20001058                        . = ALIGN (0x8)

/DISCARD/
 libc.a(*)
 libm.a(*)
 libgcc.a(*)

.ARM.attributes
                0x00000000       0x30
 *(.ARM.attributes)
 .ARM.attributes
                0x00000000       0x22 C:/Program Files (x86)/Arm GNU Toolchain arm-none-eabi/14.2 rel1/bin/../lib/gcc/arm-none-eabi/14.2.1/thumb/v7e-m+fp/hard/crti.o
 .ARM.attributes
                0x00000022       0x34 C:/Program Files (x86)/Arm GNU Toolchain arm-none-eabi/14.2 rel1/bin/../lib/gcc/arm-none-eabi/14.2.1/thumb/v7e-m+fp/hard/crtbegin.o
 .ARM.attributes
                0x00000056       0x34 build/stm32g4xx_ll_adc.o
 .ARM.attributes
                0x0000008a       0x34 build/stm32g4xx_ll_gpio.o
 .ARM.attributes
                0x000000be       0x34 build/stm32g4xx_ll_tim.o
 .ARM.attributes
                0x000000f2       0x34 build/system_stm32g4xx.o
 .ARM.attributes
                0x00000126       0x21 build/startup_stm32g431xx.o
 .ARM.attributes
                0x00000147       0x34 build/syscall.o
 .ARM.attributes
                0x0000017b       0x34 build/interupt.o
 .ARM.attributes
                0x000001af       0x34 build/main.o
 .ARM.attributes
                0x000001e3       0x34 build/oled_interface_ll.o
 .ARM.attributes
                0x00000217       0x34 build/pid.o
 .ARM.attributes
                0x0000024b       0x34 build/printf.o
 .ARM.attributes
                0x0000027f       0x34 build/oled.o
 .ARM.attributes
                0x000002b3       0x34 build/oled_canvas_char.o
 .ARM.attributes
                0x000002e7       0x34 build/oled_device_ssd1306.o
 .ARM.attributes
                0x0000031b       0x34 C:/Program Files (x86)/Arm GNU Toolchain arm-none-eabi/14.2 rel1/bin/../lib/gcc/arm-none-eabi/14.2.1/thumb/v7e-m+fp/hard\libstdc++_nano.a(class_type_info.o)
 .ARM.attributes
                0x0000034f       0x34 C:/Program Files (x86)/Arm GNU Toolchain arm-none-eabi/14.2 rel1/bin/../lib/gcc/arm-none-eabi/14.2.1/thumb/v7e-m+fp/hard\libstdc++_nano.a(del_ops.o)
 .ARM.attributes
                0x00000383       0x34 C:/Program Files (x86)/Arm GNU Toolchain arm-none-eabi/14.2 rel1/bin/../lib/gcc/arm-none-eabi/14.2.1/thumb/v7e-m+fp/hard\libstdc++_nano.a(si_class_type_info.o)
 .ARM.attributes
                0x000003b7       0x34 C:/Program Files (x86)/Arm GNU Toolchain arm-none-eabi/14.2 rel1/bin/../lib/gcc/arm-none-eabi/14.2.1/thumb/v7e-m+fp/hard\libstdc++_nano.a(tinfo.o)
 .ARM.attributes
                0x000003eb       0x34 C:/Program Files (x86)/Arm GNU Toolchain arm-none-eabi/14.2 rel1/bin/../lib/gcc/arm-none-eabi/14.2.1/thumb/v7e-m+fp/hard\libstdc++_nano.a(vmi_class_type_info.o)
 .ARM.attributes
                0x0000041f       0x34 C:/Program Files (x86)/Arm GNU Toolchain arm-none-eabi/14.2 rel1/bin/../lib/gcc/arm-none-eabi/14.2.1/thumb/v7e-m+fp/hard\libstdc++_nano.a(del_op.o)
 .ARM.attributes
                0x00000453       0x34 C:/Program Files (x86)/Arm GNU Toolchain arm-none-eabi/14.2 rel1/bin/../lib/gcc/arm-none-eabi/14.2.1/thumb/v7e-m+fp/hard\libm.a(libm_a-wf_pow.o)
 .ARM.attributes
                0x00000487       0x34 C:/Program Files (x86)/Arm GNU Toolchain arm-none-eabi/14.2 rel1/bin/../lib/gcc/arm-none-eabi/14.2.1/thumb/v7e-m+fp/hard\libm.a(libm_a-wf_sqrt.o)
 .ARM.attributes
                0x000004bb       0x34 C:/Program Files (x86)/Arm GNU Toolchain arm-none-eabi/14.2 rel1/bin/../lib/gcc/arm-none-eabi/14.2.1/thumb/v7e-m+fp/hard\libm.a(libm_a-sf_finite.o)
 .ARM.attributes
                0x000004ef       0x34 C:/Program Files (x86)/Arm GNU Toolchain arm-none-eabi/14.2 rel1/bin/../lib/gcc/arm-none-eabi/14.2.1/thumb/v7e-m+fp/hard\libm.a(libm_a-ef_sqrt.o)
 .ARM.attributes
                0x00000523       0x34 C:/Program Files (x86)/Arm GNU Toolchain arm-none-eabi/14.2 rel1/bin/../lib/gcc/arm-none-eabi/14.2.1/thumb/v7e-m+fp/hard\libm.a(libm_a-ef_pow.o)
 .ARM.attributes
                0x00000557       0x34 C:/Program Files (x86)/Arm GNU Toolchain arm-none-eabi/14.2 rel1/bin/../lib/gcc/arm-none-eabi/14.2.1/thumb/v7e-m+fp/hard\libm.a(libm_a-sf_fabs.o)
 .ARM.attributes
                0x0000058b       0x34 C:/Program Files (x86)/Arm GNU Toolchain arm-none-eabi/14.2 rel1/bin/../lib/gcc/arm-none-eabi/14.2.1/thumb/v7e-m+fp/hard\libm.a(libm_a-sf_scalbn.o)
 .ARM.attributes
                0x000005bf       0x34 C:/Program Files (x86)/Arm GNU Toolchain arm-none-eabi/14.2 rel1/bin/../lib/gcc/arm-none-eabi/14.2.1/thumb/v7e-m+fp/hard\libm.a(libm_a-math_errf.o)
 .ARM.attributes
                0x000005f3       0x22 C:/Program Files (x86)/Arm GNU Toolchain arm-none-eabi/14.2 rel1/bin/../lib/gcc/arm-none-eabi/14.2.1/thumb/v7e-m+fp/hard\libgcc.a(_arm_addsubdf3.o)
 .ARM.attributes
                0x00000615       0x22 C:/Program Files (x86)/Arm GNU Toolchain arm-none-eabi/14.2 rel1/bin/../lib/gcc/arm-none-eabi/14.2.1/thumb/v7e-m+fp/hard\libgcc.a(_arm_muldivdf3.o)
 .ARM.attributes
                0x00000637       0x22 C:/Program Files (x86)/Arm GNU Toolchain arm-none-eabi/14.2 rel1/bin/../lib/gcc/arm-none-eabi/14.2.1/thumb/v7e-m+fp/hard\libgcc.a(_arm_cmpdf2.o)
 .ARM.attributes
                0x00000659       0x22 C:/Program Files (x86)/Arm GNU Toolchain arm-none-eabi/14.2 rel1/bin/../lib/gcc/arm-none-eabi/14.2.1/thumb/v7e-m+fp/hard\libgcc.a(_arm_fixdfsi.o)
 .ARM.attributes
                0x0000067b       0x22 C:/Program Files (x86)/Arm GNU Toolchain arm-none-eabi/14.2 rel1/bin/../lib/gcc/arm-none-eabi/14.2.1/thumb/v7e-m+fp/hard\libgcc.a(_arm_fixunsdfsi.o)
 .ARM.attributes
                0x0000069d       0x22 C:/Program Files (x86)/Arm GNU Toolchain arm-none-eabi/14.2 rel1/bin/../lib/gcc/arm-none-eabi/14.2.1/thumb/v7e-m+fp/hard\libgcc.a(_arm_addsubsf3.o)
 .ARM.attributes
                0x000006bf       0x22 C:/Program Files (x86)/Arm GNU Toolchain arm-none-eabi/14.2 rel1/bin/../lib/gcc/arm-none-eabi/14.2.1/thumb/v7e-m+fp/hard\libgcc.a(_aeabi_uldivmod.o)
 .ARM.attributes
                0x000006e1       0x34 C:/Program Files (x86)/Arm GNU Toolchain arm-none-eabi/14.2 rel1/bin/../lib/gcc/arm-none-eabi/14.2.1/thumb/v7e-m+fp/hard\libgcc.a(_udivmoddi4.o)
 .ARM.attributes
                0x00000715       0x34 C:/Program Files (x86)/Arm GNU Toolchain arm-none-eabi/14.2 rel1/bin/../lib/gcc/arm-none-eabi/14.2.1/thumb/v7e-m+fp/hard\libgcc.a(unwind-arm.o)
 .ARM.attributes
                0x00000749       0x22 C:/Program Files (x86)/Arm GNU Toolchain arm-none-eabi/14.2 rel1/bin/../lib/gcc/arm-none-eabi/14.2.1/thumb/v7e-m+fp/hard\libgcc.a(libunwind.o)
 .ARM.attributes
                0x0000076b       0x34 C:/Program Files (x86)/Arm GNU Toolchain arm-none-eabi/14.2 rel1/bin/../lib/gcc/arm-none-eabi/14.2.1/thumb/v7e-m+fp/hard\libgcc.a(pr-support.o)
 .ARM.attributes
                0x0000079f       0x22 C:/Program Files (x86)/Arm GNU Toolchain arm-none-eabi/14.2 rel1/bin/../lib/gcc/arm-none-eabi/14.2.1/thumb/v7e-m+fp/hard\libgcc.a(_dvmd_tls.o)
 .ARM.attributes
                0x000007c1       0x34 C:/Program Files (x86)/Arm GNU Toolchain arm-none-eabi/14.2 rel1/bin/../lib/gcc/arm-none-eabi/14.2.1/thumb/v7e-m+fp/hard\libg_nano.a(libc_a-abort.o)
 .ARM.attributes
                0x000007f5       0x34 C:/Program Files (x86)/Arm GNU Toolchain arm-none-eabi/14.2 rel1/bin/../lib/gcc/arm-none-eabi/14.2.1/thumb/v7e-m+fp/hard\libg_nano.a(libc_a-malloc.o)
 .ARM.attributes
                0x00000829       0x34 C:/Program Files (x86)/Arm GNU Toolchain arm-none-eabi/14.2 rel1/bin/../lib/gcc/arm-none-eabi/14.2.1/thumb/v7e-m+fp/hard\libg_nano.a(libc_a-mallocr.o)
 .ARM.attributes
                0x0000085d       0x34 C:/Program Files (x86)/Arm GNU Toolchain arm-none-eabi/14.2 rel1/bin/../lib/gcc/arm-none-eabi/14.2.1/thumb/v7e-m+fp/hard\libg_nano.a(libc_a-mlock.o)
 .ARM.attributes
                0x00000891       0x34 C:/Program Files (x86)/Arm GNU Toolchain arm-none-eabi/14.2 rel1/bin/../lib/gcc/arm-none-eabi/14.2.1/thumb/v7e-m+fp/hard\libg_nano.a(libc_a-findfp.o)
 .ARM.attributes
                0x000008c5       0x34 C:/Program Files (x86)/Arm GNU Toolchain arm-none-eabi/14.2 rel1/bin/../lib/gcc/arm-none-eabi/14.2.1/thumb/v7e-m+fp/hard\libg_nano.a(libc_a-memset.o)
 .ARM.attributes
                0x000008f9       0x34 C:/Program Files (x86)/Arm GNU Toolchain arm-none-eabi/14.2 rel1/bin/../lib/gcc/arm-none-eabi/14.2.1/thumb/v7e-m+fp/hard\libg_nano.a(libc_a-signal.o)
 .ARM.attributes
                0x0000092d       0x34 C:/Program Files (x86)/Arm GNU Toolchain arm-none-eabi/14.2 rel1/bin/../lib/gcc/arm-none-eabi/14.2.1/thumb/v7e-m+fp/hard\libg_nano.a(libc_a-reent.o)
 .ARM.attributes
                0x00000961       0x34 C:/Program Files (x86)/Arm GNU Toolchain arm-none-eabi/14.2 rel1/bin/../lib/gcc/arm-none-eabi/14.2.1/thumb/v7e-m+fp/hard\libg_nano.a(libc_a-impure.o)
 .ARM.attributes
                0x00000995       0x34 C:/Program Files (x86)/Arm GNU Toolchain arm-none-eabi/14.2 rel1/bin/../lib/gcc/arm-none-eabi/14.2.1/thumb/v7e-m+fp/hard\libg_nano.a(libc_a-signalr.o)
 .ARM.attributes
                0x000009c9       0x34 C:/Program Files (x86)/Arm GNU Toolchain arm-none-eabi/14.2 rel1/bin/../lib/gcc/arm-none-eabi/14.2.1/thumb/v7e-m+fp/hard\libg_nano.a(libc_a-errno.o)
 .ARM.attributes
                0x000009fd       0x34 C:/Program Files (x86)/Arm GNU Toolchain arm-none-eabi/14.2 rel1/bin/../lib/gcc/arm-none-eabi/14.2.1/thumb/v7e-m+fp/hard\libg_nano.a(libc_a-init.o)
 .ARM.attributes
                0x00000a31       0x34 C:/Program Files (x86)/Arm GNU Toolchain arm-none-eabi/14.2 rel1/bin/../lib/gcc/arm-none-eabi/14.2.1/thumb/v7e-m+fp/hard\libg_nano.a(libc_a-lock.o)
 .ARM.attributes
                0x00000a65       0x20 C:/Program Files (x86)/Arm GNU Toolchain arm-none-eabi/14.2 rel1/bin/../lib/gcc/arm-none-eabi/14.2.1/thumb/v7e-m+fp/hard\libg_nano.a(libc_a-strcmp.o)
 .ARM.attributes
                0x00000a85       0x34 C:/Program Files (x86)/Arm GNU Toolchain arm-none-eabi/14.2 rel1/bin/../lib/gcc/arm-none-eabi/14.2.1/thumb/v7e-m+fp/hard\libg_nano.a(libc_a-memcpy-stub.o)
 .ARM.attributes
                0x00000ab9       0x34 C:/Program Files (x86)/Arm GNU Toolchain arm-none-eabi/14.2 rel1/bin/../lib/gcc/arm-none-eabi/14.2.1/thumb/v7e-m+fp/hard\libg_nano.a(libc_a-freer.o)
 .ARM.attributes
                0x00000aed       0x34 C:/Program Files (x86)/Arm GNU Toolchain arm-none-eabi/14.2 rel1/bin/../lib/gcc/arm-none-eabi/14.2.1/thumb/v7e-m+fp/hard/crtend.o
 .ARM.attributes
                0x00000b21       0x22 C:/Program Files (x86)/Arm GNU Toolchain arm-none-eabi/14.2 rel1/bin/../lib/gcc/arm-none-eabi/14.2.1/thumb/v7e-m+fp/hard/crtn.o
OUTPUT(bin/main.elf elf32-littlearm)
LOAD linker stubs
LOAD C:/Program Files (x86)/Arm GNU Toolchain arm-none-eabi/14.2 rel1/bin/../lib/gcc/arm-none-eabi/14.2.1/thumb/v7e-m+fp/hard\libc.a
LOAD C:/Program Files (x86)/Arm GNU Toolchain arm-none-eabi/14.2 rel1/bin/../lib/gcc/arm-none-eabi/14.2.1/thumb/v7e-m+fp/hard\libm.a
LOAD C:/Program Files (x86)/Arm GNU Toolchain arm-none-eabi/14.2 rel1/bin/../lib/gcc/arm-none-eabi/14.2.1/thumb/v7e-m+fp/hard\libgcc.a

.debug_info     0x00000000     0xec12
 .debug_info    0x00000000      0xdb3 build/stm32g4xx_ll_adc.o
 .debug_info    0x00000db3      0xd36 build/stm32g4xx_ll_gpio.o
 .debug_info    0x00001ae9     0x18bc build/stm32g4xx_ll_tim.o
 .debug_info    0x000033a5      0x619 build/system_stm32g4xx.o
 .debug_info    0x000039be       0x30 build/startup_stm32g431xx.o
 .debug_info    0x000039ee      0x2a3 build/syscall.o
 .debug_info    0x00003c91      0x4d5 build/interupt.o
 .debug_info    0x00004166     0x5608 build/main.o
 .debug_info    0x0000976e     0x220c build/oled_interface_ll.o
 .debug_info    0x0000b97a      0x4e2 build/pid.o
 .debug_info    0x0000be5c     0x1aa0 build/printf.o
 .debug_info    0x0000d8fc      0x403 build/oled.o
 .debug_info    0x0000dcff      0x429 build/oled_canvas_char.o
 .debug_info    0x0000e128      0xaea build/oled_device_ssd1306.o

.debug_abbrev   0x00000000     0x2a16
 .debug_abbrev  0x00000000      0x234 build/stm32g4xx_ll_adc.o
 .debug_abbrev  0x00000234      0x2be build/stm32g4xx_ll_gpio.o
 .debug_abbrev  0x000004f2      0x2da build/stm32g4xx_ll_tim.o
 .debug_abbrev  0x000007cc      0x147 build/system_stm32g4xx.o
 .debug_abbrev  0x00000913       0x24 build/startup_stm32g431xx.o
 .debug_abbrev  0x00000937      0x10a build/syscall.o
 .debug_abbrev  0x00000a41      0x17e build/interupt.o
 .debug_abbrev  0x00000bbf      0x7a9 build/main.o
 .debug_abbrev  0x00001368      0x60a build/oled_interface_ll.o
 .debug_abbrev  0x00001972      0x2fb build/pid.o
 .debug_abbrev  0x00001c6d      0x4a2 build/printf.o
 .debug_abbrev  0x0000210f      0x2d1 build/oled.o
 .debug_abbrev  0x000023e0      0x206 build/oled_canvas_char.o
 .debug_abbrev  0x000025e6      0x430 build/oled_device_ssd1306.o

.debug_loclists
                0x00000000     0x4b5e
 .debug_loclists
                0x00000000      0x346 build/stm32g4xx_ll_adc.o
 .debug_loclists
                0x00000346      0x41c build/stm32g4xx_ll_gpio.o
 .debug_loclists
                0x00000762      0xd30 build/stm32g4xx_ll_tim.o
 .debug_loclists
                0x00001492       0x7e build/system_stm32g4xx.o
 .debug_loclists
                0x00001510      0x108 build/syscall.o
 .debug_loclists
                0x00001618       0x50 build/interupt.o
 .debug_loclists
                0x00001668      0xb99 build/main.o
 .debug_loclists
                0x00002201      0x77c build/oled_interface_ll.o
 .debug_loclists
                0x0000297d       0xac build/pid.o
 .debug_loclists
                0x00002a29     0x1a1a build/printf.o
 .debug_loclists
                0x00004443       0xda build/oled.o
 .debug_loclists
                0x0000451d      0x1f8 build/oled_canvas_char.o
 .debug_loclists
                0x00004715      0x449 build/oled_device_ssd1306.o

.debug_aranges  0x00000000      0x480
 .debug_aranges
                0x00000000       0x68 build/stm32g4xx_ll_adc.o
 .debug_aranges
                0x00000068       0x38 build/stm32g4xx_ll_gpio.o
 .debug_aranges
                0x000000a0       0x80 build/stm32g4xx_ll_tim.o
 .debug_aranges
                0x00000120       0x28 build/system_stm32g4xx.o
 .debug_aranges
                0x00000148       0x28 build/startup_stm32g431xx.o
 .debug_aranges
                0x00000170       0x68 build/syscall.o
 .debug_aranges
                0x000001d8       0x20 build/interupt.o