Archive member included to satisfy reference by file (symbol)

lib\libll.a(stm32g4xx_ll_adc.o)
                              build/main.o (LL_ADC_CommonInit)
lib\libll.a(stm32g4xx_ll_dac.o)
                              build/main.o (LL_DAC_Init)
lib\libll.a(stm32g4xx_ll_gpio.o)
                              build/main.o (LL_GPIO_Init)
lib\libll.a(stm32g4xx_ll_tim.o)
                              build/main.o (LL_TIM_Init)
driver/cmsis/dsp/lib\libarm_cortexM4lf_math.a(arm_sin_f32.o)
                              build/PLL.o (arm_sin_f32)
driver/cmsis/dsp/lib\libarm_cortexM4lf_math.a(arm_cos_f32.o)
                              build/PLL.o (arm_cos_f32)
driver/cmsis/dsp/lib\libarm_cortexM4lf_math.a(arm_common_tables.o)
                              driver/cmsis/dsp/lib\libarm_cortexM4lf_math.a(arm_sin_f32.o) (sinTable_f32)
C:/Program Files (x86)/Arm GNU Toolchain arm-none-eabi/14.2 rel1/bin/../lib/gcc/arm-none-eabi/14.2.1/thumb/v7e-m+fp/hard\libm.a(libm_a-wf_pow.o)
                              build/main.o (powf)
C:/Program Files (x86)/Arm GNU Toolchain arm-none-eabi/14.2 rel1/bin/../lib/gcc/arm-none-eabi/14.2.1/thumb/v7e-m+fp/hard\libm.a(libm_a-sf_finite.o)
                              C:/Program Files (x86)/Arm GNU Toolchain arm-none-eabi/14.2 rel1/bin/../lib/gcc/arm-none-eabi/14.2.1/thumb/v7e-m+fp/hard\libm.a(libm_a-wf_pow.o) (finitef)
C:/Program Files (x86)/Arm GNU Toolchain arm-none-eabi/14.2 rel1/bin/../lib/gcc/arm-none-eabi/14.2.1/thumb/v7e-m+fp/hard\libm.a(libm_a-ef_pow.o)
                              C:/Program Files (x86)/Arm GNU Toolchain arm-none-eabi/14.2 rel1/bin/../lib/gcc/arm-none-eabi/14.2.1/thumb/v7e-m+fp/hard\libm.a(libm_a-wf_pow.o) (__ieee754_powf)
C:/Program Files (x86)/Arm GNU Toolchain arm-none-eabi/14.2 rel1/bin/../lib/gcc/arm-none-eabi/14.2.1/thumb/v7e-m+fp/hard\libm.a(libm_a-sf_fabs.o)
                              C:/Program Files (x86)/Arm GNU Toolchain arm-none-eabi/14.2 rel1/bin/../lib/gcc/arm-none-eabi/14.2.1/thumb/v7e-m+fp/hard\libm.a(libm_a-ef_pow.o) (fabsf)
C:/Program Files (x86)/Arm GNU Toolchain arm-none-eabi/14.2 rel1/bin/../lib/gcc/arm-none-eabi/14.2.1/thumb/v7e-m+fp/hard\libm.a(libm_a-sf_scalbn.o)
                              C:/Program Files (x86)/Arm GNU Toolchain arm-none-eabi/14.2 rel1/bin/../lib/gcc/arm-none-eabi/14.2.1/thumb/v7e-m+fp/hard\libm.a(libm_a-ef_pow.o) (scalbnf)
C:/Program Files (x86)/Arm GNU Toolchain arm-none-eabi/14.2 rel1/bin/../lib/gcc/arm-none-eabi/14.2.1/thumb/v7e-m+fp/hard\libm.a(libm_a-math_errf.o)
                              C:/Program Files (x86)/Arm GNU Toolchain arm-none-eabi/14.2 rel1/bin/../lib/gcc/arm-none-eabi/14.2.1/thumb/v7e-m+fp/hard\libm.a(libm_a-ef_pow.o) (__math_uflowf)
C:/Program Files (x86)/Arm GNU Toolchain arm-none-eabi/14.2 rel1/bin/../lib/gcc/arm-none-eabi/14.2.1/thumb/v7e-m+fp/hard\libm.a(libm_a-ef_sqrt.o)
                              C:/Program Files (x86)/Arm GNU Toolchain arm-none-eabi/14.2 rel1/bin/../lib/gcc/arm-none-eabi/14.2.1/thumb/v7e-m+fp/hard\libm.a(libm_a-ef_pow.o) (__ieee754_sqrtf)
C:/Program Files (x86)/Arm GNU Toolchain arm-none-eabi/14.2 rel1/bin/../lib/gcc/arm-none-eabi/14.2.1/thumb/v7e-m+fp/hard\libgcc.a(_arm_muldf3.o)
                              build/printf.o (__aeabi_dmul)
C:/Program Files (x86)/Arm GNU Toolchain arm-none-eabi/14.2 rel1/bin/../lib/gcc/arm-none-eabi/14.2.1/thumb/v7e-m+fp/hard\libgcc.a(_arm_addsubdf3.o)
                              build/printf.o (__aeabi_dsub)
C:/Program Files (x86)/Arm GNU Toolchain arm-none-eabi/14.2 rel1/bin/../lib/gcc/arm-none-eabi/14.2.1/thumb/v7e-m+fp/hard\libgcc.a(_arm_muldivdf3.o)
                              build/printf.o (__aeabi_ddiv)
C:/Program Files (x86)/Arm GNU Toolchain arm-none-eabi/14.2 rel1/bin/../lib/gcc/arm-none-eabi/14.2.1/thumb/v7e-m+fp/hard\libgcc.a(_arm_cmpdf2.o)
                              build/printf.o (__aeabi_dcmpeq)
C:/Program Files (x86)/Arm GNU Toolchain arm-none-eabi/14.2 rel1/bin/../lib/gcc/arm-none-eabi/14.2.1/thumb/v7e-m+fp/hard\libgcc.a(_arm_fixdfsi.o)
                              build/printf.o (__aeabi_d2iz)
C:/Program Files (x86)/Arm GNU Toolchain arm-none-eabi/14.2 rel1/bin/../lib/gcc/arm-none-eabi/14.2.1/thumb/v7e-m+fp/hard\libgcc.a(_arm_fixunsdfsi.o)
                              build/printf.o (__aeabi_d2uiz)
C:/Program Files (x86)/Arm GNU Toolchain arm-none-eabi/14.2 rel1/bin/../lib/gcc/arm-none-eabi/14.2.1/thumb/v7e-m+fp/hard\libgcc.a(_arm_addsubsf3.o)
                              build/main.o (__aeabi_ul2f)
C:/Program Files (x86)/Arm GNU Toolchain arm-none-eabi/14.2 rel1/bin/../lib/gcc/arm-none-eabi/14.2.1/thumb/v7e-m+fp/hard\libgcc.a(_aeabi_uldivmod.o)
                              build/printf.o (__aeabi_uldivmod)
C:/Program Files (x86)/Arm GNU Toolchain arm-none-eabi/14.2 rel1/bin/../lib/gcc/arm-none-eabi/14.2.1/thumb/v7e-m+fp/hard\libgcc.a(_udivmoddi4.o)
[...]
Memory Configuration

Name             Origin             Length             Attributes
RAM              0x20000000         0x00008000         xrw
FLASH            0x08000000         0x00020000         xr
*default*        0x00000000         0xffffffff

Linker script and memory map

LOAD build/system_stm32g4xx.o
LOAD build/printf.o
LOAD build/PLL.o
LOAD build/syscall.o
LOAD build/interupt.o
LOAD build/main.o
LOAD build/oled_device_ssd1306_ll.o
LOAD build/oled_interface_ll.o
LOAD build/pid.o
LOAD build/oled.o
LOAD build/oled_canvas_char.o
LOAD build/oled_device_ssd1306.o
LOAD build/startup_stm32g431xx.o
LOAD lib\libll.a
LOAD driver/cmsis/dsp/lib\libarm_cortexM4lf_math.a
LOAD C:/Program Files (x86)/Arm GNU Toolchain arm-none-eabi/14.2 rel1/bin/../lib/gcc/arm-none-eabi/14.2.1/thumb/v7e-m+fp/hard\libstdc++_nano.a
LOAD C:/Program Files (x86)/Arm GNU Toolchain arm-none-eabi/14.2 rel1/bin/../lib/gcc/arm-none-eabi/14.2.1/thumb/v7e-m+fp/hard\libm.a
START GROUP
LOAD C:/Program Files (x86)/Arm GNU Toolchain arm-none-eabi/14.2 rel1/bin/../lib/gcc/arm-none-eabi/14.2.1/thumb/v7e-m+fp/hard\libgcc.a
LOAD C:/Program Files (x86)/Arm GNU Toolchain arm-none-eabi/14.2 rel1/bin/../lib/gcc/arm-none-eabi/14.2.1/thumb/v7e-m+fp/hard\libg_nano.a
LOAD C:/Program Files (x86)/Arm GNU Toolchain arm-none-eabi/14.2 rel1/bin/../lib/gcc/arm-none-eabi/14.2.1/thumb/v7e-m+fp/hard\libc_nano.a
END GROUP
START GROUP
LOAD C:/Program Files (x86)/Arm GNU Toolchain arm-none-eabi/14.2 rel1/bin/../lib/gcc/arm-none-eabi/14.2.1/thumb/v7e-m+fp/hard\libgcc.a
LOAD C:/Program Files (x86)/Arm GNU Toolchain arm-none-eabi/14.2 rel1/bin/../lib/gcc/arm-none-eabi/14.2.1/thumb/v7e-m+fp/hard\libc_nano.a
END GROUP
                0x20008000                        _estack = (ORIGIN (RAM) + LENGTH (RAM))
                0x00000200                        _Min_Heap_Size = 0x200
                0x00000400                        _Min_Stack_Size = 0x400

.isr_vector     0x08000000      0x1d8
                0x08000000                        . = ALIGN (0x4)
 *(.isr_vector)
 .isr_vector    0x08000000      0x1d8 build/startup_stm32g431xx.o
                0x08000000                g_pfnVectors
                0x080001d8                        . = ALIGN (0x4)

.text           0x080001d8     0x5c34
                0x080001d8                        . = ALIGN (0x4)
 *(.text)
 .text          0x080001d8      0x378 C:/Program Files (x86)/Arm GNU Toolchain arm-none-eabi/14.2 rel1/bin/../lib/gcc/arm-none-eabi/14.2.1/thumb/v7e-m+fp/hard\libgcc.a(_arm_addsubdf3.o)
                0x080001d8                __aeabi_drsub
                0x080001e0                __aeabi_dsub
                0x080001e0                __subdf3
                0x080001e4                __aeabi_dadd
                0x080001e4                __adddf3
                0x0800045c                __floatunsidf
                0x0800045c                __aeabi_ui2d
                0x0800047c                __floatsidf
                0x0800047c                __aeabi_i2d
                0x080004a0                __aeabi_f2d
                0x080004a0                __extendsfdf2
                0x080004e4                __floatundidf
                0x080004e4                __aeabi_ul2d
                0x080004f4                __floatdidf
                0x080004f4                __aeabi_l2d
 .text          0x08000550      0x424 C:/Program Files (x86)/Arm GNU Toolchain arm-none-eabi/14.2 rel1/bin/../lib/gcc/arm-none-eabi/14.2.1/thumb/v7e-m+fp/hard\libgcc.a(_arm_muldivdf3.o)
                0x08000550                __aeabi_dmul
                0x08000550                __muldf3
                0x080007a4                __divdf3
                0x080007a4                __aeabi_ddiv
 .text          0x08000974      0x110 C:/Program Files (x86)/Arm GNU Toolchain arm-none-eabi/14.2 rel1/bin/../lib/gcc/arm-none-eabi/14.2.1/thumb/v7e-m+fp/hard\libgcc.a(_arm_cmpdf2.o)
                0x08000974                __gtdf2
                0x08000974                __gedf2
                0x0800097c                __ltdf2
                0x0800097c                __ledf2
                0x08000984                __nedf2
                0x08000984                __eqdf2
                0x08000984                __cmpdf2
                0x08000a00                __aeabi_cdrcmple
                0x08000a10                __aeabi_cdcmpeq
                0x08000a10                __aeabi_cdcmple
                0x08000a20                __aeabi_dcmpeq
                0x08000a34                __aeabi_dcmplt
                0x08000a48                __aeabi_dcmple
                0x08000a5c                __aeabi_dcmpge
                0x08000a70                __aeabi_dcmpgt
 .text          0x08000a84       0x50 C:/Program Files (x86)/Arm GNU Toolchain arm-none-eabi/14.2 rel1/bin/../lib/gcc/arm-none-eabi/14.2.1/thumb/v7e-m+fp/hard\libgcc.a(_arm_fixdfsi.o)
                0x08000a84                __aeabi_d2iz
                0x08000a84                __fixdfsi
 .text          0x08000ad4       0x40 C:/Program Files (x86)/Arm GNU Toolchain arm-none-eabi/14.2 rel1/bin/../lib/gcc/arm-none-eabi/14.2.1/thumb/v7e-m+fp/hard\libgcc.a(_arm_fixunsdfsi.o)
                0x08000ad4                __aeabi_d2uiz
                0x08000ad4                __fixunsdfsi
 .text          0x08000b14      0x21c C:/Program Files (x86)/Arm GNU Toolchain arm-none-eabi/14.2 rel1/bin/../lib/gcc/arm-none-eabi/14.2.1/thumb/v7e-m+fp/hard\libgcc.a(_arm_addsubsf3.o)
                0x08000b14                __aeabi_frsub
                0x08000b1c                __subsf3
                0x08000b1c                __aeabi_fsub
                0x08000b20                __aeabi_fadd
                0x08000b20                __addsf3
                0x08000c80                __aeabi_ui2f
                0x08000c80                __floatunsisf
                0x08000c88                __aeabi_i2f
                0x08000c88                __floatsisf
                0x08000ca4                __aeabi_ul2f
                0x08000ca4                __floatundisf
                0x08000cb4                __aeabi_l2f
                0x08000cb4                __floatdisf
 .text          0x08000d30       0x30 C:/Program Files (x86)/Arm GNU Toolchain arm-none-eabi/14.2 rel1/bin/../lib/gcc/arm-none-eabi/14.2.1/thumb/v7e-m+fp/hard\libgcc.a(_aeabi_uldivmod.o)
                0x08000d30                __aeabi_uldivmod
 .text          0x08000d60        0x4 C:/Program Files (x86)/Arm GNU Toolchain arm-none-eabi/14.2 rel1/bin/../lib/gcc/arm-none-eabi/14.2.1/thumb/v7e-m+fp/hard\libgcc.a(_dvmd_tls.o)
                0x08000d60                __aeabi_idiv0
                0x08000d60                __aeabi_ldiv0
 *(.text*)
 .text.SystemInit
                0x08000d64       0x14 build/system_stm32g4xx.o
                0x08000d64                SystemInit
 .text._ZL11_out_buffercPvjj
                0x08000d78        0x8 build/printf.o
 .text._ZL9_out_nullcPvjj
                0x08000d80        0x4 build/printf.o
 .text._ZL8_out_revPFvcPvjjEPcjjPKcjjj
                0x08000d84       0xa0 build/printf.o
 .text._ZL12_ntoa_formatPFvcPvjjEPcjjS2_jbjjjj
                0x08000e24      0x1d4 build/printf.o
 .text._ZL5_etoaPFvcPvjjEPcjjdjjj
                0x08000ff8      0x4a0 build/printf.o
 .text._ZL5_ftoaPFvcPvjjEPcjjdjjj
                0x08001498      0x4b0 build/printf.o
 .text._ZL10_vsnprintfPFvcPvjjEPcjPKcSt9__va_list
                0x08001948      0x9d8 build/printf.o
 .text.sprintf_
                0x08002320       0x2c build/printf.o
                0x08002320                sprintf_
 .text._Z13sogi_pll_initP24SOGI_PLL_DATA_STRUCT_TAGff
                0x0800234c       0x98 build/PLL.o
                0x0800234c                sogi_pll_init(SOGI_PLL_DATA_STRUCT_TAG*, float, float)
 .text._Z14spll_sogi_funcP24SOGI_PLL_DATA_STRUCT_TAGf
                0x080023e4      0x150 build/PLL.o
                0x080023e4                spll_sogi_func(SOGI_PLL_DATA_STRUCT_TAG*, float)
 .text._init    0x08002534        0x4 build/syscall.o
                0x08002534                _init
 .text._Z10LED_Configv
                0x08002538       0xa4 build/main.o
                0x08002538                LED_Config()
 *fill*         0x080025dc        0x4 
 .text._Z10ADC_ConfigPt
                0x080025e0      0x3a8 build/main.o
                0x080025e0                ADC_Config(unsigned short*)
 .text._Z11TIM7_Configv
                0x08002988       0x58 build/main.o
                0x08002988                TIM7_Config()
 .text._Z10PWM_Configv
                0x080029e0       0xf0 build/main.o
                0x080029e0                PWM_Config()
 .text._Z11GPIO_Configv
                0x08002ad0      0x134 build/main.o
                0x08002ad0                GPIO_Config()
 *fill*         0x08002c04        0x4 
 .text._Z15GPIO_Int_Configv
                0x08002c08       0xc0 build/main.o
                0x08002c08                GPIO_Int_Config()
 .text._Z12USART_Configv
                0x08002cc8      0x210 build/main.o
                0x08002cc8                USART_Config()
 .text._Z10Sys_Configv
                0x08002ed8       0xa0 build/main.o
                0x08002ed8                Sys_Config()
 .text._Z10DAC_Configv
                0x08002f78       0xfc build/main.o
                0x08002f78                DAC_Config()
 .text.startup.main
                0x08003074       0xc4 build/main.o
                0x08003074                main
 .text.DMA1_Channel1_IRQHandler
                0x08003138       0x24 build/main.o
                0x08003138                DMA1_Channel1_IRQHandler
 .text.TIM1_UP_TIM16_IRQHandler
                0x0800315c       0x78 build/main.o
                0x0800315c                TIM1_UP_TIM16_IRQHandler
 .text.TIM7_IRQHandler
                0x080031d4       0xc4 build/main.o
                0x080031d4                TIM7_IRQHandler
 .text.startup._GLOBAL__sub_I_cur0_sogi
                0x08003298       0x94 build/main.o
 .text.DMA1_Channel2_IRQHandler
                0x0800332c      0x388 build/main.o
                0x0800332c                DMA1_Channel2_IRQHandler
 .text._ZN4oled17device_ssd1306_ll12selectDeviceEv
                0x080036b4        0x8 build/oled_device_ssd1306_ll.o
                0x080036b4                oled::device_ssd1306_ll::selectDevice()
 .text._ZN4oled17device_ssd1306_ll13releaseDeviceEv
                0x080036bc        0x8 build/oled_device_ssd1306_ll.o
                0x080036bc                oled::device_ssd1306_ll::releaseDevice()
 .text._ZN4oled17device_ssd1306_ll11resetDeviceEv
                0x080036c4       0x44 build/oled_device_ssd1306_ll.o
                0x080036c4                oled::device_ssd1306_ll::resetDevice()
 .text._ZN4oled17device_ssd1306_llC2EPNS_4base9interfaceEP12GPIO_TypeDefmS5_m
                0x08003708       0x64 build/oled_device_ssd1306_ll.o
                0x08003708                oled::device_ssd1306_ll::device_ssd1306_ll(oled::base::interface*, GPIO_TypeDef*, unsigned long, GPIO_TypeDef*, unsigned long)
                0x08003708                oled::device_ssd1306_ll::device_ssd1306_ll(oled::base::interface*, GPIO_TypeDef*, unsigned long, GPIO_TypeDef*, unsigned long)
 .text._ZN4oled20interface_spi_dma_ll16transferCompleteEv
                0x0800376c       0x10 build/oled_interface_ll.o
                0x0800376c                oled::interface_spi_dma_ll::transferComplete()
 .text._ZN4oled20interface_spi_dma_ll11sendCommandEh
                0x0800377c       0x38 build/oled_interface_ll.o
                0x0800377c                oled::interface_spi_dma_ll::sendCommand(unsigned char)
 .text._ZN4oled20interface_spi_dma_ll8sendDataEPhm
                0x080037b4       0x54 build/oled_interface_ll.o
                0x080037b4                oled::interface_spi_dma_ll::sendData(unsigned char*, unsigned long)
 .text._Z15gpio_clk_enablem
                0x08003808      0x108 build/oled_interface_ll.o
                0x08003808                gpio_clk_enable(unsigned long)
 .text._Z14dma_clk_enablemm
                0x08003910       0x84 build/oled_interface_ll.o
                0x08003910                dma_clk_enable(unsigned long, unsigned long)
 .text._ZN4oled20interface_spi_dma_llC2ERK10spi_configRK10dma_configP12GPIO_TypeDefm
                0x08003994      0x280 build/oled_interface_ll.o
                0x08003994                oled::interface_spi_dma_ll::interface_spi_dma_ll(spi_config const&, dma_config const&, GPIO_TypeDef*, unsigned long)
                0x08003994                oled::interface_spi_dma_ll::interface_spi_dma_ll(spi_config const&, dma_config const&, GPIO_TypeDef*, unsigned long)
 .text._ZN3pid9setTargetEf
                0x08003c14        0xc build/pid.o
                0x08003c14                pid::setTarget(float)
 .text._ZN3pid6updateEf
                0x08003c20       0x94 build/pid.o
                0x08003c20                pid::update(float)
 .text._ZN3pidC2Efffff
                0x08003cb4       0x2c build/pid.o
                0x08003cb4                pid::pid(float, float, float, float, float)
                0x08003cb4                pid::pid(float, float, float, float, float)
 .text._ZN4oled4base9interface16transferCompleteEv
                0x08003ce0        0x8 build/oled.o
                0x08003ce0                oled::base::interface::transferComplete()
 .text._ZN4oled4base6device5flushERNS0_6canvasE
                0x08003ce8       0x28 build/oled.o
                0x08003ce8                oled::base::device::flush(oled::base::canvas&)
 .text._ZN4oled4base6device13flushCompleteEv
                0x08003d10       0x28 build/oled.o
                0x08003d10                oled::base::device::flushComplete()
 .text._ZN4oled11char_canvas10showStringEttPKc
                0x08003d38       0xd8 build/oled_canvas_char.o
                0x08003d38                oled::char_canvas::showString(unsigned short, unsigned short, char const*)
 .text._ZN4oled11char_canvas17showConvertStringEttPKc
                0x08003e10       0xdc build/oled_canvas_char.o
                0x08003e10                oled::char_canvas::showConvertString(unsigned short, unsigned short, char const*)
 .text._ZN4oled17char_canvas_smallC2Ev
                0x08003eec       0x20 build/oled_canvas_char.o
                0x08003eec                oled::char_canvas_small::char_canvas_small()
                0x08003eec                oled::char_canvas_small::char_canvas_small()
 .text._ZN4oled14device_ssd130610initDeviceEv
                0x08003f0c      0x1d8 build/oled_device_ssd1306.o
                0x08003f0c                oled::device_ssd1306::initDevice()
 .text.Reset_Handler
                0x080040e4       0x50 build/startup_stm32g431xx.o
                0x080040e4                Reset_Handler
 .text.Default_Handler
                0x08004134        0x2 build/startup_stm32g431xx.o
                0x08004134                RTC_Alarm_IRQHandler
                0x08004134                EXTI2_IRQHandler
                0x08004134                TIM8_TRG_COM_IRQHandler
                0x08004134                TIM8_CC_IRQHandler
                0x08004134                DebugMon_Handler
                0x08004134                TIM1_CC_IRQHandler
                0x08004134                HardFault_Handler
                0x08004134                USB_HP_IRQHandler
                0x08004134                CORDIC_IRQHandler
                0x08004134                SysTick_Handler
                0x08004134                PendSV_Handler
                0x08004134                NMI_Handler
                0x08004134                EXTI3_IRQHandler
                0x08004134                I2C3_ER_IRQHandler
                0x08004134                EXTI0_IRQHandler
                0x08004134                I2C2_EV_IRQHandler
                0x08004134                FPU_IRQHandler
                0x08004134                FDCAN1_IT1_IRQHandler
                0x08004134                UsageFault_Handler
                0x08004134                ADC1_2_IRQHandler
                0x08004134                SPI1_IRQHandler
                0x08004134                TIM6_DAC_IRQHandler
                0x08004134                TIM8_UP_IRQHandler
                0x08004134                DMA2_Channel2_IRQHandler
                0x08004134                DMA1_Channel4_IRQHandler
                0x08004134                USART3_IRQHandler
                0x08004134                TIM4_IRQHandler
                0x08004134                DMA2_Channel1_IRQHandler
                0x08004134                I2C1_EV_IRQHandler
                0x08004134                DMA1_Channel6_IRQHandler
                0x08004134                UART4_IRQHandler
                0x08004134                DMA2_Channel4_IRQHandler
                0x08004134                TIM3_IRQHandler
                0x08004134                RCC_IRQHandler
                0x08004134                Default_Handler
                0x08004134                RTC_TAMP_LSECSS_IRQHandler
                0x08004134                FMAC_IRQHandler
                0x08004134                EXTI15_10_IRQHandler
                0x08004134                UCPD1_IRQHandler
                0x08004134                I2C3_EV_IRQHandler
                0x08004134                EXTI9_5_IRQHandler
                0x08004134                RTC_WKUP_IRQHandler
                0x08004134                PVD_PVM_IRQHandler
                0x08004134                SPI2_IRQHandler
                0x08004134                MemManage_Handler
                0x08004134                SVC_Handler
                0x08004134                DMA2_Channel5_IRQHandler
                0x08004134                CRS_IRQHandler
                0x08004134                DMA1_Channel5_IRQHandler
                0x08004134                USB_LP_IRQHandler
                0x08004134                EXTI4_IRQHandler
                0x08004134                RNG_IRQHandler
                0x08004134                TIM1_TRG_COM_TIM17_IRQHandler
                0x08004134                DMA1_Channel3_IRQHandler
                0x08004134                WWDG_IRQHandler
                0x08004134                LPUART1_IRQHandler
                0x08004134                DMA2_Channel6_IRQHandler
                0x08004134                FDCAN1_IT0_IRQHandler
                0x08004134                TIM2_IRQHandler
                0x08004134                COMP1_2_3_IRQHandler
                0x08004134                EXTI1_IRQHandler
                0x08004134                USART2_IRQHandler
                0x08004134                I2C2_ER_IRQHandler
                0x08004134                TIM8_BRK_IRQHandler
                0x08004134                FLASH_IRQHandler
                0x08004134                BusFault_Handler
                0x08004134                USART1_IRQHandler
                0x08004134                SPI3_IRQHandler
                0x08004134                I2C1_ER_IRQHandler
                0x08004134                LPTIM1_IRQHandler
                0x08004134                DMAMUX_OVR_IRQHandler
                0x08004134                USBWakeUp_IRQHandler
                0x08004134                SAI1_IRQHandler
                0x08004134                DMA2_Channel3_IRQHandler
                0x08004134                COMP4_IRQHandler
                0x08004134                TIM1_BRK_TIM15_IRQHandler
 .text.LL_ADC_REG_SetSequencerLength
                0x08004136       0x26 lib\libll.a(stm32g4xx_ll_adc.o)
 .text.LL_ADC_IsEnabled
                0x0800415c       0x26 lib\libll.a(stm32g4xx_ll_adc.o)
 *fill*         0x08004182        0x2 
 .text.LL_ADC_CommonInit
                0x08004184       0x88 lib\libll.a(stm32g4xx_ll_adc.o)
                0x08004184                LL_ADC_CommonInit
 .text.LL_ADC_Init
                0x0800420c       0x56 lib\libll.a(stm32g4xx_ll_adc.o)
                0x0800420c                LL_ADC_Init
 *fill*         0x08004262        0x2 
 .text.LL_ADC_REG_Init
                0x08004264       0x9c lib\libll.a(stm32g4xx_ll_adc.o)
                0x08004264                LL_ADC_REG_Init
 .text.LL_DAC_IsEnabled
                0x08004300       0x3e lib\libll.a(stm32g4xx_ll_dac.o)
 .text.LL_DAC_Init
                0x0800433e      0x158 lib\libll.a(stm32g4xx_ll_dac.o)
                0x0800433e                LL_DAC_Init
 .text.LL_GPIO_SetPinMode
                0x08004496       0x7a lib\libll.a(stm32g4xx_ll_gpio.o)
 .text.LL_GPIO_SetPinOutputType
                0x08004510       0x30 lib\libll.a(stm32g4xx_ll_gpio.o)
 .text.LL_GPIO_SetPinSpeed
                0x08004540       0x7a lib\libll.a(stm32g4xx_ll_gpio.o)
 .text.LL_GPIO_SetPinPull
                0x080045ba       0x7a lib\libll.a(stm32g4xx_ll_gpio.o)
 .text.LL_GPIO_SetAFPin_0_7
                0x08004634       0x7a lib\libll.a(stm32g4xx_ll_gpio.o)
 .text.LL_GPIO_SetAFPin_8_15
                0x080046ae       0x7e lib\libll.a(stm32g4xx_ll_gpio.o)
 .text.LL_GPIO_Init
                0x0800472c       0xdc lib\libll.a(stm32g4xx_ll_gpio.o)
                0x0800472c                LL_GPIO_Init
 .text.LL_TIM_SetPrescaler
                0x08004808       0x1c lib\libll.a(stm32g4xx_ll_tim.o)
 .text.LL_TIM_SetAutoReload
                0x08004824       0x1c lib\libll.a(stm32g4xx_ll_tim.o)
 .text.LL_TIM_SetRepetitionCounter
                0x08004840       0x1c lib\libll.a(stm32g4xx_ll_tim.o)
 .text.LL_TIM_OC_SetCompareCH1
                0x0800485c       0x1c lib\libll.a(stm32g4xx_ll_tim.o)
 .text.LL_TIM_OC_SetCompareCH2
                0x08004878       0x1c lib\libll.a(stm32g4xx_ll_tim.o)
 .text.LL_TIM_OC_SetCompareCH3
                0x08004894       0x1c lib\libll.a(stm32g4xx_ll_tim.o)
 .text.LL_TIM_OC_SetCompareCH4
                0x080048b0       0x1c lib\libll.a(stm32g4xx_ll_tim.o)
 .text.LL_TIM_OC_SetCompareCH5
                0x080048cc       0x20 lib\libll.a(stm32g4xx_ll_tim.o)
 .text.LL_TIM_OC_SetCompareCH6
                0x080048ec       0x1c lib\libll.a(stm32g4xx_ll_tim.o)
 .text.LL_TIM_GenerateEvent_UPDATE
                0x08004908       0x20 lib\libll.a(stm32g4xx_ll_tim.o)
 .text.LL_TIM_Init
                0x08004928      0x114 lib\libll.a(stm32g4xx_ll_tim.o)
                0x08004928                LL_TIM_Init
 .text.LL_TIM_OC_Init
                0x08004a3c       0xbe lib\libll.a(stm32g4xx_ll_tim.o)
                0x08004a3c                LL_TIM_OC_Init
 *fill*         0x08004afa        0x2 
 .text._ZL9OC1ConfigP11TIM_TypeDefPK21LL_TIM_OC_InitTypeDef
                0x08004afc      0x100 lib\libll.a(stm32g4xx_ll_tim.o)
 .text._ZL9OC2ConfigP11TIM_TypeDefPK21LL_TIM_OC_InitTypeDef
                0x08004bfc      0x108 lib\libll.a(stm32g4xx_ll_tim.o)
 .text._ZL9OC3ConfigP11TIM_TypeDefPK21LL_TIM_OC_InitTypeDef
                0x08004d04      0x108 lib\libll.a(stm32g4xx_ll_tim.o)
 .text._ZL9OC4ConfigP11TIM_TypeDefPK21LL_TIM_OC_InitTypeDef
                0x08004e0c      0x108 lib\libll.a(stm32g4xx_ll_tim.o)
 .text._ZL9OC5ConfigP11TIM_TypeDefPK21LL_TIM_OC_InitTypeDef
                0x08004f14       0xc8 lib\libll.a(stm32g4xx_ll_tim.o)
 .text._ZL9OC6ConfigP11TIM_TypeDefPK21LL_TIM_OC_InitTypeDef
                0x08004fdc       0xc8 lib\libll.a(stm32g4xx_ll_tim.o)
 .text.arm_sin_f32
                0x080050a4       0x8c driver/cmsis/dsp/lib\libarm_cortexM4lf_math.a(arm_sin_f32.o)
                0x080050a4                arm_sin_f32
 .text.arm_cos_f32
                0x08005130       0x94 driver/cmsis/dsp/lib\libarm_cortexM4lf_math.a(arm_cos_f32.o)
                0x08005130                arm_cos_f32
 .text.powf     0x080051c4       0xbc C:/Program Files (x86)/Arm GNU Toolchain arm-none-eabi/14.2 rel1/bin/../lib/gcc/arm-none-eabi/14.2.1/thumb/v7e-m+fp/hard\libm.a(libm_a-wf_pow.o)
                0x080051c4                powf
 .text.finitef  0x08005280       0x14 C:/Program Files (x86)/Arm GNU Toolchain arm-none-eabi/14.2 rel1/bin/../lib/gcc/arm-none-eabi/14.2.1/thumb/v7e-m+fp/hard\libm.a(libm_a-sf_finite.o)
                0x08005280                finitef
 .text.__ieee754_powf
                0x08005294      0x6b8 C:/Program Files (x86)/Arm GNU Toolchain arm-none-eabi/14.2 rel1/bin/../lib/gcc/arm-none-eabi/14.2.1/thumb/v7e-m+fp/hard\libm.a(libm_a-ef_pow.o)
                0x08005294                __ieee754_powf
 .text.fabsf    0x0800594c       0x10 C:/Program Files (x86)/Arm GNU Toolchain arm-none-eabi/14.2 rel1/bin/../lib/gcc/arm-none-eabi/14.2.1/thumb/v7e-m+fp/hard\libm.a(libm_a-sf_fabs.o)
                0x0800594c                fabsf
 .text.scalbnf  0x0800595c       0xdc C:/Program Files (x86)/Arm GNU Toolchain arm-none-eabi/14.2 rel1/bin/../lib/gcc/arm-none-eabi/14.2.1/thumb/v7e-m+fp/hard\libm.a(libm_a-sf_scalbn.o)
                0x0800595c                scalbnf
 .text.with_errnof
                0x08005a38       0x1c C:/Program Files (x86)/Arm GNU Toolchain arm-none-eabi/14.2 rel1/bin/../lib/gcc/arm-none-eabi/14.2.1/thumb/v7e-m+fp/hard\libm.a(libm_a-math_errf.o)
 .text.xflowf   0x08005a54       0x20 C:/Program Files (x86)/Arm GNU Toolchain arm-none-eabi/14.2 rel1/bin/../lib/gcc/arm-none-eabi/14.2.1/thumb/v7e-m+fp/hard\libm.a(libm_a-math_errf.o)
 .text.__math_uflowf
                0x08005a74        0xc C:/Program Files (x86)/Arm GNU Toolchain arm-none-eabi/14.2 rel1/bin/../lib/gcc/arm-none-eabi/14.2.1/thumb/v7e-m+fp/hard\libm.a(libm_a-math_errf.o)
                0x08005a74                __math_uflowf
 .text.__math_oflowf
                0x08005a80        0xc C:/Program Files (x86)/Arm GNU Toolchain arm-none-eabi/14.2 rel1/bin/../lib/gcc/arm-none-eabi/14.2.1/thumb/v7e-m+fp/hard\libm.a(libm_a-math_errf.o)
                0x08005a80                __math_oflowf
 .text.__ieee754_sqrtf
                0x08005a8c        0x8 C:/Program Files (x86)/Arm GNU Toolchain arm-none-eabi/14.2 rel1/bin/../lib/gcc/arm-none-eabi/14.2.1/thumb/v7e-m+fp/hard\libm.a(libm_a-ef_sqrt.o)
                0x08005a8c                __ieee754_sqrtf
 .text.__udivmoddi4
                0x08005a94      0x2f8 C:/Program Files (x86)/Arm GNU Toolchain arm-none-eabi/14.2 rel1/bin/../lib/gcc/arm-none-eabi/14.2.1/thumb/v7e-m+fp/hard\libgcc.a(_udivmoddi4.o)
                0x08005a94                __udivmoddi4
 .text.memset   0x08005d8c       0x10 C:/Program Files (x86)/Arm GNU Toolchain arm-none-eabi/14.2 rel1/bin/../lib/gcc/arm-none-eabi/14.2.1/thumb/v7e-m+fp/hard\libg_nano.a(libc_a-memset.o)
                0x08005d8c                memset
 .text.__errno  0x08005d9c        0xc C:/Program Files (x86)/Arm GNU Toolchain arm-none-eabi/14.2 rel1/bin/../lib/gcc/arm-none-eabi/14.2.1/thumb/v7e-m+fp/hard\libg_nano.a(libc_a-errno.o)
                0x08005d9c                __errno
 .text.__libc_init_array
                0x08005da8       0x48 C:/Program Files (x86)/Arm GNU Toolchain arm-none-eabi/14.2 rel1/bin/../lib/gcc/arm-none-eabi/14.2.1/thumb/v7e-m+fp/hard\libg_nano.a(libc_a-init.o)
                0x08005da8                __libc_init_array
 .text.memcpy   0x08005df0       0x1c C:/Program Files (x86)/Arm GNU Toolchain arm-none-eabi/14.2 rel1/bin/../lib/gcc/arm-none-eabi/14.2.1/thumb/v7e-m+fp/hard\libg_nano.a(libc_a-memcpy-stub.o)
                0x08005df0                memcpy
 *(.glue_7)
 .glue_7        0x08005e0c        0x0 linker stubs
 *(.glue_7t)
 .glue_7t       0x08005e0c        0x0 linker stubs
 *(.eh_frame)
 *(.init)
 *(.fini)
                0x08005e0c                        . = ALIGN (0x4)
                0x08005e0c                        _etext = .

.vfp11_veneer   0x08005e0c        0x0
 .vfp11_veneer  0x08005e0c        0x0 linker stubs

.v4_bx          0x08005e0c        0x0
 .v4_bx         0x08005e0c        0x0 linker stubs

.iplt           0x08005e0c        0x0
 .iplt          0x08005e0c        0x0 build/printf.o

.rodata         0x08005e10     0x11f0
                0x08005e10                        . = ALIGN (0x4)
 *(.rodata)
 *(.rodata*)
 .rodata._ZL5_ftoaPFvcPvjjEPcjjdjjj.str1.4
                0x08005e10       0x47 build/printf.o
                                 0x15 (size before relaxing)
 *fill*         0x08005e57        0x1 
 .rodata._ZZL5_ftoaPFvcPvjjEPcjjdjjjE5pow10
                0x08005e58       0x50 build/printf.o
 .rodata._Z10pwm_updatef.str1.4
                0x08005ea8       0x16 build/main.o
 .rodata.DMA1_Channel2_IRQHandler.str1.4
                0x08005ea8       0x17 build/main.o
 .rodata._ZL9cos_table
                0x08005ea8      0x320 build/main.o
 .rodata._ZTVN4oled17device_ssd1306_llE
                0x080061c8       0x18 build/oled_device_ssd1306_ll.o
                0x080061c8                vtable for oled::device_ssd1306_ll
 .rodata._ZTVN4oled20interface_spi_dma_llE
                0x080061e0       0x14 build/oled_interface_ll.o
                0x080061e0                vtable for oled::interface_spi_dma_ll
 .rodata._ZL18CHANNEL_OFFSET_TAB
                0x080061f4        0x6 build/oled_interface_ll.o
 *fill*         0x080061fa        0x2 
 .rodata._ZTV3pid
                0x080061fc       0x10 build/pid.o
                0x080061fc                vtable for pid
 .rodata._ZL13OLED_F8x16_LE
                0x0800620c      0x5f0 build/oled_canvas_char.o
 .rodata.sinTable_f32
                0x080067fc      0x804 driver/cmsis/dsp/lib\libarm_cortexM4lf_math.a(arm_common_tables.o)
                0x080067fc                sinTable_f32
                0x08007000                        . = ALIGN (0x4)

.ARM.extab      0x08007000        0x0
                0x08007000                        . = ALIGN (0x4)
 *(.ARM.extab* .gnu.linkonce.armextab.*)
                0x08007000                        . = ALIGN (0x4)

.ARM            0x08007000        0x8
                0x08007000                        . = ALIGN (0x4)
                0x08007000                        __exidx_start = .
 *(.ARM.exidx*)
 .ARM.exidx.text.__udivmoddi4
                0x08007000        0x8 C:/Program Files (x86)/Arm GNU Toolchain arm-none-eabi/14.2 rel1/bin/../lib/gcc/arm-none-eabi/14.2.1/thumb/v7e-m+fp/hard\libgcc.a(_udivmoddi4.o)
                0x08007008                        __exidx_end = .
                0x08007008                        . = ALIGN (0x4)

.preinit_array  0x08007008        0x0
                0x08007008                        . = ALIGN (0x4)
                0x08007008                        PROVIDE (__preinit_array_start = .)
 *(.preinit_array*)
                0x08007008                        PROVIDE (__preinit_array_end = .)
                0x08007008                        . = ALIGN (0x4)

.init_array     0x08007008        0x4
                0x08007008                        . = ALIGN (0x4)
                0x08007008                        PROVIDE (__init_array_start = .)
 *(SORT_BY_NAME(.init_array.*))
 *(.init_array*)
 .init_array    0x08007008        0x4 build/main.o
                0x0800700c                        PROVIDE (__init_array_end = .)
                0x0800700c                        . = ALIGN (0x4)

.rel.dyn        0x0800700c        0x0
 .rel.iplt      0x0800700c        0x0 build/printf.o

.fini_array     0x0800700c        0x0
                0x0800700c                        . = ALIGN (0x4)
                [!provide]                        PROVIDE (__fini_array_start = .)
 *(SORT_BY_NAME(.fini_array.*))
 *(.fini_array*)
                [!provide]                        PROVIDE (__fini_array_end = .)
                0x0800700c                        . = ALIGN (0x4)
                0x0800700c                        _sidata = LOADADDR (.data)

.data           0x20000000       0x68 load address 0x0800700c
                0x20000000                        . = ALIGN (0x4)
                0x20000000                        _sdata = .
 *(.data)
 *(.data*)
 .data._ZZ24DMA1_Channel2_IRQHandlerE5_temp
                0x20000000       0x10 build/main.o
 .data.I_Proportion
                0x20000010        0x4 build/main.o
                0x20000010                I_Proportion
 .data.K        0x20000014        0x4 build/main.o
                0x20000014                K
 .data._impure_ptr
                0x20000018        0x4 C:/Program Files (x86)/Arm GNU Toolchain arm-none-eabi/14.2 rel1/bin/../lib/gcc/arm-none-eabi/14.2.1/thumb/v7e-m+fp/hard\libg_nano.a(libc_a-impure.o)
                0x20000018                _impure_ptr
 .data._impure_data
                0x2000001c       0x4c C:/Program Files (x86)/Arm GNU Toolchain arm-none-eabi/14.2 rel1/bin/../lib/gcc/arm-none-eabi/14.2.1/thumb/v7e-m+fp/hard\libg_nano.a(libc_a-impure.o)
                0x2000001c                _impure_data
 *(.RamFunc)
 *(.RamFunc*)
                0x20000068                        . = ALIGN (0x4)
                0x20000068                        _edata = .

.igot.plt       0x20000068        0x0 load address 0x08007074
 .igot.plt      0x20000068        0x0 build/printf.o
                0x20000068                        . = ALIGN (0x4)

.bss            0x20000068      0x9b8 load address 0x08007074
                0x20000068                        _sbss = .
                0x20000068                        __bss_start__ = _sbss
 *(.bss)
 *(.bss*)
 .bss._ZZ15TIM7_IRQHandlerE11stable_flag
                0x20000068        0x2 build/main.o
 .bss._ZZ15TIM7_IRQHandlerE12stable_start
                0x2000006a        0x1 build/main.o
 .bss._ZZ15TIM7_IRQHandlerE13stable_status
                0x2000006b        0x1 build/main.o
 .bss._ZZ15TIM7_IRQHandlerE6status
                0x2000006c        0x1 build/main.o
 .bss._ZZ24DMA1_Channel2_IRQHandlerE1m
                0x2000006d        0x1 build/main.o
 .bss._ZZ24DMA1_Channel2_IRQHandlerE9pll_delay
                0x2000006e        0x1 build/main.o
 *fill*         0x2000006f        0x1 
 .bss._ZZ24DMA1_Channel2_IRQHandlerE5count
                0x20000070        0x2 build/main.o
 *fill*         0x20000072        0x2 
 .bss._ZZ24DMA1_Channel2_IRQHandlerE8cur1_squ
                0x20000074        0x4 build/main.o
 .bss._ZZ24DMA1_Channel2_IRQHandlerE8cur0_squ
                0x20000078        0x4 build/main.o
 .bss.adc_buffer
                0x2000007c        0x4 build/main.o
                0x2000007c                adc_buffer
 .bss.oled_device
                0x20000080       0x18 build/main.o
                0x20000080                oled_device
 .bss.canvas    0x20000098      0x40c build/main.o
                0x20000098                canvas
 .bss.oled_interface
                0x200004a4      0x424 build/main.o
                0x200004a4                oled_interface
 .bss.buffer    0x200008c8       0x10 build/main.o
                0x200008c8                buffer
 .bss.cur_pid   0x200008d8       0x24 build/main.o
                0x200008d8                cur_pid
 .bss.phase_count
                0x200008fc        0x2 build/main.o
                0x200008fc                phase_count
 .bss.inverter_enable
                0x200008fe        0x1 build/main.o
                0x200008fe                inverter_enable
 *fill*         0x200008ff        0x1 
 .bss.cur1_sogi
                0x20000900       0x90 build/main.o
                0x20000900                cur1_sogi
 .bss.cur0_sogi
                0x20000990       0x90 build/main.o
                0x20000990                cur0_sogi
 *(COMMON)
                0x20000a20                        . = ALIGN (0x4)
                0x20000a20                        _ebss = .
                0x20000a20                        __bss_end__ = _ebss

._user_heap_stack
                0x20000a20      0x600 load address 0x08007074
                0x20000a20                        . = ALIGN (0x8)
                [!provide]                        PROVIDE (end = .)
                0x20000a20                        PROVIDE (_end = .)
                0x20000c20                        . = (. + _Min_Heap_Size)
 *fill*         0x20000a20      0x200 
                0x20001020                        . = (. + _Min_Stack_Size)
 *fill*         0x20000c20      0x400 
                0x20001020                        . = ALIGN (0x8)

/DISCARD/
 libc.a(*)
 libm.a(*)
 libgcc.a(*)
OUTPUT(bin/main.elf elf32-littlearm)
LOAD linker stubs
LOAD C:/Program Files (x86)/Arm GNU Toolchain arm-none-eabi/14.2 rel1/bin/../lib/gcc/arm-none-eabi/14.2.1/thumb/v7e-m+fp/hard\libc.a
LOAD C:/Program Files (x86)/Arm GNU Toolchain arm-none-eabi/14.2 rel1/bin/../lib/gcc/arm-none-eabi/14.2.1/thumb/v7e-m+fp/hard\libm.a
LOAD C:/Program Files (x86)/Arm GNU Toolchain arm-none-eabi/14.2 rel1/bin/../lib/gcc/arm-none-eabi/14.2.1/thumb/v7e-m+fp/hard\libgcc.a

.debug_info     0x00000000    0x16f4d
 .debug_info    0x00000000      0x605 build/system_stm32g4xx.o
 .debug_info    0x00000605     0x1f1b build/printf.o
 .debug_info    0x00002520     0x17c3 build/PLL.o
 .debug_info    0x00003ce3      0xe97 build/syscall.o
 .debug_info    0x00004b7a     0x723f build/main.o
 .debug_info    0x0000bdb9      0x8d1 build/oled_device_ssd1306_ll.o
 .debug_info    0x0000c68a     0x2250 build/oled_interface_ll.o
 .debug_info    0x0000e8da      0x4f4 build/pid.o
 .debug_info    0x0000edce      0x471 build/oled.o
 .debug_info    0x0000f23f      0x4c9 build/oled_canvas_char.o
 .debug_info    0x0000f708      0x460 build/oled_device_ssd1306.o
 .debug_info    0x0000fb68       0x30 build/startup_stm32g431xx.o
 .debug_info    0x0000fb98      0xb4a lib\libll.a(stm32g4xx_ll_adc.o)
 .debug_info    0x000106e2      0x5e8 lib\libll.a(stm32g4xx_ll_dac.o)
 .debug_info    0x00010cca      0x9a0 lib\libll.a(stm32g4xx_ll_gpio.o)
 .debug_info    0x0001166a     0x123b lib\libll.a(stm32g4xx_ll_tim.o)
 .debug_info    0x000128a5     0x1612 driver/cmsis/dsp/lib\libarm_cortexM4lf_math.a(arm_sin_f32.o)
 .debug_info    0x00013eb7     0x1612 driver/cmsis/dsp/lib\libarm_cortexM4lf_math.a(arm_cos_f32.o)
 .debug_info    0x000154c9     0x1a84 driver/cmsis/dsp/lib\libarm_cortexM4lf_math.a(arm_common_tables.o)

.debug_abbrev   0x00000000     0x345e
 .debug_abbrev  0x00000000      0x13e build/system_stm32g4xx.o
 .debug_abbrev  0x0000013e      0x43d build/printf.o
 .debug_abbrev  0x0000057b      0x235 build/PLL.o
 .debug_abbrev  0x000007b0      0x33b build/syscall.o
 .debug_abbrev  0x00000aeb      0x7dc build/main.o
 .debug_abbrev  0x000012c7      0x41b build/oled_device_ssd1306_ll.o
 .debug_abbrev  0x000016e2      0x560 build/oled_interface_ll.o
 .debug_abbrev  0x00001c42      0x2e9 build/pid.o
 .debug_abbrev  0x00001f2b      0x2cd build/oled.o
 .debug_abbrev  0x000021f8      0x233 build/oled_canvas_char.o
 .debug_abbrev  0x0000242b      0x22b build/oled_device_ssd1306.o
 .debug_abbrev  0x00002656       0x24 build/startup_stm32g431xx.o
 .debug_abbrev  0x0000267a      0x1a2 lib\libll.a(stm32g4xx_ll_adc.o)
 .debug_abbrev  0x0000281c      0x1a0 lib\libll.a(stm32g4xx_ll_dac.o)
 .debug_abbrev  0x000029bc      0x22c lib\libll.a(stm32g4xx_ll_gpio.o)
 .debug_abbrev  0x00002be8      0x241 lib\libll.a(stm32g4xx_ll_tim.o)
 .debug_abbrev  0x00002e29      0x22c driver/cmsis/dsp/lib\libarm_cortexM4lf_math.a(arm_sin_f32.o)
 .debug_abbrev  0x00003055      0x22c driver/cmsis/dsp/lib\libarm_cortexM4lf_math.a(arm_cos_f32.o)
 .debug_abbrev  0x00003281      0x1dd driver/cmsis/dsp/lib\libarm_cortexM4lf_math.a(arm_common_tables.o)

.debug_loclists
                0x00000000     0x44dd
 .debug_loclists
                0x00000000       0x70 build/system_stm32g4xx.o
 .debug_loclists
                0x00000070     0x2179 build/printf.o
 .debug_loclists
                0x000021e9       0x87 build/PLL.o
 .debug_loclists
                0x00002270      0x2a0 build/syscall.o
 .debug_loclists
                0x00002510     0x12df build/main.o
 .debug_loclists
                0x000037ef      0x10d build/oled_device_ssd1306_ll.o
 .debug_loclists
                0x000038fc      0x69c build/oled_interface_ll.o
 .debug_loclists
                0x00003f98       0x95 build/pid.o
 .debug_loclists
                0x0000402d       0xe6 build/oled.o
 .debug_loclists
                0x00004113      0x30e build/oled_canvas_char.o
 .debug_loclists
                0x00004421       0xbc build/oled_device_ssd1306.o

.debug_aranges  0x00000000      0x700
 .debug_aranges
                0x00000000       0x28 build/system_stm32g4xx.o
 .debug_aranges
                0x00000028       0x90 build/printf.o
 .debug_aranges
                0x000000b8       0x30 build/PLL.o
 .debug_aranges
                0x000000e8       0xb0 build/syscall.o
 .debug_aranges
                0x00000198       0xa8 build/main.o
 .debug_aranges
                0x00000240       0x38 build/oled_device_ssd1306_ll.o
 .debug_aranges
                0x00000278       0x50 build/oled_interface_ll.o
 .debug_aranges
                0x000002c8       0x40 build/pid.o
 .debug_aranges
                0x00000308       0x48 build/oled.o
 .debug_aranges
                0x00000350       0x40 build/oled_canvas_char.o
 .debug_aranges
                0x00000390       0x20 build/oled_device_ssd1306.o
 .debug_aranges
                0x000003b0       0x28 build/startup_stm32g431xx.o
 .debug_aranges
                0x000003d8       0xd0 lib\libll.a(stm32g4xx_ll_adc.o)
 .debug_aranges
                0x000004a8       0x48 lib\libll.a(stm32g4xx_ll_dac.o)
 .debug_aranges
                0x000004f0       0x70 lib\libll.a(stm32g4xx_ll_gpio.o)
 .debug_aranges
                0x00000560      0x148 lib\libll.a(stm32g4xx_ll_tim.o)
 .debug_aranges
                0x000006a8       0x20 driver/cmsis/dsp/lib\libarm_cortexM4lf_math.a(arm_sin_f32.o)
 .debug_aranges
                0x000006c8       0x20 driver/cmsis/dsp/lib\libarm_cortexM4lf_math.a(arm_cos_f32.o)
 .debug_aranges
                0x000006e8       0x18 driver/cmsis/dsp/lib\libarm_cortexM4lf_math.a(arm_common_tables.o)

.debug_rnglists
                0x00000000      0xf70
 .debug_rnglists
                0x00000000       0x1a build/system_stm32g4xx.o
 .debug_rnglists
                0x0000001a      0x329 build/printf.o
 .debug_rnglists
                0x00000343       0x9e build/PLL.o
 .debug_rnglists
                0x000003e1       0x8b build/syscall.o
 .debug_rnglists
                0x0000046c      0x649 build/main.o
 .debug_rnglists
                0x00000ab5       0x52 build/oled_device_ssd1306_ll.o
 .debug_rnglists
                0x00000b07      0x16d build/oled_interface_ll.o
 .debug_rnglists
                0x00000c74       0x3b build/pid.o
 .debug_rnglists
                0x00000caf       0x31 build/oled.o
 .debug_rnglists
                0x00000ce0       0x47 build/oled_canvas_char.o
 .debug_rnglists
                0x00000d27       0x14 build/oled_device_ssd1306.o
 .debug_rnglists
                0x00000d3b       0x19 build/startup_stm32g431xx.o
 .debug_rnglists
                0x00000d54       0x9b lib\libll.a(stm32g4xx_ll_adc.o)
 .debug_rnglists
                0x00000def       0x32 lib\libll.a(stm32g4xx_ll_dac.o)
 .debug_rnglists
                0x00000e21       0x51 lib\libll.a(stm32g4xx_ll_gpio.o)
 .debug_rnglists
                0x00000e72       0xfe lib\libll.a(stm32g4xx_ll_tim.o)

.debug_line     0x00000000     0x8c75
 .debug_line    0x00000000      0x255 build/system_stm32g4xx.o
 .debug_line    0x00000255     0x167a build/printf.o
 .debug_line    0x000018cf      0x476 build/PLL.o
 .debug_line    0x00001d45      0x6ef build/syscall.o
 .debug_line    0x00002434     0x23d1 build/main.o
 .debug_line    0x00004805      0x366 build/oled_device_ssd1306_ll.o
 .debug_line    0x00004b6b      0xcf5 build/oled_interface_ll.o
 .debug_line    0x00005860      0x1ba build/pid.o
 .debug_line    0x00005a1a      0x2df build/oled.o
 .debug_line    0x00005cf9      0x5c5 build/oled_canvas_char.o
 .debug_line    0x000062be      0x2de build/oled_device_ssd1306.o
 .debug_line    0x0000659c       0x7b build/startup_stm32g431xx.o
 .debug_line    0x00006617      0x7d6 lib\libll.a(stm32g4xx_ll_adc.o)
 .debug_line    0x00006ded      0x399 lib\libll.a(stm32g4xx_ll_dac.o)
 .debug_line    0x00007186      0x655 lib\libll.a(stm32g4xx_ll_gpio.o)
 .debug_line    0x000077db      0xcb4 lib\libll.a(stm32g4xx_ll_tim.o)
 .debug_line    0x0000848f      0x2d0 driver/cmsis/dsp/lib\libarm_cortexM4lf_math.a(arm_sin_f32.o)
 .debug_line    0x0000875f      0x2d3 driver/cmsis/dsp/lib\libarm_cortexM4lf_math.a(arm_cos_f32.o)
 .debug_line    0x00008a32      0x243 driver/cmsis/dsp/lib\libarm_cortexM4lf_math.a(arm_common_tables.o)

.debug_str      0x00000000     0x52a8
 .debug_str     0x00000000     0x52a8 build/system_stm32g4xx.o
                                0x458 (size before relaxing)
 .debug_str     0x000052a8      0x48e build/printf.o
 .debug_str     0x000052a8      0xdef build/PLL.o
 .debug_str     0x000052a8      0x5ef build/syscall.o
 .debug_str     0x000052a8     0x3035 build/main.o
 .debug_str     0x000052a8      0x742 build/oled_device_ssd1306_ll.o
 .debug_str     0x000052a8     0x123f build/oled_interface_ll.o
 .debug_str     0x000052a8      0x2fd build/pid.o
 .debug_str     0x000052a8      0x3df build/oled.o
 .debug_str     0x000052a8      0x40a build/oled_canvas_char.o
 .debug_str     0x000052a8      0x3ca build/oled_device_ssd1306.o
 .debug_str     0x000052a8       0x5e build/startup_stm32g431xx.o
 .debug_str     0x000052a8      0x800 lib\libll.a(stm32g4xx_ll_adc.o)
 .debug_str     0x000052a8      0x4f3 lib\libll.a(stm32g4xx_ll_dac.o)
 .debug_str     0x000052a8      0x4f5 lib\libll.a(stm32g4xx_ll_gpio.o)
 .debug_str     0x000052a8      0xb24 lib\libll.a(stm32g4xx_ll_tim.o)
 .debug_str     0x000052a8      0xd42 driver/cmsis/dsp/lib\libarm_cortexM4lf_math.a(arm_sin_f32.o)
 .debug_str     0x000052a8      0xd42 driver/cmsis/dsp/lib\libarm_cortexM4lf_math.a(arm_cos_f32.o)
 .debug_str     0x000052a8      0xd1d driver/cmsis/dsp/lib\libarm_cortexM4lf_math.a(arm_common_tables.o)

.comment        0x00000000       0xba
 .comment       0x00000000       0xba build/system_stm32g4xx.o
                                 0x46 (size before relaxing)
 .comment       0x000000ba       0x46 build/printf.o
 .comment       0x000000ba       0x46 build/PLL.o
 .comment       0x000000ba       0x46 build/syscall.o
 .comment       0x000000ba       0x46 build/main.o
 .comment       0x000000ba       0x46 build/oled_device_ssd1306_ll.o
 .comment       0x000000ba       0x46 build/oled_interface_ll.o
 .comment       0x000000ba       0x46 build/pid.o
 .comment       0x000000ba       0x46 build/oled.o
 .comment       0x000000ba       0x46 build/oled_canvas_char.o
 .comment       0x000000ba       0x46 build/oled_device_ssd1306.o
 .comment       0x000000ba       0x46 lib\libll.a(stm32g4xx_ll_adc.o)
 .comment       0x000000ba       0x46 lib\libll.a(stm32g4xx_ll_dac.o)
 .comment       0x000000ba       0x46 lib\libll.a(stm32g4xx_ll_gpio.o)
 .comment       0x000000ba       0x46 lib\libll.a(stm32g4xx_ll_tim.o)
 .comment       0x000000ba       0x76 driver/cmsis/dsp/lib\libarm_cortexM4lf_math.a(arm_sin_f32.o)
 .comment       0x000000ba       0x76 driver/cmsis/dsp/lib\libarm_cortexM4lf_math.a(arm_cos_f32.o)
 .comment       0x000000ba       0x76 driver/cmsis/dsp/lib\libarm_cortexM4lf_math.a(arm_common_tables.o)

.ARM.attributes
                0x00000000       0x32
 .ARM.attributes
                0x00000000       0x34 build/system_stm32g4xx.o
 .ARM.attributes
                0x00000034       0x34 build/printf.o
 .ARM.attributes
                0x00000068       0x34 build/PLL.o
 .ARM.attributes
                0x0000009c       0x34 build/syscall.o
 .ARM.attributes
                0x000000d0       0x34 build/main.o
 .ARM.attributes
                0x00000104       0x34 build/oled_device_ssd1306_ll.o
 .ARM.attributes
                0x00000138       0x34 build/oled_interface_ll.o
 .ARM.attributes
                0x0000016c       0x34 build/pid.o
 .ARM.attributes
                0x000001a0       0x34 build/oled.o
 .ARM.attributes
                0x000001d4       0x34 build/oled_canvas_char.o
 .ARM.attributes
                0x00000208       0x34 build/oled_device_ssd1306.o
 .ARM.attributes
                0x0000023c       0x21 build/startup_stm32g431xx.o
 .ARM.attributes
                0x0000025d       0x34 lib\libll.a(stm32g4xx_ll_adc.o)
 .ARM.attributes
                0x00000291       0x34 lib\libll.a(stm32g4xx_ll_dac.o)
 .ARM.attributes
                0x000002c5       0x34 lib\libll.a(stm32g4xx_ll_gpio.o)
 .ARM.attributes
                0x000002f9       0x34 lib\libll.a(stm32g4xx_ll_tim.o)
 .ARM.attributes
                0x0000032d       0x34 driver/cmsis/dsp/lib\libarm_cortexM4lf_math.a(arm_sin_f32.o)
 .ARM.attributes
                0x00000361       0x34 driver/cmsis/dsp/lib\libarm_cortexM4lf_math.a(arm_cos_f32.o)
 .ARM.attributes
                0x00000395       0x39 driver/cmsis/dsp/lib\libarm_cortexM4lf_math.a(arm_common_tables.o)
 .ARM.attributes
                0x000003ce       0x34 C:/Program Files (x86)/Arm GNU Toolchain arm-none-eabi/14.2 rel1/bin/../lib/gcc/arm-none-eabi/14.2.1/thumb/v7e-m+fp/hard\libm.a(libm_a-wf_pow.o)
 .ARM.attributes
                0x00000402       0x34 C:/Program Files (x86)/Arm GNU Toolchain arm-none-eabi/14.2 rel1/bin/../lib/gcc/arm-none-eabi/14.2.1/thumb/v7e-m+fp/hard\libm.a(libm_a-sf_finite.o)
 .ARM.attributes
                0x00000436       0x34 C:/Program Files (x86)/Arm GNU Toolchain arm-none-eabi/14.2 rel1/bin/../lib/gcc/arm-none-eabi/14.2.1/thumb/v7e-m+fp/hard\libm.a(libm_a-ef_pow.o)
 .ARM.attributes
                0x0000046a       0x34 C:/Program Files (x86)/Arm GNU Toolchain arm-none-eabi/14.2 rel1/bin/../lib/gcc/arm-none-eabi/14.2.1/thumb/v7e-m+fp/hard\libm.a(libm_a-sf_fabs.o)
 .ARM.attributes
                0x0000049e       0x34 C:/Program Files (x86)/Arm GNU Toolchain arm-none-eabi/14.2 rel1/bin/../lib/gcc/arm-none-eabi/14.2.1/thumb/v7e-m+fp/hard\libm.a(libm_a-sf_scalbn.o)
 .ARM.attributes
                0x000004d2       0x34 C:/Program Files (x86)/Arm GNU Toolchain arm-none-eabi/14.2 rel1/bin/../lib/gcc/arm-none-eabi/14.2.1/thumb/v7e-m+fp/hard\libm.a(libm_a-math_errf.o)
 .ARM.attributes
                0x00000506       0x34 C:/Program Files (x86)/Arm GNU Toolchain arm-none-eabi/14.2 rel1/bin/../lib/gcc/arm-none-eabi/14.2.1/thumb/v7e-m+fp/hard\libm.a(libm_a-ef_sqrt.o)
 .ARM.attributes
                0x0000053a       0x22 C:/Program Files (x86)/Arm GNU Toolchain arm-none-eabi/14.2 rel1/bin/../lib/gcc/arm-none-eabi/14.2.1/thumb/v7e-m+fp/hard\libgcc.a(_arm_addsubdf3.o)
 .ARM.attributes
                0x0000055c       0x22 C:/Program Files (x86)/Arm GNU Toolchain arm-none-eabi/14.2 rel1/bin/../lib/gcc/arm-none-eabi/14.2.1/thumb/v7e-m+fp/hard\libgcc.a(_arm_muldivdf3.o)
 .ARM.attributes
                0x0000057e       0x22 C:/Program Files (x86)/Arm GNU Toolchain arm-none-eabi/14.2 rel1/bin/../lib/gcc/arm-none-eabi/14.2.1/thumb/v7e-m+fp/hard\libgcc.a(_arm_cmpdf2.o)
 .ARM.attributes
                0x000005a0       0x22 C:/Program Files (x86)/Arm GNU Toolchain arm-none-eabi/14.2 rel1/bin/../lib/gcc/arm-none-eabi/14.2.1/thumb/v7e-m+fp/hard\libgcc.a(_arm_fixdfsi.o)
 .ARM.attributes
                0x000005c2       0x22 C:/Program Files (x86)/Arm GNU Toolchain arm-none-eabi/14.2 rel1/bin/../lib/gcc/arm-none-eabi/14.2.1/thumb/v7e-m+fp/hard\libgcc.a(_arm_fixunsdfsi.o)
 .ARM.attributes
                0x000005e4       0x22 C:/Program Files (x86)/Arm GNU Toolchain arm-none-eabi/14.2 rel1/bin/../lib/gcc/arm-none-eabi/14.2.1/thumb/v7e-m+fp/hard\libgcc.a(_arm_addsubsf3.o)
 .ARM.attributes
                0x00000606       0x22 C:/Program Files (x86)/Arm GNU Toolchain arm-none-eabi/14.2 rel1/bin/../lib/gcc/arm-none-eabi/14.2.1/thumb/v7e-m+fp/hard\libgcc.a(_aeabi_uldivmod.o)
 .ARM.attributes
                0x00000628       0x34 C:/Program Files (x86)/Arm GNU Toolchain arm-none-eabi/14.2 rel1/bin/../lib/gcc/arm-none-eabi/14.2.1/thumb/v7e-m+fp/hard\libgcc.a(_udivmoddi4.o)
 .ARM.attributes
                0x0000065c       0x22 C:/Program Files (x86)/Arm GNU Toolchain arm-none-eabi/14.2 rel1/bin/../lib/gcc/arm-none-eabi/14.2.1/thumb/v7e-m+fp/hard\libgcc.a(_dvmd_tls.o)
 .ARM.attributes
                0x0000067e       0x34 C:/Program Files (x86)/Arm GNU Toolchain arm-none-eabi/14.2 rel1/bin/../lib/gcc/arm-none-eabi/14.2.1/thumb/v7e-m+fp/hard\libg_nano.a(libc_a-memset.o)
 .ARM.attributes
                0x000006b2       0x34 C:/Program Files (x86)/Arm GNU Toolchain arm-none-eabi/14.2 rel1/bin/../lib/gcc/arm-none-eabi/14.2.1/thumb/v7e-m+fp/hard\libg_nano.a(libc_a-errno.o)
 .ARM.attributes
                0x000006e6       0x34 C:/Program Files (x86)/Arm GNU Toolchain arm-none-eabi/14.2 rel1/bin/../lib/gcc/arm-none-eabi/14.2.1/thumb/v7e-m+fp/hard\libg_nano.a(libc_a-init.o)
 .ARM.attributes
                0x0000071a       0x34 C:/Program Files (x86)/Arm GNU Toolchain arm-none-eabi/14.2 rel1/bin/../lib/gcc/arm-none-eabi/14.2.1/thumb/v7e-m+fp/hard\libg_nano.a(libc_a-memcpy-stub.o)
 .ARM.attributes
                0x0000074e       0x34 C:/Program Files (x86)/Arm GNU Toolchain arm-none-eabi/14.2 rel1/bin/../lib/gcc/arm-none-eabi/14.2.1/thumb/v7e-m+fp/hard\libg_nano.a(libc_a-impure.o)

.debug_frame    0x00000000     0x1be0
 .debug_frame   0x00000000       0x30 build/system_stm32g4xx.o
 .debug_frame   0x00000030      0x288 build/printf.o
 .debug_frame   0x000002b8       0x50 build/PLL.o
 .debug_frame   0x00000308      0x1a8 build/syscall.o
 .debug_frame   0x000004b0      0x234 build/main.o
 .debug_frame   0x000006e4       0x70 build/oled_device_ssd1306_ll.o
 .debug_frame   0x00000754       0xe8 build/oled_interface_ll.o
 .debug_frame   0x0000083c       0x78 build/pid.o
 .debug_frame   0x000008b4       0x94 build/oled.o
 .debug_frame   0x00000948       0xc8 build/oled_canvas_char.o
 .debug_frame   0x00000a10       0x3c build/oled_device_ssd1306.o
 .debug_frame   0x00000a4c      0x398 lib\libll.a(stm32g4xx_ll_adc.o)
 .debug_frame   0x00000de4       0xf8 lib\libll.a(stm32g4xx_ll_dac.o)
 .debug_frame   0x00000edc      0x1c0 lib\libll.a(stm32g4xx_ll_gpio.o)
 .debug_frame   0x0000109c      0x5d0 lib\libll.a(stm32g4xx_ll_tim.o)
 .debug_frame   0x0000166c       0x20 driver/cmsis/dsp/lib\libarm_cortexM4lf_math.a(arm_sin_f32.o)
 .debug_frame   0x0000168c       0x20 driver/cmsis/dsp/lib\libarm_cortexM4lf_math.a(arm_cos_f32.o)
 .debug_frame   0x000016ac       0x44 C:/Program Files (x86)/Arm GNU Toolchain arm-none-eabi/14.2 rel1/bin/../lib/gcc/arm-none-eabi/14.2.1/thumb/v7e-m+fp/hard\libm.a(libm_a-wf_pow.o)
 .debug_frame   0x000016f0       0x20 C:/Program Files (x86)/Arm GNU Toolchain arm-none-eabi/14.2 rel1/bin/../lib/gcc/arm-none-eabi/14.2.1/thumb/v7e-m+fp/hard\libm.a(libm_a-sf_finite.o)
 .debug_frame   0x00001710       0xa0 C:/Program Files (x86)/Arm GNU Toolchain arm-none-eabi/14.2 rel1/bin/../lib/gcc/arm-none-eabi/14.2.1/thumb/v7e-m+fp/hard\libm.a(libm_a-ef_pow.o)
 .debug_frame   0x000017b0       0x20 C:/Program Files (x86)/Arm GNU Toolchain arm-none-eabi/14.2 rel1/bin/../lib/gcc/arm-none-eabi/14.2.1/thumb/v7e-m+fp/hard\libm.a(libm_a-sf_fabs.o)
 .debug_frame   0x000017d0       0x20 C:/Program Files (x86)/Arm GNU Toolchain arm-none-eabi/14.2 rel1/bin/../lib/gcc/arm-none-eabi/14.2.1/thumb/v7e-m+fp/hard\libm.a(libm_a-sf_scalbn.o)
 .debug_frame   0x000017f0       0x88 C:/Program Files (x86)/Arm GNU Toolchain arm-none-eabi/14.2 rel1/bin/../lib/gcc/arm-none-eabi/14.2.1/thumb/v7e-m+fp/hard\libm.a(libm_a-math_errf.o)
 .debug_frame   0x00001878       0x20 C:/Program Files (x86)/Arm GNU Toolchain arm-none-eabi/14.2 rel1/bin/../lib/gcc/arm-none-eabi/14.2.1/thumb/v7e-m+fp/hard\libm.a(libm_a-ef_sqrt.o)
 .debug_frame   0x00001898       0xac C:/Program Files (x86)/Arm GNU Toolchain arm-none-eabi/14.2 rel1/bin/../lib/gcc/arm-none-eabi/14.2.1/thumb/v7e-m+fp/hard\libgcc.a(_arm_addsubdf3.o)
 .debug_frame   0x00001944       0x50 C:/Program Files (x86)/Arm GNU Toolchain arm-none-eabi/14.2 rel1/bin/../lib/gcc/arm-none-eabi/14.2.1/thumb/v7e-m+fp/hard\libgcc.a(_arm_muldivdf3.o)
 .debug_frame   0x00001994       0xc4 C:/Program Files (x86)/Arm GNU Toolchain arm-none-eabi/14.2 rel1/bin/../lib/gcc/arm-none-eabi/14.2.1/thumb/v7e-m+fp/hard\libgcc.a(_arm_cmpdf2.o)
 .debug_frame   0x00001a58       0x24 C:/Program Files (x86)/Arm GNU Toolchain arm-none-eabi/14.2 rel1/bin/../lib/gcc/arm-none-eabi/14.2.1/thumb/v7e-m+fp/hard\libgcc.a(_arm_fixdfsi.o)
 .debug_frame   0x00001a7c       0x24 C:/Program Files (x86)/Arm GNU Toolchain arm-none-eabi/14.2 rel1/bin/../lib/gcc/arm-none-eabi/14.2.1/thumb/v7e-m+fp/hard\libgcc.a(_arm_fixunsdfsi.o)
 .debug_frame   0x00001aa0       0x4c C:/Program Files (x86)/Arm GNU Toolchain arm-none-eabi/14.2 rel1/bin/../lib/gcc/arm-none-eabi/14.2.1/thumb/v7e-m+fp/hard\libgcc.a(_arm_addsubsf3.o)
 .debug_frame   0x00001aec       0x2c C:/Program Files (x86)/Arm GNU Toolchain arm-none-eabi/14.2 rel1/bin/../lib/gcc/arm-none-eabi/14.2.1/thumb/v7e-m+fp/hard\libgcc.a(_aeabi_uldivmod.o)
 .debug_frame   0x00001b18       0x34 C:/Program Files (x86)/Arm GNU Toolchain arm-none-eabi/14.2 rel1/bin/../lib/gcc/arm-none-eabi/14.2.1/thumb/v7e-m+fp/hard\libgcc.a(_udivmoddi4.o)
 .debug_frame   0x00001b4c       0x20 C:/Program Files (x86)/Arm GNU Toolchain arm-none-eabi/14.2 rel1/bin/../lib/gcc/arm-none-eabi/14.2.1/thumb/v7e-m+fp/hard\libg_nano.a(libc_a-memset.o)
 .debug_frame   0x00001b6c       0x20 C:/Program Files (x86)/Arm GNU Toolchain arm-none-eabi/14.2 rel1/bin/../lib/gcc/arm-none-eabi/14.2.1/thumb/v7e-m+fp/hard\libg_nano.a(libc_a-errno.o)
 .debug_frame   0x00001b8c       0x2c C:/Program Files (x86)/Arm GNU Toolchain arm-none-eabi/14.2 rel1/bin/../lib/gcc/arm-none-eabi/14.2.1/thumb/v7e-m+fp/hard\libg_nano.a(libc_a-init.o)
 .debug_frame   0x00001bb8       0x28 C:/Program Files (x86)/Arm GNU Toolchain arm-none-eabi/14.2 rel1/bin/../lib/gcc/arm-none-eabi/14.2.1/thumb/v7e-m+fp/hard\libg_nano.a(libc_a-memcpy-stub.o)

.debug_line_str
                0x00000000      0x135
 .debug_line_str
                0x00000000      0x135 build/startup_stm32g431xx.o
                                 0x42 (size before relaxing)
 .debug_line_str
                0x00000135       0xd2 C:/Program Files (x86)/Arm GNU Toolchain arm-none-eabi/14.2 rel1/bin/../lib/gcc/arm-none-eabi/14.2.1/thumb/v7e-m+fp/hard\libgcc.a(_arm_addsubdf3.o)
 .debug_line_str
                0x00000135       0xd2 C:/Program Files (x86)/Arm GNU Toolchain arm-none-eabi/14.2 rel1/bin/../lib/gcc/arm-none-eabi/14.2.1/thumb/v7e-m+fp/hard\libgcc.a(_arm_muldivdf3.o)
 .debug_line_str
                0x00000135       0xd2 C:/Program Files (x86)/Arm GNU Toolchain arm-none-eabi/14.2 rel1/bin/../lib/gcc/arm-none-eabi/14.2.1/thumb/v7e-m+fp/hard\libgcc.a(_arm_cmpdf2.o)
 .debug_line_str
                0x00000135       0xd2 C:/Program Files (x86)/Arm GNU Toolchain arm-none-eabi/14.2 rel1/bin/../lib/gcc/arm-none-eabi/14.2.1/thumb/v7e-m+fp/hard\libgcc.a(_arm_fixdfsi.o)
 .debug_line_str
                0x00000135       0xd2 C:/Program Files (x86)/Arm GNU Toolchain arm-none-eabi/14.2 rel1/bin/../lib/gcc/arm-none-eabi/14.2.1/thumb/v7e-m+fp/hard\libgcc.a(_arm_fixunsdfsi.o)
 .debug_line_str
                0x00000135       0xd2 C:/Program Files (x86)/Arm GNU Toolchain arm-none-eabi/14.2 rel1/bin/../lib/gcc/arm-none-eabi/14.2.1/thumb/v7e-m+fp/hard\libgcc.a(_arm_addsubsf3.o)
 .debug_line_str
                0x00000135       0xcd C:/Program Files (x86)/Arm GNU Toolchain arm-none-eabi/14.2 rel1/bin/../lib/gcc/arm-none-eabi/14.2.1/thumb/v7e-m+fp/hard\libgcc.a(_aeabi_uldivmod.o)
 .debug_line_str
                0x00000135       0xd1 C:/Program Files (x86)/Arm GNU Toolchain arm-none-eabi/14.2 rel1/bin/../lib/gcc/arm-none-eabi/14.2.1/thumb/v7e-m+fp/hard\libgcc.a(_dvmd_tls.o)

.debug_loc      0x00000000      0x1f4
 .debug_loc     0x00000000       0xfa driver/cmsis/dsp/lib\libarm_cortexM4lf_math.a(arm_sin_f32.o)
 .debug_loc     0x000000fa       0xfa driver/cmsis/dsp/lib\libarm_cortexM4lf_math.a(arm_cos_f32.o)

.debug_ranges   0x00000000       0x20
 .debug_ranges  0x00000000       0x10 driver/cmsis/dsp/lib\libarm_cortexM4lf_math.a(arm_sin_f32.o)
 .debug_ranges  0x00000010       0x10 driver/cmsis/dsp/lib\libarm_cortexM4lf_math.a(arm_cos_f32.o)
