Archive member included to satisfy reference by file (symbol)

C:/Program Files (x86)/Arm GNU Toolchain arm-none-eabi/14.2 rel1/bin/../lib/gcc/arm-none-eabi/14.2.1/thumb/v7e-m+fp/hard\libstdc++_nano.a(class_type_info.o)
                              build/pid.o (vtable for __cxxabiv1::__class_type_info)
C:/Program Files (x86)/Arm GNU Toolchain arm-none-eabi/14.2 rel1/bin/../lib/gcc/arm-none-eabi/14.2.1/thumb/v7e-m+fp/hard\libstdc++_nano.a(del_ops.o)
                              C:/Program Files (x86)/Arm GNU Toolchain arm-none-eabi/14.2 rel1/bin/../lib/gcc/arm-none-eabi/14.2.1/thumb/v7e-m+fp/hard\libstdc++_nano.a(class_type_info.o) (operator delete(void*, unsigned int))
C:/Program Files (x86)/Arm GNU Toolchain arm-none-eabi/14.2 rel1/bin/../lib/gcc/arm-none-eabi/14.2.1/thumb/v7e-m+fp/hard\libstdc++_nano.a(si_class_type_info.o)
                              build/oled_interface_ll.o (vtable for __cxxabiv1::__si_class_type_info)
C:/Program Files (x86)/Arm GNU Toolchain arm-none-eabi/14.2 rel1/bin/../lib/gcc/arm-none-eabi/14.2.1/thumb/v7e-m+fp/hard\libstdc++_nano.a(tinfo.o)
                              C:/Program Files (x86)/Arm GNU Toolchain arm-none-eabi/14.2 rel1/bin/../lib/gcc/arm-none-eabi/14.2.1/thumb/v7e-m+fp/hard\libstdc++_nano.a(class_type_info.o) (std::type_info::~type_info())
C:/Program Files (x86)/Arm GNU Toolchain arm-none-eabi/14.2 rel1/bin/../lib/gcc/arm-none-eabi/14.2.1/thumb/v7e-m+fp/hard\libstdc++_nano.a(vmi_class_type_info.o)
                              build/pid.o (vtable for __cxxabiv1::__vmi_class_type_info)
C:/Program Files (x86)/Arm GNU Toolchain arm-none-eabi/14.2 rel1/bin/../lib/gcc/arm-none-eabi/14.2.1/thumb/v7e-m+fp/hard\libstdc++_nano.a(del_op.o)
                              C:/Program Files (x86)/Arm GNU Toolchain arm-none-eabi/14.2 rel1/bin/../lib/gcc/arm-none-eabi/14.2.1/thumb/v7e-m+fp/hard\libstdc++_nano.a(del_ops.o) (operator delete(void*))
C:/Program Files (x86)/Arm GNU Toolchain arm-none-eabi/14.2 rel1/bin/../lib/gcc/arm-none-eabi/14.2.1/thumb/v7e-m+fp/hard\libm.a(libm_a-wf_pow.o)
                              build/main.o (powf)
C:/Program Files (x86)/Arm GNU Toolchain arm-none-eabi/14.2 rel1/bin/../lib/gcc/arm-none-eabi/14.2.1/thumb/v7e-m+fp/hard\libm.a(libm_a-wf_sqrt.o)
                              build/main.o (sqrtf)
C:/Program Files (x86)/Arm GNU Toolchain arm-none-eabi/14.2 rel1/bin/../lib/gcc/arm-none-eabi/14.2.1/thumb/v7e-m+fp/hard\libm.a(libm_a-sf_finite.o)
                              C:/Program Files (x86)/Arm GNU Toolchain arm-none-eabi/14.2 rel1/bin/../lib/gcc/arm-none-eabi/14.2.1/thumb/v7e-m+fp/hard\libm.a(libm_a-wf_pow.o) (finitef)
C:/Program Files (x86)/Arm GNU Toolchain arm-none-eabi/14.2 rel1/bin/../lib/gcc/arm-none-eabi/14.2.1/thumb/v7e-m+fp/hard\libm.a(libm_a-ef_sqrt.o)
                              C:/Program Files (x86)/Arm GNU Toolchain arm-none-eabi/14.2 rel1/bin/../lib/gcc/arm-none-eabi/14.2.1/thumb/v7e-m+fp/hard\libm.a(libm_a-wf_sqrt.o) (__ieee754_sqrtf)
C:/Program Files (x86)/Arm GNU Toolchain arm-none-eabi/14.2 rel1/bin/../lib/gcc/arm-none-eabi/14.2.1/thumb/v7e-m+fp/hard\libm.a(libm_a-ef_pow.o)
                              C:/Program Files (x86)/Arm GNU Toolchain arm-none-eabi/14.2 rel1/bin/../lib/gcc/arm-none-eabi/14.2.1/thumb/v7e-m+fp/hard\libm.a(libm_a-wf_pow.o) (__ieee754_powf)
C:/Program Files (x86)/Arm GNU Toolchain arm-none-eabi/14.2 rel1/bin/../lib/gcc/arm-none-eabi/14.2.1/thumb/v7e-m+fp/hard\libm.a(libm_a-sf_fabs.o)
                              C:/Program Files (x86)/Arm GNU Toolchain arm-none-eabi/14.2 rel1/bin/../lib/gcc/arm-none-eabi/14.2.1/thumb/v7e-m+fp/hard\libm.a(libm_a-ef_pow.o) (fabsf)
C:/Program Files (x86)/Arm GNU Toolchain arm-none-eabi/14.2 rel1/bin/../lib/gcc/arm-none-eabi/14.2.1/thumb/v7e-m+fp/hard\libm.a(libm_a-sf_scalbn.o)
                              C:/Program Files (x86)/Arm GNU Toolchain arm-none-eabi/14.2 rel1/bin/../lib/gcc/arm-none-eabi/14.2.1/thumb/v7e-m+fp/hard\libm.a(libm_a-ef_pow.o) (scalbnf)
C:/Program Files (x86)/Arm GNU Toolchain arm-none-eabi/14.2 rel1/bin/../lib/gcc/arm-none-eabi/14.2.1/thumb/v7e-m+fp/hard\libm.a(libm_a-math_errf.o)
                              C:/Program Files (x86)/Arm GNU Toolchain arm-none-eabi/14.2 rel1/bin/../lib/gcc/arm-none-eabi/14.2.1/thumb/v7e-m+fp/hard\libm.a(libm_a-ef_pow.o) (__math_uflowf)
C:/Program Files (x86)/Arm GNU Toolchain arm-none-eabi/14.2 rel1/bin/../lib/gcc/arm-none-eabi/14.2.1/thumb/v7e-m+fp/hard\libgcc.a(_arm_muldf3.o)
                              build/printf.o (__aeabi_dmul)
C:/Program Files (x86)/Arm GNU Toolchain arm-none-eabi/14.2 rel1/bin/../lib/gcc/arm-none-eabi/14.2.1/thumb/v7e-m+fp/hard\libgcc.a(_arm_addsubdf3.o)
                              build/printf.o (__aeabi_dsub)
C:/Program Files (x86)/Arm GNU Toolchain arm-none-eabi/14.2 rel1/bin/../lib/gcc/arm-none-eabi/14.2.1/thumb/v7e-m+fp/hard\libgcc.a(_arm_muldivdf3.o)
                              build/printf.o (__aeabi_ddiv)
[...]
Memory Configuration

Name             Origin             Length             Attributes
RAM              0x20000000         0x00008000         xrw
FLASH            0x08000000         0x00020000         xr
*default*        0x00000000         0xffffffff

Linker script and memory map

LOAD C:/Program Files (x86)/Arm GNU Toolchain arm-none-eabi/14.2 rel1/bin/../lib/gcc/arm-none-eabi/14.2.1/thumb/v7e-m+fp/hard/crti.o
LOAD C:/Program Files (x86)/Arm GNU Toolchain arm-none-eabi/14.2 rel1/bin/../lib/gcc/arm-none-eabi/14.2.1/thumb/v7e-m+fp/hard/crtbegin.o
LOAD C:/Program Files (x86)/Arm GNU Toolchain arm-none-eabi/14.2 rel1/bin/../lib/gcc/arm-none-eabi/14.2.1/thumb/v7e-m+fp/hard/crt0.o
LOAD driver/cmsis/dsp/lib\libarm_cortexM4lf_math.a
LOAD build/stm32g4xx_ll_adc.o
LOAD build/stm32g4xx_ll_comp.o
LOAD build/stm32g4xx_ll_cordic.o
LOAD build/stm32g4xx_ll_crc.o
LOAD build/stm32g4xx_ll_crs.o
LOAD build/stm32g4xx_ll_dac.o
LOAD build/stm32g4xx_ll_dma.o
LOAD build/stm32g4xx_ll_exti.o
LOAD build/stm32g4xx_ll_fmac.o
LOAD build/stm32g4xx_ll_gpio.o
LOAD build/stm32g4xx_ll_hrtim.o
LOAD build/stm32g4xx_ll_i2c.o
LOAD build/stm32g4xx_ll_lptim.o
LOAD build/stm32g4xx_ll_lpuart.o
LOAD build/stm32g4xx_ll_opamp.o
LOAD build/stm32g4xx_ll_pwr.o
LOAD build/stm32g4xx_ll_rcc.o
LOAD build/stm32g4xx_ll_rng.o
LOAD build/stm32g4xx_ll_rtc.o
LOAD build/stm32g4xx_ll_spi.o
LOAD build/stm32g4xx_ll_tim.o
LOAD build/stm32g4xx_ll_ucpd.o
LOAD build/stm32g4xx_ll_usart.o
LOAD build/stm32g4xx_ll_utils.o
LOAD build/system_stm32g4xx.o
LOAD build/startup_stm32g431xx.o
LOAD build/syscall.o
LOAD build/interupt.o
LOAD build/main.o
LOAD build/oled_interface_ll.o
LOAD build/pid.o
LOAD build/printf.o
LOAD build/oled.o
LOAD build/oled_canvas_char.o
LOAD build/oled_device_ssd1306.o
LOAD C:/Program Files (x86)/Arm GNU Toolchain arm-none-eabi/14.2 rel1/bin/../lib/gcc/arm-none-eabi/14.2.1/thumb/v7e-m+fp/hard\libstdc++_nano.a
LOAD C:/Program Files (x86)/Arm GNU Toolchain arm-none-eabi/14.2 rel1/bin/../lib/gcc/arm-none-eabi/14.2.1/thumb/v7e-m+fp/hard\libm.a
START GROUP
LOAD C:/Program Files (x86)/Arm GNU Toolchain arm-none-eabi/14.2 rel1/bin/../lib/gcc/arm-none-eabi/14.2.1/thumb/v7e-m+fp/hard\libgcc.a
LOAD C:/Program Files (x86)/Arm GNU Toolchain arm-none-eabi/14.2 rel1/bin/../lib/gcc/arm-none-eabi/14.2.1/thumb/v7e-m+fp/hard\libg_nano.a
LOAD C:/Program Files (x86)/Arm GNU Toolchain arm-none-eabi/14.2 rel1/bin/../lib/gcc/arm-none-eabi/14.2.1/thumb/v7e-m+fp/hard\libc_nano.a
END GROUP
START GROUP
LOAD C:/Program Files (x86)/Arm GNU Toolchain arm-none-eabi/14.2 rel1/bin/../lib/gcc/arm-none-eabi/14.2.1/thumb/v7e-m+fp/hard\libgcc.a
LOAD C:/Program Files (x86)/Arm GNU Toolchain arm-none-eabi/14.2 rel1/bin/../lib/gcc/arm-none-eabi/14.2.1/thumb/v7e-m+fp/hard\libc_nano.a
END GROUP
LOAD C:/Program Files (x86)/Arm GNU Toolchain arm-none-eabi/14.2 rel1/bin/../lib/gcc/arm-none-eabi/14.2.1/thumb/v7e-m+fp/hard/crtend.o
LOAD C:/Program Files (x86)/Arm GNU Toolchain arm-none-eabi/14.2 rel1/bin/../lib/gcc/arm-none-eabi/14.2.1/thumb/v7e-m+fp/hard/crtn.o
                0x20008000                        _estack = (ORIGIN (RAM) + LENGTH (RAM))
                0x00000200                        _Min_Heap_Size = 0x200
                0x00000400                        _Min_Stack_Size = 0x400

.isr_vector     0x08000000      0x1d8
                0x08000000                        . = ALIGN (0x4)
 *(.isr_vector)
 .isr_vector    0x08000000      0x1d8 build/startup_stm32g431xx.o
                0x08000000                g_pfnVectors
                0x080001d8                        . = ALIGN (0x4)

.text           0x080001d8     0x8848
                0x080001d8                        . = ALIGN (0x4)
 *(.text)
 .text          0x080001d8      0x378 C:/Program Files (x86)/Arm GNU Toolchain arm-none-eabi/14.2 rel1/bin/../lib/gcc/arm-none-eabi/14.2.1/thumb/v7e-m+fp/hard\libgcc.a(_arm_addsubdf3.o)
                0x080001d8                __aeabi_drsub
                0x080001e0                __aeabi_dsub
                0x080001e0                __subdf3
                0x080001e4                __aeabi_dadd
                0x080001e4                __adddf3
                0x0800045c                __floatunsidf
                0x0800045c                __aeabi_ui2d
                0x0800047c                __floatsidf
                0x0800047c                __aeabi_i2d
                0x080004a0                __aeabi_f2d
                0x080004a0                __extendsfdf2
                0x080004e4                __floatundidf
                0x080004e4                __aeabi_ul2d
                0x080004f4                __floatdidf
                0x080004f4                __aeabi_l2d
 .text          0x08000550      0x424 C:/Program Files (x86)/Arm GNU Toolchain arm-none-eabi/14.2 rel1/bin/../lib/gcc/arm-none-eabi/14.2.1/thumb/v7e-m+fp/hard\libgcc.a(_arm_muldivdf3.o)
                0x08000550                __aeabi_dmul
                0x08000550                __muldf3
                0x080007a4                __divdf3
                0x080007a4                __aeabi_ddiv
 .text          0x08000974      0x110 C:/Program Files (x86)/Arm GNU Toolchain arm-none-eabi/14.2 rel1/bin/../lib/gcc/arm-none-eabi/14.2.1/thumb/v7e-m+fp/hard\libgcc.a(_arm_cmpdf2.o)
                0x08000974                __gtdf2
                0x08000974                __gedf2
                0x0800097c                __ltdf2
                0x0800097c                __ledf2
                0x08000984                __nedf2
                0x08000984                __eqdf2
                0x08000984                __cmpdf2
                0x08000a00                __aeabi_cdrcmple
                0x08000a10                __aeabi_cdcmpeq
                0x08000a10                __aeabi_cdcmple
                0x08000a20                __aeabi_dcmpeq
                0x08000a34                __aeabi_dcmplt
                0x08000a48                __aeabi_dcmple
                0x08000a5c                __aeabi_dcmpge
                0x08000a70                __aeabi_dcmpgt
 .text          0x08000a84       0x50 C:/Program Files (x86)/Arm GNU Toolchain arm-none-eabi/14.2 rel1/bin/../lib/gcc/arm-none-eabi/14.2.1/thumb/v7e-m+fp/hard\libgcc.a(_arm_fixdfsi.o)
                0x08000a84                __aeabi_d2iz
                0x08000a84                __fixdfsi
 .text          0x08000ad4       0x40 C:/Program Files (x86)/Arm GNU Toolchain arm-none-eabi/14.2 rel1/bin/../lib/gcc/arm-none-eabi/14.2.1/thumb/v7e-m+fp/hard\libgcc.a(_arm_fixunsdfsi.o)
                0x08000ad4                __aeabi_d2uiz
                0x08000ad4                __fixunsdfsi
 .text          0x08000b14      0x21c C:/Program Files (x86)/Arm GNU Toolchain arm-none-eabi/14.2 rel1/bin/../lib/gcc/arm-none-eabi/14.2.1/thumb/v7e-m+fp/hard\libgcc.a(_arm_addsubsf3.o)
                0x08000b14                __aeabi_frsub
                0x08000b1c                __subsf3
                0x08000b1c                __aeabi_fsub
                0x08000b20                __aeabi_fadd
                0x08000b20                __addsf3
                0x08000c80                __aeabi_ui2f
                0x08000c80                __floatunsisf
                0x08000c88                __aeabi_i2f
                0x08000c88                __floatsisf
                0x08000ca4                __aeabi_ul2f
                0x08000ca4                __floatundisf
                0x08000cb4                __aeabi_l2f
                0x08000cb4                __floatdisf
 .text          0x08000d30       0x30 C:/Program Files (x86)/Arm GNU Toolchain arm-none-eabi/14.2 rel1/bin/../lib/gcc/arm-none-eabi/14.2.1/thumb/v7e-m+fp/hard\libgcc.a(_aeabi_uldivmod.o)
                0x08000d30                __aeabi_uldivmod
 .text          0x08000d60      0x1ac C:/Program Files (x86)/Arm GNU Toolchain arm-none-eabi/14.2 rel1/bin/../lib/gcc/arm-none-eabi/14.2.1/thumb/v7e-m+fp/hard\libgcc.a(libunwind.o)
                0x08000d60                __restore_core_regs
                0x08000d60                restore_core_regs
                0x08000d78                __gnu_Unwind_Restore_VFP
                0x08000d80                __gnu_Unwind_Save_VFP
                0x08000d88                __gnu_Unwind_Restore_VFP_D
                0x08000d90                __gnu_Unwind_Save_VFP_D
                0x08000d98                __gnu_Unwind_Restore_VFP_D_16_to_31
                0x08000da0                __gnu_Unwind_Save_VFP_D_16_to_31
                0x08000da8                __gnu_Unwind_Restore_WMMXD
                0x08000dec                __gnu_Unwind_Save_WMMXD
                0x08000e30                __gnu_Unwind_Restore_WMMXC
                0x08000e44                __gnu_Unwind_Save_WMMXC
                0x08000e58                ___Unwind_RaiseException
                0x08000e58                _Unwind_RaiseException
                0x08000e7c                _Unwind_Resume
                0x08000e7c                ___Unwind_Resume
                0x08000ea0                _Unwind_Resume_or_Rethrow
                0x08000ea0                ___Unwind_Resume_or_Rethrow
                0x08000ec4                _Unwind_ForcedUnwind
                0x08000ec4                ___Unwind_ForcedUnwind
                0x08000ee8                ___Unwind_Backtrace
                0x08000ee8                _Unwind_Backtrace
 .text          0x08000f0c        0x4 C:/Program Files (x86)/Arm GNU Toolchain arm-none-eabi/14.2 rel1/bin/../lib/gcc/arm-none-eabi/14.2.1/thumb/v7e-m+fp/hard\libgcc.a(_dvmd_tls.o)
                0x08000f0c                __aeabi_idiv0
                0x08000f0c                __aeabi_ldiv0
 .text          0x08000f10       0x14 C:/Program Files (x86)/Arm GNU Toolchain arm-none-eabi/14.2 rel1/bin/../lib/gcc/arm-none-eabi/14.2.1/thumb/v7e-m+fp/hard\libg_nano.a(libc_a-strcmp.o)
                0x08000f10                strcmp
 *(.text*)
 .text.deregister_tm_clones
                0x08000f24       0x1c C:/Program Files (x86)/Arm GNU Toolchain arm-none-eabi/14.2 rel1/bin/../lib/gcc/arm-none-eabi/14.2.1/thumb/v7e-m+fp/hard/crtbegin.o
 .text.register_tm_clones
                0x08000f40       0x24 C:/Program Files (x86)/Arm GNU Toolchain arm-none-eabi/14.2 rel1/bin/../lib/gcc/arm-none-eabi/14.2.1/thumb/v7e-m+fp/hard/crtbegin.o
 .text.__do_global_dtors_aux
                0x08000f64       0x28 C:/Program Files (x86)/Arm GNU Toolchain arm-none-eabi/14.2 rel1/bin/../lib/gcc/arm-none-eabi/14.2.1/thumb/v7e-m+fp/hard/crtbegin.o
 .text.frame_dummy
                0x08000f8c       0x24 C:/Program Files (x86)/Arm GNU Toolchain arm-none-eabi/14.2 rel1/bin/../lib/gcc/arm-none-eabi/14.2.1/thumb/v7e-m+fp/hard/crtbegin.o
 .text.LL_ADC_REG_SetSequencerLength
                0x08000fb0       0x26 build/stm32g4xx_ll_adc.o
 .text.LL_ADC_IsEnabled
                0x08000fd6       0x26 build/stm32g4xx_ll_adc.o
 .text.LL_ADC_CommonInit
                0x08000ffc       0x88 build/stm32g4xx_ll_adc.o
                0x08000ffc                LL_ADC_CommonInit
 .text.LL_ADC_Init
                0x08001084       0x56 build/stm32g4xx_ll_adc.o
                0x08001084                LL_ADC_Init
 *fill*         0x080010da        0x2 
 .text.LL_ADC_REG_Init
                0x080010dc       0x9c build/stm32g4xx_ll_adc.o
                0x080010dc                LL_ADC_REG_Init
 .text.LL_GPIO_SetPinMode
                0x08001178       0x7a build/stm32g4xx_ll_gpio.o
 .text.LL_GPIO_SetPinOutputType
                0x080011f2       0x30 build/stm32g4xx_ll_gpio.o
 .text.LL_GPIO_SetPinSpeed
                0x08001222       0x7a build/stm32g4xx_ll_gpio.o
 .text.LL_GPIO_SetPinPull
                0x0800129c       0x7a build/stm32g4xx_ll_gpio.o
 .text.LL_GPIO_SetAFPin_0_7
                0x08001316       0x7a build/stm32g4xx_ll_gpio.o
 .text.LL_GPIO_SetAFPin_8_15
                0x08001390       0x7e build/stm32g4xx_ll_gpio.o
 .text.LL_GPIO_Init
                0x0800140e       0xdc build/stm32g4xx_ll_gpio.o
                0x0800140e                LL_GPIO_Init
 .text.LL_TIM_SetPrescaler
                0x080014ea       0x1c build/stm32g4xx_ll_tim.o
 .text.LL_TIM_SetAutoReload
                0x08001506       0x1c build/stm32g4xx_ll_tim.o
 .text.LL_TIM_SetRepetitionCounter
                0x08001522       0x1c build/stm32g4xx_ll_tim.o
 .text.LL_TIM_OC_SetCompareCH1
                0x0800153e       0x1c build/stm32g4xx_ll_tim.o
 .text.LL_TIM_OC_SetCompareCH2
                0x0800155a       0x1c build/stm32g4xx_ll_tim.o
 .text.LL_TIM_OC_SetCompareCH3
                0x08001576       0x1c build/stm32g4xx_ll_tim.o
 .text.LL_TIM_OC_SetCompareCH4
                0x08001592       0x1c build/stm32g4xx_ll_tim.o
 .text.LL_TIM_OC_SetCompareCH5
                0x080015ae       0x20 build/stm32g4xx_ll_tim.o
 .text.LL_TIM_OC_SetCompareCH6
                0x080015ce       0x1c build/stm32g4xx_ll_tim.o
 .text.LL_TIM_GenerateEvent_UPDATE
                0x080015ea       0x20 build/stm32g4xx_ll_tim.o
 *fill*         0x0800160a        0x2 
 .text.LL_TIM_Init
                0x0800160c      0x114 build/stm32g4xx_ll_tim.o
                0x0800160c                LL_TIM_Init
 .text.LL_TIM_OC_Init
                0x08001720       0xbe build/stm32g4xx_ll_tim.o
                0x08001720                LL_TIM_OC_Init
 *fill*         0x080017de        0x2 
 .text._ZL9OC1ConfigP11TIM_TypeDefPK21LL_TIM_OC_InitTypeDef
                0x080017e0      0x100 build/stm32g4xx_ll_tim.o
 .text._ZL9OC2ConfigP11TIM_TypeDefPK21LL_TIM_OC_InitTypeDef
                0x080018e0      0x108 build/stm32g4xx_ll_tim.o
 .text._ZL9OC3ConfigP11TIM_TypeDefPK21LL_TIM_OC_InitTypeDef
                0x080019e8      0x108 build/stm32g4xx_ll_tim.o
 .text._ZL9OC4ConfigP11TIM_TypeDefPK21LL_TIM_OC_InitTypeDef
                0x08001af0      0x108 build/stm32g4xx_ll_tim.o
 .text._ZL9OC5ConfigP11TIM_TypeDefPK21LL_TIM_OC_InitTypeDef
                0x08001bf8       0xc8 build/stm32g4xx_ll_tim.o
 .text._ZL9OC6ConfigP11TIM_TypeDefPK21LL_TIM_OC_InitTypeDef
                0x08001cc0       0xc8 build/stm32g4xx_ll_tim.o
 .text.SystemInit
                0x08001d88       0x24 build/system_stm32g4xx.o
                0x08001d88                SystemInit
 .text.Reset_Handler
                0x08001dac       0x50 build/startup_stm32g431xx.o
                0x08001dac                Reset_Handler
 .text.Default_Handler
                0x08001dfc        0x2 build/startup_stm32g431xx.o
                0x08001dfc                RTC_Alarm_IRQHandler
                0x08001dfc                EXTI2_IRQHandler
                0x08001dfc                TIM8_TRG_COM_IRQHandler
                0x08001dfc                TIM8_CC_IRQHandler
                0x08001dfc                DebugMon_Handler
                0x08001dfc                TIM1_CC_IRQHandler
                0x08001dfc                HardFault_Handler
                0x08001dfc                USB_HP_IRQHandler
                0x08001dfc                CORDIC_IRQHandler
                0x08001dfc                SysTick_Handler
                0x08001dfc                PendSV_Handler
                0x08001dfc                NMI_Handler
                0x08001dfc                EXTI3_IRQHandler
                0x08001dfc                I2C3_ER_IRQHandler
                0x08001dfc                EXTI0_IRQHandler
                0x08001dfc                I2C2_EV_IRQHandler
                0x08001dfc                FPU_IRQHandler
                0x08001dfc                FDCAN1_IT1_IRQHandler
                0x08001dfc                UsageFault_Handler
                0x08001dfc                ADC1_2_IRQHandler
                0x08001dfc                SPI1_IRQHandler
                0x08001dfc                TIM6_DAC_IRQHandler
                0x08001dfc                TIM8_UP_IRQHandler
                0x08001dfc                DMA2_Channel2_IRQHandler
                0x08001dfc                DMA1_Channel4_IRQHandler
                0x08001dfc                USART3_IRQHandler
                0x08001dfc                TIM4_IRQHandler
                0x08001dfc                DMA2_Channel1_IRQHandler
                0x08001dfc                I2C1_EV_IRQHandler
                0x08001dfc                DMA1_Channel6_IRQHandler
                0x08001dfc                UART4_IRQHandler
                0x08001dfc                DMA2_Channel4_IRQHandler
                0x08001dfc                TIM3_IRQHandler
                0x08001dfc                RCC_IRQHandler
                0x08001dfc                Default_Handler
                0x08001dfc                RTC_TAMP_LSECSS_IRQHandler
                0x08001dfc                FMAC_IRQHandler
                0x08001dfc                EXTI15_10_IRQHandler
                0x08001dfc                UCPD1_IRQHandler
                0x08001dfc                I2C3_EV_IRQHandler
                0x08001dfc                EXTI9_5_IRQHandler
                0x08001dfc                RTC_WKUP_IRQHandler
                0x08001dfc                PVD_PVM_IRQHandler
                0x08001dfc                SPI2_IRQHandler
                0x08001dfc                MemManage_Handler
                0x08001dfc                SVC_Handler
                0x08001dfc                DMA2_Channel5_IRQHandler
                0x08001dfc                CRS_IRQHandler
                0x08001dfc                DMA1_Channel5_IRQHandler
                0x08001dfc                USB_LP_IRQHandler
                0x08001dfc                EXTI4_IRQHandler
                0x08001dfc                RNG_IRQHandler
                0x08001dfc                TIM1_TRG_COM_TIM17_IRQHandler
                0x08001dfc                DMA1_Channel3_IRQHandler
                0x08001dfc                WWDG_IRQHandler
                0x08001dfc                LPUART1_IRQHandler
                0x08001dfc                DMA2_Channel6_IRQHandler
                0x08001dfc                FDCAN1_IT0_IRQHandler
                0x08001dfc                TIM2_IRQHandler
                0x08001dfc                COMP1_2_3_IRQHandler
                0x08001dfc                EXTI1_IRQHandler
                0x08001dfc                USART2_IRQHandler
                0x08001dfc                I2C2_ER_IRQHandler
                0x08001dfc                TIM8_BRK_IRQHandler
                0x08001dfc                FLASH_IRQHandler
                0x08001dfc                BusFault_Handler
                0x08001dfc                USART1_IRQHandler
                0x08001dfc                SPI3_IRQHandler
                0x08001dfc                I2C1_ER_IRQHandler
                0x08001dfc                LPTIM1_IRQHandler
                0x08001dfc                DMAMUX_OVR_IRQHandler
                0x08001dfc                USBWakeUp_IRQHandler
                0x08001dfc                SAI1_IRQHandler
                0x08001dfc                DMA2_Channel3_IRQHandler
                0x08001dfc                COMP4_IRQHandler
                0x08001dfc                TIM1_BRK_TIM15_IRQHandler
 .text._getpid  0x08001dfe       0x10 build/syscall.o
                0x08001dfe                _getpid
 .text._kill    0x08001e0e       0x20 build/syscall.o
                0x08001e0e                _kill
 .text._exit    0x08001e2e       0x14 build/syscall.o
                0x08001e2e                _exit
 *fill*         0x08001e42        0x2 
 .text.__NVIC_EnableIRQ
                0x08001e44       0x3c build/main.o
 .text.__NVIC_SetPriority
                0x08001e80       0x54 build/main.o
 .text.LL_AHB1_GRP1_EnableClock
                0x08001ed4       0x30 build/main.o
 .text.LL_AHB2_GRP1_EnableClock
                0x08001f04       0x30 build/main.o
 .text.LL_APB1_GRP1_EnableClock
                0x08001f34       0x30 build/main.o
 .text.LL_APB2_GRP1_EnableClock
                0x08001f64       0x30 build/main.o
 .text.LL_GPIO_SetPinMode
                0x08001f94       0x7a build/main.o
 .text.LL_GPIO_SetPinOutputType
                0x0800200e       0x30 build/main.o
 .text.LL_GPIO_SetPinSpeed
                0x0800203e       0x7a build/main.o
 .text.LL_GPIO_SetPinPull
                0x080020b8       0x7a build/main.o
 .text.LL_GPIO_IsInputPinSet
                0x08002132       0x2a build/main.o
 .text.LL_GPIO_SetOutputPin
                0x0800215c       0x1c build/main.o
 .text.LL_GPIO_ResetOutputPin
                0x08002178       0x1c build/main.o
 .text.LL_RCC_HSE_Enable
                0x08002194       0x20 build/main.o
 .text.LL_RCC_HSE_IsReady
                0x080021b4       0x28 build/main.o
 .text.LL_RCC_SetSysClkSource
                0x080021dc       0x28 build/main.o
 .text.LL_RCC_GetSysClkSource
                0x08002204       0x1c build/main.o
 .text.LL_RCC_SetAHBPrescaler
                0x08002220       0x28 build/main.o
 .text.LL_RCC_SetAPB1Prescaler
                0x08002248       0x28 build/main.o
 .text.LL_RCC_SetAPB2Prescaler
                0x08002270       0x28 build/main.o
 .text.LL_RCC_SetADCClockSource
                0x08002298       0x48 build/main.o
 .text.LL_RCC_GetADCClockSource
                0x080022e0       0x40 build/main.o
 .text.LL_RCC_PLL_Enable
                0x08002320       0x20 build/main.o
 .text.LL_RCC_PLL_IsReady
                0x08002340       0x28 build/main.o
 .text.LL_RCC_PLL_ConfigDomain_SYS
                0x08002368       0x40 build/main.o
 .text.LL_RCC_PLL_ConfigDomain_ADC
                0x080023a8       0x40 build/main.o
 .text.LL_RCC_PLL_EnableDomain_ADC
                0x080023e8       0x20 build/main.o
 .text.LL_RCC_PLL_EnableDomain_SYS
                0x08002408       0x20 build/main.o
 .text.LL_TIM_EnableCounter
                0x08002428       0x20 build/main.o
 .text.LL_TIM_EnableUpdateEvent
                0x08002448       0x20 build/main.o
 .text.LL_TIM_SetCounterMode
                0x08002468       0x26 build/main.o
 .text.LL_TIM_SetClockDivision
                0x0800248e       0x26 build/main.o
 .text.LL_TIM_SetPrescaler
                0x080024b4       0x1c build/main.o
 .text.LL_TIM_SetAutoReload
                0x080024d0       0x1c build/main.o
 .text.LL_TIM_SetRepetitionCounter
                0x080024ec       0x1c build/main.o
 .text.LL_TIM_OC_EnablePreload
                0x08002508       0xac build/main.o
 .text.LL_TIM_OC_SetCompareCH1
                0x080025b4       0x1c build/main.o
 .text.LL_TIM_SetTriggerOutput
                0x080025d0       0x2a build/main.o
 .text.LL_TIM_EnableAllOutputs
                0x080025fa       0x20 build/main.o
 .text.LL_TIM_ClearFlag_UPDATE
                0x0800261a       0x1c build/main.o
 .text.LL_TIM_IsActiveFlag_UPDATE
                0x08002636       0x26 build/main.o
 .text.LL_TIM_EnableIT_UPDATE
                0x0800265c       0x20 build/main.o
 .text.LL_ADC_DMA_GetRegAddr
                0x0800267c       0x30 build/main.o
 .text.LL_ADC_SetGainCompensation
                0x080026ac       0x4a build/main.o
 .text.LL_ADC_REG_SetSequencerRanks
                0x080026f6       0x58 build/main.o
 .text.LL_ADC_SetChannelSamplingTime
                0x0800274e       0x56 build/main.o
 .text.LL_ADC_SetChannelSingleDiff
                0x080027a4       0x48 build/main.o
 .text.LL_ADC_SetOverSamplingScope
                0x080027ec       0x2a build/main.o
 .text.LL_ADC_SetOverSamplingDiscont
                0x08002816       0x26 build/main.o
 .text.LL_ADC_ConfigOverSamplingRatioShift
                0x0800283c       0x2c build/main.o
 .text.LL_ADC_DisableDeepPowerDown
                0x08002868       0x24 build/main.o
 .text.LL_ADC_IsDeepPowerDownEnabled
                0x0800288c       0x28 build/main.o
 .text.LL_ADC_EnableInternalRegulator
                0x080028b4       0x28 build/main.o
 .text.LL_ADC_IsInternalRegulatorEnabled
                0x080028dc       0x28 build/main.o
 .text.LL_ADC_Enable
                0x08002904       0x28 build/main.o
 .text.LL_ADC_IsEnabled
                0x0800292c       0x26 build/main.o
 .text.LL_ADC_StartCalibration
                0x08002952       0x32 build/main.o
 .text.LL_ADC_IsCalibrationOnGoing
                0x08002984       0x28 build/main.o
 .text.LL_ADC_REG_StartConversion
                0x080029ac       0x28 build/main.o
 .text.LL_DMA_EnableChannel
                0x080029d4       0x44 build/main.o
 .text.LL_DMA_DisableChannel
                0x08002a18       0x44 build/main.o
 .text.LL_DMA_ConfigTransfer
                0x08002a5c       0x50 build/main.o
 .text.LL_DMA_SetDataLength
                0x08002aac       0x4c build/main.o
 .text.LL_DMA_ConfigAddresses
                0x08002af8       0x7c build/main.o
 .text.LL_DMA_SetMemoryAddress
                0x08002b74       0x34 build/main.o
 .text.LL_DMA_SetPeriphRequest
                0x08002ba8       0x56 build/main.o
 .text.LL_DMA_IsActiveFlag_TC1
                0x08002bfe       0x26 build/main.o
 .text.LL_DMA_ClearFlag_TC1
                0x08002c24       0x1a build/main.o
 .text.LL_DMA_ClearFlag_TC2
                0x08002c3e       0x1a build/main.o
 .text.LL_DMA_EnableIT_TC
                0x08002c58       0x44 build/main.o
 .text._Z10ADC_ConfigPt
                0x08002c9c      0x2f8 build/main.o
                0x08002c9c                ADC_Config(unsigned short*)
 .text._Z11TIM7_Configv
                0x08002f94       0x50 build/main.o
                0x08002f94                TIM7_Config()
 .text._Z10PWM_Configv
                0x08002fe4       0xdc build/main.o
                0x08002fe4                PWM_Config()
 .text._Z11GPIO_Configv
                0x080030c0       0x70 build/main.o
                0x080030c0                GPIO_Config()
 .text._Z15GPIO_Int_Configv
                0x08003130       0x60 build/main.o
                0x08003130                GPIO_Int_Config()
 .text._Z10Sys_Configv
                0x08003190       0xac build/main.o
                0x08003190                Sys_Config()
 .text._ZN10spi_configC2EP11SPI_TypeDefP12GPIO_TypeDefmS3_m
                0x0800323c       0x3a build/main.o
                0x0800323c                spi_config::spi_config(SPI_TypeDef*, GPIO_TypeDef*, unsigned long, GPIO_TypeDef*, unsigned long)
                0x0800323c                spi_config::spi_config(SPI_TypeDef*, GPIO_TypeDef*, unsigned long, GPIO_TypeDef*, unsigned long)
 .text._ZN10dma_configC2EP11DMA_TypeDefm
                0x08003276       0x26 build/main.o
                0x08003276                dma_config::dma_config(DMA_TypeDef*, unsigned long)
                0x08003276                dma_config::dma_config(DMA_TypeDef*, unsigned long)
 .text._Z14Inverter_Startv
                0x0800329c       0x18 build/main.o
                0x0800329c                Inverter_Start()
 .text.main     0x080032b4       0xa4 build/main.o
                0x080032b4                main
 .text._Z12calc_comparei
                0x08003358       0x6c build/main.o
                0x08003358                calc_compare(int)
 .text.DMA1_Channel1_IRQHandler
                0x080033c4       0x3c build/main.o
                0x080033c4                DMA1_Channel1_IRQHandler
 .text.DMA1_Channel2_IRQHandler
                0x08003400      0x3fc build/main.o
                0x08003400                DMA1_Channel2_IRQHandler
 .text.TIM1_UP_TIM16_IRQHandler
                0x080037fc       0x64 build/main.o
                0x080037fc                TIM1_UP_TIM16_IRQHandler
 .text.TIM7_IRQHandler
                0x08003860       0xb0 build/main.o
                0x08003860                TIM7_IRQHandler
 .text._Z41__static_initialization_and_destruction_0v
                0x08003910       0xa4 build/main.o
 .text._GLOBAL__sub_I_phase_count
                0x080039b4        0xa build/main.o
 *fill*         0x080039be        0x2 
 .text.__NVIC_EnableIRQ
                0x080039c0       0x3c build/oled_interface_ll.o
 .text.__NVIC_SetPriority
                0x080039fc       0x54 build/oled_interface_ll.o
 .text.LL_GPIO_SetPinMode
                0x08003a50       0x7a build/oled_interface_ll.o
 .text.LL_GPIO_SetPinOutputType
                0x08003aca       0x30 build/oled_interface_ll.o
 .text.LL_GPIO_SetPinSpeed
                0x08003afa       0x7a build/oled_interface_ll.o
 .text.LL_GPIO_SetOutputPin
                0x08003b74       0x1c build/oled_interface_ll.o
 .text.LL_GPIO_ResetOutputPin
                0x08003b90       0x1c build/oled_interface_ll.o
 .text.LL_SPI_Enable
                0x08003bac       0x20 build/oled_interface_ll.o
 .text.LL_SPI_SetMode
                0x08003bcc       0x26 build/oled_interface_ll.o
 .text.LL_SPI_SetStandard
                0x08003bf2       0x26 build/oled_interface_ll.o
 .text.LL_SPI_SetClockPhase
                0x08003c18       0x26 build/oled_interface_ll.o
 .text.LL_SPI_SetClockPolarity
                0x08003c3e       0x26 build/oled_interface_ll.o
 .text.LL_SPI_SetBaudRatePrescaler
                0x08003c64       0x26 build/oled_interface_ll.o
 .text.LL_SPI_SetTransferBitOrder
                0x08003c8a       0x26 build/oled_interface_ll.o
 .text.LL_SPI_SetTransferDirection
                0x08003cb0       0x26 build/oled_interface_ll.o
 .text.LL_SPI_SetDataWidth
                0x08003cd6       0x26 build/oled_interface_ll.o
 .text.LL_SPI_SetNSSMode
                0x08003cfc       0x38 build/oled_interface_ll.o
 .text.LL_SPI_IsActiveFlag_TXE
                0x08003d34       0x26 build/oled_interface_ll.o
 .text.LL_SPI_IsActiveFlag_BSY
                0x08003d5a       0x26 build/oled_interface_ll.o
 .text.LL_SPI_EnableDMAReq_TX
                0x08003d80       0x20 build/oled_interface_ll.o
 .text.LL_SPI_DMA_GetRegAddr
                0x08003da0       0x18 build/oled_interface_ll.o
 .text.LL_SPI_TransmitData8
                0x08003db8       0x24 build/oled_interface_ll.o
 .text.LL_DMA_EnableChannel
                0x08003ddc       0x44 build/oled_interface_ll.o
 .text.LL_DMA_ConfigTransfer
                0x08003e20       0x50 build/oled_interface_ll.o
 .text.LL_DMA_SetDataLength
                0x08003e70       0x4c build/oled_interface_ll.o
 .text.LL_DMA_ConfigAddresses
                0x08003ebc       0x7c build/oled_interface_ll.o
 .text.LL_DMA_SetPeriphRequest
                0x08003f38       0x56 build/oled_interface_ll.o
 *fill*         0x08003f8e        0x2 
 .text.LL_DMA_EnableIT_TC
                0x08003f90       0x44 build/oled_interface_ll.o
 .text.LL_AHB1_GRP1_EnableClock
                0x08003fd4       0x30 build/oled_interface_ll.o
 .text.LL_AHB2_GRP1_EnableClock
                0x08004004       0x30 build/oled_interface_ll.o
 .text.LL_APB1_GRP1_EnableClock
                0x08004034       0x30 build/oled_interface_ll.o
 .text.LL_APB2_GRP1_EnableClock
                0x08004064       0x30 build/oled_interface_ll.o
 .text._ZN19oled_base_interfaceC2Ev
                0x08004094       0x20 build/oled_interface_ll.o
                0x08004094                oled_base_interface::oled_base_interface()
                0x08004094                oled_base_interface::oled_base_interface()
 .text._ZN25oled_interface_spi_dma_llC2ERK10spi_configRK10dma_configP12GPIO_TypeDefm
                0x080040b4      0x248 build/oled_interface_ll.o
                0x080040b4                oled_interface_spi_dma_ll::oled_interface_spi_dma_ll(spi_config const&, dma_config const&, GPIO_TypeDef*, unsigned long)
                0x080040b4                oled_interface_spi_dma_ll::oled_interface_spi_dma_ll(spi_config const&, dma_config const&, GPIO_TypeDef*, unsigned long)
 .text._ZN25oled_interface_spi_dma_ll11sendCommandEh
                0x080042fc       0x8e build/oled_interface_ll.o
                0x080042fc                oled_interface_spi_dma_ll::sendCommand(unsigned char)
 .text._ZN25oled_interface_spi_dma_ll8sendDataEPhm
                0x0800438a       0x86 build/oled_interface_ll.o
                0x0800438a                oled_interface_spi_dma_ll::sendData(unsigned char*, unsigned long)
 .text._ZN25oled_interface_spi_dma_ll16transferCompleteEv
                0x08004410       0x34 build/oled_interface_ll.o
                0x08004410                oled_interface_spi_dma_ll::transferComplete()
 .text._Z15gpio_clk_enablem
                0x08004444       0xc4 build/oled_interface_ll.o
                0x08004444                gpio_clk_enable(unsigned long)
 .text._Z14spi_clk_enablem
                0x08004508       0x60 build/oled_interface_ll.o
                0x08004508                spi_clk_enable(unsigned long)
 .text._Z14dma_clk_enablemm
                0x08004568       0x6c build/oled_interface_ll.o
                0x08004568                dma_clk_enable(unsigned long, unsigned long)
 .text._ZN10pid_base_tC2Ev
                0x080045d4       0x28 build/pid.o
                0x080045d4                pid_base_t::pid_base_t()
                0x080045d4                pid_base_t::pid_base_t()
 .text._ZN3pidC2Efffff
                0x080045fc       0x60 build/pid.o
                0x080045fc                pid::pid(float, float, float, float, float)
                0x080045fc                pid::pid(float, float, float, float, float)
 .text._ZN3pid6updateEf
                0x0800465c       0xf8 build/pid.o
                0x0800465c                pid::update(float)
 .text._ZN3pid9setTargetEf
                0x08004754       0x2e build/pid.o
                0x08004754                pid::setTarget(float)
 .text._ZL11_out_buffercPvjj
                0x08004782       0x2e build/printf.o
 .text._ZL9_out_nullcPvjj
                0x080047b0       0x1c build/printf.o
 .text._ZL10_strnlen_sPKcj
                0x080047cc       0x44 build/printf.o
 .text._ZL9_is_digitc
                0x08004810       0x28 build/printf.o
 .text._ZL5_atoiPPKc
                0x08004838       0x48 build/printf.o
 .text._ZL8_out_revPFvcPvjjEPcjjPKcjjj
                0x08004880       0xa0 build/printf.o
 .text._ZL12_ntoa_formatPFvcPvjjEPcjjS2_jbjjjj
                0x08004920      0x1b8 build/printf.o
 .text._ZL10_ntoa_longPFvcPvjjEPcjjmbmjjj
                0x08004ad8       0xcc build/printf.o
 .text._ZL15_ntoa_long_longPFvcPvjjEPcjjybyjjj
                0x08004ba4       0xda build/printf.o
 *fill*         0x08004c7e        0x2 
 .text._ZL5_ftoaPFvcPvjjEPcjjdjjj
                0x08004c80      0x4d0 build/printf.o
 .text._ZL5_etoaPFvcPvjjEPcjjdjjj
                0x08005150      0x518 build/printf.o
 .text._ZL10_vsnprintfPFvcPvjjEPcjPKcSt9__va_list
                0x08005668      0x9ec build/printf.o
 .text.sprintf_
                0x08006054       0x3c build/printf.o
                0x08006054                sprintf_
 .text._ZN19oled_base_interface16transferCompleteEv
                0x08006090       0x1a build/oled.o
                0x08006090                oled_base_interface::transferComplete()
 .text._ZN19oled_base_interface6isBusyEv
                0x080060aa       0x22 build/oled.o
                0x080060aa                oled_base_interface::isBusy()
 .text._ZN16oled_base_device5flushER16oled_base_canvas
                0x080060cc       0x4c build/oled.o
                0x080060cc                oled_base_device::flush(oled_base_canvas&)
 .text._ZN16oled_base_device13flushCompleteEv
                0x08006118       0x2c build/oled.o
                0x08006118                oled_base_device::flushComplete()
 .text._ZN16oled_canvas_char8showCharEttc
                0x08006144      0x14c build/oled_canvas_char.o
                0x08006144                oled_canvas_char::showChar(unsigned short, unsigned short, char)
 .text._ZN16oled_canvas_char10showStringEttPKc
                0x08006290       0x7c build/oled_canvas_char.o
                0x08006290                oled_canvas_char::showString(unsigned short, unsigned short, char const*)
 .text._ZN22oled_canvas_char_smallC2Ev
                0x0800630c       0x40 build/oled_canvas_char.o
                0x0800630c                oled_canvas_char_small::oled_canvas_char_small()
                0x0800630c                oled_canvas_char_small::oled_canvas_char_small()
 .text.LL_GPIO_SetOutputPin
                0x0800634c       0x1c build/oled_device_ssd1306.o
 .text.LL_GPIO_ResetOutputPin
                0x08006368       0x1c build/oled_device_ssd1306.o
 .text._ZN16oled_base_deviceC2Ev
                0x08006384       0x20 build/oled_device_ssd1306.o
                0x08006384                oled_base_device::oled_base_device()
                0x08006384                oled_base_device::oled_base_device()
 .text._ZN19oled_device_ssd1306C2EP19oled_base_interfaceP12GPIO_TypeDefmS3_m
                0x080063a4       0x88 build/oled_device_ssd1306.o
                0x080063a4                oled_device_ssd1306::oled_device_ssd1306(oled_base_interface*, GPIO_TypeDef*, unsigned long, GPIO_TypeDef*, unsigned long)
                0x080063a4                oled_device_ssd1306::oled_device_ssd1306(oled_base_interface*, GPIO_TypeDef*, unsigned long, GPIO_TypeDef*, unsigned long)
 .text._ZN19oled_device_ssd130610initDeviceEv
                0x0800642c      0x328 build/oled_device_ssd1306.o
                0x0800642c                oled_device_ssd1306::initDevice()
 .text._ZN19oled_device_ssd130612selectDeviceEv
                0x08006754       0x20 build/oled_device_ssd1306.o
                0x08006754                oled_device_ssd1306::selectDevice()
 .text._ZN19oled_device_ssd130613releaseDeviceEv
                0x08006774       0x20 build/oled_device_ssd1306.o
                0x08006774                oled_device_ssd1306::releaseDevice()
 .text._ZN19oled_device_ssd130611resetDeviceEv
                0x08006794       0x80 build/oled_device_ssd1306.o
                0x08006794                oled_device_ssd1306::resetDevice()
 .text._ZNK10__cxxabiv117__class_type_info11__do_upcastEPKS0_PPv
                0x08006814       0x32 C:/Program Files (x86)/Arm GNU Toolchain arm-none-eabi/14.2 rel1/bin/../lib/gcc/arm-none-eabi/14.2.1/thumb/v7e-m+fp/hard\libstdc++_nano.a(class_type_info.o)
                0x08006814                __cxxabiv1::__class_type_info::__do_upcast(__cxxabiv1::__class_type_info const*, void**) const
 .text._ZNK10__cxxabiv117__class_type_info20__do_find_public_srcEiPKvPKS0_S2_
                0x08006846        0xc C:/Program Files (x86)/Arm GNU Toolchain arm-none-eabi/14.2 rel1/bin/../lib/gcc/arm-none-eabi/14.2.1/thumb/v7e-m+fp/hard\libstdc++_nano.a(class_type_info.o)
                0x08006846                __cxxabiv1::__class_type_info::__do_find_public_src(int, void const*, __cxxabiv1::__class_type_info const*, void const*) const
 *fill*         0x08006852        0x2 
 .text._ZN10__cxxabiv117__class_type_infoD2Ev
                0x08006854       0x14 C:/Program Files (x86)/Arm GNU Toolchain arm-none-eabi/14.2 rel1/bin/../lib/gcc/arm-none-eabi/14.2.1/thumb/v7e-m+fp/hard\libstdc++_nano.a(class_type_info.o)
                0x08006854                __cxxabiv1::__class_type_info::~__class_type_info()
                0x08006854                __cxxabiv1::__class_type_info::~__class_type_info()
 .text._ZN10__cxxabiv117__class_type_infoD0Ev
                0x08006868       0x14 C:/Program Files (x86)/Arm GNU Toolchain arm-none-eabi/14.2 rel1/bin/../lib/gcc/arm-none-eabi/14.2.1/thumb/v7e-m+fp/hard\libstdc++_nano.a(class_type_info.o)
                0x08006868                __cxxabiv1::__class_type_info::~__class_type_info()
 .text._ZNK10__cxxabiv117__class_type_info12__do_dyncastEiNS0_10__sub_kindEPKS0_PKvS3_S5_RNS0_16__dyncast_resultE
                0x0800687c       0x3e C:/Program Files (x86)/Arm GNU Toolchain arm-none-eabi/14.2 rel1/bin/../lib/gcc/arm-none-eabi/14.2.1/thumb/v7e-m+fp/hard\libstdc++_nano.a(class_type_info.o)
                0x0800687c                __cxxabiv1::__class_type_info::__do_dyncast(int, __cxxabiv1::__class_type_info::__sub_kind, __cxxabiv1::__class_type_info const*, void const*, __cxxabiv1::__class_type_info const*, void const*, __cxxabiv1::__class_type_info::__dyncast_result&) const
 .text._ZNK10__cxxabiv117__class_type_info11__do_upcastEPKS0_PKvRNS0_15__upcast_resultE
                0x080068ba       0x18 C:/Program Files (x86)/Arm GNU Toolchain arm-none-eabi/14.2 rel1/bin/../lib/gcc/arm-none-eabi/14.2.1/thumb/v7e-m+fp/hard\libstdc++_nano.a(class_type_info.o)
                0x080068ba                __cxxabiv1::__class_type_info::__do_upcast(__cxxabiv1::__class_type_info const*, void const*, __cxxabiv1::__class_type_info::__upcast_result&) const
 .text._ZNK10__cxxabiv117__class_type_info10__do_catchEPKSt9type_infoPPvj
                0x080068d2       0x2a C:/Program Files (x86)/Arm GNU Toolchain arm-none-eabi/14.2 rel1/bin/../lib/gcc/arm-none-eabi/14.2.1/thumb/v7e-m+fp/hard\libstdc++_nano.a(class_type_info.o)
                0x080068d2                __cxxabiv1::__class_type_info::__do_catch(std::type_info const*, void**, unsigned int) const
 .text._ZdlPvj  0x080068fc        0x4 C:/Program Files (x86)/Arm GNU Toolchain arm-none-eabi/14.2 rel1/bin/../lib/gcc/arm-none-eabi/14.2.1/thumb/v7e-m+fp/hard\libstdc++_nano.a(del_ops.o)
                0x080068fc                operator delete(void*, unsigned int)
 .text._ZN10__cxxabiv120__si_class_type_infoD2Ev
                0x08006900       0x14 C:/Program Files (x86)/Arm GNU Toolchain arm-none-eabi/14.2 rel1/bin/../lib/gcc/arm-none-eabi/14.2.1/thumb/v7e-m+fp/hard\libstdc++_nano.a(si_class_type_info.o)
                0x08006900                __cxxabiv1::__si_class_type_info::~__si_class_type_info()
                0x08006900                __cxxabiv1::__si_class_type_info::~__si_class_type_info()
 .text._ZN10__cxxabiv120__si_class_type_infoD0Ev
                0x08006914       0x14 C:/Program Files (x86)/Arm GNU Toolchain arm-none-eabi/14.2 rel1/bin/../lib/gcc/arm-none-eabi/14.2.1/thumb/v7e-m+fp/hard\libstdc++_nano.a(si_class_type_info.o)
                0x08006914                __cxxabiv1::__si_class_type_info::~__si_class_type_info()
 .text._ZNK10__cxxabiv120__si_class_type_info20__do_find_public_srcEiPKvPKNS_17__class_type_infoES2_
                0x08006928       0x3c C:/Program Files (x86)/Arm GNU Toolchain arm-none-eabi/14.2 rel1/bin/../lib/gcc/arm-none-eabi/14.2.1/thumb/v7e-m+fp/hard\libstdc++_nano.a(si_class_type_info.o)
                0x08006928                __cxxabiv1::__si_class_type_info::__do_find_public_src(int, void const*, __cxxabiv1::__class_type_info const*, void const*) const
 .text._ZNK10__cxxabiv120__si_class_type_info12__do_dyncastEiNS_17__class_type_info10__sub_kindEPKS1_PKvS4_S6_RNS1_16__dyncast_resultE
                0x08006964       0x74 C:/Program Files (x86)/Arm GNU Toolchain arm-none-eabi/14.2 rel1/bin/../lib/gcc/arm-none-eabi/14.2.1/thumb/v7e-m+fp/hard\libstdc++_nano.a(si_class_type_info.o)
                0x08006964                __cxxabiv1::__si_class_type_info::__do_dyncast(int, __cxxabiv1::__class_type_info::__sub_kind, __cxxabiv1::__class_type_info const*, void const*, __cxxabiv1::__class_type_info const*, void const*, __cxxabiv1::__class_type_info::__dyncast_result&) const
 .text._ZNK10__cxxabiv120__si_class_type_info11__do_upcastEPKNS_17__class_type_infoEPKvRNS1_15__upcast_resultE
                0x080069d8       0x2a C:/Program Files (x86)/Arm GNU Toolchain arm-none-eabi/14.2 rel1/bin/../lib/gcc/arm-none-eabi/14.2.1/thumb/v7e-m+fp/hard\libstdc++_nano.a(si_class_type_info.o)
                0x080069d8                __cxxabiv1::__si_class_type_info::__do_upcast(__cxxabiv1::__class_type_info const*, void const*, __cxxabiv1::__class_type_info::__upcast_result&) const
 .text._ZNSt9type_infoD2Ev
                0x08006a02        0x2 C:/Program Files (x86)/Arm GNU Toolchain arm-none-eabi/14.2 rel1/bin/../lib/gcc/arm-none-eabi/14.2.1/thumb/v7e-m+fp/hard\libstdc++_nano.a(tinfo.o)
                0x08006a02                std::type_info::~type_info()
                0x08006a02                std::type_info::~type_info()
 .text._ZNKSt9type_info14__is_pointer_pEv
                0x08006a04        0x4 C:/Program Files (x86)/Arm GNU Toolchain arm-none-eabi/14.2 rel1/bin/../lib/gcc/arm-none-eabi/14.2.1/thumb/v7e-m+fp/hard\libstdc++_nano.a(tinfo.o)
                0x08006a04                std::type_info::__is_pointer_p() const
                0x08006a04                std::type_info::__is_function_p() const
 .text._ZNKSt9type_infoeqERKS_
                0x08006a08       0x2c C:/Program Files (x86)/Arm GNU Toolchain arm-none-eabi/14.2 rel1/bin/../lib/gcc/arm-none-eabi/14.2.1/thumb/v7e-m+fp/hard\libstdc++_nano.a(tinfo.o)
                0x08006a08                std::type_info::operator==(std::type_info const&) const
                0x08006a08                std::type_info::__equal(std::type_info const&) const
 .text._ZN10__cxxabiv121__vmi_class_type_infoD2Ev
                0x08006a34       0x14 C:/Program Files (x86)/Arm GNU Toolchain arm-none-eabi/14.2 rel1/bin/../lib/gcc/arm-none-eabi/14.2.1/thumb/v7e-m+fp/hard\libstdc++_nano.a(vmi_class_type_info.o)
                0x08006a34                __cxxabiv1::__vmi_class_type_info::~__vmi_class_type_info()
                0x08006a34                __cxxabiv1::__vmi_class_type_info::~__vmi_class_type_info()
 .text._ZN10__cxxabiv121__vmi_class_type_infoD0Ev
                0x08006a48       0x14 C:/Program Files (x86)/Arm GNU Toolchain arm-none-eabi/14.2 rel1/bin/../lib/gcc/arm-none-eabi/14.2.1/thumb/v7e-m+fp/hard\libstdc++_nano.a(vmi_class_type_info.o)
                0x08006a48                __cxxabiv1::__vmi_class_type_info::~__vmi_class_type_info()
 .text._ZNK10__cxxabiv121__vmi_class_type_info20__do_find_public_srcEiPKvPKNS_17__class_type_infoES2_
                0x08006a5c       0x6e C:/Program Files (x86)/Arm GNU Toolchain arm-none-eabi/14.2 rel1/bin/../lib/gcc/arm-none-eabi/14.2.1/thumb/v7e-m+fp/hard\libstdc++_nano.a(vmi_class_type_info.o)
                0x08006a5c                __cxxabiv1::__vmi_class_type_info::__do_find_public_src(int, void const*, __cxxabiv1::__class_type_info const*, void const*) const
 .text._ZNK10__cxxabiv117__class_type_info17__find_public_srcEiPKvPKS0_S2_
                0x08006aca       0x2c C:/Program Files (x86)/Arm GNU Toolchain arm-none-eabi/14.2 rel1/bin/../lib/gcc/arm-none-eabi/14.2.1/thumb/v7e-m+fp/hard\libstdc++_nano.a(vmi_class_type_info.o)
                0x08006aca                __cxxabiv1::__class_type_info::__find_public_src(int, void const*, __cxxabiv1::__class_type_info const*, void const*) const
 .text._ZNK10__cxxabiv121__vmi_class_type_info12__do_dyncastEiNS_17__class_type_info10__sub_kindEPKS1_PKvS4_S6_RNS1_16__dyncast_resultE
                0x08006af6      0x256 C:/Program Files (x86)/Arm GNU Toolchain arm-none-eabi/14.2 rel1/bin/../lib/gcc/arm-none-eabi/14.2.1/thumb/v7e-m+fp/hard\libstdc++_nano.a(vmi_class_type_info.o)
                0x08006af6                __cxxabiv1::__vmi_class_type_info::__do_dyncast(int, __cxxabiv1::__class_type_info::__sub_kind, __cxxabiv1::__class_type_info const*, void const*, __cxxabiv1::__class_type_info const*, void const*, __cxxabiv1::__class_type_info::__dyncast_result&) const
 .text._ZNK10__cxxabiv121__vmi_class_type_info11__do_upcastEPKNS_17__class_type_infoEPKvRNS1_15__upcast_resultE
                0x08006d4c      0x12a C:/Program Files (x86)/Arm GNU Toolchain arm-none-eabi/14.2 rel1/bin/../lib/gcc/arm-none-eabi/14.2.1/thumb/v7e-m+fp/hard\libstdc++_nano.a(vmi_class_type_info.o)
                0x08006d4c                __cxxabiv1::__vmi_class_type_info::__do_upcast(__cxxabiv1::__class_type_info const*, void const*, __cxxabiv1::__class_type_info::__upcast_result&) const
 .text._ZdlPv   0x08006e76        0x4 C:/Program Files (x86)/Arm GNU Toolchain arm-none-eabi/14.2 rel1/bin/../lib/gcc/arm-none-eabi/14.2.1/thumb/v7e-m+fp/hard\libstdc++_nano.a(del_op.o)
                0x08006e76                operator delete(void*)
 *fill*         0x08006e7a        0x2 
 .text.powf     0x08006e7c       0xbc C:/Program Files (x86)/Arm GNU Toolchain arm-none-eabi/14.2 rel1/bin/../lib/gcc/arm-none-eabi/14.2.1/thumb/v7e-m+fp/hard\libm.a(libm_a-wf_pow.o)
                0x08006e7c                powf
 .text.sqrtf    0x08006f38       0x44 C:/Program Files (x86)/Arm GNU Toolchain arm-none-eabi/14.2 rel1/bin/../lib/gcc/arm-none-eabi/14.2.1/thumb/v7e-m+fp/hard\libm.a(libm_a-wf_sqrt.o)
                0x08006f38                sqrtf
 .text.finitef  0x08006f7c       0x14 C:/Program Files (x86)/Arm GNU Toolchain arm-none-eabi/14.2 rel1/bin/../lib/gcc/arm-none-eabi/14.2.1/thumb/v7e-m+fp/hard\libm.a(libm_a-sf_finite.o)
                0x08006f7c                finitef
 .text.__ieee754_sqrtf
                0x08006f90        0x8 C:/Program Files (x86)/Arm GNU Toolchain arm-none-eabi/14.2 rel1/bin/../lib/gcc/arm-none-eabi/14.2.1/thumb/v7e-m+fp/hard\libm.a(libm_a-ef_sqrt.o)
                0x08006f90                __ieee754_sqrtf
 .text.__ieee754_powf
                0x08006f98      0x6b8 C:/Program Files (x86)/Arm GNU Toolchain arm-none-eabi/14.2 rel1/bin/../lib/gcc/arm-none-eabi/14.2.1/thumb/v7e-m+fp/hard\libm.a(libm_a-ef_pow.o)
                0x08006f98                __ieee754_powf
 .text.fabsf    0x08007650       0x10 C:/Program Files (x86)/Arm GNU Toolchain arm-none-eabi/14.2 rel1/bin/../lib/gcc/arm-none-eabi/14.2.1/thumb/v7e-m+fp/hard\libm.a(libm_a-sf_fabs.o)
                0x08007650                fabsf
 .text.scalbnf  0x08007660       0xdc C:/Program Files (x86)/Arm GNU Toolchain arm-none-eabi/14.2 rel1/bin/../lib/gcc/arm-none-eabi/14.2.1/thumb/v7e-m+fp/hard\libm.a(libm_a-sf_scalbn.o)
                0x08007660                scalbnf
 .text.with_errnof
                0x0800773c       0x1c C:/Program Files (x86)/Arm GNU Toolchain arm-none-eabi/14.2 rel1/bin/../lib/gcc/arm-none-eabi/14.2.1/thumb/v7e-m+fp/hard\libm.a(libm_a-math_errf.o)
 .text.xflowf   0x08007758       0x20 C:/Program Files (x86)/Arm GNU Toolchain arm-none-eabi/14.2 rel1/bin/../lib/gcc/arm-none-eabi/14.2.1/thumb/v7e-m+fp/hard\libm.a(libm_a-math_errf.o)
 .text.__math_uflowf
                0x08007778        0xc C:/Program Files (x86)/Arm GNU Toolchain arm-none-eabi/14.2 rel1/bin/../lib/gcc/arm-none-eabi/14.2.1/thumb/v7e-m+fp/hard\libm.a(libm_a-math_errf.o)
                0x08007778                __math_uflowf
 .text.__math_oflowf
                0x08007784        0xc C:/Program Files (x86)/Arm GNU Toolchain arm-none-eabi/14.2 rel1/bin/../lib/gcc/arm-none-eabi/14.2.1/thumb/v7e-m+fp/hard\libm.a(libm_a-math_errf.o)
                0x08007784                __math_oflowf
 .text.__udivmoddi4
                0x08007790      0x2f8 C:/Program Files (x86)/Arm GNU Toolchain arm-none-eabi/14.2 rel1/bin/../lib/gcc/arm-none-eabi/14.2.1/thumb/v7e-m+fp/hard\libgcc.a(_udivmoddi4.o)
                0x08007790                __udivmoddi4
 .text.selfrel_offset31
                0x08007a88       0x14 C:/Program Files (x86)/Arm GNU Toolchain arm-none-eabi/14.2 rel1/bin/../lib/gcc/arm-none-eabi/14.2.1/thumb/v7e-m+fp/hard\libgcc.a(unwind-arm.o)
 .text.search_EIT_table
                0x08007a9c       0x68 C:/Program Files (x86)/Arm GNU Toolchain arm-none-eabi/14.2 rel1/bin/../lib/gcc/arm-none-eabi/14.2.1/thumb/v7e-m+fp/hard\libgcc.a(unwind-arm.o)
 .text.__gnu_unwind_get_pr_addr
                0x08007b04       0x28 C:/Program Files (x86)/Arm GNU Toolchain arm-none-eabi/14.2 rel1/bin/../lib/gcc/arm-none-eabi/14.2.1/thumb/v7e-m+fp/hard\libgcc.a(unwind-arm.o)
 .text.get_eit_entry
                0x08007b2c       0x98 C:/Program Files (x86)/Arm GNU Toolchain arm-none-eabi/14.2 rel1/bin/../lib/gcc/arm-none-eabi/14.2.1/thumb/v7e-m+fp/hard\libgcc.a(unwind-arm.o)
 .text.restore_non_core_regs
                0x08007bc4       0x58 C:/Program Files (x86)/Arm GNU Toolchain arm-none-eabi/14.2 rel1/bin/../lib/gcc/arm-none-eabi/14.2.1/thumb/v7e-m+fp/hard\libgcc.a(unwind-arm.o)
 .text._Unwind_decode_typeinfo_ptr.constprop.0
                0x08007c1c        0xc C:/Program Files (x86)/Arm GNU Toolchain arm-none-eabi/14.2 rel1/bin/../lib/gcc/arm-none-eabi/14.2.1/thumb/v7e-m+fp/hard\libgcc.a(unwind-arm.o)
 .text._Unwind_DebugHook
                0x08007c28        0x4 C:/Program Files (x86)/Arm GNU Toolchain arm-none-eabi/14.2 rel1/bin/../lib/gcc/arm-none-eabi/14.2.1/thumb/v7e-m+fp/hard\libgcc.a(unwind-arm.o)
 .text.unwind_phase2
                0x08007c2c       0x3c C:/Program Files (x86)/Arm GNU Toolchain arm-none-eabi/14.2 rel1/bin/../lib/gcc/arm-none-eabi/14.2.1/thumb/v7e-m+fp/hard\libgcc.a(unwind-arm.o)
 .text.unwind_phase2_forced
                0x08007c68       0xdc C:/Program Files (x86)/Arm GNU Toolchain arm-none-eabi/14.2 rel1/bin/../lib/gcc/arm-none-eabi/14.2.1/thumb/v7e-m+fp/hard\libgcc.a(unwind-arm.o)
 .text.__gnu_Unwind_RaiseException
                0x08007d44       0x6c C:/Program Files (x86)/Arm GNU Toolchain arm-none-eabi/14.2 rel1/bin/../lib/gcc/arm-none-eabi/14.2.1/thumb/v7e-m+fp/hard\libgcc.a(unwind-arm.o)
                0x08007d44                __gnu_Unwind_RaiseException
 .text.__gnu_Unwind_ForcedUnwind
                0x08007db0       0x10 C:/Program Files (x86)/Arm GNU Toolchain arm-none-eabi/14.2 rel1/bin/../lib/gcc/arm-none-eabi/14.2.1/thumb/v7e-m+fp/hard\libgcc.a(unwind-arm.o)
                0x08007db0                __gnu_Unwind_ForcedUnwind
 .text.__gnu_Unwind_Resume
                0x08007dc0       0x44 C:/Program Files (x86)/Arm GNU Toolchain arm-none-eabi/14.2 rel1/bin/../lib/gcc/arm-none-eabi/14.2.1/thumb/v7e-m+fp/hard\libgcc.a(unwind-arm.o)
                0x08007dc0                __gnu_Unwind_Resume
 .text.__gnu_Unwind_Resume_or_Rethrow
                0x08007e04       0x1c C:/Program Files (x86)/Arm GNU Toolchain arm-none-eabi/14.2 rel1/bin/../lib/gcc/arm-none-eabi/14.2.1/thumb/v7e-m+fp/hard\libgcc.a(unwind-arm.o)
                0x08007e04                __gnu_Unwind_Resume_or_Rethrow
 .text._Unwind_VRS_Get
                0x08007e20       0x34 C:/Program Files (x86)/Arm GNU Toolchain arm-none-eabi/14.2 rel1/bin/../lib/gcc/arm-none-eabi/14.2.1/thumb/v7e-m+fp/hard\libgcc.a(unwind-arm.o)
                0x08007e20                _Unwind_VRS_Get
 .text._Unwind_GetGR
                0x08007e54       0x1c C:/Program Files (x86)/Arm GNU Toolchain arm-none-eabi/14.2 rel1/bin/../lib/gcc/arm-none-eabi/14.2.1/thumb/v7e-m+fp/hard\libgcc.a(unwind-arm.o)
 .text._Unwind_VRS_Set
                0x08007e70       0x34 C:/Program Files (x86)/Arm GNU Toolchain arm-none-eabi/14.2 rel1/bin/../lib/gcc/arm-none-eabi/14.2.1/thumb/v7e-m+fp/hard\libgcc.a(unwind-arm.o)
                0x08007e70                _Unwind_VRS_Set
 .text._Unwind_SetGR
                0x08007ea4       0x18 C:/Program Files (x86)/Arm GNU Toolchain arm-none-eabi/14.2 rel1/bin/../lib/gcc/arm-none-eabi/14.2.1/thumb/v7e-m+fp/hard\libgcc.a(unwind-arm.o)
 .text.__gnu_Unwind_Backtrace
                0x08007ebc       0x90 C:/Program Files (x86)/Arm GNU Toolchain arm-none-eabi/14.2 rel1/bin/../lib/gcc/arm-none-eabi/14.2.1/thumb/v7e-m+fp/hard\libgcc.a(unwind-arm.o)
                0x08007ebc                __gnu_Unwind_Backtrace
 .text.__gnu_unwind_pr_common
                0x08007f4c      0x2a8 C:/Program Files (x86)/Arm GNU Toolchain arm-none-eabi/14.2 rel1/bin/../lib/gcc/arm-none-eabi/14.2.1/thumb/v7e-m+fp/hard\libgcc.a(unwind-arm.o)
 .text.__aeabi_unwind_cpp_pr0
                0x080081f4        0x8 C:/Program Files (x86)/Arm GNU Toolchain arm-none-eabi/14.2 rel1/bin/../lib/gcc/arm-none-eabi/14.2.1/thumb/v7e-m+fp/hard\libgcc.a(unwind-arm.o)
                0x080081f4                __aeabi_unwind_cpp_pr0
 .text.__aeabi_unwind_cpp_pr1
                0x080081fc        0x8 C:/Program Files (x86)/Arm GNU Toolchain arm-none-eabi/14.2 rel1/bin/../lib/gcc/arm-none-eabi/14.2.1/thumb/v7e-m+fp/hard\libgcc.a(unwind-arm.o)
                0x080081fc                __aeabi_unwind_cpp_pr1
 .text.__aeabi_unwind_cpp_pr2
                0x08008204        0x8 C:/Program Files (x86)/Arm GNU Toolchain arm-none-eabi/14.2 rel1/bin/../lib/gcc/arm-none-eabi/14.2.1/thumb/v7e-m+fp/hard\libgcc.a(unwind-arm.o)
                0x08008204                __aeabi_unwind_cpp_pr2
 .text._Unwind_VRS_Pop
                0x0800820c      0x2ec C:/Program Files (x86)/Arm GNU Toolchain arm-none-eabi/14.2 rel1/bin/../lib/gcc/arm-none-eabi/14.2.1/thumb/v7e-m+fp/hard\libgcc.a(unwind-arm.o)
                0x0800820c                _Unwind_VRS_Pop
 .text.next_unwind_byte
                0x080084f8       0x38 C:/Program Files (x86)/Arm GNU Toolchain arm-none-eabi/14.2 rel1/bin/../lib/gcc/arm-none-eabi/14.2.1/thumb/v7e-m+fp/hard\libgcc.a(pr-support.o)
 .text.__gnu_unwind_execute
                0x08008530      0x300 C:/Program Files (x86)/Arm GNU Toolchain arm-none-eabi/14.2 rel1/bin/../lib/gcc/arm-none-eabi/14.2.1/thumb/v7e-m+fp/hard\libgcc.a(pr-support.o)
                0x08008530                __gnu_unwind_execute
 .text.abort    0x08008830        0xe C:/Program Files (x86)/Arm GNU Toolchain arm-none-eabi/14.2 rel1/bin/../lib/gcc/arm-none-eabi/14.2.1/thumb/v7e-m+fp/hard\libg_nano.a(libc_a-abort.o)
                0x08008830                abort
 *fill*         0x0800883e        0x2 
 .text.free     0x08008840       0x10 C:/Program Files (x86)/Arm GNU Toolchain arm-none-eabi/14.2 rel1/bin/../lib/gcc/arm-none-eabi/14.2.1/thumb/v7e-m+fp/hard\libg_nano.a(libc_a-malloc.o)
                0x08008840                free
 .text.__malloc_lock
                0x08008850        0xc C:/Program Files (x86)/Arm GNU Toolchain arm-none-eabi/14.2 rel1/bin/../lib/gcc/arm-none-eabi/14.2.1/thumb/v7e-m+fp/hard\libg_nano.a(libc_a-mlock.o)
                0x08008850                __malloc_lock
 .text.__malloc_unlock
                0x0800885c        0xc C:/Program Files (x86)/Arm GNU Toolchain arm-none-eabi/14.2 rel1/bin/../lib/gcc/arm-none-eabi/14.2.1/thumb/v7e-m+fp/hard\libg_nano.a(libc_a-mlock.o)
                0x0800885c                __malloc_unlock
 .text.memset   0x08008868       0x10 C:/Program Files (x86)/Arm GNU Toolchain arm-none-eabi/14.2 rel1/bin/../lib/gcc/arm-none-eabi/14.2.1/thumb/v7e-m+fp/hard\libg_nano.a(libc_a-memset.o)
                0x08008868                memset
 .text._raise_r
                0x08008878       0x50 C:/Program Files (x86)/Arm GNU Toolchain arm-none-eabi/14.2 rel1/bin/../lib/gcc/arm-none-eabi/14.2.1/thumb/v7e-m+fp/hard\libg_nano.a(libc_a-signal.o)
                0x08008878                _raise_r
 .text.raise    0x080088c8       0x10 C:/Program Files (x86)/Arm GNU Toolchain arm-none-eabi/14.2 rel1/bin/../lib/gcc/arm-none-eabi/14.2.1/thumb/v7e-m+fp/hard\libg_nano.a(libc_a-signal.o)
                0x080088c8                raise
 .text._kill_r  0x080088d8       0x24 C:/Program Files (x86)/Arm GNU Toolchain arm-none-eabi/14.2 rel1/bin/../lib/gcc/arm-none-eabi/14.2.1/thumb/v7e-m+fp/hard\libg_nano.a(libc_a-signalr.o)
                0x080088d8                _kill_r
 .text._getpid_r
                0x080088fc        0x4 C:/Program Files (x86)/Arm GNU Toolchain arm-none-eabi/14.2 rel1/bin/../lib/gcc/arm-none-eabi/14.2.1/thumb/v7e-m+fp/hard\libg_nano.a(libc_a-signalr.o)
                0x080088fc                _getpid_r
 .text.__errno  0x08008900        0xc C:/Program Files (x86)/Arm GNU Toolchain arm-none-eabi/14.2 rel1/bin/../lib/gcc/arm-none-eabi/14.2.1/thumb/v7e-m+fp/hard\libg_nano.a(libc_a-errno.o)
                0x08008900                __errno
 .text.__libc_init_array
                0x0800890c       0x48 C:/Program Files (x86)/Arm GNU Toolchain arm-none-eabi/14.2 rel1/bin/../lib/gcc/arm-none-eabi/14.2.1/thumb/v7e-m+fp/hard\libg_nano.a(libc_a-init.o)
                0x0800890c                __libc_init_array
 .text.__retarget_lock_acquire_recursive
                0x08008954        0x2 C:/Program Files (x86)/Arm GNU Toolchain arm-none-eabi/14.2 rel1/bin/../lib/gcc/arm-none-eabi/14.2.1/thumb/v7e-m+fp/hard\libg_nano.a(libc_a-lock.o)
                0x08008954                __retarget_lock_acquire_recursive
 .text.__retarget_lock_release_recursive
                0x08008956        0x2 C:/Program Files (x86)/Arm GNU Toolchain arm-none-eabi/14.2 rel1/bin/../lib/gcc/arm-none-eabi/14.2.1/thumb/v7e-m+fp/hard\libg_nano.a(libc_a-lock.o)
                0x08008956                __retarget_lock_release_recursive
 .text.memcpy   0x08008958       0x1c C:/Program Files (x86)/Arm GNU Toolchain arm-none-eabi/14.2 rel1/bin/../lib/gcc/arm-none-eabi/14.2.1/thumb/v7e-m+fp/hard\libg_nano.a(libc_a-memcpy-stub.o)
                0x08008958                memcpy
 .text._free_r  0x08008974       0x94 C:/Program Files (x86)/Arm GNU Toolchain arm-none-eabi/14.2 rel1/bin/../lib/gcc/arm-none-eabi/14.2.1/thumb/v7e-m+fp/hard\libg_nano.a(libc_a-freer.o)
                0x08008974                _free_r
 *(.glue_7)
 .glue_7        0x08008a08        0x0 linker stubs
 *(.glue_7t)
 .glue_7t       0x08008a08        0x0 linker stubs
 *(.eh_frame)
 .eh_frame      0x08008a08        0x0 C:/Program Files (x86)/Arm GNU Toolchain arm-none-eabi/14.2 rel1/bin/../lib/gcc/arm-none-eabi/14.2.1/thumb/v7e-m+fp/hard/crtbegin.o
 *(.init)
 .init          0x08008a08        0x4 C:/Program Files (x86)/Arm GNU Toolchain arm-none-eabi/14.2 rel1/bin/../lib/gcc/arm-none-eabi/14.2.1/thumb/v7e-m+fp/hard/crti.o
                0x08008a08                _init
 .init          0x08008a0c        0x8 C:/Program Files (x86)/Arm GNU Toolchain arm-none-eabi/14.2 rel1/bin/../lib/gcc/arm-none-eabi/14.2.1/thumb/v7e-m+fp/hard/crtn.o
 *(.fini)
 .fini          0x08008a14        0x4 C:/Program Files (x86)/Arm GNU Toolchain arm-none-eabi/14.2 rel1/bin/../lib/gcc/arm-none-eabi/14.2.1/thumb/v7e-m+fp/hard/crti.o
                0x08008a14                _fini
 .fini          0x08008a18        0x8 C:/Program Files (x86)/Arm GNU Toolchain arm-none-eabi/14.2 rel1/bin/../lib/gcc/arm-none-eabi/14.2.1/thumb/v7e-m+fp/hard/crtn.o
                0x08008a20                        . = ALIGN (0x4)
                0x08008a20                        _etext = .

.vfp11_veneer   0x08008a20        0x0
 .vfp11_veneer  0x08008a20        0x0 linker stubs

.v4_bx          0x08008a20        0x0
 .v4_bx         0x08008a20        0x0 linker stubs

.iplt           0x08008a20        0x0
 .iplt          0x08008a20        0x0 C:/Program Files (x86)/Arm GNU Toolchain arm-none-eabi/14.2 rel1/bin/../lib/gcc/arm-none-eabi/14.2.1/thumb/v7e-m+fp/hard/crtbegin.o

.rodata         0x08008a20      0xc90
                0x08008a20                        . = ALIGN (0x4)
 *(.rodata)
 .rodata        0x08008a20       0x2e build/main.o
 *fill*         0x08008a4e        0x2 
 .rodata        0x08008a50       0x18 build/printf.o
 *(.rodata*)
 .rodata._ZL16OFFSET_TAB_CCMRx
                0x08008a68        0xa build/main.o
 *fill*         0x08008a72        0x2 
 .rodata._ZL14SHIFT_TAB_OCxx
                0x08008a74        0xa build/main.o
 *fill*         0x08008a7e        0x2 
 .rodata._ZL18CHANNEL_OFFSET_TAB
                0x08008a80        0x6 build/main.o
 *fill*         0x08008a86        0x2 
 .rodata._ZL9cos_table
                0x08008a88      0x320 build/main.o
 .rodata._ZL18CHANNEL_OFFSET_TAB
                0x08008da8        0x6 build/oled_interface_ll.o
 *fill*         0x08008dae        0x2 
 .rodata._ZTV25oled_interface_spi_dma_ll
                0x08008db0       0x14 build/oled_interface_ll.o
                0x08008db0                vtable for oled_interface_spi_dma_ll
 .rodata._ZTI25oled_interface_spi_dma_ll
                0x08008dc4        0xc build/oled_interface_ll.o
                0x08008dc4                typeinfo for oled_interface_spi_dma_ll
 .rodata._ZTS25oled_interface_spi_dma_ll
                0x08008dd0       0x1c build/oled_interface_ll.o
                0x08008dd0                typeinfo name for oled_interface_spi_dma_ll
 .rodata._ZTV3pid
                0x08008dec       0x10 build/pid.o
                0x08008dec                vtable for pid
 .rodata._ZTV10pid_base_t
                0x08008dfc       0x10 build/pid.o
                0x08008dfc                vtable for pid_base_t
 .rodata._ZTI3pid
                0x08008e0c       0x30 build/pid.o
                0x08008e0c                typeinfo for pid
 .rodata._ZTS3pid
                0x08008e3c        0x5 build/pid.o
                0x08008e3c                typeinfo name for pid
 *fill*         0x08008e41        0x3 
 .rodata._ZTI10pid_base_t
                0x08008e44        0x8 build/pid.o
                0x08008e44                typeinfo for pid_base_t
 .rodata._ZTS10pid_base_t
                0x08008e4c        0xd build/pid.o
                0x08008e4c                typeinfo name for pid_base_t
 *fill*         0x08008e59        0x3 
 .rodata._ZTI8d_base_t
                0x08008e5c        0x8 build/pid.o
                0x08008e5c                typeinfo for d_base_t
 .rodata._ZTS8d_base_t
                0x08008e64        0xa build/pid.o
                0x08008e64                typeinfo name for d_base_t
 *fill*         0x08008e6e        0x2 
 .rodata._ZTI8p_base_t
                0x08008e70        0x8 build/pid.o
                0x08008e70                typeinfo for p_base_t
 .rodata._ZTS8p_base_t
                0x08008e78        0xa build/pid.o
                0x08008e78                typeinfo name for p_base_t
 *fill*         0x08008e82        0x2 
 .rodata._ZTI8i_base_t
                0x08008e84        0x8 build/pid.o
                0x08008e84                typeinfo for i_base_t
 .rodata._ZTS8i_base_t
                0x08008e8c        0xa build/pid.o
                0x08008e8c                typeinfo name for i_base_t
 *fill*         0x08008e96        0x2 
 .rodata._ZZL5_ftoaPFvcPvjjEPcjjdjjjE5pow10
                0x08008e98       0x50 build/printf.o
 .rodata._ZTV19oled_base_interface
                0x08008ee8       0x14 build/oled.o
                0x08008ee8                vtable for oled_base_interface
 .rodata._ZTI19oled_base_interface
                0x08008efc        0x8 build/oled.o
                0x08008efc                typeinfo for oled_base_interface
 .rodata._ZTS19oled_base_interface
                0x08008f04       0x16 build/oled.o
                0x08008f04                typeinfo name for oled_base_interface
 *fill*         0x08008f1a        0x2 
 .rodata._ZL13OLED_F8x16_LE
                0x08008f1c      0x5f0 build/oled_canvas_char.o
 .rodata._ZTV19oled_device_ssd1306
                0x0800950c       0x18 build/oled_device_ssd1306.o
                0x0800950c                vtable for oled_device_ssd1306
 .rodata._ZTV16oled_base_device
                0x08009524       0x18 build/oled_device_ssd1306.o
                0x08009524                vtable for oled_base_device
 .rodata._ZTI19oled_device_ssd1306
                0x0800953c        0xc build/oled_device_ssd1306.o
                0x0800953c                typeinfo for oled_device_ssd1306
 .rodata._ZTS19oled_device_ssd1306
                0x08009548       0x16 build/oled_device_ssd1306.o
                0x08009548                typeinfo name for oled_device_ssd1306
 *fill*         0x0800955e        0x2 
 .rodata._ZTI16oled_base_device
                0x08009560        0x8 build/oled_device_ssd1306.o
                0x08009560                typeinfo for oled_base_device
 .rodata._ZTS16oled_base_device
                0x08009568       0x13 build/oled_device_ssd1306.o
                0x08009568                typeinfo name for oled_base_device
 .rodata._ZTSN10__cxxabiv117__class_type_infoE
                0x0800957b       0x22 C:/Program Files (x86)/Arm GNU Toolchain arm-none-eabi/14.2 rel1/bin/../lib/gcc/arm-none-eabi/14.2.1/thumb/v7e-m+fp/hard\libstdc++_nano.a(class_type_info.o)
                0x0800957b                typeinfo name for __cxxabiv1::__class_type_info
 *fill*         0x0800959d        0x3 
 .rodata._ZTIN10__cxxabiv117__class_type_infoE
                0x080095a0        0xc C:/Program Files (x86)/Arm GNU Toolchain arm-none-eabi/14.2 rel1/bin/../lib/gcc/arm-none-eabi/14.2.1/thumb/v7e-m+fp/hard\libstdc++_nano.a(class_type_info.o)
                0x080095a0                typeinfo for __cxxabiv1::__class_type_info
 .rodata._ZTVN10__cxxabiv117__class_type_infoE
                0x080095ac       0x2c C:/Program Files (x86)/Arm GNU Toolchain arm-none-eabi/14.2 rel1/bin/../lib/gcc/arm-none-eabi/14.2.1/thumb/v7e-m+fp/hard\libstdc++_nano.a(class_type_info.o)
                0x080095ac                vtable for __cxxabiv1::__class_type_info
 .rodata._ZTSN10__cxxabiv120__si_class_type_infoE
                0x080095d8       0x25 C:/Program Files (x86)/Arm GNU Toolchain arm-none-eabi/14.2 rel1/bin/../lib/gcc/arm-none-eabi/14.2.1/thumb/v7e-m+fp/hard\libstdc++_nano.a(si_class_type_info.o)
                0x080095d8                typeinfo name for __cxxabiv1::__si_class_type_info
 *fill*         0x080095fd        0x3 
 .rodata._ZTIN10__cxxabiv120__si_class_type_infoE
                0x08009600        0xc C:/Program Files (x86)/Arm GNU Toolchain arm-none-eabi/14.2 rel1/bin/../lib/gcc/arm-none-eabi/14.2.1/thumb/v7e-m+fp/hard\libstdc++_nano.a(si_class_type_info.o)
                0x08009600                typeinfo for __cxxabiv1::__si_class_type_info
 .rodata._ZTVN10__cxxabiv120__si_class_type_infoE
                0x0800960c       0x2c C:/Program Files (x86)/Arm GNU Toolchain arm-none-eabi/14.2 rel1/bin/../lib/gcc/arm-none-eabi/14.2.1/thumb/v7e-m+fp/hard\libstdc++_nano.a(si_class_type_info.o)
                0x0800960c                vtable for __cxxabiv1::__si_class_type_info
 .rodata._ZTSSt9type_info
                0x08009638        0xd C:/Program Files (x86)/Arm GNU Toolchain arm-none-eabi/14.2 rel1/bin/../lib/gcc/arm-none-eabi/14.2.1/thumb/v7e-m+fp/hard\libstdc++_nano.a(tinfo.o)
                0x08009638                typeinfo name for std::type_info
 *fill*         0x08009645        0x3 
 .rodata._ZTISt9type_info
                0x08009648        0x8 C:/Program Files (x86)/Arm GNU Toolchain arm-none-eabi/14.2 rel1/bin/../lib/gcc/arm-none-eabi/14.2.1/thumb/v7e-m+fp/hard\libstdc++_nano.a(tinfo.o)
                0x08009648                typeinfo for std::type_info
 .rodata._ZTSN10__cxxabiv121__vmi_class_type_infoE
                0x08009650       0x26 C:/Program Files (x86)/Arm GNU Toolchain arm-none-eabi/14.2 rel1/bin/../lib/gcc/arm-none-eabi/14.2.1/thumb/v7e-m+fp/hard\libstdc++_nano.a(vmi_class_type_info.o)
                0x08009650                typeinfo name for __cxxabiv1::__vmi_class_type_info
 *fill*         0x08009676        0x2 
 .rodata._ZTIN10__cxxabiv121__vmi_class_type_infoE
                0x08009678        0xc C:/Program Files (x86)/Arm GNU Toolchain arm-none-eabi/14.2 rel1/bin/../lib/gcc/arm-none-eabi/14.2.1/thumb/v7e-m+fp/hard\libstdc++_nano.a(vmi_class_type_info.o)
                0x08009678                typeinfo for __cxxabiv1::__vmi_class_type_info
 .rodata._ZTVN10__cxxabiv121__vmi_class_type_infoE
                0x08009684       0x2c C:/Program Files (x86)/Arm GNU Toolchain arm-none-eabi/14.2 rel1/bin/../lib/gcc/arm-none-eabi/14.2.1/thumb/v7e-m+fp/hard\libstdc++_nano.a(vmi_class_type_info.o)
                0x08009684                vtable for __cxxabiv1::__vmi_class_type_info
                0x080096b0                        . = ALIGN (0x4)

.ARM.extab      0x080096b0       0xe4
                0x080096b0                        . = ALIGN (0x4)
 *(.ARM.extab* .gnu.linkonce.armextab.*)
 .ARM.extab.text._kill
                0x080096b0        0xc build/syscall.o
 .ARM.extab.text._exit
                0x080096bc        0xc build/syscall.o
 .ARM.extab.text.LL_AHB1_GRP1_EnableClock
                0x080096c8        0x0 build/main.o
 .ARM.extab.text.LL_APB2_GRP1_EnableClock
                0x080096c8        0x0 build/main.o
 .ARM.extab.text.LL_GPIO_SetPinPull
                0x080096c8        0x0 build/main.o
 .ARM.extab.text.LL_RCC_HSE_Enable
                0x080096c8        0x0 build/main.o
 .ARM.extab.text.LL_RCC_HSE_IsReady
                0x080096c8        0x0 build/main.o
 .ARM.extab.text.LL_RCC_SetSysClkSource
                0x080096c8        0x0 build/main.o
 .ARM.extab.text.LL_RCC_GetSysClkSource
                0x080096c8        0x0 build/main.o
 .ARM.extab.text.LL_RCC_SetAHBPrescaler
                0x080096c8        0x0 build/main.o
 .ARM.extab.text.LL_RCC_SetAPB1Prescaler
                0x080096c8        0x0 build/main.o
 .ARM.extab.text.LL_RCC_SetAPB2Prescaler
                0x080096c8        0x0 build/main.o
 .ARM.extab.text.LL_RCC_SetADCClockSource
                0x080096c8        0x0 build/main.o
 .ARM.extab.text.LL_RCC_GetADCClockSource
                0x080096c8        0x0 build/main.o
 .ARM.extab.text.LL_RCC_PLL_Enable
                0x080096c8        0x0 build/main.o
 .ARM.extab.text.LL_RCC_PLL_IsReady
                0x080096c8        0x0 build/main.o
 .ARM.extab.text.LL_RCC_PLL_ConfigDomain_SYS
                0x080096c8        0x0 build/main.o
 .ARM.extab.text.LL_RCC_PLL_ConfigDomain_ADC
                0x080096c8        0x0 build/main.o
 .ARM.extab.text.LL_RCC_PLL_EnableDomain_ADC
                0x080096c8        0x0 build/main.o
 .ARM.extab.text.LL_RCC_PLL_EnableDomain_SYS
                0x080096c8        0x0 build/main.o
 .ARM.extab.text.LL_TIM_EnableUpdateEvent
                0x080096c8        0x0 build/main.o
 .ARM.extab.text.LL_TIM_OC_EnablePreload
                0x080096c8        0x0 build/main.o
 .ARM.extab.text.LL_TIM_SetTriggerOutput
                0x080096c8        0x0 build/main.o
 .ARM.extab.text.LL_TIM_EnableAllOutputs
                0x080096c8        0x0 build/main.o
 .ARM.extab.text.LL_ADC_DMA_GetRegAddr
                0x080096c8        0x0 build/main.o
 .ARM.extab.text.LL_ADC_SetGainCompensation
                0x080096c8        0x0 build/main.o
 .ARM.extab.text.LL_ADC_REG_SetSequencerRanks
                0x080096c8        0x0 build/main.o
 .ARM.extab.text.LL_ADC_SetChannelSamplingTime
                0x080096c8        0x0 build/main.o
 .ARM.extab.text.LL_ADC_SetChannelSingleDiff
                0x080096c8        0x0 build/main.o
 .ARM.extab.text.LL_ADC_SetOverSamplingScope
                0x080096c8        0x0 build/main.o
 .ARM.extab.text.LL_ADC_SetOverSamplingDiscont
                0x080096c8        0x0 build/main.o
 .ARM.extab.text.LL_ADC_ConfigOverSamplingRatioShift
                0x080096c8        0x0 build/main.o
 .ARM.extab.text.LL_ADC_DisableDeepPowerDown
                0x080096c8        0x0 build/main.o
 .ARM.extab.text.LL_ADC_IsDeepPowerDownEnabled
                0x080096c8        0x0 build/main.o
 .ARM.extab.text.LL_ADC_EnableInternalRegulator
                0x080096c8        0x0 build/main.o
 .ARM.extab.text.LL_ADC_IsInternalRegulatorEnabled
                0x080096c8        0x0 build/main.o
 .ARM.extab.text.LL_ADC_Enable
                0x080096c8        0x0 build/main.o
 .ARM.extab.text.LL_ADC_IsEnabled
                0x080096c8        0x0 build/main.o
 .ARM.extab.text.LL_ADC_StartCalibration
                0x080096c8        0x0 build/main.o
 .ARM.extab.text.LL_ADC_IsCalibrationOnGoing
                0x080096c8        0x0 build/main.o
 .ARM.extab.text.LL_DMA_ConfigTransfer
                0x080096c8        0x0 build/main.o
 .ARM.extab.text.LL_DMA_ConfigAddresses
                0x080096c8        0x0 build/main.o
 .ARM.extab.text.LL_DMA_SetPeriphRequest
                0x080096c8        0x0 build/main.o
 .ARM.extab.text.LL_DMA_EnableIT_TC
                0x080096c8        0x0 build/main.o
 .ARM.extab.text._Z10ADC_ConfigPt
                0x080096c8        0xc build/main.o
 .ARM.extab.text._Z11TIM7_Configv
                0x080096d4        0x0 build/main.o
 .ARM.extab.text._Z10PWM_Configv
                0x080096d4        0xc build/main.o
 .ARM.extab.text._Z11GPIO_Configv
                0x080096e0        0x0 build/main.o
 .ARM.extab.text._Z15GPIO_Int_Configv
                0x080096e0        0xc build/main.o
 .ARM.extab.text._Z10Sys_Configv
                0x080096ec        0x0 build/main.o
 .ARM.extab.text._ZN10spi_configC2EP11SPI_TypeDefP12GPIO_TypeDefmS3_m
                0x080096ec        0x0 build/main.o
 .ARM.extab.text._ZN10dma_configC2EP11DMA_TypeDefm
                0x080096ec        0x0 build/main.o
 .ARM.extab.text._Z14Inverter_Startv
                0x080096ec        0x0 build/main.o
 .ARM.extab.text.main
                0x080096ec        0xc build/main.o
 .ARM.extab.text.DMA1_Channel2_IRQHandler
                0x080096f8        0xc build/main.o
 .ARM.extab.text._ZN19oled_base_interfaceC2Ev
                0x08009704        0x0 build/oled_interface_ll.o
 .ARM.extab.text._ZN3pid6updateEf
                0x08009704        0xc build/pid.o
 .ARM.extab.text._ZL8_out_revPFvcPvjjEPcjjPKcjjj
                0x08009710        0xc build/printf.o
 .ARM.extab.text._ZL12_ntoa_formatPFvcPvjjEPcjjS2_jbjjjj
                0x0800971c        0xc build/printf.o
 .ARM.extab.text._ZL10_ntoa_longPFvcPvjjEPcjjmbmjjj
                0x08009728        0xc build/printf.o
 .ARM.extab.text._ZL15_ntoa_long_longPFvcPvjjEPcjjybyjjj
                0x08009734        0xc build/printf.o
 .ARM.extab.text._ZL5_ftoaPFvcPvjjEPcjjdjjj
                0x08009740        0xc build/printf.o
 .ARM.extab.text.sprintf_
                0x0800974c        0xc build/printf.o
 .ARM.extab.text._ZN16oled_base_device5flushER16oled_base_canvas
                0x08009758        0xc build/oled.o
 .ARM.extab.text._ZN16oled_base_device13flushCompleteEv
                0x08009764        0xc build/oled.o
 .ARM.extab.text._ZN16oled_base_deviceC2Ev
                0x08009770        0x0 build/oled_device_ssd1306.o
 .ARM.extab.text._ZN19oled_device_ssd1306C2EP19oled_base_interfaceP12GPIO_TypeDefmS3_m
                0x08009770        0xc build/oled_device_ssd1306.o
 .ARM.extab.text._ZN19oled_device_ssd130610initDeviceEv
                0x0800977c        0xc build/oled_device_ssd1306.o
 .ARM.extab.text.__gnu_Unwind_Resume_or_Rethrow
                0x08009788        0xc C:/Program Files (x86)/Arm GNU Toolchain arm-none-eabi/14.2 rel1/bin/../lib/gcc/arm-none-eabi/14.2.1/thumb/v7e-m+fp/hard\libgcc.a(unwind-arm.o)
                0x08009794                        . = ALIGN (0x4)

.ARM            0x08009794      0x198
                0x08009794                        . = ALIGN (0x4)
                0x08009794                        __exidx_start = .
 *(.ARM.exidx*)
 .ARM.exidx     0x08009794        0x8 C:/Program Files (x86)/Arm GNU Toolchain arm-none-eabi/14.2 rel1/bin/../lib/gcc/arm-none-eabi/14.2.1/thumb/v7e-m+fp/hard\libg_nano.a(libc_a-strcmp.o)
 .ARM.exidx.text.LL_ADC_REG_SetSequencerLength
                0x0800979c        0x0 build/stm32g4xx_ll_adc.o
                                  0x8 (size before relaxing)
 .ARM.exidx.text.LL_ADC_IsEnabled
                0x0800979c        0x0 build/stm32g4xx_ll_adc.o
                                  0x8 (size before relaxing)
 .ARM.exidx.text.LL_ADC_CommonInit
                0x0800979c        0x0 build/stm32g4xx_ll_adc.o
                                  0x8 (size before relaxing)
 .ARM.exidx.text.LL_ADC_Init
                0x0800979c        0x0 build/stm32g4xx_ll_adc.o
                                  0x8 (size before relaxing)
 .ARM.exidx.text.LL_ADC_REG_Init
                0x0800979c        0x0 build/stm32g4xx_ll_adc.o
                                  0x8 (size before relaxing)
 .ARM.exidx.text.LL_GPIO_SetPinMode
                0x0800979c        0x0 build/stm32g4xx_ll_gpio.o
                                  0x8 (size before relaxing)
 .ARM.exidx.text.LL_GPIO_SetPinOutputType
                0x0800979c        0x0 build/stm32g4xx_ll_gpio.o
                                  0x8 (size before relaxing)
 .ARM.exidx.text.LL_GPIO_SetPinSpeed
                0x0800979c        0x0 build/stm32g4xx_ll_gpio.o
                                  0x8 (size before relaxing)
 .ARM.exidx.text.LL_GPIO_SetPinPull
                0x0800979c        0x0 build/stm32g4xx_ll_gpio.o
                                  0x8 (size before relaxing)
 .ARM.exidx.text.LL_GPIO_SetAFPin_0_7
                0x0800979c        0x0 build/stm32g4xx_ll_gpio.o
                                  0x8 (size before relaxing)
 .ARM.exidx.text.LL_GPIO_SetAFPin_8_15
                0x0800979c        0x0 build/stm32g4xx_ll_gpio.o
                                  0x8 (size before relaxing)
 .ARM.exidx.text.LL_GPIO_Init
                0x0800979c        0x0 build/stm32g4xx_ll_gpio.o
                                  0x8 (size before relaxing)
 .ARM.exidx.text.LL_TIM_SetPrescaler
                0x0800979c        0x0 build/stm32g4xx_ll_tim.o
                                  0x8 (size before relaxing)
 .ARM.exidx.text.LL_TIM_SetAutoReload
                0x0800979c        0x0 build/stm32g4xx_ll_tim.o
                                  0x8 (size before relaxing)
 .ARM.exidx.text.LL_TIM_SetRepetitionCounter
                0x0800979c        0x0 build/stm32g4xx_ll_tim.o
                                  0x8 (size before relaxing)
 .ARM.exidx.text.LL_TIM_OC_SetCompareCH1
                0x0800979c        0x0 build/stm32g4xx_ll_tim.o
                                  0x8 (size before relaxing)
 .ARM.exidx.text.LL_TIM_OC_SetCompareCH2
                0x0800979c        0x0 build/stm32g4xx_ll_tim.o
                                  0x8 (size before relaxing)
 .ARM.exidx.text.LL_TIM_OC_SetCompareCH3
                0x0800979c        0x0 build/stm32g4xx_ll_tim.o
                                  0x8 (size before relaxing)
 .ARM.exidx.text.LL_TIM_OC_SetCompareCH4
                0x0800979c        0x0 build/stm32g4xx_ll_tim.o
                                  0x8 (size before relaxing)
 .ARM.exidx.text.LL_TIM_OC_SetCompareCH5
                0x0800979c        0x0 build/stm32g4xx_ll_tim.o
                                  0x8 (size before relaxing)
 .ARM.exidx.text.LL_TIM_OC_SetCompareCH6
                0x0800979c        0x0 build/stm32g4xx_ll_tim.o
                                  0x8 (size before relaxing)
 .ARM.exidx.text.LL_TIM_GenerateEvent_UPDATE
                0x0800979c        0x0 build/stm32g4xx_ll_tim.o
                                  0x8 (size before relaxing)
 .ARM.exidx.text.LL_TIM_Init
                0x0800979c        0x0 build/stm32g4xx_ll_tim.o
                                  0x8 (size before relaxing)
 .ARM.exidx.text.LL_TIM_OC_Init
                0x0800979c        0x0 build/stm32g4xx_ll_tim.o
                                  0x8 (size before relaxing)
 .ARM.exidx.text._ZL9OC1ConfigP11TIM_TypeDefPK21LL_TIM_OC_InitTypeDef
                0x0800979c        0x0 build/stm32g4xx_ll_tim.o
                                  0x8 (size before relaxing)
 .ARM.exidx.text._ZL9OC2ConfigP11TIM_TypeDefPK21LL_TIM_OC_InitTypeDef
                0x0800979c        0x0 build/stm32g4xx_ll_tim.o
                                  0x8 (size before relaxing)
 .ARM.exidx.text._ZL9OC3ConfigP11TIM_TypeDefPK21LL_TIM_OC_InitTypeDef
                0x0800979c        0x0 build/stm32g4xx_ll_tim.o
                                  0x8 (size before relaxing)
 .ARM.exidx.text._ZL9OC4ConfigP11TIM_TypeDefPK21LL_TIM_OC_InitTypeDef
                0x0800979c        0x0 build/stm32g4xx_ll_tim.o
                                  0x8 (size before relaxing)
 .ARM.exidx.text._ZL9OC5ConfigP11TIM_TypeDefPK21LL_TIM_OC_InitTypeDef
                0x0800979c        0x0 build/stm32g4xx_ll_tim.o
                                  0x8 (size before relaxing)
 .ARM.exidx.text._ZL9OC6ConfigP11TIM_TypeDefPK21LL_TIM_OC_InitTypeDef
                0x0800979c        0x0 build/stm32g4xx_ll_tim.o
                                  0x8 (size before relaxing)
 .ARM.exidx.text.SystemInit
                0x0800979c        0x0 build/system_stm32g4xx.o
                                  0x8 (size before relaxing)
 .ARM.exidx.text._getpid
                0x0800979c        0x0 build/syscall.o
                                  0x8 (size before relaxing)
 .ARM.exidx.text._kill
                0x0800979c        0x8 build/syscall.o
 .ARM.exidx.text._exit
                0x080097a4        0x8 build/syscall.o
 .ARM.exidx.text.__NVIC_EnableIRQ
                0x080097ac        0x8 build/main.o
 .ARM.exidx.text.__NVIC_SetPriority
                0x080097b4        0x0 build/main.o
                                  0x8 (size before relaxing)
 .ARM.exidx.text.LL_AHB1_GRP1_EnableClock
                0x080097b4        0x0 build/main.o
                                  0x8 (size before relaxing)
 .ARM.exidx.text.LL_AHB2_GRP1_EnableClock
                0x080097b4        0x0 build/main.o
                                  0x8 (size before relaxing)
 .ARM.exidx.text.LL_APB1_GRP1_EnableClock
                0x080097b4        0x0 build/main.o
                                  0x8 (size before relaxing)
 .ARM.exidx.text.LL_APB2_GRP1_EnableClock
                0x080097b4        0x0 build/main.o
                                  0x8 (size before relaxing)
 .ARM.exidx.text.LL_GPIO_SetPinMode
                0x080097b4        0x0 build/main.o
                                  0x8 (size before relaxing)
 .ARM.exidx.text.LL_GPIO_SetPinOutputType
                0x080097b4        0x0 build/main.o
                                  0x8 (size before relaxing)
 .ARM.exidx.text.LL_GPIO_SetPinSpeed
                0x080097b4        0x0 build/main.o
                                  0x8 (size before relaxing)
 .ARM.exidx.text.LL_GPIO_SetPinPull
                0x080097b4        0x0 build/main.o
                                  0x8 (size before relaxing)
 .ARM.exidx.text.LL_GPIO_IsInputPinSet
                0x080097b4        0x0 build/main.o
                                  0x8 (size before relaxing)
 .ARM.exidx.text.LL_GPIO_SetOutputPin
                0x080097b4        0x0 build/main.o
                                  0x8 (size before relaxing)
 .ARM.exidx.text.LL_GPIO_ResetOutputPin
                0x080097b4        0x0 build/main.o
                                  0x8 (size before relaxing)
 .ARM.exidx.text.LL_RCC_HSE_Enable
                0x080097b4        0x0 build/main.o
                                  0x8 (size before relaxing)
 .ARM.exidx.text.LL_RCC_HSE_IsReady
                0x080097b4        0x0 build/main.o
                                  0x8 (size before relaxing)
 .ARM.exidx.text.LL_RCC_SetSysClkSource
                0x080097b4        0x0 build/main.o
                                  0x8 (size before relaxing)
 .ARM.exidx.text.LL_RCC_GetSysClkSource
                0x080097b4        0x0 build/main.o
                                  0x8 (size before relaxing)
 .ARM.exidx.text.LL_RCC_SetAHBPrescaler
                0x080097b4        0x0 build/main.o
                                  0x8 (size before relaxing)
 .ARM.exidx.text.LL_RCC_SetAPB1Prescaler
                0x080097b4        0x0 build/main.o
                                  0x8 (size before relaxing)
 .ARM.exidx.text.LL_RCC_SetAPB2Prescaler
                0x080097b4        0x0 build/main.o
                                  0x8 (size before relaxing)
 .ARM.exidx.text.LL_RCC_SetADCClockSource
                0x080097b4        0x0 build/main.o
                                  0x8 (size before relaxing)
 .ARM.exidx.text.LL_RCC_GetADCClockSource
                0x080097b4        0x0 build/main.o
                                  0x8 (size before relaxing)
 .ARM.exidx.text.LL_RCC_PLL_Enable
                0x080097b4        0x0 build/main.o
                                  0x8 (size before relaxing)
 .ARM.exidx.text.LL_RCC_PLL_IsReady
                0x080097b4        0x0 build/main.o
                                  0x8 (size before relaxing)
 .ARM.exidx.text.LL_RCC_PLL_ConfigDomain_SYS
                0x080097b4        0x0 build/main.o
                                  0x8 (size before relaxing)
 .ARM.exidx.text.LL_RCC_PLL_ConfigDomain_ADC
                0x080097b4        0x0 build/main.o
                                  0x8 (size before relaxing)
 .ARM.exidx.text.LL_RCC_PLL_EnableDomain_ADC
                0x080097b4        0x0 build/main.o
                                  0x8 (size before relaxing)
 .ARM.exidx.text.LL_RCC_PLL_EnableDomain_SYS
                0x080097b4        0x0 build/main.o
                                  0x8 (size before relaxing)
 .ARM.exidx.text.LL_TIM_EnableCounter
                0x080097b4        0x0 build/main.o
                                  0x8 (size before relaxing)
 .ARM.exidx.text.LL_TIM_EnableUpdateEvent
                0x080097b4        0x0 build/main.o
                                  0x8 (size before relaxing)
 .ARM.exidx.text.LL_TIM_SetCounterMode
                0x080097b4        0x0 build/main.o
                                  0x8 (size before relaxing)
 .ARM.exidx.text.LL_TIM_SetClockDivision
                0x080097b4        0x0 build/main.o
                                  0x8 (size before relaxing)
 .ARM.exidx.text.LL_TIM_SetPrescaler
                0x080097b4        0x0 build/main.o
                                  0x8 (size before relaxing)
 .ARM.exidx.text.LL_TIM_SetAutoReload
                0x080097b4        0x0 build/main.o
                                  0x8 (size before relaxing)
 .ARM.exidx.text.LL_TIM_SetRepetitionCounter
                0x080097b4        0x0 build/main.o
                                  0x8 (size before relaxing)
 .ARM.exidx.text.LL_TIM_OC_EnablePreload
                0x080097b4        0x0 build/main.o
                                  0x8 (size before relaxing)
 .ARM.exidx.text.LL_TIM_OC_SetCompareCH1
                0x080097b4        0x0 build/main.o
                                  0x8 (size before relaxing)
 .ARM.exidx.text.LL_TIM_SetTriggerOutput
                0x080097b4        0x0 build/main.o
                                  0x8 (size before relaxing)
 .ARM.exidx.text.LL_TIM_EnableAllOutputs
                0x080097b4        0x0 build/main.o
                                  0x8 (size before relaxing)
 .ARM.exidx.text.LL_TIM_ClearFlag_UPDATE
                0x080097b4        0x0 build/main.o
                                  0x8 (size before relaxing)
 .ARM.exidx.text.LL_TIM_IsActiveFlag_UPDATE
                0x080097b4        0x0 build/main.o
                                  0x8 (size before relaxing)
 .ARM.exidx.text.LL_TIM_EnableIT_UPDATE
                0x080097b4        0x0 build/main.o
                                  0x8 (size before relaxing)
 .ARM.exidx.text.LL_ADC_DMA_GetRegAddr
                0x080097b4        0x0 build/main.o
                                  0x8 (size before relaxing)
 .ARM.exidx.text.LL_ADC_SetGainCompensation
                0x080097b4        0x0 build/main.o
                                  0x8 (size before relaxing)
 .ARM.exidx.text.LL_ADC_REG_SetSequencerRanks
                0x080097b4        0x0 build/main.o
                                  0x8 (size before relaxing)
 .ARM.exidx.text.LL_ADC_SetChannelSamplingTime
                0x080097b4        0x0 build/main.o
                                  0x8 (size before relaxing)
 .ARM.exidx.text.LL_ADC_SetChannelSingleDiff
                0x080097b4        0x0 build/main.o
                                  0x8 (size before relaxing)
 .ARM.exidx.text.LL_ADC_SetOverSamplingScope
                0x080097b4        0x0 build/main.o
                                  0x8 (size before relaxing)
 .ARM.exidx.text.LL_ADC_SetOverSamplingDiscont
                0x080097b4        0x0 build/main.o
                                  0x8 (size before relaxing)
 .ARM.exidx.text.LL_ADC_ConfigOverSamplingRatioShift
                0x080097b4        0x0 build/main.o
                                  0x8 (size before relaxing)
 .ARM.exidx.text.LL_ADC_DisableDeepPowerDown
                0x080097b4        0x0 build/main.o
                                  0x8 (size before relaxing)
 .ARM.exidx.text.LL_ADC_IsDeepPowerDownEnabled
                0x080097b4        0x0 build/main.o
                                  0x8 (size before relaxing)
 .ARM.exidx.text.LL_ADC_EnableInternalRegulator
                0x080097b4        0x0 build/main.o
                                  0x8 (size before relaxing)
 .ARM.exidx.text.LL_ADC_IsInternalRegulatorEnabled
                0x080097b4        0x0 build/main.o
                                  0x8 (size before relaxing)
 .ARM.exidx.text.LL_ADC_Enable
                0x080097b4        0x0 build/main.o
                                  0x8 (size before relaxing)
 .ARM.exidx.text.LL_ADC_IsEnabled
                0x080097b4        0x0 build/main.o
                                  0x8 (size before relaxing)
 .ARM.exidx.text.LL_ADC_StartCalibration
                0x080097b4        0x0 build/main.o
                                  0x8 (size before relaxing)
 .ARM.exidx.text.LL_ADC_IsCalibrationOnGoing
                0x080097b4        0x0 build/main.o
                                  0x8 (size before relaxing)
 .ARM.exidx.text.LL_ADC_REG_StartConversion
                0x080097b4        0x0 build/main.o
                                  0x8 (size before relaxing)
 .ARM.exidx.text.LL_DMA_EnableChannel
                0x080097b4        0x0 build/main.o
                                  0x8 (size before relaxing)
 .ARM.exidx.text.LL_DMA_DisableChannel
                0x080097b4        0x0 build/main.o
                                  0x8 (size before relaxing)
 .ARM.exidx.text.LL_DMA_ConfigTransfer
                0x080097b4        0x0 build/main.o
                                  0x8 (size before relaxing)
 .ARM.exidx.text.LL_DMA_SetDataLength
                0x080097b4        0x0 build/main.o
                                  0x8 (size before relaxing)
 .ARM.exidx.text.LL_DMA_ConfigAddresses
                0x080097b4        0x0 build/main.o
                                  0x8 (size before relaxing)
 .ARM.exidx.text.LL_DMA_SetMemoryAddress
                0x080097b4        0x0 build/main.o
                                  0x8 (size before relaxing)
 .ARM.exidx.text.LL_DMA_SetPeriphRequest
                0x080097b4        0x0 build/main.o
                                  0x8 (size before relaxing)
 .ARM.exidx.text.LL_DMA_IsActiveFlag_TC1
                0x080097b4        0x0 build/main.o
                                  0x8 (size before relaxing)
 .ARM.exidx.text.LL_DMA_ClearFlag_TC1
                0x080097b4        0x0 build/main.o
                                  0x8 (size before relaxing)
 .ARM.exidx.text.LL_DMA_ClearFlag_TC2
                0x080097b4        0x0 build/main.o
                                  0x8 (size before relaxing)
 .ARM.exidx.text.LL_DMA_EnableIT_TC
                0x080097b4        0x0 build/main.o
                                  0x8 (size before relaxing)
 .ARM.exidx.text._Z10ADC_ConfigPt
                0x080097b4        0x8 build/main.o
 .ARM.exidx.text._Z11TIM7_Configv
                0x080097bc        0x8 build/main.o
 .ARM.exidx.text._Z10PWM_Configv
                0x080097c4        0x8 build/main.o
 .ARM.exidx.text._Z11GPIO_Configv
                0x080097cc        0x8 build/main.o
 .ARM.exidx.text._Z15GPIO_Int_Configv
                0x080097d4        0x8 build/main.o