Archive member included to satisfy reference by file (symbol)

C:/Program Files (x86)/Arm GNU Toolchain arm-none-eabi/14.2 rel1/bin/../lib/gcc/arm-none-eabi/14.2.1/thumb/v7e-m+fp/hard\libstdc++_nano.a(class_type_info.o)
                              build/pid.o (vtable for __cxxabiv1::__class_type_info)
C:/Program Files (x86)/Arm GNU Toolchain arm-none-eabi/14.2 rel1/bin/../lib/gcc/arm-none-eabi/14.2.1/thumb/v7e-m+fp/hard\libstdc++_nano.a(del_ops.o)
                              C:/Program Files (x86)/Arm GNU Toolchain arm-none-eabi/14.2 rel1/bin/../lib/gcc/arm-none-eabi/14.2.1/thumb/v7e-m+fp/hard\libstdc++_nano.a(class_type_info.o) (operator delete(void*, unsigned int))
C:/Program Files (x86)/Arm GNU Toolchain arm-none-eabi/14.2 rel1/bin/../lib/gcc/arm-none-eabi/14.2.1/thumb/v7e-m+fp/hard\libstdc++_nano.a(si_class_type_info.o)
                              build/oled_interface_ll.o (vtable for __cxxabiv1::__si_class_type_info)
C:/Program Files (x86)/Arm GNU Toolchain arm-none-eabi/14.2 rel1/bin/../lib/gcc/arm-none-eabi/14.2.1/thumb/v7e-m+fp/hard\libstdc++_nano.a(tinfo.o)
                              C:/Program Files (x86)/Arm GNU Toolchain arm-none-eabi/14.2 rel1/bin/../lib/gcc/arm-none-eabi/14.2.1/thumb/v7e-m+fp/hard\libstdc++_nano.a(class_type_info.o) (std::type_info::~type_info())
C:/Program Files (x86)/Arm GNU Toolchain arm-none-eabi/14.2 rel1/bin/../lib/gcc/arm-none-eabi/14.2.1/thumb/v7e-m+fp/hard\libstdc++_nano.a(vmi_class_type_info.o)
                              build/pid.o (vtable for __cxxabiv1::__vmi_class_type_info)
C:/Program Files (x86)/Arm GNU Toolchain arm-none-eabi/14.2 rel1/bin/../lib/gcc/arm-none-eabi/14.2.1/thumb/v7e-m+fp/hard\libstdc++_nano.a(del_op.o)
                              C:/Program Files (x86)/Arm GNU Toolchain arm-none-eabi/14.2 rel1/bin/../lib/gcc/arm-none-eabi/14.2.1/thumb/v7e-m+fp/hard\libstdc++_nano.a(del_ops.o) (operator delete(void*))
C:/Program Files (x86)/Arm GNU Toolchain arm-none-eabi/14.2 rel1/bin/../lib/gcc/arm-none-eabi/14.2.1/thumb/v7e-m+fp/hard\libgcc.a(_aeabi_uldivmod.o)
                              build/stm32g4xx_ll_lpuart.o (__aeabi_uldivmod)
C:/Program Files (x86)/Arm GNU Toolchain arm-none-eabi/14.2 rel1/bin/../lib/gcc/arm-none-eabi/14.2.1/thumb/v7e-m+fp/hard\libgcc.a(_udivmoddi4.o)
                              C:/Program Files (x86)/Arm GNU Toolchain arm-none-eabi/14.2 rel1/bin/../lib/gcc/arm-none-eabi/14.2.1/thumb/v7e-m+fp/hard\libgcc.a(_aeabi_uldivmod.o) (__udivmoddi4)
C:/Program Files (x86)/Arm GNU Toolchain arm-none-eabi/14.2 rel1/bin/../lib/gcc/arm-none-eabi/14.2.1/thumb/v7e-m+fp/hard\libgcc.a(unwind-arm.o)
                              build/main.o (__aeabi_unwind_cpp_pr0)
C:/Program Files (x86)/Arm GNU Toolchain arm-none-eabi/14.2 rel1/bin/../lib/gcc/arm-none-eabi/14.2.1/thumb/v7e-m+fp/hard\libgcc.a(libunwind.o)
                              C:/Program Files (x86)/Arm GNU Toolchain arm-none-eabi/14.2 rel1/bin/../lib/gcc/arm-none-eabi/14.2.1/thumb/v7e-m+fp/hard\libgcc.a(unwind-arm.o) (restore_core_regs)
C:/Program Files (x86)/Arm GNU Toolchain arm-none-eabi/14.2 rel1/bin/../lib/gcc/arm-none-eabi/14.2.1/thumb/v7e-m+fp/hard\libgcc.a(pr-support.o)
                              C:/Program Files (x86)/Arm GNU Toolchain arm-none-eabi/14.2 rel1/bin/../lib/gcc/arm-none-eabi/14.2.1/thumb/v7e-m+fp/hard\libgcc.a(unwind-arm.o) (__gnu_unwind_execute)
C:/Program Files (x86)/Arm GNU Toolchain arm-none-eabi/14.2 rel1/bin/../lib/gcc/arm-none-eabi/14.2.1/thumb/v7e-m+fp/hard\libgcc.a(_dvmd_tls.o)
                              C:/Program Files (x86)/Arm GNU Toolchain arm-none-eabi/14.2 rel1/bin/../lib/gcc/arm-none-eabi/14.2.1/thumb/v7e-m+fp/hard\libgcc.a(_aeabi_uldivmod.o) (__aeabi_ldiv0)
C:/Program Files (x86)/Arm GNU Toolchain arm-none-eabi/14.2 rel1/bin/../lib/gcc/arm-none-eabi/14.2.1/thumb/v7e-m+fp/hard\libg_nano.a(libc_a-abort.o)
                              C:/Program Files (x86)/Arm GNU Toolchain arm-none-eabi/14.2 rel1/bin/../lib/gcc/arm-none-eabi/14.2.1/thumb/v7e-m+fp/hard\libgcc.a(unwind-arm.o) (abort)
C:/Program Files (x86)/Arm GNU Toolchain arm-none-eabi/14.2 rel1/bin/../lib/gcc/arm-none-eabi/14.2.1/thumb/v7e-m+fp/hard\libg_nano.a(libc_a-exit.o)
                              C:/Program Files (x86)/Arm GNU Toolchain arm-none-eabi/14.2 rel1/bin/../lib/gcc/arm-none-eabi/14.2.1/thumb/v7e-m+fp/hard/crt0.o (exit)
C:/Program Files (x86)/Arm GNU Toolchain arm-none-eabi/14.2 rel1/bin/../lib/gcc/arm-none-eabi/14.2.1/thumb/v7e-m+fp/hard\libg_nano.a(libc_a-malloc.o)
                              C:/Program Files (x86)/Arm GNU Toolchain arm-none-eabi/14.2 rel1/bin/../lib/gcc/arm-none-eabi/14.2.1/thumb/v7e-m+fp/hard\libstdc++_nano.a(del_op.o) (free)
C:/Program Files (x86)/Arm GNU Toolchain arm-none-eabi/14.2 rel1/bin/../lib/gcc/arm-none-eabi/14.2.1/thumb/v7e-m+fp/hard\libg_nano.a(libc_a-mallocr.o)
[...]
Memory Configuration

Name             Origin             Length             Attributes
CCMSRAM          0x10000000         0x00002800         xrw
RAM              0x20000000         0x00005800         xrw
ROM              0x08000000         0x00020000         xr
*default*        0x00000000         0xffffffff

Linker script and memory map

LOAD C:/Program Files (x86)/Arm GNU Toolchain arm-none-eabi/14.2 rel1/bin/../lib/gcc/arm-none-eabi/14.2.1/thumb/v7e-m+fp/hard/crti.o
LOAD C:/Program Files (x86)/Arm GNU Toolchain arm-none-eabi/14.2 rel1/bin/../lib/gcc/arm-none-eabi/14.2.1/thumb/v7e-m+fp/hard/crtbegin.o
LOAD C:/Program Files (x86)/Arm GNU Toolchain arm-none-eabi/14.2 rel1/bin/../lib/gcc/arm-none-eabi/14.2.1/thumb/v7e-m+fp/hard/crt0.o
LOAD build/stm32g4xx_ll_adc.o
LOAD build/stm32g4xx_ll_comp.o
LOAD build/stm32g4xx_ll_cordic.o
LOAD build/stm32g4xx_ll_crc.o
LOAD build/stm32g4xx_ll_crs.o
LOAD build/stm32g4xx_ll_dac.o
LOAD build/stm32g4xx_ll_dma.o
LOAD build/stm32g4xx_ll_exti.o
LOAD build/stm32g4xx_ll_fmac.o
LOAD build/stm32g4xx_ll_gpio.o
LOAD build/stm32g4xx_ll_hrtim.o
LOAD build/stm32g4xx_ll_i2c.o
LOAD build/stm32g4xx_ll_lptim.o
LOAD build/stm32g4xx_ll_lpuart.o
LOAD build/stm32g4xx_ll_opamp.o
LOAD build/stm32g4xx_ll_pwr.o
LOAD build/stm32g4xx_ll_rcc.o
LOAD build/stm32g4xx_ll_rng.o
LOAD build/stm32g4xx_ll_rtc.o
LOAD build/stm32g4xx_ll_spi.o
LOAD build/stm32g4xx_ll_tim.o
LOAD build/stm32g4xx_ll_ucpd.o
LOAD build/stm32g4xx_ll_usart.o
LOAD build/stm32g4xx_ll_utils.o
LOAD build/system_stm32g4xx.o
LOAD build/startup_stm32g431xx.o
LOAD build/syscall.o
LOAD build/interupt.o
LOAD build/main.o
LOAD build/oled_interface_ll.o
LOAD build/pid.o
LOAD build/oled.o
LOAD build/oled_canvas_char.o
LOAD build/oled_device_ssd1306.o
LOAD C:/Program Files (x86)/Arm GNU Toolchain arm-none-eabi/14.2 rel1/bin/../lib/gcc/arm-none-eabi/14.2.1/thumb/v7e-m+fp/hard\libstdc++_nano.a
LOAD C:/Program Files (x86)/Arm GNU Toolchain arm-none-eabi/14.2 rel1/bin/../lib/gcc/arm-none-eabi/14.2.1/thumb/v7e-m+fp/hard\libm.a
START GROUP
LOAD C:/Program Files (x86)/Arm GNU Toolchain arm-none-eabi/14.2 rel1/bin/../lib/gcc/arm-none-eabi/14.2.1/thumb/v7e-m+fp/hard\libgcc.a
LOAD C:/Program Files (x86)/Arm GNU Toolchain arm-none-eabi/14.2 rel1/bin/../lib/gcc/arm-none-eabi/14.2.1/thumb/v7e-m+fp/hard\libg_nano.a
LOAD C:/Program Files (x86)/Arm GNU Toolchain arm-none-eabi/14.2 rel1/bin/../lib/gcc/arm-none-eabi/14.2.1/thumb/v7e-m+fp/hard\libc_nano.a
END GROUP
START GROUP
LOAD C:/Program Files (x86)/Arm GNU Toolchain arm-none-eabi/14.2 rel1/bin/../lib/gcc/arm-none-eabi/14.2.1/thumb/v7e-m+fp/hard\libgcc.a
LOAD C:/Program Files (x86)/Arm GNU Toolchain arm-none-eabi/14.2 rel1/bin/../lib/gcc/arm-none-eabi/14.2.1/thumb/v7e-m+fp/hard\libc_nano.a
END GROUP
LOAD C:/Program Files (x86)/Arm GNU Toolchain arm-none-eabi/14.2 rel1/bin/../lib/gcc/arm-none-eabi/14.2.1/thumb/v7e-m+fp/hard/crtend.o
LOAD C:/Program Files (x86)/Arm GNU Toolchain arm-none-eabi/14.2 rel1/bin/../lib/gcc/arm-none-eabi/14.2.1/thumb/v7e-m+fp/hard/crtn.o
                0x20005800                        _estack = (ORIGIN (RAM) + LENGTH (RAM))
                0x00000200                        _Min_Heap_Size = 0x200
                0x00000400                        _Min_Stack_Size = 0x400

.isr_vector     0x08000000      0x1d8
                0x08000000                        . = ALIGN (0x4)
 *(.isr_vector)
 .isr_vector    0x08000000      0x1d8 build/startup_stm32g431xx.o
                0x08000000                g_pfnVectors
                0x080001d8                        . = ALIGN (0x4)

.text           0x080001e0     0x5bbc
                0x080001e0                        . = ALIGN (0x4)
 *(.text)
 .text          0x080001e0      0x1ac C:/Program Files (x86)/Arm GNU Toolchain arm-none-eabi/14.2 rel1/bin/../lib/gcc/arm-none-eabi/14.2.1/thumb/v7e-m+fp/hard\libgcc.a(libunwind.o)
                0x080001e0                __restore_core_regs
                0x080001e0                restore_core_regs
                0x080001f8                __gnu_Unwind_Restore_VFP
                0x08000200                __gnu_Unwind_Save_VFP
                0x08000208                __gnu_Unwind_Restore_VFP_D
                0x08000210                __gnu_Unwind_Save_VFP_D
                0x08000218                __gnu_Unwind_Restore_VFP_D_16_to_31
                0x08000220                __gnu_Unwind_Save_VFP_D_16_to_31
                0x08000228                __gnu_Unwind_Restore_WMMXD
                0x0800026c                __gnu_Unwind_Save_WMMXD
                0x080002b0                __gnu_Unwind_Restore_WMMXC
                0x080002c4                __gnu_Unwind_Save_WMMXC
                0x080002d8                ___Unwind_RaiseException
                0x080002d8                _Unwind_RaiseException
                0x080002fc                _Unwind_Resume
                0x080002fc                ___Unwind_Resume
                0x08000320                _Unwind_Resume_or_Rethrow
                0x08000320                ___Unwind_Resume_or_Rethrow
                0x08000344                _Unwind_ForcedUnwind
                0x08000344                ___Unwind_ForcedUnwind
                0x08000368                ___Unwind_Backtrace
                0x08000368                _Unwind_Backtrace
 .text          0x0800038c       0x14 C:/Program Files (x86)/Arm GNU Toolchain arm-none-eabi/14.2 rel1/bin/../lib/gcc/arm-none-eabi/14.2.1/thumb/v7e-m+fp/hard\libg_nano.a(libc_a-strcmp.o)
                0x0800038c                strcmp
 .text          0x080003a0       0xa0 C:/Program Files (x86)/Arm GNU Toolchain arm-none-eabi/14.2 rel1/bin/../lib/gcc/arm-none-eabi/14.2.1/thumb/v7e-m+fp/hard\libg_nano.a(libc_a-memchr.o)
                0x080003a0                memchr
 *(.text*)
 .text.deregister_tm_clones
                0x08000440       0x1c C:/Program Files (x86)/Arm GNU Toolchain arm-none-eabi/14.2 rel1/bin/../lib/gcc/arm-none-eabi/14.2.1/thumb/v7e-m+fp/hard/crtbegin.o
 .text.register_tm_clones
                0x0800045c       0x24 C:/Program Files (x86)/Arm GNU Toolchain arm-none-eabi/14.2 rel1/bin/../lib/gcc/arm-none-eabi/14.2.1/thumb/v7e-m+fp/hard/crtbegin.o
 .text.__do_global_dtors_aux
                0x08000480       0x28 C:/Program Files (x86)/Arm GNU Toolchain arm-none-eabi/14.2 rel1/bin/../lib/gcc/arm-none-eabi/14.2.1/thumb/v7e-m+fp/hard/crtbegin.o
 .text.frame_dummy
                0x080004a8       0x24 C:/Program Files (x86)/Arm GNU Toolchain arm-none-eabi/14.2 rel1/bin/../lib/gcc/arm-none-eabi/14.2.1/thumb/v7e-m+fp/hard/crtbegin.o
 .text.LL_ADC_REG_SetSequencerLength
                0x080004cc       0x26 build/stm32g4xx_ll_adc.o
 .text.LL_ADC_IsEnabled
                0x080004f2       0x26 build/stm32g4xx_ll_adc.o
 .text.LL_ADC_CommonInit
                0x08000518       0x88 build/stm32g4xx_ll_adc.o
                0x08000518                LL_ADC_CommonInit
 .text.LL_ADC_Init
                0x080005a0       0x56 build/stm32g4xx_ll_adc.o
                0x080005a0                LL_ADC_Init
 *fill*         0x080005f6        0x2 
 .text.LL_ADC_REG_Init
                0x080005f8       0x9c build/stm32g4xx_ll_adc.o
                0x080005f8                LL_ADC_REG_Init
 .text.LL_GPIO_SetPinMode
                0x08000694       0x7a build/stm32g4xx_ll_gpio.o
 .text.LL_GPIO_SetPinOutputType
                0x0800070e       0x30 build/stm32g4xx_ll_gpio.o
 .text.LL_GPIO_SetPinSpeed
                0x0800073e       0x7a build/stm32g4xx_ll_gpio.o
 .text.LL_GPIO_SetPinPull
                0x080007b8       0x7a build/stm32g4xx_ll_gpio.o
 .text.LL_GPIO_SetAFPin_0_7
                0x08000832       0x7a build/stm32g4xx_ll_gpio.o
 .text.LL_GPIO_SetAFPin_8_15
                0x080008ac       0x7e build/stm32g4xx_ll_gpio.o
 .text.LL_GPIO_Init
                0x0800092a       0xdc build/stm32g4xx_ll_gpio.o
                0x0800092a                LL_GPIO_Init
 .text.LL_TIM_SetPrescaler
                0x08000a06       0x1c build/stm32g4xx_ll_tim.o
 .text.LL_TIM_SetAutoReload
                0x08000a22       0x1c build/stm32g4xx_ll_tim.o
 .text.LL_TIM_SetRepetitionCounter
                0x08000a3e       0x1c build/stm32g4xx_ll_tim.o
 .text.LL_TIM_OC_SetCompareCH1
                0x08000a5a       0x1c build/stm32g4xx_ll_tim.o
 .text.LL_TIM_OC_SetCompareCH2
                0x08000a76       0x1c build/stm32g4xx_ll_tim.o
 .text.LL_TIM_OC_SetCompareCH3
                0x08000a92       0x1c build/stm32g4xx_ll_tim.o
 .text.LL_TIM_OC_SetCompareCH4
                0x08000aae       0x1c build/stm32g4xx_ll_tim.o
 .text.LL_TIM_OC_SetCompareCH5
                0x08000aca       0x20 build/stm32g4xx_ll_tim.o
 .text.LL_TIM_OC_SetCompareCH6
                0x08000aea       0x1c build/stm32g4xx_ll_tim.o
 .text.LL_TIM_GenerateEvent_UPDATE
                0x08000b06       0x20 build/stm32g4xx_ll_tim.o
 *fill*         0x08000b26        0x2 
 .text.LL_TIM_Init
                0x08000b28      0x114 build/stm32g4xx_ll_tim.o
                0x08000b28                LL_TIM_Init
 .text.LL_TIM_OC_Init
                0x08000c3c       0xbe build/stm32g4xx_ll_tim.o
                0x08000c3c                LL_TIM_OC_Init
 *fill*         0x08000cfa        0x2 
 .text._ZL9OC1ConfigP11TIM_TypeDefPK21LL_TIM_OC_InitTypeDef
                0x08000cfc      0x100 build/stm32g4xx_ll_tim.o
 .text._ZL9OC2ConfigP11TIM_TypeDefPK21LL_TIM_OC_InitTypeDef
                0x08000dfc      0x108 build/stm32g4xx_ll_tim.o
 .text._ZL9OC3ConfigP11TIM_TypeDefPK21LL_TIM_OC_InitTypeDef
                0x08000f04      0x108 build/stm32g4xx_ll_tim.o
 .text._ZL9OC4ConfigP11TIM_TypeDefPK21LL_TIM_OC_InitTypeDef
                0x0800100c      0x108 build/stm32g4xx_ll_tim.o
 .text._ZL9OC5ConfigP11TIM_TypeDefPK21LL_TIM_OC_InitTypeDef
                0x08001114       0xc8 build/stm32g4xx_ll_tim.o
 .text._ZL9OC6ConfigP11TIM_TypeDefPK21LL_TIM_OC_InitTypeDef
                0x080011dc       0xc8 build/stm32g4xx_ll_tim.o
 .text.SystemInit
                0x080012a4       0x24 build/system_stm32g4xx.o
                0x080012a4                SystemInit
 .text.Reset_Handler
                0x080012c8       0x50 build/startup_stm32g431xx.o
                0x080012c8                Reset_Handler
 .text.Default_Handler
                0x08001318        0x2 build/startup_stm32g431xx.o
                0x08001318                RTC_Alarm_IRQHandler
                0x08001318                EXTI2_IRQHandler
                0x08001318                TIM8_TRG_COM_IRQHandler
                0x08001318                TIM8_CC_IRQHandler
                0x08001318                DebugMon_Handler
                0x08001318                TIM1_CC_IRQHandler
                0x08001318                HardFault_Handler
                0x08001318                USB_HP_IRQHandler
                0x08001318                CORDIC_IRQHandler
                0x08001318                SysTick_Handler
                0x08001318                PendSV_Handler
                0x08001318                NMI_Handler
                0x08001318                EXTI3_IRQHandler
                0x08001318                I2C3_ER_IRQHandler
                0x08001318                EXTI0_IRQHandler
                0x08001318                I2C2_EV_IRQHandler
                0x08001318                FPU_IRQHandler
                0x08001318                FDCAN1_IT1_IRQHandler
                0x08001318                UsageFault_Handler
                0x08001318                ADC1_2_IRQHandler
                0x08001318                SPI1_IRQHandler
                0x08001318                TIM6_DAC_IRQHandler
                0x08001318                TIM8_UP_IRQHandler
                0x08001318                DMA2_Channel2_IRQHandler
                0x08001318                DMA1_Channel4_IRQHandler
                0x08001318                USART3_IRQHandler
                0x08001318                TIM4_IRQHandler
                0x08001318                DMA2_Channel1_IRQHandler
                0x08001318                I2C1_EV_IRQHandler
                0x08001318                DMA1_Channel6_IRQHandler
                0x08001318                UART4_IRQHandler
                0x08001318                DMA2_Channel4_IRQHandler
                0x08001318                TIM3_IRQHandler
                0x08001318                RCC_IRQHandler
                0x08001318                Default_Handler
                0x08001318                RTC_TAMP_LSECSS_IRQHandler
                0x08001318                FMAC_IRQHandler
                0x08001318                EXTI15_10_IRQHandler
                0x08001318                UCPD1_IRQHandler
                0x08001318                I2C3_EV_IRQHandler
                0x08001318                EXTI9_5_IRQHandler
                0x08001318                RTC_WKUP_IRQHandler
                0x08001318                PVD_PVM_IRQHandler
                0x08001318                SPI2_IRQHandler
                0x08001318                MemManage_Handler
                0x08001318                SVC_Handler
                0x08001318                DMA2_Channel5_IRQHandler
                0x08001318                CRS_IRQHandler
                0x08001318                DMA1_Channel5_IRQHandler
                0x08001318                USB_LP_IRQHandler
                0x08001318                EXTI4_IRQHandler
                0x08001318                RNG_IRQHandler
                0x08001318                TIM1_TRG_COM_TIM17_IRQHandler
                0x08001318                DMA1_Channel3_IRQHandler
                0x08001318                WWDG_IRQHandler
                0x08001318                LPUART1_IRQHandler
                0x08001318                DMA2_Channel6_IRQHandler
                0x08001318                FDCAN1_IT0_IRQHandler
                0x08001318                TIM2_IRQHandler
                0x08001318                COMP1_2_3_IRQHandler
                0x08001318                EXTI1_IRQHandler
                0x08001318                USART2_IRQHandler
                0x08001318                I2C2_ER_IRQHandler
                0x08001318                TIM8_BRK_IRQHandler
                0x08001318                FLASH_IRQHandler
                0x08001318                BusFault_Handler
                0x08001318                USART1_IRQHandler
                0x08001318                SPI3_IRQHandler
                0x08001318                I2C1_ER_IRQHandler
                0x08001318                LPTIM1_IRQHandler
                0x08001318                DMAMUX_OVR_IRQHandler
                0x08001318                USBWakeUp_IRQHandler
                0x08001318                SAI1_IRQHandler
                0x08001318                DMA2_Channel3_IRQHandler
                0x08001318                COMP4_IRQHandler
                0x08001318                TIM1_BRK_TIM15_IRQHandler
 .text._getpid  0x0800131a       0x12 build/syscall.o
                0x0800131a                _getpid
 .text._kill    0x0800132c       0x1a build/syscall.o
                0x0800132c                _kill
 .text._exit    0x08001346        0xa build/syscall.o
                0x08001346                _exit
 .text._sbrk    0x08001350       0x18 build/syscall.o
                0x08001350                _sbrk
 .text.LL_GPIO_TogglePin
                0x08001368       0x32 build/interupt.o
 .text.LL_TIM_ClearFlag_UPDATE
                0x0800139a       0x1c build/interupt.o
 *fill*         0x080013b6        0x2 
 .text.TIM7_IRQHandler
                0x080013b8       0x20 build/interupt.o
                0x080013b8                TIM7_IRQHandler
 .text.__NVIC_EnableIRQ
                0x080013d8       0x3c build/main.o
 .text.__NVIC_SetPriority
                0x08001414       0x54 build/main.o
 .text.LL_AHB1_GRP1_EnableClock
                0x08001468       0x30 build/main.o
 .text.LL_AHB2_GRP1_EnableClock
                0x08001498       0x30 build/main.o
 .text.LL_APB1_GRP1_EnableClock
                0x080014c8       0x30 build/main.o
 .text.LL_APB2_GRP1_EnableClock
                0x080014f8       0x30 build/main.o
 .text.LL_GPIO_SetPinMode
                0x08001528       0x7a build/main.o
 .text.LL_GPIO_SetPinOutputType
                0x080015a2       0x30 build/main.o
 .text.LL_GPIO_SetPinSpeed
                0x080015d2       0x7a build/main.o
 .text.LL_GPIO_SetPinPull
                0x0800164c       0x7a build/main.o
 .text.LL_GPIO_SetOutputPin
                0x080016c6       0x1c build/main.o
 .text.LL_GPIO_ResetOutputPin
                0x080016e2       0x1c build/main.o
 *fill*         0x080016fe        0x2 
 .text.LL_RCC_HSE_Enable
                0x08001700       0x20 build/main.o
 .text.LL_RCC_HSE_IsReady
                0x08001720       0x28 build/main.o
 .text.LL_RCC_SetSysClkSource
                0x08001748       0x28 build/main.o
 .text.LL_RCC_GetSysClkSource
                0x08001770       0x1c build/main.o
 .text.LL_RCC_SetAHBPrescaler
                0x0800178c       0x28 build/main.o
 .text.LL_RCC_SetAPB1Prescaler
                0x080017b4       0x28 build/main.o
 .text.LL_RCC_SetAPB2Prescaler
                0x080017dc       0x28 build/main.o
 .text.LL_RCC_SetADCClockSource
                0x08001804       0x48 build/main.o
 .text.LL_RCC_GetADCClockSource
                0x0800184c       0x40 build/main.o
 .text.LL_RCC_PLL_Enable
                0x0800188c       0x20 build/main.o
 .text.LL_RCC_PLL_IsReady
                0x080018ac       0x28 build/main.o
 .text.LL_RCC_PLL_ConfigDomain_SYS
                0x080018d4       0x40 build/main.o
 .text.LL_RCC_PLL_ConfigDomain_ADC
                0x08001914       0x40 build/main.o
 .text.LL_RCC_PLL_EnableDomain_ADC
                0x08001954       0x20 build/main.o
 .text.LL_RCC_PLL_EnableDomain_SYS
                0x08001974       0x20 build/main.o
 .text.LL_TIM_EnableCounter
                0x08001994       0x20 build/main.o
 .text.LL_TIM_EnableUpdateEvent
                0x080019b4       0x20 build/main.o
 .text.LL_TIM_SetCounterMode
                0x080019d4       0x26 build/main.o
 .text.LL_TIM_SetClockDivision
                0x080019fa       0x26 build/main.o
 .text.LL_TIM_SetPrescaler
                0x08001a20       0x1c build/main.o
 .text.LL_TIM_SetAutoReload
                0x08001a3c       0x1c build/main.o
 .text.LL_TIM_SetRepetitionCounter
                0x08001a58       0x1c build/main.o
 .text.LL_TIM_OC_EnablePreload
                0x08001a74       0xac build/main.o
 .text.LL_TIM_OC_SetCompareCH1
                0x08001b20       0x1c build/main.o
 .text.LL_TIM_SetTriggerOutput
                0x08001b3c       0x2a build/main.o
 .text.LL_TIM_EnableAllOutputs
                0x08001b66       0x20 build/main.o
 .text.LL_TIM_ClearFlag_UPDATE
                0x08001b86       0x1c build/main.o
 .text.LL_TIM_IsActiveFlag_UPDATE
                0x08001ba2       0x26 build/main.o
 .text.LL_TIM_EnableIT_UPDATE
                0x08001bc8       0x20 build/main.o
 .text.LL_ADC_DMA_GetRegAddr
                0x08001be8       0x30 build/main.o
 .text.LL_ADC_SetGainCompensation
                0x08001c18       0x4a build/main.o
 .text.LL_ADC_REG_SetSequencerRanks
                0x08001c62       0x58 build/main.o
 .text.LL_ADC_SetChannelSamplingTime
                0x08001cba       0x56 build/main.o
 .text.LL_ADC_SetChannelSingleDiff
                0x08001d10       0x48 build/main.o
 .text.LL_ADC_SetOverSamplingScope
                0x08001d58       0x2a build/main.o
 .text.LL_ADC_SetOverSamplingDiscont
                0x08001d82       0x26 build/main.o
 .text.LL_ADC_ConfigOverSamplingRatioShift
                0x08001da8       0x2c build/main.o
 .text.LL_ADC_DisableDeepPowerDown
                0x08001dd4       0x24 build/main.o
 .text.LL_ADC_IsDeepPowerDownEnabled
                0x08001df8       0x28 build/main.o
 .text.LL_ADC_EnableInternalRegulator
                0x08001e20       0x28 build/main.o
 .text.LL_ADC_IsInternalRegulatorEnabled
                0x08001e48       0x28 build/main.o
 .text.LL_ADC_Enable
                0x08001e70       0x28 build/main.o
 .text.LL_ADC_IsEnabled
                0x08001e98       0x26 build/main.o
 .text.LL_ADC_StartCalibration
                0x08001ebe       0x32 build/main.o
 .text.LL_ADC_IsCalibrationOnGoing
                0x08001ef0       0x28 build/main.o
 .text.LL_ADC_REG_StartConversion
                0x08001f18       0x28 build/main.o
 .text.LL_DMA_EnableChannel
                0x08001f40       0x44 build/main.o
 .text.LL_DMA_DisableChannel
                0x08001f84       0x44 build/main.o
 .text.LL_DMA_ConfigTransfer
                0x08001fc8       0x50 build/main.o
 .text.LL_DMA_SetDataLength
                0x08002018       0x4c build/main.o
 .text.LL_DMA_ConfigAddresses
                0x08002064       0x7c build/main.o
 .text.LL_DMA_SetMemoryAddress
                0x080020e0       0x34 build/main.o
 .text.LL_DMA_SetPeriphRequest
                0x08002114       0x56 build/main.o
 .text.LL_DMA_IsActiveFlag_TC1
                0x0800216a       0x26 build/main.o
 .text.LL_DMA_ClearFlag_TC1
                0x08002190       0x1a build/main.o
 .text.LL_DMA_ClearFlag_TC2
                0x080021aa       0x1a build/main.o
 .text.LL_DMA_EnableIT_TC
                0x080021c4       0x44 build/main.o
 .text._Z10ADC_ConfigPt
                0x08002208      0x2e0 build/main.o
                0x08002208                ADC_Config(unsigned short*)
 .text._Z10PWM_Configv
                0x080024e8       0xdc build/main.o
                0x080024e8                PWM_Config()
 .text._Z11GPIO_Configv
                0x080025c4       0x70 build/main.o
                0x080025c4                GPIO_Config()
 .text._Z10Sys_Configv
                0x08002634       0xac build/main.o
                0x08002634                Sys_Config()
 .text._ZN10spi_configC2EP11SPI_TypeDefP12GPIO_TypeDefmS3_m
                0x080026e0       0x3a build/main.o
                0x080026e0                spi_config::spi_config(SPI_TypeDef*, GPIO_TypeDef*, unsigned long, GPIO_TypeDef*, unsigned long)
                0x080026e0                spi_config::spi_config(SPI_TypeDef*, GPIO_TypeDef*, unsigned long, GPIO_TypeDef*, unsigned long)
 .text._ZN10dma_configC2EP11DMA_TypeDefm
                0x0800271a       0x26 build/main.o
                0x0800271a                dma_config::dma_config(DMA_TypeDef*, unsigned long)
                0x0800271a                dma_config::dma_config(DMA_TypeDef*, unsigned long)
 .text._Z14Inverter_Startv
                0x08002740       0x18 build/main.o
                0x08002740                Inverter_Start()
 .text.main     0x08002758       0xd8 build/main.o
                0x08002758                main
 .text._Z12calc_comparei
                0x08002830       0x5c build/main.o
                0x08002830                calc_compare(int)
 .text.DMA1_Channel1_IRQHandler
                0x0800288c       0x3c build/main.o
                0x0800288c                DMA1_Channel1_IRQHandler
 .text.DMA1_Channel2_IRQHandler
                0x080028c8       0x70 build/main.o
                0x080028c8                DMA1_Channel2_IRQHandler
 .text.TIM1_UP_TIM16_IRQHandler
                0x08002938       0x64 build/main.o
                0x08002938                TIM1_UP_TIM16_IRQHandler
 .text._Z41__static_initialization_and_destruction_0v
                0x0800299c       0x9c build/main.o
 .text._GLOBAL__sub_I_vol
                0x08002a38        0xa build/main.o
 *fill*         0x08002a42        0x2 
 .text.__NVIC_EnableIRQ
                0x08002a44       0x3c build/oled_interface_ll.o
 .text.__NVIC_SetPriority
                0x08002a80       0x54 build/oled_interface_ll.o
 .text.LL_GPIO_SetPinMode
                0x08002ad4       0x7a build/oled_interface_ll.o
 .text.LL_GPIO_SetPinOutputType
                0x08002b4e       0x30 build/oled_interface_ll.o
 .text.LL_GPIO_SetPinSpeed
                0x08002b7e       0x7a build/oled_interface_ll.o
 .text.LL_GPIO_SetOutputPin
                0x08002bf8       0x1c build/oled_interface_ll.o
 .text.LL_GPIO_ResetOutputPin
                0x08002c14       0x1c build/oled_interface_ll.o
 .text.LL_SPI_Enable
                0x08002c30       0x20 build/oled_interface_ll.o
 .text.LL_SPI_SetMode
                0x08002c50       0x26 build/oled_interface_ll.o
 .text.LL_SPI_SetStandard
                0x08002c76       0x26 build/oled_interface_ll.o
 .text.LL_SPI_SetClockPhase
                0x08002c9c       0x26 build/oled_interface_ll.o
 .text.LL_SPI_SetClockPolarity
                0x08002cc2       0x26 build/oled_interface_ll.o
 .text.LL_SPI_SetBaudRatePrescaler
                0x08002ce8       0x26 build/oled_interface_ll.o
 .text.LL_SPI_SetTransferBitOrder
                0x08002d0e       0x26 build/oled_interface_ll.o
 .text.LL_SPI_SetTransferDirection
                0x08002d34       0x26 build/oled_interface_ll.o
 .text.LL_SPI_SetDataWidth
                0x08002d5a       0x26 build/oled_interface_ll.o
 .text.LL_SPI_SetNSSMode
                0x08002d80       0x38 build/oled_interface_ll.o
 .text.LL_SPI_IsActiveFlag_TXE
                0x08002db8       0x26 build/oled_interface_ll.o
 .text.LL_SPI_IsActiveFlag_BSY
                0x08002dde       0x26 build/oled_interface_ll.o
 .text.LL_SPI_EnableDMAReq_TX
                0x08002e04       0x20 build/oled_interface_ll.o
 .text.LL_SPI_DMA_GetRegAddr
                0x08002e24       0x18 build/oled_interface_ll.o
 .text.LL_SPI_TransmitData8
                0x08002e3c       0x24 build/oled_interface_ll.o
 .text.LL_DMA_EnableChannel
                0x08002e60       0x44 build/oled_interface_ll.o
 .text.LL_DMA_ConfigTransfer
                0x08002ea4       0x50 build/oled_interface_ll.o
 .text.LL_DMA_SetDataLength
                0x08002ef4       0x4c build/oled_interface_ll.o
 .text.LL_DMA_ConfigAddresses
                0x08002f40       0x7c build/oled_interface_ll.o
 .text.LL_DMA_SetPeriphRequest
                0x08002fbc       0x56 build/oled_interface_ll.o
 *fill*         0x08003012        0x2 
 .text.LL_DMA_EnableIT_TC
                0x08003014       0x44 build/oled_interface_ll.o
 .text.LL_AHB1_GRP1_EnableClock
                0x08003058       0x30 build/oled_interface_ll.o
 .text.LL_AHB2_GRP1_EnableClock
                0x08003088       0x30 build/oled_interface_ll.o
 .text.LL_APB1_GRP1_EnableClock
                0x080030b8       0x30 build/oled_interface_ll.o
 .text.LL_APB2_GRP1_EnableClock
                0x080030e8       0x30 build/oled_interface_ll.o
 .text._ZN19oled_base_interfaceC2Ev
                0x08003118       0x20 build/oled_interface_ll.o
                0x08003118                oled_base_interface::oled_base_interface()
                0x08003118                oled_base_interface::oled_base_interface()
 .text._ZN25oled_interface_spi_dma_llC2ERK10spi_configRK10dma_configP12GPIO_TypeDefm
                0x08003138      0x248 build/oled_interface_ll.o
                0x08003138                oled_interface_spi_dma_ll::oled_interface_spi_dma_ll(spi_config const&, dma_config const&, GPIO_TypeDef*, unsigned long)
                0x08003138                oled_interface_spi_dma_ll::oled_interface_spi_dma_ll(spi_config const&, dma_config const&, GPIO_TypeDef*, unsigned long)
 .text._ZN25oled_interface_spi_dma_ll11sendCommandEh
                0x08003380       0x8e build/oled_interface_ll.o
                0x08003380                oled_interface_spi_dma_ll::sendCommand(unsigned char)
 .text._ZN25oled_interface_spi_dma_ll8sendDataEPhm
                0x0800340e       0x86 build/oled_interface_ll.o
                0x0800340e                oled_interface_spi_dma_ll::sendData(unsigned char*, unsigned long)
 .text._ZN25oled_interface_spi_dma_ll16transferCompleteEv
                0x08003494       0x34 build/oled_interface_ll.o
                0x08003494                oled_interface_spi_dma_ll::transferComplete()
 .text._Z15gpio_clk_enablem
                0x080034c8       0xc4 build/oled_interface_ll.o
                0x080034c8                gpio_clk_enable(unsigned long)
 .text._Z14spi_clk_enablem
                0x0800358c       0x60 build/oled_interface_ll.o
                0x0800358c                spi_clk_enable(unsigned long)
 .text._Z14dma_clk_enablemm
                0x080035ec       0x6c build/oled_interface_ll.o
                0x080035ec                dma_clk_enable(unsigned long, unsigned long)
 .text._ZN10pid_base_tC2Ev
                0x08003658       0x28 build/pid.o
                0x08003658                pid_base_t::pid_base_t()
                0x08003658                pid_base_t::pid_base_t()
 .text._ZN3pidC2Efffff
                0x08003680       0x60 build/pid.o
                0x08003680                pid::pid(float, float, float, float, float)
                0x08003680                pid::pid(float, float, float, float, float)
 .text._ZN3pid6updateEf
                0x080036e0       0xf8 build/pid.o
                0x080036e0                pid::update(float)
 .text._ZN3pid9setTargetEf
                0x080037d8       0x2e build/pid.o
                0x080037d8                pid::setTarget(float)
 .text._ZN19oled_base_interface16transferCompleteEv
                0x08003806       0x1a build/oled.o
                0x08003806                oled_base_interface::transferComplete()
 .text._ZN19oled_base_interface6isBusyEv
                0x08003820       0x22 build/oled.o
                0x08003820                oled_base_interface::isBusy()
 .text._ZN16oled_base_device5flushER16oled_base_canvas
                0x08003842       0x4c build/oled.o
                0x08003842                oled_base_device::flush(oled_base_canvas&)
 .text._ZN16oled_base_device13flushCompleteEv
                0x0800388e       0x2c build/oled.o
                0x0800388e                oled_base_device::flushComplete()
 *fill*         0x080038ba        0x2 
 .text._ZN16oled_canvas_char8showCharEttc
                0x080038bc      0x14c build/oled_canvas_char.o
                0x080038bc                oled_canvas_char::showChar(unsigned short, unsigned short, char)
 .text._ZN16oled_canvas_char10showStringEttPKc
                0x08003a08       0x7c build/oled_canvas_char.o
                0x08003a08                oled_canvas_char::showString(unsigned short, unsigned short, char const*)
 .text._ZN22oled_canvas_char_smallC2Ev
                0x08003a84       0x40 build/oled_canvas_char.o
                0x08003a84                oled_canvas_char_small::oled_canvas_char_small()
                0x08003a84                oled_canvas_char_small::oled_canvas_char_small()
 .text.LL_GPIO_SetOutputPin
                0x08003ac4       0x1c build/oled_device_ssd1306.o
 .text.LL_GPIO_ResetOutputPin
                0x08003ae0       0x1c build/oled_device_ssd1306.o
 .text._ZN16oled_base_deviceC2Ev
                0x08003afc       0x20 build/oled_device_ssd1306.o
                0x08003afc                oled_base_device::oled_base_device()
                0x08003afc                oled_base_device::oled_base_device()
 .text._ZN19oled_device_ssd1306C2EP19oled_base_interfaceP12GPIO_TypeDefmS3_m
                0x08003b1c       0x88 build/oled_device_ssd1306.o
                0x08003b1c                oled_device_ssd1306::oled_device_ssd1306(oled_base_interface*, GPIO_TypeDef*, unsigned long, GPIO_TypeDef*, unsigned long)
                0x08003b1c                oled_device_ssd1306::oled_device_ssd1306(oled_base_interface*, GPIO_TypeDef*, unsigned long, GPIO_TypeDef*, unsigned long)
 .text._ZN19oled_device_ssd130610initDeviceEv
                0x08003ba4      0x328 build/oled_device_ssd1306.o
                0x08003ba4                oled_device_ssd1306::initDevice()
 .text._ZN19oled_device_ssd130612selectDeviceEv
                0x08003ecc       0x20 build/oled_device_ssd1306.o
                0x08003ecc                oled_device_ssd1306::selectDevice()
 .text._ZN19oled_device_ssd130613releaseDeviceEv
                0x08003eec       0x20 build/oled_device_ssd1306.o
                0x08003eec                oled_device_ssd1306::releaseDevice()
 .text._ZN19oled_device_ssd130611resetDeviceEv
                0x08003f0c       0x80 build/oled_device_ssd1306.o
                0x08003f0c                oled_device_ssd1306::resetDevice()
 .text._ZNK10__cxxabiv117__class_type_info11__do_upcastEPKS0_PPv
                0x08003f8c       0x32 C:/Program Files (x86)/Arm GNU Toolchain arm-none-eabi/14.2 rel1/bin/../lib/gcc/arm-none-eabi/14.2.1/thumb/v7e-m+fp/hard\libstdc++_nano.a(class_type_info.o)
                0x08003f8c                __cxxabiv1::__class_type_info::__do_upcast(__cxxabiv1::__class_type_info const*, void**) const
 .text._ZNK10__cxxabiv117__class_type_info20__do_find_public_srcEiPKvPKS0_S2_
                0x08003fbe        0xc C:/Program Files (x86)/Arm GNU Toolchain arm-none-eabi/14.2 rel1/bin/../lib/gcc/arm-none-eabi/14.2.1/thumb/v7e-m+fp/hard\libstdc++_nano.a(class_type_info.o)
                0x08003fbe                __cxxabiv1::__class_type_info::__do_find_public_src(int, void const*, __cxxabiv1::__class_type_info const*, void const*) const
 *fill*         0x08003fca        0x2 
 .text._ZN10__cxxabiv117__class_type_infoD2Ev
                0x08003fcc       0x14 C:/Program Files (x86)/Arm GNU Toolchain arm-none-eabi/14.2 rel1/bin/../lib/gcc/arm-none-eabi/14.2.1/thumb/v7e-m+fp/hard\libstdc++_nano.a(class_type_info.o)
                0x08003fcc                __cxxabiv1::__class_type_info::~__class_type_info()
                0x08003fcc                __cxxabiv1::__class_type_info::~__class_type_info()
 .text._ZN10__cxxabiv117__class_type_infoD0Ev
                0x08003fe0       0x14 C:/Program Files (x86)/Arm GNU Toolchain arm-none-eabi/14.2 rel1/bin/../lib/gcc/arm-none-eabi/14.2.1/thumb/v7e-m+fp/hard\libstdc++_nano.a(class_type_info.o)
                0x08003fe0                __cxxabiv1::__class_type_info::~__class_type_info()
 .text._ZNK10__cxxabiv117__class_type_info12__do_dyncastEiNS0_10__sub_kindEPKS0_PKvS3_S5_RNS0_16__dyncast_resultE
                0x08003ff4       0x3e C:/Program Files (x86)/Arm GNU Toolchain arm-none-eabi/14.2 rel1/bin/../lib/gcc/arm-none-eabi/14.2.1/thumb/v7e-m+fp/hard\libstdc++_nano.a(class_type_info.o)
                0x08003ff4                __cxxabiv1::__class_type_info::__do_dyncast(int, __cxxabiv1::__class_type_info::__sub_kind, __cxxabiv1::__class_type_info const*, void const*, __cxxabiv1::__class_type_info const*, void const*, __cxxabiv1::__class_type_info::__dyncast_result&) const
 .text._ZNK10__cxxabiv117__class_type_info11__do_upcastEPKS0_PKvRNS0_15__upcast_resultE
                0x08004032       0x18 C:/Program Files (x86)/Arm GNU Toolchain arm-none-eabi/14.2 rel1/bin/../lib/gcc/arm-none-eabi/14.2.1/thumb/v7e-m+fp/hard\libstdc++_nano.a(class_type_info.o)
                0x08004032                __cxxabiv1::__class_type_info::__do_upcast(__cxxabiv1::__class_type_info const*, void const*, __cxxabiv1::__class_type_info::__upcast_result&) const
 .text._ZNK10__cxxabiv117__class_type_info10__do_catchEPKSt9type_infoPPvj
                0x0800404a       0x2a C:/Program Files (x86)/Arm GNU Toolchain arm-none-eabi/14.2 rel1/bin/../lib/gcc/arm-none-eabi/14.2.1/thumb/v7e-m+fp/hard\libstdc++_nano.a(class_type_info.o)
                0x0800404a                __cxxabiv1::__class_type_info::__do_catch(std::type_info const*, void**, unsigned int) const
 .text._ZdlPvj  0x08004074        0x4 C:/Program Files (x86)/Arm GNU Toolchain arm-none-eabi/14.2 rel1/bin/../lib/gcc/arm-none-eabi/14.2.1/thumb/v7e-m+fp/hard\libstdc++_nano.a(del_ops.o)
                0x08004074                operator delete(void*, unsigned int)
 .text._ZN10__cxxabiv120__si_class_type_infoD2Ev
                0x08004078       0x14 C:/Program Files (x86)/Arm GNU Toolchain arm-none-eabi/14.2 rel1/bin/../lib/gcc/arm-none-eabi/14.2.1/thumb/v7e-m+fp/hard\libstdc++_nano.a(si_class_type_info.o)
                0x08004078                __cxxabiv1::__si_class_type_info::~__si_class_type_info()
                0x08004078                __cxxabiv1::__si_class_type_info::~__si_class_type_info()
 .text._ZN10__cxxabiv120__si_class_type_infoD0Ev
                0x0800408c       0x14 C:/Program Files (x86)/Arm GNU Toolchain arm-none-eabi/14.2 rel1/bin/../lib/gcc/arm-none-eabi/14.2.1/thumb/v7e-m+fp/hard\libstdc++_nano.a(si_class_type_info.o)
                0x0800408c                __cxxabiv1::__si_class_type_info::~__si_class_type_info()
 .text._ZNK10__cxxabiv120__si_class_type_info20__do_find_public_srcEiPKvPKNS_17__class_type_infoES2_
                0x080040a0       0x3c C:/Program Files (x86)/Arm GNU Toolchain arm-none-eabi/14.2 rel1/bin/../lib/gcc/arm-none-eabi/14.2.1/thumb/v7e-m+fp/hard\libstdc++_nano.a(si_class_type_info.o)
                0x080040a0                __cxxabiv1::__si_class_type_info::__do_find_public_src(int, void const*, __cxxabiv1::__class_type_info const*, void const*) const
 .text._ZNK10__cxxabiv120__si_class_type_info12__do_dyncastEiNS_17__class_type_info10__sub_kindEPKS1_PKvS4_S6_RNS1_16__dyncast_resultE
                0x080040dc       0x74 C:/Program Files (x86)/Arm GNU Toolchain arm-none-eabi/14.2 rel1/bin/../lib/gcc/arm-none-eabi/14.2.1/thumb/v7e-m+fp/hard\libstdc++_nano.a(si_class_type_info.o)
                0x080040dc                __cxxabiv1::__si_class_type_info::__do_dyncast(int, __cxxabiv1::__class_type_info::__sub_kind, __cxxabiv1::__class_type_info const*, void const*, __cxxabiv1::__class_type_info const*, void const*, __cxxabiv1::__class_type_info::__dyncast_result&) const
 .text._ZNK10__cxxabiv120__si_class_type_info11__do_upcastEPKNS_17__class_type_infoEPKvRNS1_15__upcast_resultE
                0x08004150       0x2a C:/Program Files (x86)/Arm GNU Toolchain arm-none-eabi/14.2 rel1/bin/../lib/gcc/arm-none-eabi/14.2.1/thumb/v7e-m+fp/hard\libstdc++_nano.a(si_class_type_info.o)
                0x08004150                __cxxabiv1::__si_class_type_info::__do_upcast(__cxxabiv1::__class_type_info const*, void const*, __cxxabiv1::__class_type_info::__upcast_result&) const
 .text._ZNSt9type_infoD2Ev
                0x0800417a        0x2 C:/Program Files (x86)/Arm GNU Toolchain arm-none-eabi/14.2 rel1/bin/../lib/gcc/arm-none-eabi/14.2.1/thumb/v7e-m+fp/hard\libstdc++_nano.a(tinfo.o)
                0x0800417a                std::type_info::~type_info()
                0x0800417a                std::type_info::~type_info()
 .text._ZNKSt9type_info14__is_pointer_pEv
                0x0800417c        0x4 C:/Program Files (x86)/Arm GNU Toolchain arm-none-eabi/14.2 rel1/bin/../lib/gcc/arm-none-eabi/14.2.1/thumb/v7e-m+fp/hard\libstdc++_nano.a(tinfo.o)
                0x0800417c                std::type_info::__is_pointer_p() const
                0x0800417c                std::type_info::__is_function_p() const
 .text._ZNKSt9type_infoeqERKS_
                0x08004180       0x2c C:/Program Files (x86)/Arm GNU Toolchain arm-none-eabi/14.2 rel1/bin/../lib/gcc/arm-none-eabi/14.2.1/thumb/v7e-m+fp/hard\libstdc++_nano.a(tinfo.o)
                0x08004180                std::type_info::operator==(std::type_info const&) const
                0x08004180                std::type_info::__equal(std::type_info const&) const
 .text._ZN10__cxxabiv121__vmi_class_type_infoD2Ev
                0x080041ac       0x14 C:/Program Files (x86)/Arm GNU Toolchain arm-none-eabi/14.2 rel1/bin/../lib/gcc/arm-none-eabi/14.2.1/thumb/v7e-m+fp/hard\libstdc++_nano.a(vmi_class_type_info.o)
                0x080041ac                __cxxabiv1::__vmi_class_type_info::~__vmi_class_type_info()
                0x080041ac                __cxxabiv1::__vmi_class_type_info::~__vmi_class_type_info()
 .text._ZN10__cxxabiv121__vmi_class_type_infoD0Ev
                0x080041c0       0x14 C:/Program Files (x86)/Arm GNU Toolchain arm-none-eabi/14.2 rel1/bin/../lib/gcc/arm-none-eabi/14.2.1/thumb/v7e-m+fp/hard\libstdc++_nano.a(vmi_class_type_info.o)
                0x080041c0                __cxxabiv1::__vmi_class_type_info::~__vmi_class_type_info()
 .text._ZNK10__cxxabiv121__vmi_class_type_info20__do_find_public_srcEiPKvPKNS_17__class_type_infoES2_
                0x080041d4       0x6e C:/Program Files (x86)/Arm GNU Toolchain arm-none-eabi/14.2 rel1/bin/../lib/gcc/arm-none-eabi/14.2.1/thumb/v7e-m+fp/hard\libstdc++_nano.a(vmi_class_type_info.o)
                0x080041d4                __cxxabiv1::__vmi_class_type_info::__do_find_public_src(int, void const*, __cxxabiv1::__class_type_info const*, void const*) const
 .text._ZNK10__cxxabiv117__class_type_info17__find_public_srcEiPKvPKS0_S2_
                0x08004242       0x2c C:/Program Files (x86)/Arm GNU Toolchain arm-none-eabi/14.2 rel1/bin/../lib/gcc/arm-none-eabi/14.2.1/thumb/v7e-m+fp/hard\libstdc++_nano.a(vmi_class_type_info.o)
                0x08004242                __cxxabiv1::__class_type_info::__find_public_src(int, void const*, __cxxabiv1::__class_type_info const*, void const*) const
 .text._ZNK10__cxxabiv121__vmi_class_type_info12__do_dyncastEiNS_17__class_type_info10__sub_kindEPKS1_PKvS4_S6_RNS1_16__dyncast_resultE
                0x0800426e      0x256 C:/Program Files (x86)/Arm GNU Toolchain arm-none-eabi/14.2 rel1/bin/../lib/gcc/arm-none-eabi/14.2.1/thumb/v7e-m+fp/hard\libstdc++_nano.a(vmi_class_type_info.o)
                0x0800426e                __cxxabiv1::__vmi_class_type_info::__do_dyncast(int, __cxxabiv1::__class_type_info::__sub_kind, __cxxabiv1::__class_type_info const*, void const*, __cxxabiv1::__class_type_info const*, void const*, __cxxabiv1::__class_type_info::__dyncast_result&) const
 .text._ZNK10__cxxabiv121__vmi_class_type_info11__do_upcastEPKNS_17__class_type_infoEPKvRNS1_15__upcast_resultE
                0x080044c4      0x12a C:/Program Files (x86)/Arm GNU Toolchain arm-none-eabi/14.2 rel1/bin/../lib/gcc/arm-none-eabi/14.2.1/thumb/v7e-m+fp/hard\libstdc++_nano.a(vmi_class_type_info.o)
                0x080044c4                __cxxabiv1::__vmi_class_type_info::__do_upcast(__cxxabiv1::__class_type_info const*, void const*, __cxxabiv1::__class_type_info::__upcast_result&) const
 .text._ZdlPv   0x080045ee        0x4 C:/Program Files (x86)/Arm GNU Toolchain arm-none-eabi/14.2 rel1/bin/../lib/gcc/arm-none-eabi/14.2.1/thumb/v7e-m+fp/hard\libstdc++_nano.a(del_op.o)
                0x080045ee                operator delete(void*)
 *fill*         0x080045f2        0x2 
 .text.selfrel_offset31
                0x080045f4       0x14 C:/Program Files (x86)/Arm GNU Toolchain arm-none-eabi/14.2 rel1/bin/../lib/gcc/arm-none-eabi/14.2.1/thumb/v7e-m+fp/hard\libgcc.a(unwind-arm.o)
 .text.search_EIT_table
                0x08004608       0x68 C:/Program Files (x86)/Arm GNU Toolchain arm-none-eabi/14.2 rel1/bin/../lib/gcc/arm-none-eabi/14.2.1/thumb/v7e-m+fp/hard\libgcc.a(unwind-arm.o)
 .text.__gnu_unwind_get_pr_addr
                0x08004670       0x28 C:/Program Files (x86)/Arm GNU Toolchain arm-none-eabi/14.2 rel1/bin/../lib/gcc/arm-none-eabi/14.2.1/thumb/v7e-m+fp/hard\libgcc.a(unwind-arm.o)
 .text.get_eit_entry
                0x08004698       0x98 C:/Program Files (x86)/Arm GNU Toolchain arm-none-eabi/14.2 rel1/bin/../lib/gcc/arm-none-eabi/14.2.1/thumb/v7e-m+fp/hard\libgcc.a(unwind-arm.o)
 .text.restore_non_core_regs
                0x08004730       0x58 C:/Program Files (x86)/Arm GNU Toolchain arm-none-eabi/14.2 rel1/bin/../lib/gcc/arm-none-eabi/14.2.1/thumb/v7e-m+fp/hard\libgcc.a(unwind-arm.o)
 .text._Unwind_decode_typeinfo_ptr.constprop.0
                0x08004788        0xc C:/Program Files (x86)/Arm GNU Toolchain arm-none-eabi/14.2 rel1/bin/../lib/gcc/arm-none-eabi/14.2.1/thumb/v7e-m+fp/hard\libgcc.a(unwind-arm.o)
 .text._Unwind_DebugHook
                0x08004794        0x4 C:/Program Files (x86)/Arm GNU Toolchain arm-none-eabi/14.2 rel1/bin/../lib/gcc/arm-none-eabi/14.2.1/thumb/v7e-m+fp/hard\libgcc.a(unwind-arm.o)
 .text.unwind_phase2
                0x08004798       0x3c C:/Program Files (x86)/Arm GNU Toolchain arm-none-eabi/14.2 rel1/bin/../lib/gcc/arm-none-eabi/14.2.1/thumb/v7e-m+fp/hard\libgcc.a(unwind-arm.o)
 .text.unwind_phase2_forced
                0x080047d4       0xdc C:/Program Files (x86)/Arm GNU Toolchain arm-none-eabi/14.2 rel1/bin/../lib/gcc/arm-none-eabi/14.2.1/thumb/v7e-m+fp/hard\libgcc.a(unwind-arm.o)
 .text.__gnu_Unwind_RaiseException
                0x080048b0       0x6c C:/Program Files (x86)/Arm GNU Toolchain arm-none-eabi/14.2 rel1/bin/../lib/gcc/arm-none-eabi/14.2.1/thumb/v7e-m+fp/hard\libgcc.a(unwind-arm.o)
                0x080048b0                __gnu_Unwind_RaiseException
 .text.__gnu_Unwind_ForcedUnwind
                0x0800491c       0x10 C:/Program Files (x86)/Arm GNU Toolchain arm-none-eabi/14.2 rel1/bin/../lib/gcc/arm-none-eabi/14.2.1/thumb/v7e-m+fp/hard\libgcc.a(unwind-arm.o)
                0x0800491c                __gnu_Unwind_ForcedUnwind
 .text.__gnu_Unwind_Resume
                0x0800492c       0x44 C:/Program Files (x86)/Arm GNU Toolchain arm-none-eabi/14.2 rel1/bin/../lib/gcc/arm-none-eabi/14.2.1/thumb/v7e-m+fp/hard\libgcc.a(unwind-arm.o)
                0x0800492c                __gnu_Unwind_Resume
 .text.__gnu_Unwind_Resume_or_Rethrow
                0x08004970       0x1c C:/Program Files (x86)/Arm GNU Toolchain arm-none-eabi/14.2 rel1/bin/../lib/gcc/arm-none-eabi/14.2.1/thumb/v7e-m+fp/hard\libgcc.a(unwind-arm.o)
                0x08004970                __gnu_Unwind_Resume_or_Rethrow
 .text._Unwind_VRS_Get
                0x0800498c       0x34 C:/Program Files (x86)/Arm GNU Toolchain arm-none-eabi/14.2 rel1/bin/../lib/gcc/arm-none-eabi/14.2.1/thumb/v7e-m+fp/hard\libgcc.a(unwind-arm.o)
                0x0800498c                _Unwind_VRS_Get
 .text._Unwind_GetGR
                0x080049c0       0x1c C:/Program Files (x86)/Arm GNU Toolchain arm-none-eabi/14.2 rel1/bin/../lib/gcc/arm-none-eabi/14.2.1/thumb/v7e-m+fp/hard\libgcc.a(unwind-arm.o)
 .text._Unwind_VRS_Set
                0x080049dc       0x34 C:/Program Files (x86)/Arm GNU Toolchain arm-none-eabi/14.2 rel1/bin/../lib/gcc/arm-none-eabi/14.2.1/thumb/v7e-m+fp/hard\libgcc.a(unwind-arm.o)
                0x080049dc                _Unwind_VRS_Set
 .text._Unwind_SetGR
                0x08004a10       0x18 C:/Program Files (x86)/Arm GNU Toolchain arm-none-eabi/14.2 rel1/bin/../lib/gcc/arm-none-eabi/14.2.1/thumb/v7e-m+fp/hard\libgcc.a(unwind-arm.o)
 .text.__gnu_Unwind_Backtrace
                0x08004a28       0x90 C:/Program Files (x86)/Arm GNU Toolchain arm-none-eabi/14.2 rel1/bin/../lib/gcc/arm-none-eabi/14.2.1/thumb/v7e-m+fp/hard\libgcc.a(unwind-arm.o)
                0x08004a28                __gnu_Unwind_Backtrace
 .text.__gnu_unwind_pr_common
                0x08004ab8      0x2a8 C:/Program Files (x86)/Arm GNU Toolchain arm-none-eabi/14.2 rel1/bin/../lib/gcc/arm-none-eabi/14.2.1/thumb/v7e-m+fp/hard\libgcc.a(unwind-arm.o)
 .text.__aeabi_unwind_cpp_pr0
                0x08004d60        0x8 C:/Program Files (x86)/Arm GNU Toolchain arm-none-eabi/14.2 rel1/bin/../lib/gcc/arm-none-eabi/14.2.1/thumb/v7e-m+fp/hard\libgcc.a(unwind-arm.o)
                0x08004d60                __aeabi_unwind_cpp_pr0
 .text.__aeabi_unwind_cpp_pr1
                0x08004d68        0x8 C:/Program Files (x86)/Arm GNU Toolchain arm-none-eabi/14.2 rel1/bin/../lib/gcc/arm-none-eabi/14.2.1/thumb/v7e-m+fp/hard\libgcc.a(unwind-arm.o)
                0x08004d68                __aeabi_unwind_cpp_pr1
 .text.__aeabi_unwind_cpp_pr2
                0x08004d70        0x8 C:/Program Files (x86)/Arm GNU Toolchain arm-none-eabi/14.2 rel1/bin/../lib/gcc/arm-none-eabi/14.2.1/thumb/v7e-m+fp/hard\libgcc.a(unwind-arm.o)
                0x08004d70                __aeabi_unwind_cpp_pr2
 .text._Unwind_VRS_Pop
                0x08004d78      0x2ec C:/Program Files (x86)/Arm GNU Toolchain arm-none-eabi/14.2 rel1/bin/../lib/gcc/arm-none-eabi/14.2.1/thumb/v7e-m+fp/hard\libgcc.a(unwind-arm.o)
                0x08004d78                _Unwind_VRS_Pop
 .text.next_unwind_byte
                0x08005064       0x38 C:/Program Files (x86)/Arm GNU Toolchain arm-none-eabi/14.2 rel1/bin/../lib/gcc/arm-none-eabi/14.2.1/thumb/v7e-m+fp/hard\libgcc.a(pr-support.o)
 .text.__gnu_unwind_execute
                0x0800509c      0x300 C:/Program Files (x86)/Arm GNU Toolchain arm-none-eabi/14.2 rel1/bin/../lib/gcc/arm-none-eabi/14.2.1/thumb/v7e-m+fp/hard\libgcc.a(pr-support.o)
                0x0800509c                __gnu_unwind_execute
 .text.abort    0x0800539c        0xe C:/Program Files (x86)/Arm GNU Toolchain arm-none-eabi/14.2 rel1/bin/../lib/gcc/arm-none-eabi/14.2.1/thumb/v7e-m+fp/hard\libg_nano.a(libc_a-abort.o)
                0x0800539c                abort
 *fill*         0x080053aa        0x2 
 .text.free     0x080053ac       0x10 C:/Program Files (x86)/Arm GNU Toolchain arm-none-eabi/14.2 rel1/bin/../lib/gcc/arm-none-eabi/14.2.1/thumb/v7e-m+fp/hard\libg_nano.a(libc_a-malloc.o)
                0x080053ac                free
 .text.sbrk_aligned
                0x080053bc       0x44 C:/Program Files (x86)/Arm GNU Toolchain arm-none-eabi/14.2 rel1/bin/../lib/gcc/arm-none-eabi/14.2.1/thumb/v7e-m+fp/hard\libg_nano.a(libc_a-mallocr.o)
 .text._malloc_r
                0x08005400      0x100 C:/Program Files (x86)/Arm GNU Toolchain arm-none-eabi/14.2 rel1/bin/../lib/gcc/arm-none-eabi/14.2.1/thumb/v7e-m+fp/hard\libg_nano.a(libc_a-mallocr.o)
                0x08005400                _malloc_r
 .text.__malloc_lock
                0x08005500        0xc C:/Program Files (x86)/Arm GNU Toolchain arm-none-eabi/14.2 rel1/bin/../lib/gcc/arm-none-eabi/14.2.1/thumb/v7e-m+fp/hard\libg_nano.a(libc_a-mlock.o)
                0x08005500                __malloc_lock
 .text.__malloc_unlock
                0x0800550c        0xc C:/Program Files (x86)/Arm GNU Toolchain arm-none-eabi/14.2 rel1/bin/../lib/gcc/arm-none-eabi/14.2.1/thumb/v7e-m+fp/hard\libg_nano.a(libc_a-mlock.o)
                0x0800550c                __malloc_unlock
 .text.sprintf  0x08005518       0x44 C:/Program Files (x86)/Arm GNU Toolchain arm-none-eabi/14.2 rel1/bin/../lib/gcc/arm-none-eabi/14.2.1/thumb/v7e-m+fp/hard\libg_nano.a(libc_a-sprintf.o)
                0x08005518                siprintf
                0x08005518                sprintf
 .text.memset   0x0800555c       0x10 C:/Program Files (x86)/Arm GNU Toolchain arm-none-eabi/14.2 rel1/bin/../lib/gcc/arm-none-eabi/14.2.1/thumb/v7e-m+fp/hard\libg_nano.a(libc_a-memset.o)
                0x0800555c                memset
 .text._raise_r
                0x0800556c       0x50 C:/Program Files (x86)/Arm GNU Toolchain arm-none-eabi/14.2 rel1/bin/../lib/gcc/arm-none-eabi/14.2.1/thumb/v7e-m+fp/hard\libg_nano.a(libc_a-signal.o)
                0x0800556c                _raise_r
 .text.raise    0x080055bc       0x10 C:/Program Files (x86)/Arm GNU Toolchain arm-none-eabi/14.2 rel1/bin/../lib/gcc/arm-none-eabi/14.2.1/thumb/v7e-m+fp/hard\libg_nano.a(libc_a-signal.o)
                0x080055bc                raise
 .text._kill_r  0x080055cc       0x24 C:/Program Files (x86)/Arm GNU Toolchain arm-none-eabi/14.2 rel1/bin/../lib/gcc/arm-none-eabi/14.2.1/thumb/v7e-m+fp/hard\libg_nano.a(libc_a-signalr.o)
                0x080055cc                _kill_r
 .text._getpid_r
                0x080055f0        0x4 C:/Program Files (x86)/Arm GNU Toolchain arm-none-eabi/14.2 rel1/bin/../lib/gcc/arm-none-eabi/14.2.1/thumb/v7e-m+fp/hard\libg_nano.a(libc_a-signalr.o)
                0x080055f0                _getpid_r
 .text._sbrk_r  0x080055f4       0x20 C:/Program Files (x86)/Arm GNU Toolchain arm-none-eabi/14.2 rel1/bin/../lib/gcc/arm-none-eabi/14.2.1/thumb/v7e-m+fp/hard\libg_nano.a(libc_a-sbrkr.o)
                0x080055f4                _sbrk_r
 .text.__libc_init_array
                0x08005614       0x48 C:/Program Files (x86)/Arm GNU Toolchain arm-none-eabi/14.2 rel1/bin/../lib/gcc/arm-none-eabi/14.2.1/thumb/v7e-m+fp/hard\libg_nano.a(libc_a-init.o)
                0x08005614                __libc_init_array
 .text.__retarget_lock_acquire_recursive
                0x0800565c        0x2 C:/Program Files (x86)/Arm GNU Toolchain arm-none-eabi/14.2 rel1/bin/../lib/gcc/arm-none-eabi/14.2.1/thumb/v7e-m+fp/hard\libg_nano.a(libc_a-lock.o)
                0x0800565c                __retarget_lock_acquire_recursive
 .text.__retarget_lock_release_recursive
                0x0800565e        0x2 C:/Program Files (x86)/Arm GNU Toolchain arm-none-eabi/14.2 rel1/bin/../lib/gcc/arm-none-eabi/14.2.1/thumb/v7e-m+fp/hard\libg_nano.a(libc_a-lock.o)
                0x0800565e                __retarget_lock_release_recursive
 .text.memcpy   0x08005660       0x1c C:/Program Files (x86)/Arm GNU Toolchain arm-none-eabi/14.2 rel1/bin/../lib/gcc/arm-none-eabi/14.2.1/thumb/v7e-m+fp/hard\libg_nano.a(libc_a-memcpy-stub.o)
                0x08005660                memcpy
 .text._free_r  0x0800567c       0x94 C:/Program Files (x86)/Arm GNU Toolchain arm-none-eabi/14.2 rel1/bin/../lib/gcc/arm-none-eabi/14.2.1/thumb/v7e-m+fp/hard\libg_nano.a(libc_a-freer.o)
                0x0800567c                _free_r
 .text.__ssputs_r
                0x08005710       0xc0 C:/Program Files (x86)/Arm GNU Toolchain arm-none-eabi/14.2 rel1/bin/../lib/gcc/arm-none-eabi/14.2.1/thumb/v7e-m+fp/hard\libg_nano.a(libc_a-nano-svfprintf.o)
                0x08005710                __ssputs_r
 .text._svfprintf_r
                0x080057d0      0x1f8 C:/Program Files (x86)/Arm GNU Toolchain arm-none-eabi/14.2 rel1/bin/../lib/gcc/arm-none-eabi/14.2.1/thumb/v7e-m+fp/hard\libg_nano.a(libc_a-nano-svfprintf.o)
                0x080057d0                _svfiprintf_r
                0x080057d0                _svfprintf_r
 .text._printf_common
                0x080059c8       0xda C:/Program Files (x86)/Arm GNU Toolchain arm-none-eabi/14.2 rel1/bin/../lib/gcc/arm-none-eabi/14.2.1/thumb/v7e-m+fp/hard\libg_nano.a(libc_a-nano-vfprintf_i.o)
                0x080059c8                _printf_common
 *fill*         0x08005aa2        0x2 
 .text._printf_i
                0x08005aa4      0x240 C:/Program Files (x86)/Arm GNU Toolchain arm-none-eabi/14.2 rel1/bin/../lib/gcc/arm-none-eabi/14.2.1/thumb/v7e-m+fp/hard\libg_nano.a(libc_a-nano-vfprintf_i.o)
                0x08005aa4                _printf_i
 .text.memmove  0x08005ce4       0x32 C:/Program Files (x86)/Arm GNU Toolchain arm-none-eabi/14.2 rel1/bin/../lib/gcc/arm-none-eabi/14.2.1/thumb/v7e-m+fp/hard\libg_nano.a(libc_a-memmove.o)
                0x08005ce4                memmove
 .text._realloc_r
                0x08005d16       0x5c C:/Program Files (x86)/Arm GNU Toolchain arm-none-eabi/14.2 rel1/bin/../lib/gcc/arm-none-eabi/14.2.1/thumb/v7e-m+fp/hard\libg_nano.a(libc_a-reallocr.o)
                0x08005d16                _realloc_r
 .text._malloc_usable_size_r
                0x08005d72       0x10 C:/Program Files (x86)/Arm GNU Toolchain arm-none-eabi/14.2 rel1/bin/../lib/gcc/arm-none-eabi/14.2.1/thumb/v7e-m+fp/hard\libg_nano.a(libc_a-msizer.o)
                0x08005d72                _malloc_usable_size_r
 *(.glue_7)
 .glue_7        0x08005d82        0x0 linker stubs
 *(.glue_7t)
 .glue_7t       0x08005d82        0x0 linker stubs
 *(.eh_frame)
 *fill*         0x08005d82        0x2 
 .eh_frame      0x08005d84        0x0 C:/Program Files (x86)/Arm GNU Toolchain arm-none-eabi/14.2 rel1/bin/../lib/gcc/arm-none-eabi/14.2.1/thumb/v7e-m+fp/hard/crtbegin.o
 *(.init)
 .init          0x08005d84        0x4 C:/Program Files (x86)/Arm GNU Toolchain arm-none-eabi/14.2 rel1/bin/../lib/gcc/arm-none-eabi/14.2.1/thumb/v7e-m+fp/hard/crti.o
                0x08005d84                _init
 .init          0x08005d88        0x8 C:/Program Files (x86)/Arm GNU Toolchain arm-none-eabi/14.2 rel1/bin/../lib/gcc/arm-none-eabi/14.2.1/thumb/v7e-m+fp/hard/crtn.o
 *(.fini)
 .fini          0x08005d90        0x4 C:/Program Files (x86)/Arm GNU Toolchain arm-none-eabi/14.2 rel1/bin/../lib/gcc/arm-none-eabi/14.2.1/thumb/v7e-m+fp/hard/crti.o
                0x08005d90                _fini
 .fini          0x08005d94        0x8 C:/Program Files (x86)/Arm GNU Toolchain arm-none-eabi/14.2 rel1/bin/../lib/gcc/arm-none-eabi/14.2.1/thumb/v7e-m+fp/hard/crtn.o
                0x08005d9c                        . = ALIGN (0x4)
                0x08005d9c                        _etext = .

.vfp11_veneer   0x08005d9c        0x0
 .vfp11_veneer  0x08005d9c        0x0 linker stubs

.v4_bx          0x08005d9c        0x0
 .v4_bx         0x08005d9c        0x0 linker stubs

.iplt           0x08005d9c        0x0
 .iplt          0x08005d9c        0x0 C:/Program Files (x86)/Arm GNU Toolchain arm-none-eabi/14.2 rel1/bin/../lib/gcc/arm-none-eabi/14.2.1/thumb/v7e-m+fp/hard/crtbegin.o

.rodata         0x08005d9c      0xc64
                0x08005d9c                        . = ALIGN (0x4)
 *(.rodata)
 .rodata        0x08005d9c       0x36 build/main.o
 *(.rodata*)
 *fill*         0x08005dd2        0x2 
 .rodata._ZL16OFFSET_TAB_CCMRx
                0x08005dd4        0xa build/main.o
 *fill*         0x08005dde        0x2 
 .rodata._ZL14SHIFT_TAB_OCxx
                0x08005de0        0xa build/main.o
 *fill*         0x08005dea        0x2 
 .rodata._ZL18CHANNEL_OFFSET_TAB
                0x08005dec        0x6 build/main.o
 *fill*         0x08005df2        0x2 
 .rodata._ZL9cos_table
                0x08005df4      0x320 build/main.o
 .rodata._ZL18CHANNEL_OFFSET_TAB
                0x08006114        0x6 build/oled_interface_ll.o
 *fill*         0x0800611a        0x2 
 .rodata._ZTV25oled_interface_spi_dma_ll
                0x0800611c       0x14 build/oled_interface_ll.o
                0x0800611c                vtable for oled_interface_spi_dma_ll
 .rodata._ZTI25oled_interface_spi_dma_ll
                0x08006130        0xc build/oled_interface_ll.o
                0x08006130                typeinfo for oled_interface_spi_dma_ll
 .rodata._ZTS25oled_interface_spi_dma_ll
                0x0800613c       0x1c build/oled_interface_ll.o
                0x0800613c                typeinfo name for oled_interface_spi_dma_ll
 .rodata._ZTV3pid
                0x08006158       0x10 build/pid.o
                0x08006158                vtable for pid
 .rodata._ZTV10pid_base_t
                0x08006168       0x10 build/pid.o
                0x08006168                vtable for pid_base_t
 .rodata._ZTI3pid
                0x08006178       0x30 build/pid.o
                0x08006178                typeinfo for pid
 .rodata._ZTS3pid
                0x080061a8        0x5 build/pid.o
                0x080061a8                typeinfo name for pid
 *fill*         0x080061ad        0x3 
 .rodata._ZTI10pid_base_t
                0x080061b0        0x8 build/pid.o
                0x080061b0                typeinfo for pid_base_t
 .rodata._ZTS10pid_base_t
                0x080061b8        0xd build/pid.o
                0x080061b8                typeinfo name for pid_base_t
 *fill*         0x080061c5        0x3 
 .rodata._ZTI8d_base_t
                0x080061c8        0x8 build/pid.o
                0x080061c8                typeinfo for d_base_t
 .rodata._ZTS8d_base_t
                0x080061d0        0xa build/pid.o
                0x080061d0                typeinfo name for d_base_t
 *fill*         0x080061da        0x2 
 .rodata._ZTI8p_base_t
                0x080061dc        0x8 build/pid.o
                0x080061dc                typeinfo for p_base_t
 .rodata._ZTS8p_base_t
                0x080061e4        0xa build/pid.o
                0x080061e4                typeinfo name for p_base_t
 *fill*         0x080061ee        0x2 
 .rodata._ZTI8i_base_t
                0x080061f0        0x8 build/pid.o
                0x080061f0                typeinfo for i_base_t
 .rodata._ZTS8i_base_t
                0x080061f8        0xa build/pid.o
                0x080061f8                typeinfo name for i_base_t
 *fill*         0x08006202        0x2 
 .rodata._ZTV19oled_base_interface
                0x08006204       0x14 build/oled.o
                0x08006204                vtable for oled_base_interface
 .rodata._ZTI19oled_base_interface
                0x08006218        0x8 build/oled.o
                0x08006218                typeinfo for oled_base_interface
 .rodata._ZTS19oled_base_interface
                0x08006220       0x16 build/oled.o
                0x08006220                typeinfo name for oled_base_interface
 *fill*         0x08006236        0x2 
 .rodata._ZL13OLED_F8x16_LE
                0x08006238      0x5f0 build/oled_canvas_char.o
 .rodata._ZTV19oled_device_ssd1306
                0x08006828       0x18 build/oled_device_ssd1306.o
                0x08006828                vtable for oled_device_ssd1306
 .rodata._ZTV16oled_base_device
                0x08006840       0x18 build/oled_device_ssd1306.o
                0x08006840                vtable for oled_base_device
 .rodata._ZTI19oled_device_ssd1306
                0x08006858        0xc build/oled_device_ssd1306.o
                0x08006858                typeinfo for oled_device_ssd1306
 .rodata._ZTS19oled_device_ssd1306
                0x08006864       0x16 build/oled_device_ssd1306.o
                0x08006864                typeinfo name for oled_device_ssd1306
 *fill*         0x0800687a        0x2 
 .rodata._ZTI16oled_base_device
                0x0800687c        0x8 build/oled_device_ssd1306.o
                0x0800687c                typeinfo for oled_base_device
 .rodata._ZTS16oled_base_device
                0x08006884       0x13 build/oled_device_ssd1306.o
                0x08006884                typeinfo name for oled_base_device
 .rodata._ZTSN10__cxxabiv117__class_type_infoE
                0x08006897       0x22 C:/Program Files (x86)/Arm GNU Toolchain arm-none-eabi/14.2 rel1/bin/../lib/gcc/arm-none-eabi/14.2.1/thumb/v7e-m+fp/hard\libstdc++_nano.a(class_type_info.o)
                0x08006897                typeinfo name for __cxxabiv1::__class_type_info
 *fill*         0x080068b9        0x3 
 .rodata._ZTIN10__cxxabiv117__class_type_infoE
                0x080068bc        0xc C:/Program Files (x86)/Arm GNU Toolchain arm-none-eabi/14.2 rel1/bin/../lib/gcc/arm-none-eabi/14.2.1/thumb/v7e-m+fp/hard\libstdc++_nano.a(class_type_info.o)
                0x080068bc                typeinfo for __cxxabiv1::__class_type_info
 .rodata._ZTVN10__cxxabiv117__class_type_infoE
                0x080068c8       0x2c C:/Program Files (x86)/Arm GNU Toolchain arm-none-eabi/14.2 rel1/bin/../lib/gcc/arm-none-eabi/14.2.1/thumb/v7e-m+fp/hard\libstdc++_nano.a(class_type_info.o)
                0x080068c8                vtable for __cxxabiv1::__class_type_info
 .rodata._ZTSN10__cxxabiv120__si_class_type_infoE
                0x080068f4       0x25 C:/Program Files (x86)/Arm GNU Toolchain arm-none-eabi/14.2 rel1/bin/../lib/gcc/arm-none-eabi/14.2.1/thumb/v7e-m+fp/hard\libstdc++_nano.a(si_class_type_info.o)
                0x080068f4                typeinfo name for __cxxabiv1::__si_class_type_info
 *fill*         0x08006919        0x3 
 .rodata._ZTIN10__cxxabiv120__si_class_type_infoE
                0x0800691c        0xc C:/Program Files (x86)/Arm GNU Toolchain arm-none-eabi/14.2 rel1/bin/../lib/gcc/arm-none-eabi/14.2.1/thumb/v7e-m+fp/hard\libstdc++_nano.a(si_class_type_info.o)
                0x0800691c                typeinfo for __cxxabiv1::__si_class_type_info
 .rodata._ZTVN10__cxxabiv120__si_class_type_infoE
                0x08006928       0x2c C:/Program Files (x86)/Arm GNU Toolchain arm-none-eabi/14.2 rel1/bin/../lib/gcc/arm-none-eabi/14.2.1/thumb/v7e-m+fp/hard\libstdc++_nano.a(si_class_type_info.o)
                0x08006928                vtable for __cxxabiv1::__si_class_type_info
 .rodata._ZTSSt9type_info
                0x08006954        0xd C:/Program Files (x86)/Arm GNU Toolchain arm-none-eabi/14.2 rel1/bin/../lib/gcc/arm-none-eabi/14.2.1/thumb/v7e-m+fp/hard\libstdc++_nano.a(tinfo.o)
                0x08006954                typeinfo name for std::type_info
 *fill*         0x08006961        0x3 
 .rodata._ZTISt9type_info
                0x08006964        0x8 C:/Program Files (x86)/Arm GNU Toolchain arm-none-eabi/14.2 rel1/bin/../lib/gcc/arm-none-eabi/14.2.1/thumb/v7e-m+fp/hard\libstdc++_nano.a(tinfo.o)
                0x08006964                typeinfo for std::type_info
 .rodata._ZTSN10__cxxabiv121__vmi_class_type_infoE
                0x0800696c       0x26 C:/Program Files (x86)/Arm GNU Toolchain arm-none-eabi/14.2 rel1/bin/../lib/gcc/arm-none-eabi/14.2.1/thumb/v7e-m+fp/hard\libstdc++_nano.a(vmi_class_type_info.o)
                0x0800696c                typeinfo name for __cxxabiv1::__vmi_class_type_info
 *fill*         0x08006992        0x2 
 .rodata._ZTIN10__cxxabiv121__vmi_class_type_infoE
                0x08006994        0xc C:/Program Files (x86)/Arm GNU Toolchain arm-none-eabi/14.2 rel1/bin/../lib/gcc/arm-none-eabi/14.2.1/thumb/v7e-m+fp/hard\libstdc++_nano.a(vmi_class_type_info.o)
                0x08006994                typeinfo for __cxxabiv1::__vmi_class_type_info
 .rodata._ZTVN10__cxxabiv121__vmi_class_type_infoE
                0x080069a0       0x2c C:/Program Files (x86)/Arm GNU Toolchain arm-none-eabi/14.2 rel1/bin/../lib/gcc/arm-none-eabi/14.2.1/thumb/v7e-m+fp/hard\libstdc++_nano.a(vmi_class_type_info.o)
                0x080069a0                vtable for __cxxabiv1::__vmi_class_type_info
 .rodata._svfprintf_r.str1.1
                0x080069cc       0x33 C:/Program Files (x86)/Arm GNU Toolchain arm-none-eabi/14.2 rel1/bin/../lib/gcc/arm-none-eabi/14.2.1/thumb/v7e-m+fp/hard\libg_nano.a(libc_a-nano-svfprintf.o)
                                 0x11 (size before relaxing)
 .rodata._printf_i.str1.1
                0x080069ff       0x22 C:/Program Files (x86)/Arm GNU Toolchain arm-none-eabi/14.2 rel1/bin/../lib/gcc/arm-none-eabi/14.2.1/thumb/v7e-m+fp/hard\libg_nano.a(libc_a-nano-vfprintf_i.o)
                0x08006a24                        . = ALIGN (0x4)
 *fill*         0x080069ff        0x1 

.ARM.extab      0x08006a00       0x6c
                0x08006a00                        . = ALIGN (0x4)
 *(.ARM.extab* .gnu.linkonce.armextab.*)
 .ARM.extab.text.LL_AHB1_GRP1_EnableClock
                0x08006a00        0x0 build/main.o
 .ARM.extab.text.LL_APB1_GRP1_EnableClock
                0x08006a00        0x0 build/main.o
 .ARM.extab.text.LL_APB2_GRP1_EnableClock
                0x08006a00        0x0 build/main.o
 .ARM.extab.text.LL_GPIO_SetPinOutputType
                0x08006a00        0x0 build/main.o
 .ARM.extab.text.LL_GPIO_SetPinSpeed
                0x08006a00        0x0 build/main.o
 .ARM.extab.text.LL_GPIO_SetPinPull
                0x08006a00        0x0 build/main.o
 .ARM.extab.text.LL_GPIO_ResetOutputPin
                0x08006a00        0x0 build/main.o
 .ARM.extab.text.LL_RCC_HSE_Enable
                0x08006a00        0x0 build/main.o
 .ARM.extab.text.LL_RCC_HSE_IsReady
                0x08006a00        0x0 build/main.o
 .ARM.extab.text.LL_RCC_SetSysClkSource
                0x08006a00        0x0 build/main.o
 .ARM.extab.text.LL_RCC_GetSysClkSource
                0x08006a00        0x0 build/main.o
 .ARM.extab.text.LL_RCC_SetAHBPrescaler
                0x08006a00        0x0 build/main.o
 .ARM.extab.text.LL_RCC_SetAPB1Prescaler
                0x08006a00        0x0 build/main.o
 .ARM.extab.text.LL_RCC_SetAPB2Prescaler
                0x08006a00        0x0 build/main.o
 .ARM.extab.text.LL_RCC_SetADCClockSource
                0x08006a00        0x0 build/main.o
 .ARM.extab.text.LL_RCC_GetADCClockSource
                0x08006a00        0x0 build/main.o
 .ARM.extab.text.LL_RCC_PLL_Enable
                0x08006a00        0x0 build/main.o
 .ARM.extab.text.LL_RCC_PLL_IsReady
                0x08006a00        0x0 build/main.o
 .ARM.extab.text.LL_RCC_PLL_ConfigDomain_SYS
                0x08006a00        0x0 build/main.o
 .ARM.extab.text.LL_RCC_PLL_ConfigDomain_ADC
                0x08006a00        0x0 build/main.o
 .ARM.extab.text.LL_RCC_PLL_EnableDomain_ADC
                0x08006a00        0x0 build/main.o
 .ARM.extab.text.LL_RCC_PLL_EnableDomain_SYS
                0x08006a00        0x0 build/main.o
 .ARM.extab.text.LL_TIM_EnableUpdateEvent
                0x08006a00        0x0 build/main.o
 .ARM.extab.text.LL_TIM_SetCounterMode
                0x08006a00        0x0 build/main.o
 .ARM.extab.text.LL_TIM_SetClockDivision
                0x08006a00        0x0 build/main.o
 .ARM.extab.text.LL_TIM_SetPrescaler
                0x08006a00        0x0 build/main.o
 .ARM.extab.text.LL_TIM_SetAutoReload
                0x08006a00        0x0 build/main.o
 .ARM.extab.text.LL_TIM_SetRepetitionCounter
                0x08006a00        0x0 build/main.o
 .ARM.extab.text.LL_TIM_OC_EnablePreload
                0x08006a00        0x0 build/main.o
 .ARM.extab.text.LL_TIM_SetTriggerOutput
                0x08006a00        0x0 build/main.o
 .ARM.extab.text.LL_TIM_EnableAllOutputs
                0x08006a00        0x0 build/main.o
 .ARM.extab.text.LL_ADC_DMA_GetRegAddr
                0x08006a00        0x0 build/main.o
 .ARM.extab.text.LL_ADC_SetGainCompensation
                0x08006a00        0x0 build/main.o
 .ARM.extab.text.LL_ADC_REG_SetSequencerRanks
                0x08006a00        0x0 build/main.o
 .ARM.extab.text.LL_ADC_SetChannelSamplingTime
                0x08006a00        0x0 build/main.o
 .ARM.extab.text.LL_ADC_SetChannelSingleDiff
                0x08006a00        0x0 build/main.o
 .ARM.extab.text.LL_ADC_SetOverSamplingScope
                0x08006a00        0x0 build/main.o
 .ARM.extab.text.LL_ADC_SetOverSamplingDiscont
                0x08006a00        0x0 build/main.o
 .ARM.extab.text.LL_ADC_ConfigOverSamplingRatioShift
                0x08006a00        0x0 build/main.o
 .ARM.extab.text.LL_ADC_DisableDeepPowerDown
                0x08006a00        0x0 build/main.o
 .ARM.extab.text.LL_ADC_IsDeepPowerDownEnabled
                0x08006a00        0x0 build/main.o
 .ARM.extab.text.LL_ADC_EnableInternalRegulator
                0x08006a00        0x0 build/main.o
 .ARM.extab.text.LL_ADC_IsInternalRegulatorEnabled
                0x08006a00        0x0 build/main.o
 .ARM.extab.text.LL_ADC_Enable
                0x08006a00        0x0 build/main.o
 .ARM.extab.text.LL_ADC_IsEnabled
                0x08006a00        0x0 build/main.o
 .ARM.extab.text.LL_ADC_StartCalibration
                0x08006a00        0x0 build/main.o
 .ARM.extab.text.LL_ADC_IsCalibrationOnGoing
                0x08006a00        0x0 build/main.o
 .ARM.extab.text.LL_DMA_ConfigTransfer
                0x08006a00        0x0 build/main.o
 .ARM.extab.text.LL_DMA_ConfigAddresses
                0x08006a00        0x0 build/main.o
 .ARM.extab.text.LL_DMA_SetPeriphRequest
                0x08006a00        0x0 build/main.o
 .ARM.extab.text.LL_DMA_EnableIT_TC
                0x08006a00        0x0 build/main.o
 .ARM.extab.text._Z10ADC_ConfigPt
                0x08006a00        0xc build/main.o
 .ARM.extab.text._Z10PWM_Configv
                0x08006a0c        0xc build/main.o
 .ARM.extab.text._Z11GPIO_Configv
                0x08006a18        0x0 build/main.o
 .ARM.extab.text._Z10Sys_Configv
                0x08006a18        0x0 build/main.o
 .ARM.extab.text._ZN10spi_configC2EP11SPI_TypeDefP12GPIO_TypeDefmS3_m
                0x08006a18        0x0 build/main.o
 .ARM.extab.text._ZN10dma_configC2EP11DMA_TypeDefm
                0x08006a18        0x0 build/main.o
 .ARM.extab.text._Z14Inverter_Startv
                0x08006a18        0x0 build/main.o
 .ARM.extab.text.main
                0x08006a18        0xc build/main.o
 .ARM.extab.text._ZN19oled_base_interfaceC2Ev
                0x08006a24        0x0 build/oled_interface_ll.o
 .ARM.extab.text._ZN3pid6updateEf
                0x08006a24        0xc build/pid.o
 .ARM.extab.text._ZN16oled_base_device5flushER16oled_base_canvas
                0x08006a30        0xc build/oled.o
 .ARM.extab.text._ZN16oled_base_device13flushCompleteEv
                0x08006a3c        0xc build/oled.o
 .ARM.extab.text._ZN16oled_base_deviceC2Ev
                0x08006a48        0x0 build/oled_device_ssd1306.o
 .ARM.extab.text._ZN19oled_device_ssd1306C2EP19oled_base_interfaceP12GPIO_TypeDefmS3_m
                0x08006a48        0xc build/oled_device_ssd1306.o
 .ARM.extab.text._ZN19oled_device_ssd130610initDeviceEv
                0x08006a54        0xc build/oled_device_ssd1306.o
 .ARM.extab.text.__gnu_Unwind_Resume_or_Rethrow
                0x08006a60        0xc C:/Program Files (x86)/Arm GNU Toolchain arm-none-eabi/14.2 rel1/bin/../lib/gcc/arm-none-eabi/14.2.1/thumb/v7e-m+fp/hard\libgcc.a(unwind-arm.o)
                0x08006a6c                        . = ALIGN (0x4)

.ARM            0x08006a6c      0x118
                0x08006a6c                        . = ALIGN (0x4)
                0x08006a6c                        __exidx_start = .
 *(.ARM.exidx*)
 .ARM.exidx     0x08006a6c        0x8 C:/Program Files (x86)/Arm GNU Toolchain arm-none-eabi/14.2 rel1/bin/../lib/gcc/arm-none-eabi/14.2.1/thumb/v7e-m+fp/hard\libg_nano.a(libc_a-strcmp.o)
 .ARM.exidx     0x08006a74        0x0 C:/Program Files (x86)/Arm GNU Toolchain arm-none-eabi/14.2 rel1/bin/../lib/gcc/arm-none-eabi/14.2.1/thumb/v7e-m+fp/hard\libg_nano.a(libc_a-memchr.o)
                                  0x8 (size before relaxing)
 .ARM.exidx.text.LL_ADC_REG_SetSequencerLength
                0x08006a74        0x0 build/stm32g4xx_ll_adc.o
                                  0x8 (size before relaxing)
 .ARM.exidx.text.LL_ADC_IsEnabled
                0x08006a74        0x0 build/stm32g4xx_ll_adc.o
                                  0x8 (size before relaxing)
 .ARM.exidx.text.LL_ADC_CommonInit
                0x08006a74        0x0 build/stm32g4xx_ll_adc.o
                                  0x8 (size before relaxing)
 .ARM.exidx.text.LL_ADC_Init
                0x08006a74        0x0 build/stm32g4xx_ll_adc.o
                                  0x8 (size before relaxing)
 .ARM.exidx.text.LL_ADC_REG_Init
                0x08006a74        0x0 build/stm32g4xx_ll_adc.o
                                  0x8 (size before relaxing)
 .ARM.exidx.text.LL_GPIO_SetPinMode
                0x08006a74        0x0 build/stm32g4xx_ll_gpio.o
                                  0x8 (size before relaxing)
 .ARM.exidx.text.LL_GPIO_SetPinOutputType
                0x08006a74        0x0 build/stm32g4xx_ll_gpio.o
                                  0x8 (size before relaxing)
 .ARM.exidx.text.LL_GPIO_SetPinSpeed
                0x08006a74        0x0 build/stm32g4xx_ll_gpio.o
                                  0x8 (size before relaxing)
 .ARM.exidx.text.LL_GPIO_SetPinPull
                0x08006a74        0x0 build/stm32g4xx_ll_gpio.o
                                  0x8 (size before relaxing)
 .ARM.exidx.text.LL_GPIO_SetAFPin_0_7
                0x08006a74        0x0 build/stm32g4xx_ll_gpio.o
                                  0x8 (size before relaxing)
 .ARM.exidx.text.LL_GPIO_SetAFPin_8_15
                0x08006a74        0x0 build/stm32g4xx_ll_gpio.o
                                  0x8 (size before relaxing)
 .ARM.exidx.text.LL_GPIO_Init
                0x08006a74        0x0 build/stm32g4xx_ll_gpio.o
                                  0x8 (size before relaxing)
 .ARM.exidx.text.LL_TIM_SetPrescaler
                0x08006a74        0x0 build/stm32g4xx_ll_tim.o
                                  0x8 (size before relaxing)
 .ARM.exidx.text.LL_TIM_SetAutoReload
                0x08006a74        0x0 build/stm32g4xx_ll_tim.o
                                  0x8 (size before relaxing)
 .ARM.exidx.text.LL_TIM_SetRepetitionCounter
                0x08006a74        0x0 build/stm32g4xx_ll_tim.o
                                  0x8 (size before relaxing)
 .ARM.exidx.text.LL_TIM_OC_SetCompareCH1
                0x08006a74        0x0 build/stm32g4xx_ll_tim.o
                                  0x8 (size before relaxing)
 .ARM.exidx.text.LL_TIM_OC_SetCompareCH2
                0x08006a74        0x0 build/stm32g4xx_ll_tim.o
                                  0x8 (size before relaxing)
 .ARM.exidx.text.LL_TIM_OC_SetCompareCH3
                0x08006a74        0x0 build/stm32g4xx_ll_tim.o
                                  0x8 (size before relaxing)
 .ARM.exidx.text.LL_TIM_OC_SetCompareCH4
                0x08006a74        0x0 build/stm32g4xx_ll_tim.o
                                  0x8 (size before relaxing)
 .ARM.exidx.text.LL_TIM_OC_SetCompareCH5
                0x08006a74        0x0 build/stm32g4xx_ll_tim.o
                                  0x8 (size before relaxing)
 .ARM.exidx.text.LL_TIM_OC_SetCompareCH6
                0x08006a74        0x0 build/stm32g4xx_ll_tim.o
                                  0x8 (size before relaxing)
 .ARM.exidx.text.LL_TIM_GenerateEvent_UPDATE
                0x08006a74        0x0 build/stm32g4xx_ll_tim.o
                                  0x8 (size before relaxing)
 .ARM.exidx.text.LL_TIM_Init
                0x08006a74        0x0 build/stm32g4xx_ll_tim.o
                                  0x8 (size before relaxing)
 .ARM.exidx.text.LL_TIM_OC_Init
                0x08006a74        0x0 build/stm32g4xx_ll_tim.o
                                  0x8 (size before relaxing)
 .ARM.exidx.text._ZL9OC1ConfigP11TIM_TypeDefPK21LL_TIM_OC_InitTypeDef
                0x08006a74        0x0 build/stm32g4xx_ll_tim.o
                                  0x8 (size before relaxing)
 .ARM.exidx.text._ZL9OC2ConfigP11TIM_TypeDefPK21LL_TIM_OC_InitTypeDef
                0x08006a74        0x0 build/stm32g4xx_ll_tim.o
                                  0x8 (size before relaxing)
 .ARM.exidx.text._ZL9OC3ConfigP11TIM_TypeDefPK21LL_TIM_OC_InitTypeDef
                0x08006a74        0x0 build/stm32g4xx_ll_tim.o
                                  0x8 (size before relaxing)
 .ARM.exidx.text._ZL9OC4ConfigP11TIM_TypeDefPK21LL_TIM_OC_InitTypeDef
                0x08006a74        0x0 build/stm32g4xx_ll_tim.o
                                  0x8 (size before relaxing)
 .ARM.exidx.text._ZL9OC5ConfigP11TIM_TypeDefPK21LL_TIM_OC_InitTypeDef
                0x08006a74        0x0 build/stm32g4xx_ll_tim.o
                                  0x8 (size before relaxing)
 .ARM.exidx.text._ZL9OC6ConfigP11TIM_TypeDefPK21LL_TIM_OC_InitTypeDef
                0x08006a74        0x0 build/stm32g4xx_ll_tim.o
                                  0x8 (size before relaxing)
 .ARM.exidx.text.SystemInit
                0x08006a74        0x0 build/system_stm32g4xx.o
                                  0x8 (size before relaxing)
 .ARM.exidx.text._getpid
                0x08006a74        0x0 build/syscall.o
                                  0x8 (size before relaxing)
 .ARM.exidx.text._kill
                0x08006a74        0x0 build/syscall.o
                                  0x8 (size before relaxing)
 .ARM.exidx.text._exit
                0x08006a74        0x0 build/syscall.o
                                  0x8 (size before relaxing)
 .ARM.exidx.text._sbrk
                0x08006a74        0x0 build/syscall.o
                                  0x8 (size before relaxing)
 .ARM.exidx.text.LL_GPIO_TogglePin
                0x08006a74        0x0 build/interupt.o
                                  0x8 (size before relaxing)
 .ARM.exidx.text.LL_TIM_ClearFlag_UPDATE
                0x08006a74        0x0 build/interupt.o
                                  0x8 (size before relaxing)
 .ARM.exidx.text.TIM7_IRQHandler
                0x08006a74        0x0 build/interupt.o
                                  0x8 (size before relaxing)
 .ARM.exidx.text.__NVIC_EnableIRQ
                0x08006a74        0x0 build/main.o
                                  0x8 (size before relaxing)
 .ARM.exidx.text.__NVIC_SetPriority
                0x08006a74        0x0 build/main.o
                                  0x8 (size before relaxing)
 .ARM.exidx.text.LL_AHB1_GRP1_EnableClock
                0x08006a74        0x0 build/main.o
                                  0x8 (size before relaxing)
 .ARM.exidx.text.LL_AHB2_GRP1_EnableClock
                0x08006a74        0x0 build/main.o
                                  0x8 (size before relaxing)
 .ARM.exidx.text.LL_APB1_GRP1_EnableClock
                0x08006a74        0x0 build/main.o
                                  0x8 (size before relaxing)
 .ARM.exidx.text.LL_APB2_GRP1_EnableClock
                0x08006a74        0x0 build/main.o
                                  0x8 (size before relaxing)
 .ARM.exidx.text.LL_GPIO_SetPinMode
                0x08006a74        0x0 build/main.o
                                  0x8 (size before relaxing)
 .ARM.exidx.text.LL_GPIO_SetPinOutputType
                0x08006a74        0x0 build/main.o
                                  0x8 (size before relaxing)
 .ARM.exidx.text.LL_GPIO_SetPinSpeed
                0x08006a74        0x0 build/main.o
                                  0x8 (size before relaxing)
 .ARM.exidx.text.LL_GPIO_SetPinPull
                0x08006a74        0x0 build/main.o
                                  0x8 (size before relaxing)
 .ARM.exidx.text.LL_GPIO_SetOutputPin
                0x08006a74        0x0 build/main.o
                                  0x8 (size before relaxing)
 .ARM.exidx.text.LL_GPIO_ResetOutputPin
                0x08006a74        0x0 build/main.o
                                  0x8 (size before relaxing)
 .ARM.exidx.text.LL_RCC_HSE_Enable
                0x08006a74        0x0 build/main.o
                                  0x8 (size before relaxing)
 .ARM.exidx.text.LL_RCC_HSE_IsReady
                0x08006a74        0x0 build/main.o
                                  0x8 (size before relaxing)
 .ARM.exidx.text.LL_RCC_SetSysClkSource
                0x08006a74        0x0 build/main.o
                                  0x8 (size before relaxing)
 .ARM.exidx.text.LL_RCC_GetSysClkSource
                0x08006a74        0x0 build/main.o
                                  0x8 (size before relaxing)
 .ARM.exidx.text.LL_RCC_SetAHBPrescaler
                0x08006a74        0x0 build/main.o
                                  0x8 (size before relaxing)
 .ARM.exidx.text.LL_RCC_SetAPB1Prescaler
                0x08006a74        0x0 build/main.o
                                  0x8 (size before relaxing)
 .ARM.exidx.text.LL_RCC_SetAPB2Prescaler
                0x08006a74        0x0 build/main.o
                                  0x8 (size before relaxing)
 .ARM.exidx.text.LL_RCC_SetADCClockSource
                0x08006a74        0x0 build/main.o
                                  0x8 (size before relaxing)
 .ARM.exidx.text.LL_RCC_GetADCClockSource
                0x08006a74        0x0 build/main.o
                                  0x8 (size before relaxing)
 .ARM.exidx.text.LL_RCC_PLL_Enable
                0x08006a74        0x0 build/main.o
                                  0x8 (size before relaxing)
 .ARM.exidx.text.LL_RCC_PLL_IsReady
                0x08006a74        0x0 build/main.o
                                  0x8 (size before relaxing)
 .ARM.exidx.text.LL_RCC_PLL_ConfigDomain_SYS
                0x08006a74        0x0 build/main.o
                                  0x8 (size before relaxing)
 .ARM.exidx.text.LL_RCC_PLL_ConfigDomain_ADC
                0x08006a74        0x0 build/main.o
                                  0x8 (size before relaxing)
 .ARM.exidx.text.LL_RCC_PLL_EnableDomain_ADC
                0x08006a74        0x0 build/main.o
                                  0x8 (size before relaxing)
 .ARM.exidx.text.LL_RCC_PLL_EnableDomain_SYS
                0x08006a74        0x0 build/main.o
                                  0x8 (size before relaxing)
 .ARM.exidx.text.LL_TIM_EnableCounter
                0x08006a74        0x0 build/main.o
                                  0x8 (size before relaxing)
 .ARM.exidx.text.LL_TIM_EnableUpdateEvent
                0x08006a74        0x0 build/main.o
                                  0x8 (size before relaxing)
 .ARM.exidx.text.LL_TIM_SetCounterMode
                0x08006a74        0x0 build/main.o
                                  0x8 (size before relaxing)
 .ARM.exidx.text.LL_TIM_SetClockDivision
                0x08006a74        0x0 build/main.o
                                  0x8 (size before relaxing)
 .ARM.exidx.text.LL_TIM_SetPrescaler
                0x08006a74        0x0 build/main.o
                                  0x8 (size before relaxing)
 .ARM.exidx.text.LL_TIM_SetAutoReload
                0x08006a74        0x0 build/main.o
                                  0x8 (size before relaxing)
 .ARM.exidx.text.LL_TIM_SetRepetitionCounter
                0x08006a74        0x0 build/main.o
                                  0x8 (size before relaxing)
 .ARM.exidx.text.LL_TIM_OC_EnablePreload
                0x08006a74        0x0 build/main.o
                                  0x8 (size before relaxing)
 .ARM.exidx.text.LL_TIM_OC_SetCompareCH1
                0x08006a74        0x0 build/main.o
                                  0x8 (size before relaxing)
 .ARM.exidx.text.LL_TIM_SetTriggerOutput
                0x08006a74        0x0 build/main.o
                                  0x8 (size before relaxing)
 .ARM.exidx.text.LL_TIM_EnableAllOutputs
                0x08006a74        0x0 build/main.o
                                  0x8 (size before relaxing)
 .ARM.exidx.text.LL_TIM_ClearFlag_UPDATE
                0x08006a74        0x0 build/main.o
                                  0x8 (size before relaxing)
 .ARM.exidx.text.LL_TIM_IsActiveFlag_UPDATE
                0x08006a74        0x0 build/main.o
                                  0x8 (size before relaxing)
 .ARM.exidx.text.LL_TIM_EnableIT_UPDATE
                0x08006a74        0x0 build/main.o
                                  0x8 (size before relaxing)
 .ARM.exidx.text.LL_ADC_DMA_GetRegAddr
                0x08006a74        0x0 build/main.o
                                  0x8 (size before relaxing)
 .ARM.exidx.text.LL_ADC_SetGainCompensation
                0x08006a74        0x0 build/main.o
                                  0x8 (size before relaxing)
 .ARM.exidx.text.LL_ADC_REG_SetSequencerRanks
                0x08006a74        0x0 build/main.o
                                  0x8 (size before relaxing)
 .ARM.exidx.text.LL_ADC_SetChannelSamplingTime
                0x08006a74        0x0 build/main.o
                                  0x8 (size before relaxing)
 .ARM.exidx.text.LL_ADC_SetChannelSingleDiff
                0x08006a74        0x0 build/main.o
                                  0x8 (size before relaxing)
 .ARM.exidx.text.LL_ADC_SetOverSamplingScope
                0x08006a74        0x0 build/main.o
                                  0x8 (size before relaxing)
 .ARM.exidx.text.LL_ADC_SetOverSamplingDiscont
                0x08006a74        0x0 build/main.o
                                  0x8 (size before relaxing)
 .ARM.exidx.text.LL_ADC_ConfigOverSamplingRatioShift
                0x08006a74        0x0 build/main.o
                                  0x8 (size before relaxing)
 .ARM.exidx.text.LL_ADC_DisableDeepPowerDown
                0x08006a74        0x0 build/main.o
                                  0x8 (size before relaxing)
 .ARM.exidx.text.LL_ADC_IsDeepPowerDownEnabled
                0x08006a74        0x0 build/main.o
                                  0x8 (size before relaxing)
 .ARM.exidx.text.LL_ADC_EnableInternalRegulator
                0x08006a74        0x0 build/main.o
                                  0x8 (size before relaxing)
 .ARM.exidx.text.LL_ADC_IsInternalRegulatorEnabled
                0x08006a74        0x0 build/main.o
                                  0x8 (size before relaxing)
 .ARM.exidx.text.LL_ADC_Enable
                0x08006a74        0x0 build/main.o
                                  0x8 (size before relaxing)
 .ARM.exidx.text.LL_ADC_IsEnabled
                0x08006a74        0x0 build/main.o
                                  0x8 (size before relaxing)
 .ARM.exidx.text.LL_ADC_StartCalibration
                0x08006a74        0x0 build/main.o
                                  0x8 (size before relaxing)
 .ARM.exidx.text.LL_ADC_IsCalibrationOnGoing
                0x08006a74        0x0 build/main.o
                                  0x8 (size before relaxing)
 .ARM.exidx.text.LL_ADC_REG_StartConversion
                0x08006a74        0x0 build/main.o
                                  0x8 (size before relaxing)
 .ARM.exidx.text.LL_DMA_EnableChannel
                0x08006a74        0x0 build/main.o
                                  0x8 (size before relaxing)
 .ARM.exidx.text.LL_DMA_DisableChannel
                0x08006a74        0x0 build/main.o
                                  0x8 (size before relaxing)
 .ARM.exidx.text.LL_DMA_ConfigTransfer
                0x08006a74        0x0 build/main.o
                                  0x8 (size before relaxing)
 .ARM.exidx.text.LL_DMA_SetDataLength
                0x08006a74        0x0 build/main.o
                                  0x8 (size before relaxing)
 .ARM.exidx.text.LL_DMA_ConfigAddresses
                0x08006a74        0x0 build/main.o
                                  0x8 (size before relaxing)
 .ARM.exidx.text.LL_DMA_SetMemoryAddress
                0x08006a74        0x0 build/main.o
                                  0x8 (size before relaxing)
 .ARM.exidx.text.LL_DMA_SetPeriphRequest
                0x08006a74        0x0 build/main.o
                                  0x8 (size before relaxing)
 .ARM.exidx.text.LL_DMA_IsActiveFlag_TC1
                0x08006a74        0x0 build/main.o
                                  0x8 (size before relaxing)
 .ARM.exidx.text.LL_DMA_ClearFlag_TC1
                0x08006a74        0x0 build/main.o
                                  0x8 (size before relaxing)
 .ARM.exidx.text.LL_DMA_ClearFlag_TC2
                0x08006a74        0x0 build/main.o
                                  0x8 (size before relaxing)
 .ARM.exidx.text.LL_DMA_EnableIT_TC
                0x08006a74        0x0 build/main.o
                                  0x8 (size before relaxing)
 .ARM.exidx.text._Z10ADC_ConfigPt
                0x08006a74        0x8 build/main.o
 .ARM.exidx.text._Z10PWM_Configv
                0x08006a7c        0x8 build/main.o
 .ARM.exidx.text._Z11GPIO_Configv
                0x08006a84        0x8 build/main.o
 .ARM.exidx.text._Z10Sys_Configv
                0x08006a8c        0x0 build/main.o
                                  0x8 (size before relaxing)
 .ARM.exidx.text._ZN10spi_configC2EP11SPI_TypeDefP12GPIO_TypeDefmS3_m
                0x08006a8c        0x0 build/main.o
                                  0x8 (size before relaxing)
 .ARM.exidx.text._ZN10dma_configC2EP11DMA_TypeDefm
                0x08006a8c        0x0 build/main.o
                                  0x8 (size before relaxing)
 .ARM.exidx.text._Z14Inverter_Startv
                0x08006a8c        0x0 build/main.o
                                  0x8 (size before relaxing)
 .ARM.exidx.text.main
                0x08006a8c        0x8 build/main.o
 .ARM.exidx.text._Z12calc_comparei
                0x08006a94        0x8 build/main.o
 .ARM.exidx.text.DMA1_Channel1_IRQHandler
                0x08006a9c        0x8 build/main.o
 .ARM.exidx.text.DMA1_Channel2_IRQHandler
                0x08006aa4        0x0 build/main.o
                                  0x8 (size before relaxing)
 .ARM.exidx.text.TIM1_UP_TIM16_IRQHandler
                0x08006aa4        0x8 build/main.o
 .ARM.exidx.text._Z41__static_initialization_and_destruction_0v
                0x08006aac        0x0 build/main.o
                                  0x8 (size before relaxing)
 .ARM.exidx.text._GLOBAL__sub_I_vol
                0x08006aac        0x0 build/main.o
                                  0x8 (size before relaxing)
 .ARM.exidx.text.__NVIC_EnableIRQ
                0x08006aac        0x0 build/oled_interface_ll.o
                                  0x8 (size before relaxing)
 .ARM.exidx.text.__NVIC_SetPriority
                0x08006aac        0x0 build/oled_interface_ll.o
                                  0x8 (size before relaxing)
 .ARM.exidx.text.LL_GPIO_SetPinMode
                0x08006aac        0x0 build/oled_interface_ll.o
                                  0x8 (size before relaxing)
 .ARM.exidx.text.LL_GPIO_SetPinOutputType
                0x08006aac        0x0 build/oled_interface_ll.o
                                  0x8 (size before relaxing)
 .ARM.exidx.text.LL_GPIO_SetPinSpeed
                0x08006aac        0x0 build/oled_interface_ll.o
                                  0x8 (size before relaxing)
 .ARM.exidx.text.LL_GPIO_SetOutputPin
                0x08006aac        0x0 build/oled_interface_ll.o
                                  0x8 (size before relaxing)
 .ARM.exidx.text.LL_GPIO_ResetOutputPin
                0x08006aac        0x0 build/oled_interface_ll.o
                                  0x8 (size before relaxing)
 .ARM.exidx.text.LL_SPI_Enable
                0x08006aac        0x0 build/oled_interface_ll.o
                                  0x8 (size before relaxing)
 .ARM.exidx.text.LL_SPI_SetMode
                0x08006aac        0x0 build/oled_interface_ll.o
                                  0x8 (size before relaxing)
 .ARM.exidx.text.LL_SPI_SetStandard
                0x08006aac        0x0 build/oled_interface_ll.o
                                  0x8 (size before relaxing)
 .ARM.exidx.text.LL_SPI_SetClockPhase
                0x08006aac        0x0 build/oled_interface_ll.o
                                  0x8 (size before relaxing)
 .ARM.exidx.text.LL_SPI_SetClockPolarity
                0x08006aac        0x0 build/oled_interface_ll.o
                                  0x8 (size before relaxing)
 .ARM.exidx.text.LL_SPI_SetBaudRatePrescaler
                0x08006aac        0x0 build/oled_interface_ll.o
                                  0x8 (size before relaxing)
 .ARM.exidx.text.LL_SPI_SetTransferBitOrder
                0x08006aac        0x0 build/oled_interface_ll.o
                                  0x8 (size before relaxing)
 .ARM.exidx.text.LL_SPI_SetTransferDirection
                0x08006aac        0x0 build/oled_interface_ll.o
                                  0x8 (size before relaxing)
 .ARM.exidx.text.LL_SPI_SetDataWidth
                0x08006aac        0x0 build/oled_interface_ll.o
                                  0x8 (size before relaxing)
 .ARM.exidx.text.LL_SPI_SetNSSMode
                0x08006aac        0x0 build/oled_interface_ll.o
                                  0x8 (size before relaxing)
 .ARM.exidx.text.LL_SPI_IsActiveFlag_TXE
                0x08006aac        0x0 build/oled_interface_ll.o
                                  0x8 (size before relaxing)
 .ARM.exidx.text.LL_SPI_IsActiveFlag_BSY
                0x08006aac        0x0 build/oled_interface_ll.o
                                  0x8 (size before relaxing)
 .ARM.exidx.text.LL_SPI_EnableDMAReq_TX